HEAP DUMP BEGIN (949 objects, 310440 bytes) Thu Sep 13 14:08:14 2012
ROOT 0 (kind=<thread>, id=200000, trace=300000)
ROOT 500000d6 (kind=<JNI global ref>, id=1, trace=300000)
ROOT 500000bf (kind=<JNI global ref>, id=2, trace=300000)
ROOT 50000001 (kind=<JNI global ref>, id=3, trace=300000)
ROOT 5000011a (kind=<JNI global ref>, id=4, trace=300000)
ROOT 50000002 (kind=<JNI global ref>, id=5, trace=300000)
ROOT 50000021 (kind=<JNI global ref>, id=6, trace=300000)
ROOT 50000003 (kind=<JNI global ref>, id=7, trace=300000)
ROOT 50000004 (kind=<JNI global ref>, id=8, trace=300000)
ROOT 50000005 (kind=<JNI global ref>, id=9, trace=300000)
ROOT 500000dc (kind=<JNI global ref>, id=a, trace=300000)
ROOT 50000006 (kind=<JNI global ref>, id=b, trace=300000)
ROOT 50000007 (kind=<JNI global ref>, id=c, trace=300000)
ROOT 50000008 (kind=<JNI global ref>, id=d, trace=300000)
ROOT 50000009 (kind=<JNI global ref>, id=e, trace=300000)
ROOT 5000000a (kind=<JNI global ref>, id=f, trace=300000)
ROOT 5000000b (kind=<JNI global ref>, id=10, trace=300000)
ROOT 5000003d (kind=<JNI global ref>, id=11, trace=300000)
ROOT 5000000c (kind=<JNI global ref>, id=12, trace=300000)
ROOT 500000f6 (kind=<JNI global ref>, id=13, trace=300000)
ROOT 5000000d (kind=<JNI global ref>, id=14, trace=300000)
ROOT 5000000e (kind=<JNI global ref>, id=15, trace=300000)
ROOT 50000082 (kind=<JNI global ref>, id=16, trace=300000)
ROOT 5000000f (kind=<JNI global ref>, id=17, trace=300000)
ROOT 50000010 (kind=<JNI global ref>, id=18, trace=300000)
ROOT 50000011 (kind=<JNI global ref>, id=19, trace=300000)
ROOT 50000012 (kind=<JNI global ref>, id=1a, trace=300000)
ROOT 50000013 (kind=<JNI global ref>, id=1b, trace=300000)
ROOT 50000014 (kind=<JNI global ref>, id=1c, trace=300000)
ROOT 50000015 (kind=<JNI global ref>, id=1d, trace=300000)
ROOT 50000016 (kind=<JNI global ref>, id=1e, trace=300000)
ROOT 500000da (kind=<JNI global ref>, id=1f, trace=300000)
ROOT 50000017 (kind=<JNI global ref>, id=20, trace=300000)
ROOT 50000055 (kind=<JNI global ref>, id=21, trace=300000)
ROOT 50000018 (kind=<JNI global ref>, id=22, trace=300000)
ROOT 50000019 (kind=<JNI global ref>, id=23, trace=300000)
ROOT 5000001a (kind=<JNI global ref>, id=24, trace=300000)
ROOT 5000001b (kind=<JNI global ref>, id=25, trace=300000)
ROOT 50000080 (kind=<JNI global ref>, id=26, trace=300000)
ROOT 5000001c (kind=<JNI global ref>, id=27, trace=300000)
ROOT 5000001d (kind=<JNI global ref>, id=28, trace=300000)
ROOT 5000005e (kind=<JNI global ref>, id=29, trace=300000)
ROOT 5000001e (kind=<JNI global ref>, id=2a, trace=300000)
ROOT 5000001f (kind=<JNI global ref>, id=2b, trace=300000)
ROOT 50000121 (kind=<JNI global ref>, id=2c, trace=300000)
ROOT 50000020 (kind=<JNI global ref>, id=2d, trace=300000)
ROOT 50000052 (kind=<JNI global ref>, id=2e, trace=300000)
ROOT 50000022 (kind=<JNI global ref>, id=2f, trace=300000)
ROOT 50000023 (kind=<JNI global ref>, id=30, trace=300000)
ROOT 50000024 (kind=<JNI global ref>, id=31, trace=300000)
ROOT 50000025 (kind=<JNI global ref>, id=32, trace=300000)
ROOT 500000c5 (kind=<JNI global ref>, id=33, trace=300000)
ROOT 50000026 (kind=<JNI global ref>, id=34, trace=300000)
ROOT 50000027 (kind=<JNI global ref>, id=35, trace=300000)
ROOT 50000028 (kind=<JNI global ref>, id=36, trace=300000)
ROOT 50000104 (kind=<JNI global ref>, id=37, trace=300000)
ROOT 50000029 (kind=<JNI global ref>, id=38, trace=300000)
ROOT 5000002a (kind=<JNI global ref>, id=39, trace=300000)
ROOT 5000002b (kind=<JNI global ref>, id=3a, trace=300000)
ROOT 5000003a (kind=<JNI global ref>, id=3b, trace=300000)
ROOT 5000002c (kind=<JNI global ref>, id=3c, trace=300000)
ROOT 5000002d (kind=<JNI global ref>, id=3d, trace=300000)
ROOT 5000009a (kind=<JNI global ref>, id=3e, trace=300000)
ROOT 5000002e (kind=<JNI global ref>, id=3f, trace=300000)
ROOT 5000002f (kind=<JNI global ref>, id=40, trace=300000)
ROOT 50000030 (kind=<JNI global ref>, id=41, trace=300000)
ROOT 50000031 (kind=<JNI global ref>, id=42, trace=300000)
ROOT 50000032 (kind=<JNI global ref>, id=43, trace=300000)
ROOT 50000033 (kind=<JNI global ref>, id=44, trace=300000)
ROOT 50000034 (kind=<JNI global ref>, id=45, trace=300000)
ROOT 50000035 (kind=<JNI global ref>, id=46, trace=300000)
ROOT 50000036 (kind=<JNI global ref>, id=47, trace=300000)
ROOT 50000037 (kind=<JNI global ref>, id=48, trace=300000)
ROOT 50000038 (kind=<JNI global ref>, id=49, trace=300000)
ROOT 50000039 (kind=<JNI global ref>, id=4a, trace=300000)
ROOT 5000003b (kind=<JNI global ref>, id=4b, trace=300000)
ROOT 50000131 (kind=<JNI global ref>, id=4c, trace=300000)
ROOT 5000003c (kind=<JNI global ref>, id=4d, trace=300000)
ROOT 5000003e (kind=<JNI global ref>, id=4e, trace=300000)
ROOT 5000003f (kind=<JNI global ref>, id=4f, trace=300000)
ROOT 50000089 (kind=<JNI global ref>, id=50, trace=300000)
ROOT 50000040 (kind=<JNI global ref>, id=51, trace=300000)
ROOT 50000041 (kind=<JNI global ref>, id=52, trace=300000)
ROOT 50000042 (kind=<JNI global ref>, id=53, trace=300000)
ROOT 50000043 (kind=<JNI global ref>, id=54, trace=300000)
ROOT 50000044 (kind=<JNI global ref>, id=55, trace=300000)
ROOT 50000045 (kind=<JNI global ref>, id=56, trace=300000)
ROOT 50000046 (kind=<JNI global ref>, id=57, trace=300000)
ROOT 50000047 (kind=<JNI global ref>, id=58, trace=300000)
ROOT 50000048 (kind=<JNI global ref>, id=59, trace=300000)
ROOT 50000049 (kind=<JNI global ref>, id=5a, trace=300000)
ROOT 5000004a (kind=<JNI global ref>, id=5b, trace=300000)
ROOT 5000004b (kind=<JNI global ref>, id=5c, trace=300000)
ROOT 5000004c (kind=<JNI global ref>, id=5d, trace=300000)
ROOT 5000004d (kind=<JNI global ref>, id=5e, trace=300000)
ROOT 5000004e (kind=<JNI global ref>, id=5f, trace=300000)
ROOT 5000004f (kind=<JNI global ref>, id=60, trace=300000)
ROOT 50000050 (kind=<JNI global ref>, id=61, trace=300000)
ROOT 5000006e (kind=<JNI global ref>, id=62, trace=300000)
ROOT 50000051 (kind=<JNI global ref>, id=63, trace=300000)
ROOT 50000053 (kind=<JNI global ref>, id=64, trace=300000)
ROOT 500000f2 (kind=<JNI global ref>, id=65, trace=300000)
ROOT 50000054 (kind=<JNI global ref>, id=66, trace=300000)
ROOT 50000056 (kind=<JNI global ref>, id=67, trace=300000)
ROOT 50000057 (kind=<JNI global ref>, id=68, trace=300000)
ROOT 50000058 (kind=<JNI global ref>, id=69, trace=300000)
ROOT 50000059 (kind=<JNI global ref>, id=6a, trace=300000)
ROOT 50000075 (kind=<JNI global ref>, id=6b, trace=300000)
ROOT 5000005a (kind=<JNI global ref>, id=6c, trace=300000)
ROOT 5000005b (kind=<JNI global ref>, id=6d, trace=300000)
ROOT 5000005c (kind=<JNI global ref>, id=6e, trace=300000)
ROOT 5000005d (kind=<JNI global ref>, id=6f, trace=300000)
ROOT 5000005f (kind=<JNI global ref>, id=70, trace=300000)
ROOT 50000060 (kind=<JNI global ref>, id=71, trace=300000)
ROOT 500000f0 (kind=<JNI global ref>, id=72, trace=300000)
ROOT 50000061 (kind=<JNI global ref>, id=73, trace=300000)
ROOT 500000c0 (kind=<JNI global ref>, id=74, trace=300000)
ROOT 50000062 (kind=<JNI global ref>, id=75, trace=300000)
ROOT 50000063 (kind=<JNI global ref>, id=76, trace=300000)
ROOT 50000064 (kind=<JNI global ref>, id=77, trace=300000)
ROOT 50000065 (kind=<JNI global ref>, id=78, trace=300000)
ROOT 50000066 (kind=<JNI global ref>, id=79, trace=300000)
ROOT 50000067 (kind=<JNI global ref>, id=7a, trace=300000)
ROOT 50000068 (kind=<JNI global ref>, id=7b, trace=300000)
ROOT 50000069 (kind=<JNI global ref>, id=7c, trace=300000)
ROOT 5000006a (kind=<JNI global ref>, id=7d, trace=300000)
ROOT 5000006b (kind=<JNI global ref>, id=7e, trace=300000)
ROOT 5000006c (kind=<JNI global ref>, id=7f, trace=300000)
ROOT 5000006d (kind=<JNI global ref>, id=80, trace=300000)
ROOT 500000d8 (kind=<JNI global ref>, id=81, trace=300000)
ROOT 5000006f (kind=<JNI global ref>, id=82, trace=300000)
ROOT 50000070 (kind=<JNI global ref>, id=83, trace=300000)
ROOT 50000071 (kind=<JNI global ref>, id=84, trace=300000)
ROOT 50000072 (kind=<JNI global ref>, id=85, trace=300000)
ROOT 50000073 (kind=<JNI global ref>, id=86, trace=300000)
ROOT 50000074 (kind=<JNI global ref>, id=87, trace=300000)
ROOT 500000a4 (kind=<JNI global ref>, id=88, trace=300000)
ROOT 50000076 (kind=<JNI global ref>, id=89, trace=300000)
ROOT 50000085 (kind=<JNI global ref>, id=8a, trace=300000)
ROOT 50000077 (kind=<JNI global ref>, id=8b, trace=300000)
ROOT 50000078 (kind=<JNI global ref>, id=8c, trace=300000)
ROOT 50000079 (kind=<JNI global ref>, id=8d, trace=300000)
ROOT 5000007a (kind=<JNI global ref>, id=8e, trace=300000)
ROOT 5000007b (kind=<JNI global ref>, id=8f, trace=300000)
ROOT 5000007c (kind=<JNI global ref>, id=90, trace=300000)
ROOT 5000007d (kind=<JNI global ref>, id=91, trace=300000)
ROOT 5000007e (kind=<JNI global ref>, id=92, trace=300000)
ROOT 5000007f (kind=<JNI global ref>, id=93, trace=300000)
ROOT 500000c2 (kind=<JNI global ref>, id=94, trace=300000)
ROOT 50000081 (kind=<JNI global ref>, id=95, trace=300000)
ROOT 50000083 (kind=<JNI global ref>, id=96, trace=300000)
ROOT 50000084 (kind=<JNI global ref>, id=97, trace=300000)
ROOT 50000138 (kind=<JNI global ref>, id=98, trace=300000)
ROOT 50000086 (kind=<JNI global ref>, id=99, trace=300000)
ROOT 50000087 (kind=<JNI global ref>, id=9a, trace=300000)
ROOT 50000088 (kind=<JNI global ref>, id=9b, trace=300000)
ROOT 5000008a (kind=<JNI global ref>, id=9c, trace=300000)
ROOT 5000008b (kind=<JNI global ref>, id=9d, trace=300000)
ROOT 5000008c (kind=<JNI global ref>, id=9e, trace=300000)
ROOT 5000008d (kind=<JNI global ref>, id=9f, trace=300000)
ROOT 5000008e (kind=<JNI global ref>, id=a0, trace=300000)
ROOT 5000008f (kind=<JNI global ref>, id=a1, trace=300000)
ROOT 5000009d (kind=<JNI global ref>, id=a2, trace=300000)
ROOT 50000090 (kind=<JNI global ref>, id=a3, trace=300000)
ROOT 50000091 (kind=<JNI global ref>, id=a4, trace=300000)
ROOT 50000092 (kind=<JNI global ref>, id=a5, trace=300000)
ROOT 50000093 (kind=<JNI global ref>, id=a6, trace=300000)
ROOT 500000ff (kind=<JNI global ref>, id=a7, trace=300000)
ROOT 50000094 (kind=<JNI global ref>, id=a8, trace=300000)
ROOT 50000095 (kind=<JNI global ref>, id=a9, trace=300000)
ROOT 50000096 (kind=<JNI global ref>, id=aa, trace=300000)
ROOT 50000097 (kind=<JNI global ref>, id=ab, trace=300000)
ROOT 50000098 (kind=<JNI global ref>, id=ac, trace=300000)
ROOT 50000099 (kind=<JNI global ref>, id=ad, trace=300000)
ROOT 5000009b (kind=<JNI global ref>, id=ae, trace=300000)
ROOT 5000009c (kind=<JNI global ref>, id=af, trace=300000)
ROOT 5000009e (kind=<JNI global ref>, id=b0, trace=300000)
ROOT 5000009f (kind=<JNI global ref>, id=b1, trace=300000)
ROOT 500000a0 (kind=<JNI global ref>, id=b2, trace=300000)
ROOT 500000a1 (kind=<JNI global ref>, id=b3, trace=300000)
ROOT 500000a2 (kind=<JNI global ref>, id=b4, trace=300000)
ROOT 500000a3 (kind=<JNI global ref>, id=b5, trace=300000)
ROOT 500000a5 (kind=<JNI global ref>, id=b6, trace=300000)
ROOT 500000a6 (kind=<JNI global ref>, id=b7, trace=300000)
ROOT 500000a7 (kind=<JNI global ref>, id=b8, trace=300000)
ROOT 500000a8 (kind=<JNI global ref>, id=b9, trace=300000)
ROOT 500000a9 (kind=<JNI global ref>, id=ba, trace=300000)
ROOT 500000aa (kind=<JNI global ref>, id=bb, trace=300000)
ROOT 500000ab (kind=<JNI global ref>, id=bc, trace=300000)
ROOT 500000ac (kind=<JNI global ref>, id=bd, trace=300000)
ROOT 500000ad (kind=<JNI global ref>, id=be, trace=300000)
ROOT 500000ae (kind=<JNI global ref>, id=bf, trace=300000)
ROOT 500000af (kind=<JNI global ref>, id=c0, trace=300000)
ROOT 500000b0 (kind=<JNI global ref>, id=c1, trace=300000)
ROOT 500000b1 (kind=<JNI global ref>, id=c2, trace=300000)
ROOT 500000b2 (kind=<JNI global ref>, id=c3, trace=300000)
ROOT 500000b3 (kind=<JNI global ref>, id=c4, trace=300000)
ROOT 500000b4 (kind=<JNI global ref>, id=c5, trace=300000)
ROOT 500000b5 (kind=<JNI global ref>, id=c6, trace=300000)
ROOT 500000b6 (kind=<JNI global ref>, id=c7, trace=300000)
ROOT 50000116 (kind=<JNI global ref>, id=c8, trace=300000)
ROOT 500000b7 (kind=<JNI global ref>, id=c9, trace=300000)
ROOT 50000117 (kind=<JNI global ref>, id=ca, trace=300000)
ROOT 500000b8 (kind=<JNI global ref>, id=cb, trace=300000)
ROOT 500000b9 (kind=<JNI global ref>, id=cc, trace=300000)
ROOT 500000ba (kind=<JNI global ref>, id=cd, trace=300000)
ROOT 500000bb (kind=<JNI global ref>, id=ce, trace=300000)
ROOT 500000bc (kind=<JNI global ref>, id=cf, trace=300000)
ROOT 500000bd (kind=<JNI global ref>, id=d0, trace=300000)
ROOT 500000be (kind=<JNI global ref>, id=d1, trace=300000)
ROOT 500000bf (kind=<JNI global ref>, id=d2, trace=300000)
ROOT 500000c1 (kind=<JNI global ref>, id=d3, trace=300000)
ROOT 500000c3 (kind=<JNI global ref>, id=d4, trace=300000)
ROOT 500000c4 (kind=<JNI global ref>, id=d5, trace=300000)
ROOT 500000c6 (kind=<JNI global ref>, id=d6, trace=300000)
ROOT 500000c7 (kind=<JNI global ref>, id=d7, trace=300000)
ROOT 500000c8 (kind=<JNI global ref>, id=d8, trace=300000)
ROOT 500000c9 (kind=<JNI global ref>, id=d9, trace=300000)
ROOT 500000ca (kind=<JNI global ref>, id=da, trace=300000)
ROOT 500000cb (kind=<JNI global ref>, id=db, trace=300000)
ROOT 500000cc (kind=<JNI global ref>, id=dc, trace=300000)
ROOT 500000cd (kind=<JNI global ref>, id=dd, trace=300000)
ROOT 500000ce (kind=<JNI global ref>, id=de, trace=300000)
ROOT 500000cf (kind=<JNI global ref>, id=df, trace=300000)
ROOT 500000d0 (kind=<JNI global ref>, id=e0, trace=300000)
ROOT 500000d1 (kind=<JNI global ref>, id=e1, trace=300000)
ROOT 500000d2 (kind=<JNI global ref>, id=e2, trace=300000)
ROOT 500000d3 (kind=<JNI global ref>, id=e3, trace=300000)
ROOT 500000d4 (kind=<JNI global ref>, id=e4, trace=300000)
ROOT 500000d5 (kind=<JNI global ref>, id=e5, trace=300000)
ROOT 500000d6 (kind=<JNI global ref>, id=e6, trace=300000)
ROOT 500000d7 (kind=<JNI global ref>, id=e7, trace=300000)
ROOT 500000d9 (kind=<JNI global ref>, id=e8, trace=300000)
ROOT 500000db (kind=<JNI global ref>, id=e9, trace=300000)
ROOT 500000dd (kind=<JNI global ref>, id=ea, trace=300000)
ROOT 500000de (kind=<JNI global ref>, id=eb, trace=300000)
ROOT 500000df (kind=<JNI global ref>, id=ec, trace=300000)
ROOT 500000e0 (kind=<JNI global ref>, id=ed, trace=300000)
ROOT 500000e1 (kind=<JNI global ref>, id=ee, trace=300000)
ROOT 500000e2 (kind=<JNI global ref>, id=ef, trace=300000)
ROOT 500000e3 (kind=<JNI global ref>, id=f0, trace=300000)
ROOT 500000e4 (kind=<JNI global ref>, id=f1, trace=300000)
ROOT 500000e5 (kind=<JNI global ref>, id=f2, trace=300000)
ROOT 500000e6 (kind=<JNI global ref>, id=f3, trace=300000)
ROOT 500000e7 (kind=<JNI global ref>, id=f4, trace=300000)
ROOT 500000e8 (kind=<JNI global ref>, id=f5, trace=300000)
ROOT 500000e9 (kind=<JNI global ref>, id=f6, trace=300000)
ROOT 500000ea (kind=<JNI global ref>, id=f7, trace=300000)
ROOT 500000eb (kind=<JNI global ref>, id=f8, trace=300000)
ROOT 500000ec (kind=<JNI global ref>, id=f9, trace=300000)
ROOT 500000ed (kind=<JNI global ref>, id=fa, trace=300000)
ROOT 500000ee (kind=<JNI global ref>, id=fb, trace=300000)
ROOT 500000ef (kind=<JNI global ref>, id=fc, trace=300000)
ROOT 500000f1 (kind=<JNI global ref>, id=fd, trace=300000)
ROOT 500000f3 (kind=<JNI global ref>, id=fe, trace=300000)
ROOT 500000f4 (kind=<JNI global ref>, id=ff, trace=300000)
ROOT 500000f5 (kind=<JNI global ref>, id=100, trace=300000)
ROOT 500000f7 (kind=<JNI global ref>, id=101, trace=300000)
ROOT 500000f8 (kind=<JNI global ref>, id=102, trace=300000)
ROOT 500000f9 (kind=<JNI global ref>, id=103, trace=300000)
ROOT 500000fa (kind=<JNI global ref>, id=104, trace=300000)
ROOT 500000fb (kind=<JNI global ref>, id=105, trace=300000)
ROOT 500000fc (kind=<JNI global ref>, id=106, trace=300000)
ROOT 500000fd (kind=<JNI global ref>, id=107, trace=300000)
ROOT 500000fe (kind=<JNI global ref>, id=108, trace=300000)
ROOT 50000100 (kind=<JNI global ref>, id=109, trace=300000)
ROOT 50000101 (kind=<JNI global ref>, id=10a, trace=300000)
ROOT 50000102 (kind=<JNI global ref>, id=10b, trace=300000)
ROOT 50000103 (kind=<JNI global ref>, id=10c, trace=300000)
ROOT 50000105 (kind=<JNI global ref>, id=10d, trace=300000)
ROOT 50000106 (kind=<JNI global ref>, id=10e, trace=300000)
ROOT 50000107 (kind=<JNI global ref>, id=10f, trace=300000)
ROOT 50000108 (kind=<JNI global ref>, id=110, trace=300000)
ROOT 50000109 (kind=<JNI global ref>, id=111, trace=300000)
ROOT 5000010a (kind=<JNI global ref>, id=112, trace=300000)
ROOT 5000010b (kind=<JNI global ref>, id=113, trace=300000)
ROOT 5000010c (kind=<JNI global ref>, id=114, trace=300000)
ROOT 5000010d (kind=<JNI global ref>, id=115, trace=300000)
ROOT 5000010e (kind=<JNI global ref>, id=116, trace=300000)
ROOT 5000010f (kind=<JNI global ref>, id=117, trace=300000)
ROOT 50000110 (kind=<JNI global ref>, id=118, trace=300000)
ROOT 50000111 (kind=<JNI global ref>, id=119, trace=300000)
ROOT 50000112 (kind=<JNI global ref>, id=11a, trace=300000)
ROOT 50000113 (kind=<JNI global ref>, id=11b, trace=300000)
ROOT 50000114 (kind=<JNI global ref>, id=11c, trace=300000)
ROOT 50000115 (kind=<JNI global ref>, id=11d, trace=300000)
ROOT 50000118 (kind=<JNI global ref>, id=11e, trace=300000)
ROOT 50000119 (kind=<JNI global ref>, id=11f, trace=300000)
ROOT 5000011b (kind=<JNI global ref>, id=120, trace=300000)
ROOT 5000011c (kind=<JNI global ref>, id=121, trace=300000)
ROOT 5000011d (kind=<JNI global ref>, id=122, trace=300000)
ROOT 5000011e (kind=<JNI global ref>, id=123, trace=300000)
ROOT 5000011f (kind=<JNI global ref>, id=124, trace=300000)
ROOT 50000120 (kind=<JNI global ref>, id=125, trace=300000)
ROOT 50000122 (kind=<JNI global ref>, id=126, trace=300000)
ROOT 50000123 (kind=<JNI global ref>, id=127, trace=300000)
ROOT 50000124 (kind=<JNI global ref>, id=128, trace=300000)
ROOT 50000125 (kind=<JNI global ref>, id=129, trace=300000)
ROOT 50000126 (kind=<JNI global ref>, id=12a, trace=300000)
ROOT 50000127 (kind=<JNI global ref>, id=12b, trace=300000)
ROOT 50000128 (kind=<JNI global ref>, id=12c, trace=300000)
ROOT 50000129 (kind=<JNI global ref>, id=12d, trace=300000)
ROOT 5000012a (kind=<JNI global ref>, id=12e, trace=300000)
ROOT 5000012b (kind=<JNI global ref>, id=12f, trace=300000)
ROOT 5000012c (kind=<JNI global ref>, id=130, trace=300000)
ROOT 5000012d (kind=<JNI global ref>, id=131, trace=300000)
ROOT 5000012e (kind=<JNI global ref>, id=132, trace=300000)
ROOT 5000012f (kind=<JNI global ref>, id=133, trace=300000)
ROOT 50000130 (kind=<JNI global ref>, id=134, trace=300000)
ROOT 50000132 (kind=<JNI global ref>, id=135, trace=300000)
ROOT 50000133 (kind=<JNI global ref>, id=136, trace=300000)
ROOT 50000134 (kind=<JNI global ref>, id=137, trace=300000)
ROOT 50000135 (kind=<JNI global ref>, id=138, trace=300000)
ROOT 50000136 (kind=<JNI global ref>, id=139, trace=300000)
ROOT 50000137 (kind=<JNI global ref>, id=13a, trace=300000)
ROOT 50000139 (kind=<JNI global ref>, id=13b, trace=300000)
ROOT 5000013a (kind=<JNI global ref>, id=13c, trace=300000)
ROOT 5000013b (kind=<JNI global ref>, id=13d, trace=300000)
ROOT 5000013c (kind=<JNI global ref>, id=13e, trace=300000)
ROOT 5000013d (kind=<JNI global ref>, id=13f, trace=300000)
ROOT 5000013e (kind=<JNI global ref>, id=140, trace=300000)
ROOT 5000013f (kind=<JNI global ref>, id=141, trace=300000)
ROOT 50000140 (kind=<JNI global ref>, id=142, trace=300000)
ROOT 50000141 (kind=<JNI global ref>, id=143, trace=300000)
ROOT 50000142 (kind=<JNI global ref>, id=144, trace=300000)
ROOT 50000143 (kind=<JNI global ref>, id=145, trace=300000)
ROOT 500003b6 (kind=<JNI global ref>, id=146, trace=300000)
ROOT 500003b7 (kind=<JNI global ref>, id=147, trace=300000)
ROOT 50000021 (kind=<JNI global ref>, id=148, trace=300000)
ROOT 50000021 (kind=<JNI global ref>, id=149, trace=300000)
ROOT 500000d6 (kind=<JNI global ref>, id=14a, trace=300000)
ROOT 500000d6 (kind=<JNI global ref>, id=14b, trace=300000)
ROOT 50000070 (kind=<JNI global ref>, id=14c, trace=300000)
ROOT 50000070 (kind=<JNI global ref>, id=14d, trace=300000)
ROOT 50000031 (kind=<JNI global ref>, id=14e, trace=300000)
ROOT 50000031 (kind=<JNI global ref>, id=14f, trace=300000)
ROOT 500000f2 (kind=<JNI global ref>, id=150, trace=300000)
ROOT 500000f2 (kind=<JNI global ref>, id=151, trace=300000)
ROOT 500000a2 (kind=<JNI global ref>, id=152, trace=300000)
ROOT 500000a2 (kind=<JNI global ref>, id=153, trace=300000)
ROOT 50000087 (kind=<JNI global ref>, id=154, trace=300000)
ROOT 50000087 (kind=<JNI global ref>, id=155, trace=300000)
ROOT 50000104 (kind=<JNI global ref>, id=156, trace=300000)
ROOT 50000104 (kind=<JNI global ref>, id=157, trace=300000)
ROOT 50000028 (kind=<JNI global ref>, id=158, trace=300000)
ROOT 50000028 (kind=<JNI global ref>, id=159, trace=300000)
ROOT 5000008b (kind=<JNI global ref>, id=15a, trace=300000)
ROOT 5000008b (kind=<JNI global ref>, id=15b, trace=300000)
ROOT 5000006a (kind=<JNI global ref>, id=15c, trace=300000)
ROOT 5000006a (kind=<JNI global ref>, id=15d, trace=300000)
ROOT 50000082 (kind=<JNI global ref>, id=15e, trace=300000)
ROOT 50000082 (kind=<JNI global ref>, id=15f, trace=300000)
ROOT 500000f1 (kind=<JNI global ref>, id=160, trace=300000)
ROOT 500000f1 (kind=<JNI global ref>, id=161, trace=300000)
ROOT 500000cf (kind=<JNI global ref>, id=162, trace=300000)
ROOT 500000cf (kind=<JNI global ref>, id=163, trace=300000)
ROOT 5000006c (kind=<JNI global ref>, id=164, trace=300000)
ROOT 5000006c (kind=<JNI global ref>, id=165, trace=300000)
ROOT 50000001 (kind=<JNI global ref>, id=166, trace=300000)
ROOT 5000011a (kind=<JNI global ref>, id=167, trace=300000)
ROOT 5000011a (kind=<JNI global ref>, id=168, trace=300000)
ROOT 50000001 (kind=<JNI global ref>, id=169, trace=300000)
ROOT 50000014 (kind=<JNI global ref>, id=16a, trace=300000)
ROOT 50000014 (kind=<JNI global ref>, id=16b, trace=300000)
ROOT 50000033 (kind=<JNI global ref>, id=16c, trace=300000)
ROOT 50000033 (kind=<JNI global ref>, id=16d, trace=300000)
ROOT 50000067 (kind=<JNI global ref>, id=16e, trace=300000)
ROOT 50000067 (kind=<JNI global ref>, id=16f, trace=300000)
ROOT 50000139 (kind=<JNI global ref>, id=170, trace=300000)
ROOT 50000139 (kind=<JNI global ref>, id=171, trace=300000)
ROOT 50000123 (kind=<JNI global ref>, id=172, trace=300000)
ROOT 50000123 (kind=<JNI global ref>, id=173, trace=300000)
ROOT 5000005f (kind=<JNI global ref>, id=174, trace=300000)
ROOT 5000005f (kind=<JNI global ref>, id=175, trace=300000)
ROOT 50000121 (kind=<JNI global ref>, id=176, trace=300000)
ROOT 50000121 (kind=<JNI global ref>, id=177, trace=300000)
ROOT 50000091 (kind=<JNI global ref>, id=178, trace=300000)
ROOT 50000091 (kind=<JNI global ref>, id=179, trace=300000)
ROOT 500000b3 (kind=<JNI global ref>, id=17a, trace=300000)
ROOT 500000b3 (kind=<JNI global ref>, id=17b, trace=300000)
ROOT 500000ff (kind=<JNI global ref>, id=17c, trace=300000)
ROOT 500000ff (kind=<JNI global ref>, id=17d, trace=300000)
ROOT 5000001f (kind=<JNI global ref>, id=17e, trace=300000)
ROOT 5000001f (kind=<JNI global ref>, id=17f, trace=300000)
ROOT 50000093 (kind=<JNI global ref>, id=180, trace=300000)
ROOT 50000093 (kind=<JNI global ref>, id=181, trace=300000)
ROOT 5000003d (kind=<JNI global ref>, id=182, trace=300000)
ROOT 5000003d (kind=<JNI global ref>, id=183, trace=300000)
ROOT 50000006 (kind=<JNI global ref>, id=184, trace=300000)
ROOT 50000006 (kind=<JNI global ref>, id=185, trace=300000)
ROOT 50000106 (kind=<JNI global ref>, id=186, trace=300000)
ROOT 50000060 (kind=<JNI global ref>, id=187, trace=300000)
ROOT 500000f0 (kind=<JNI global ref>, id=188, trace=300000)
ROOT 500000f0 (kind=<JNI global ref>, id=189, trace=300000)
ROOT 50000060 (kind=<JNI global ref>, id=18a, trace=300000)
ROOT 50000106 (kind=<JNI global ref>, id=18b, trace=300000)
ROOT 5000006e (kind=<JNI global ref>, id=18c, trace=300000)
ROOT 5000006e (kind=<JNI global ref>, id=18d, trace=300000)
ROOT 500000cc (kind=<JNI global ref>, id=18e, trace=300000)
ROOT 500000cc (kind=<JNI global ref>, id=18f, trace=300000)
ROOT 500000e2 (kind=<JNI global ref>, id=190, trace=300000)
ROOT 500000e2 (kind=<JNI global ref>, id=191, trace=300000)
ROOT 50000050 (kind=<JNI global ref>, id=192, trace=300000)
ROOT 50000050 (kind=<JNI global ref>, id=193, trace=300000)
ROOT 5000002e (kind=<JNI global ref>, id=194, trace=300000)
ROOT 5000002e (kind=<JNI global ref>, id=195, trace=300000)
ROOT 50000058 (kind=<JNI global ref>, id=196, trace=300000)
ROOT 50000058 (kind=<JNI global ref>, id=197, trace=300000)
ROOT 50000042 (kind=<JNI global ref>, id=198, trace=300000)
ROOT 50000042 (kind=<JNI global ref>, id=199, trace=300000)
ROOT 50000053 (kind=<JNI global ref>, id=19a, trace=300000)
ROOT 50000053 (kind=<JNI global ref>, id=19b, trace=300000)
ROOT 50000114 (kind=<JNI global ref>, id=19c, trace=300000)
ROOT 50000114 (kind=<JNI global ref>, id=19d, trace=300000)
ROOT 5000000c (kind=<JNI global ref>, id=19e, trace=300000)
ROOT 500000f6 (kind=<JNI global ref>, id=19f, trace=300000)
ROOT 5000005d (kind=<JNI global ref>, id=1a0, trace=300000)
ROOT 5000005d (kind=<JNI global ref>, id=1a1, trace=300000)
ROOT 500000f6 (kind=<JNI global ref>, id=1a2, trace=300000)
ROOT 5000000c (kind=<JNI global ref>, id=1a3, trace=300000)
ROOT 5000008d (kind=<JNI global ref>, id=1a4, trace=300000)
ROOT 50000009 (kind=<JNI global ref>, id=1a5, trace=300000)
ROOT 50000009 (kind=<JNI global ref>, id=1a6, trace=300000)
ROOT 5000008d (kind=<JNI global ref>, id=1a7, trace=300000)
ROOT 50000023 (kind=<JNI global ref>, id=1a8, trace=300000)
ROOT 50000023 (kind=<JNI global ref>, id=1a9, trace=300000)
ROOT 5000012f (kind=<JNI global ref>, id=1aa, trace=300000)
ROOT 5000012f (kind=<JNI global ref>, id=1ab, trace=300000)
ROOT 500000c2 (kind=<JNI global ref>, id=1ac, trace=300000)
ROOT 500000c2 (kind=<JNI global ref>, id=1ad, trace=300000)
ROOT 500000d9 (kind=<JNI global ref>, id=1ae, trace=300000)
ROOT 5000007d (kind=<JNI global ref>, id=1af, trace=300000)
ROOT 5000007d (kind=<JNI global ref>, id=1b0, trace=300000)
ROOT 500000d9 (kind=<JNI global ref>, id=1b1, trace=300000)
ROOT 50000056 (kind=<JNI global ref>, id=1b2, trace=300000)
ROOT 50000056 (kind=<JNI global ref>, id=1b3, trace=300000)
ROOT 500000fd (kind=<JNI global ref>, id=1b4, trace=300000)
ROOT 500000fd (kind=<JNI global ref>, id=1b5, trace=300000)
ROOT 500000e6 (kind=<JNI global ref>, id=1b6, trace=300000)
ROOT 500000e6 (kind=<JNI global ref>, id=1b7, trace=300000)
ROOT 50000047 (kind=<JNI global ref>, id=1b8, trace=300000)
ROOT 50000089 (kind=<JNI global ref>, id=1b9, trace=300000)
ROOT 50000089 (kind=<JNI global ref>, id=1ba, trace=300000)
ROOT 50000047 (kind=<JNI global ref>, id=1bb, trace=300000)
ROOT 50000057 (kind=<JNI global ref>, id=1bc, trace=300000)
ROOT 50000057 (kind=<JNI global ref>, id=1bd, trace=300000)
ROOT 500000a6 (kind=<JNI global ref>, id=1be, trace=300000)
ROOT 500000a6 (kind=<JNI global ref>, id=1bf, trace=300000)
ROOT 50000090 (kind=<JNI global ref>, id=1c0, trace=300000)
ROOT 50000090 (kind=<JNI global ref>, id=1c1, trace=300000)
ROOT 50000044 (kind=<JNI global ref>, id=1c2, trace=300000)
ROOT 50000044 (kind=<JNI global ref>, id=1c3, trace=300000)
ROOT 5000003f (kind=<JNI global ref>, id=1c4, trace=300000)
ROOT 5000003f (kind=<JNI global ref>, id=1c5, trace=300000)
ROOT 5000013c (kind=<JNI global ref>, id=1c6, trace=300000)
ROOT 5000013e (kind=<JNI global ref>, id=1c7, trace=300000)
ROOT 50000142 (kind=<JNI global ref>, id=1c8, trace=300000)
ROOT 50000143 (kind=<JNI global ref>, id=1c9, trace=300000)
ROOT 5000013d (kind=<JNI global ref>, id=1ca, trace=300000)
ROOT 50000140 (kind=<JNI global ref>, id=1cb, trace=300000)
ROOT 5000013f (kind=<JNI global ref>, id=1cc, trace=300000)
ROOT 50000141 (kind=<JNI global ref>, id=1cd, trace=300000)
ROOT 50000157 (kind=<JNI global ref>, id=1ce, trace=300011)
ROOT 5000015a (kind=<JNI global ref>, id=1cf, trace=300014)
ROOT 5000015c (kind=<JNI global ref>, id=1d0, trace=300016)
ROOT 5000015d (kind=<JNI global ref>, id=1d1, trace=300017)
ROOT 50000160 (kind=<JNI global ref>, id=1d2, trace=300019)
ROOT 50000168 (kind=<JNI global ref>, id=1d3, trace=300027)
ROOT 5000016c (kind=<JNI global ref>, id=1d4, trace=300031)
ROOT 50000171 (kind=<JNI global ref>, id=1d5, trace=300036)
ROOT 50000173 (kind=<JNI global ref>, id=1d6, trace=300038)
ROOT 50000174 (kind=<JNI global ref>, id=1d7, trace=300038)
ROOT 500001d4 (kind=<JNI global ref>, id=1d8, trace=300065)
ROOT 500001de (kind=<JNI global ref>, id=1d9, trace=300068)
ROOT 5000020d (kind=<JNI global ref>, id=1da, trace=300100)
ROOT 5000020e (kind=<JNI global ref>, id=1db, trace=300100)
ROOT 50000215 (kind=<JNI global ref>, id=1dc, trace=300107)
ROOT 50000219 (kind=<JNI global ref>, id=1dd, trace=300111)
ROOT 50000248 (kind=<JNI global ref>, id=1de, trace=300134)
ROOT 50000249 (kind=<JNI global ref>, id=1df, trace=300134)
ROOT 5000024a (kind=<JNI global ref>, id=1e0, trace=300134)
ROOT 5000024d (kind=<JNI global ref>, id=1e1, trace=300137)
ROOT 5000024e (kind=<JNI global ref>, id=1e2, trace=300137)
ROOT 50000253 (kind=<JNI global ref>, id=1e3, trace=300142)
ROOT 5000025f (kind=<JNI global ref>, id=1e4, trace=300149)
ROOT 50000263 (kind=<JNI global ref>, id=1e5, trace=300153)
ROOT 50000265 (kind=<JNI global ref>, id=1e6, trace=300155)
ROOT 50000266 (kind=<JNI global ref>, id=1e7, trace=300155)
ROOT 50000267 (kind=<JNI global ref>, id=1e8, trace=300156)
ROOT 5000026c (kind=<JNI global ref>, id=1e9, trace=300160)
ROOT 5000026f (kind=<JNI global ref>, id=1ea, trace=300163)
ROOT 5000028a (kind=<JNI global ref>, id=1eb, trace=300177)
ROOT 5000029d (kind=<JNI global ref>, id=1ec, trace=300184)
ROOT 5000029e (kind=<JNI global ref>, id=1ed, trace=300185)
ROOT 500002a0 (kind=<JNI global ref>, id=1ee, trace=300187)
ROOT 500002c6 (kind=<JNI global ref>, id=1ef, trace=300196)
ROOT 500002c7 (kind=<JNI global ref>, id=1f0, trace=300196)
ROOT 500002ca (kind=<JNI global ref>, id=1f1, trace=300199)
ROOT 500002cc (kind=<JNI global ref>, id=1f2, trace=300201)
ROOT 500002cd (kind=<JNI global ref>, id=1f3, trace=300202)
ROOT 500003af (kind=<JNI global ref>, id=1f4, trace=300000)
ROOT 500003b1 (kind=<JNI global ref>, id=1f5, trace=300226)
ROOT 500003b4 (kind=<JNI global ref>, id=1f6, trace=300000)
ROOT 500003b5 (kind=<JNI global ref>, id=1f7, trace=300000)
ROOT 500003b8 (kind=<unknown>)
ROOT 50000021 (kind=<system class>, name=java.lang.Object)
ROOT 500000d6 (kind=<system class>, name=java.lang.String)
ROOT 50000070 (kind=<system class>, name=java.lang.Class)
ROOT 50000031 (kind=<system class>, name=java.lang.Cloneable)
ROOT 500000f2 (kind=<system class>, name=java.lang.ClassLoader)
ROOT 500000a2 (kind=<system class>, name=java.io.Serializable)
ROOT 50000087 (kind=<system class>, name=java.lang.System)
ROOT 50000104 (kind=<system class>, name=java.lang.Throwable)
ROOT 50000028 (kind=<system class>, name=java.lang.Error)
ROOT 5000008b (kind=<system class>, name=java.lang.ThreadDeath)
ROOT 5000006a (kind=<system class>, name=java.lang.Exception)
ROOT 50000082 (kind=<system class>, name=java.lang.RuntimeException)
ROOT 500000f1 (kind=<system class>, name=java.security.ProtectionDomain)
ROOT 500000cf (kind=<system class>, name=java.security.AccessControlContext)
ROOT 5000006c (kind=<system class>, name=java.lang.ClassNotFoundException)
ROOT 50000001 (kind=<system class>, name=java.lang.NoClassDefFoundError)
ROOT 5000011a (kind=<system class>, name=java.lang.LinkageError)
ROOT 50000014 (kind=<system class>, name=java.lang.ClassCastException)
ROOT 50000033 (kind=<system class>, name=java.lang.ArrayStoreException)
ROOT 50000067 (kind=<system class>, name=java.lang.VirtualMachineError)
ROOT 50000139 (kind=<system class>, name=java.lang.OutOfMemoryError)
ROOT 50000123 (kind=<system class>, name=java.lang.StackOverflowError)
ROOT 5000005f (kind=<system class>, name=java.lang.IllegalMonitorStateException)
ROOT 50000121 (kind=<system class>, name=java.lang.ref.Reference)
ROOT 50000091 (kind=<system class>, name=java.lang.ref.SoftReference)
ROOT 500000b3 (kind=<system class>, name=java.lang.ref.WeakReference)
ROOT 500000ff (kind=<system class>, name=java.lang.ref.FinalReference)
ROOT 5000001f (kind=<system class>, name=java.lang.ref.PhantomReference)
ROOT 50000093 (kind=<system class>, name=java.lang.ref.Finalizer)
ROOT 5000003d (kind=<system class>, name=java.lang.Thread)
ROOT 50000006 (kind=<system class>, name=java.lang.ThreadGroup)
ROOT 50000106 (kind=<system class>, name=java.util.Properties)
ROOT 5000006e (kind=<system class>, name=java.lang.reflect.AccessibleObject)
ROOT 500000cc (kind=<system class>, name=java.lang.reflect.Field)
ROOT 500000e2 (kind=<system class>, name=java.lang.reflect.Method)
ROOT 50000050 (kind=<system class>, name=java.lang.reflect.Constructor)
ROOT 5000002e (kind=<system class>, name=sun.reflect.MagicAccessorImpl)
ROOT 50000058 (kind=<system class>, name=sun.reflect.MethodAccessorImpl)
ROOT 50000042 (kind=<system class>, name=sun.reflect.ConstructorAccessorImpl)
ROOT 50000053 (kind=<system class>, name=sun.reflect.DelegatingClassLoader)
ROOT 50000114 (kind=<system class>, name=sun.reflect.ConstantPool)
ROOT 5000000c (kind=<system class>, name=sun.reflect.UnsafeStaticFieldAccessorImpl)
ROOT 5000008d (kind=<system class>, name=java.lang.StringBuffer)
ROOT 50000023 (kind=<system class>, name=java.lang.StringBuilder)
ROOT 5000012f (kind=<system class>, name=java.lang.StackTraceElement)
ROOT 500000c2 (kind=<system class>, name=java.nio.Buffer)
ROOT 500000d9 (kind=<system class>, name=sun.misc.AtomicLongCSImpl)
ROOT 50000056 (kind=<system class>, name=sun.misc.PostVMInitHook)
ROOT 500000fd (kind=<system class>, name=java.lang.Boolean)
ROOT 500000e6 (kind=<system class>, name=java.lang.Character)
ROOT 50000047 (kind=<system class>, name=java.lang.Float)
ROOT 50000057 (kind=<system class>, name=java.lang.Double)
ROOT 500000a6 (kind=<system class>, name=java.lang.Byte)
ROOT 50000090 (kind=<system class>, name=java.lang.Short)
ROOT 50000044 (kind=<system class>, name=java.lang.Integer)
ROOT 5000003f (kind=<system class>, name=java.lang.Long)
ROOT 500000fd (kind=<system class>, name=java.lang.Boolean)
ROOT 500000e6 (kind=<system class>, name=java.lang.Character)
ROOT 50000047 (kind=<system class>, name=java.lang.Float)
ROOT 50000057 (kind=<system class>, name=java.lang.Double)
ROOT 500000a6 (kind=<system class>, name=java.lang.Byte)
ROOT 50000090 (kind=<system class>, name=java.lang.Short)
ROOT 50000044 (kind=<system class>, name=java.lang.Integer)
ROOT 5000003f (kind=<system class>, name=java.lang.Long)
ROOT 50000104 (kind=<system class>, name=java.lang.Throwable)
ROOT 50000114 (kind=<system class>, name=sun.reflect.ConstantPool)
ROOT 5000000c (kind=<system class>, name=sun.reflect.UnsafeStaticFieldAccessorImpl)
ROOT 50000001 (kind=<system class>, name=java.lang.NoClassDefFoundError)
ROOT 50000002 (kind=<system class>, name=java.io.FileSystem)
ROOT 50000003 (kind=<system class>, name=java.util.Hashtable$EmptyEnumerator)
ROOT 50000004 (kind=<system class>, name=java.nio.charset.CoderResult)
ROOT 50000005 (kind=<system class>, name=java.io.OutputStreamWriter)
ROOT 50000006 (kind=<system class>, name=java.lang.ThreadGroup)
ROOT 50000008 (kind=<system class>, name=java.io.Win32FileSystem)
ROOT 50000009 (kind=<system class>, name=java.lang.AbstractStringBuilder)
ROOT 5000000a (kind=<system class>, name=java.lang.Iterable)
ROOT 5000000b (kind=<system class>, name=java.lang.ref.Finalizer$FinalizerThread)
ROOT 500002a0 (kind=<system class>, name=java.security.BasicPermissionCollection)
ROOT 5000000c (kind=<system class>, name=sun.reflect.UnsafeStaticFieldAccessorImpl)
ROOT 5000000d (kind=<system class>, name=java.net.URLStreamHandlerFactory)
ROOT 5000000e (kind=<system class>, name=java.lang.ArithmeticException)
ROOT 5000000f (kind=<system class>, name=java.util.Hashtable$EmptyIterator)
ROOT 50000010 (kind=<system class>, name=java.nio.charset.CodingErrorAction)
ROOT 50000011 (kind=<system class>, name=java.lang.Appendable)
ROOT 5000028a (kind=<system class>, name=java.io.FilePermissionCollection)
ROOT 50000012 (kind=<system class>, name=java.nio.charset.spi.CharsetProvider)
ROOT 50000013 (kind=<system class>, name=java.util.concurrent.locks.AbstractOwnableSynchronizer)
ROOT 50000014 (kind=<system class>, name=java.lang.ClassCastException)
ROOT 50000015 (kind=<system class>, name=java.util.concurrent.atomic.AtomicReferenceFieldUpdater)
ROOT 50000016 (kind=<system class>, name=java.util.LinkedHashMap$Entry)
ROOT 5000015a (kind=<system class>, name=java.lang.ThreadLocal$ThreadLocalMap)
ROOT 50000017 (kind=<system class>, name=java.util.concurrent.locks.ReentrantLock$Sync)
ROOT 50000018 (kind=<system class>, name=java.util.StringTokenizer)
ROOT 50000019 (kind=<system class>, name=java.lang.reflect.Modifier)
ROOT 500002ca (kind=<system class>, name=java.security.ProtectionDomain$Key)
ROOT 5000001a (kind=<system class>, name=sun.security.action.GetPropertyAction)
ROOT 5000001b (kind=<system class>, name=sun.nio.cs.StandardCharsets$Classes)
ROOT 5000001c (kind=<system class>, name=java.lang.AssertionStatusDirectives)
ROOT 50000173 (kind=<system class>, name=sun.misc.URLClassPath$Loader)
ROOT 5000001d (kind=<system class>, name=java.security.BasicPermission)
ROOT 5000001e (kind=<system class>, name=java.lang.Class$1)
ROOT 5000001f (kind=<system class>, name=java.lang.ref.PhantomReference)
ROOT 50000020 (kind=<system class>, name=java.util.LinkedHashMap)
ROOT 50000021 (kind=<system class>, name=java.lang.Object)
ROOT 50000023 (kind=<system class>, name=java.lang.StringBuilder)
ROOT 50000024 (kind=<system class>, name=java.lang.Readable)
ROOT 50000025 (kind=<system class>, name=java.util.Stack)
ROOT 500001d4 (kind=<system class>, name=java.security.PrivilegedActionException)
ROOT 50000026 (kind=<system class>, name=java.lang.CharacterDataLatin1)
ROOT 50000027 (kind=<system class>, name=java.lang.System$2)
ROOT 50000028 (kind=<system class>, name=java.lang.Error)
ROOT 5000002a (kind=<system class>, name=sun.misc.SignalHandler)
ROOT 5000002b (kind=<system class>, name=sun.misc.SoftCache)
ROOT 5000002c (kind=<system class>, name=java.io.InputStream)
ROOT 5000002d (kind=<system class>, name=sun.net.www.protocol.file.Handler)
ROOT 5000002e (kind=<system class>, name=sun.reflect.MagicAccessorImpl)
ROOT 5000002f (kind=<system class>, name=java.nio.charset.Charset)
ROOT 50000030 (kind=<system class>, name=com.sun.demo.jvmti.hprof.Tracker)
ROOT 50000031 (kind=<system class>, name=java.lang.Cloneable)
ROOT 50000032 (kind=<system class>, name=sun.misc.URLClassPath)
ROOT 50000033 (kind=<system class>, name=java.lang.ArrayStoreException)
ROOT 50000034 (kind=<system class>, name=java.security.cert.Certificate)
ROOT 50000036 (kind=<system class>, name=sun.reflect.ReflectionFactory$1)
ROOT 50000037 (kind=<system class>, name=java.io.ExpiringCache)
ROOT 50000038 (kind=<system class>, name=java.util.Iterator)
ROOT 50000039 (kind=<system class>, name=sun.reflect.Reflection)
ROOT 5000003a (kind=<system class>, name=java.util.AbstractMap)
ROOT 5000003b (kind=<system class>, name=java.io.InputStreamReader)
ROOT 5000003c (kind=<system class>, name=java.util.Collections)
ROOT 5000003d (kind=<system class>, name=java.lang.Thread)
ROOT 5000003f (kind=<system class>, name=java.lang.Long)
ROOT 50000040 (kind=<system class>, name=java.nio.charset.CharsetDecoder)
ROOT 50000041 (kind=<system class>, name=java.lang.Void)
ROOT 50000042 (kind=<system class>, name=sun.reflect.ConstructorAccessorImpl)
ROOT 50000043 (kind=<system class>, name=sun.misc.NativeSignalHandler)
ROOT 50000044 (kind=<system class>, name=java.lang.Integer)
ROOT 50000045 (kind=<system class>, name=java.lang.ClassLoader$NativeLibrary)
ROOT 50000046 (kind=<system class>, name=java.util.Collections$EmptyMap)
ROOT 50000047 (kind=<system class>, name=java.lang.Float)
ROOT 50000048 (kind=<system class>, name=sun.reflect.ConstructorAccessor)
ROOT 50000049 (kind=<system class>, name=sun.nio.cs.MS1252)
ROOT 5000026c (kind=<system class>, name=java.util.concurrent.atomic.AtomicReference)
ROOT 5000004a (kind=<system class>, name=java.lang.reflect.ReflectAccess)
ROOT 5000004b (kind=<system class>, name=java.lang.Compiler$1)
ROOT 5000004c (kind=<system class>, name=java.lang.IncompatibleClassChangeError)
ROOT 5000004d (kind=<system class>, name=java.security.AccessControlContext$1)
ROOT 5000004e (kind=<system class>, name=java.lang.StringValue)
ROOT 5000004f (kind=<system class>, name=java.nio.charset.CharsetEncoder)
ROOT 50000050 (kind=<system class>, name=java.lang.reflect.Constructor)
ROOT 50000052 (kind=<system class>, name=java.util.HashMap)
ROOT 50000053 (kind=<system class>, name=sun.reflect.DelegatingClassLoader)
ROOT 50000054 (kind=<system class>, name=java.security.PrivilegedExceptionAction)
ROOT 50000055 (kind=<system class>, name=java.util.concurrent.locks.AbstractQueuedSynchronizer)
ROOT 50000056 (kind=<system class>, name=sun.misc.PostVMInitHook)
ROOT 5000029e (kind=<system class>, name=java.security.UnresolvedPermission)
ROOT 50000057 (kind=<system class>, name=java.lang.Double)
ROOT 50000058 (kind=<system class>, name=sun.reflect.MethodAccessorImpl)
ROOT 50000059 (kind=<system class>, name=java.util.HashSet)
ROOT 5000005a (kind=<system class>, name=sun.net.www.protocol.jar.Handler)
ROOT 5000005b (kind=<system class>, name=java.io.FileReader)
ROOT 5000005c (kind=<system class>, name=java.lang.ref.Reference$ReferenceHandler)
ROOT 5000005d (kind=<system class>, name=sun.reflect.FieldAccessorImpl)
ROOT 5000005e (kind=<system class>, name=java.security.Permission)
ROOT 5000005f (kind=<system class>, name=java.lang.IllegalMonitorStateException)
ROOT 50000060 (kind=<system class>, name=java.util.Hashtable)
ROOT 50000061 (kind=<system class>, name=java.nio.charset.CoderResult$2)
ROOT 50000062 (kind=<system class>, name=java.io.FilterInputStream)
ROOT 50000063 (kind=<system class>, name=java.util.Map$Entry)
ROOT 50000065 (kind=<system class>, name=java.lang.ref.ReferenceQueue)
ROOT 50000066 (kind=<system class>, name=java.util.Arrays)
ROOT 50000067 (kind=<system class>, name=java.lang.VirtualMachineError)
ROOT 50000069 (kind=<system class>, name=sun.misc.Unsafe)
ROOT 5000029d (kind=<system class>, name=java.security.AllPermission)
ROOT 5000006a (kind=<system class>, name=java.lang.Exception)
ROOT 5000006b (kind=<system class>, name=sun.reflect.FieldAccessor)
ROOT 5000020d (kind=<system class>, name=sun.misc.Resource)
ROOT 5000006c (kind=<system class>, name=java.lang.ClassNotFoundException)
ROOT 5000006d (kind=<system class>, name=sun.jkernel.DownloadManager$1)
ROOT 5000006e (kind=<system class>, name=java.lang.reflect.AccessibleObject)
ROOT 50000070 (kind=<system class>, name=java.lang.Class)
ROOT 50000072 (kind=<system class>, name=java.nio.charset.CoderResult$1)
ROOT 50000073 (kind=<system class>, name=java.security.SecureClassLoader)
ROOT 50000074 (kind=<system class>, name=java.io.BufferedInputStream)
ROOT 50000075 (kind=<system class>, name=java.util.AbstractSet)
ROOT 50000076 (kind=<system class>, name=java.io.PrintStream)
ROOT 50000077 (kind=<system class>, name=sun.reflect.DelegatingConstructorAccessorImpl)
ROOT 50000078 (kind=<system class>, name=java.util.Set)
ROOT 50000079 (kind=<system class>, name=sun.io.Win32ErrorMode)
ROOT 5000007a (kind=<system class>, name=java.util.concurrent.locks.ReentrantLock)
ROOT 5000007c (kind=<system class>, name=java.lang.ref.ReferenceQueue$Lock)
ROOT 5000007d (kind=<system class>, name=sun.misc.AtomicLong)
ROOT 5000007e (kind=<system class>, name=java.lang.reflect.Array)
ROOT 5000007f (kind=<system class>, name=java.nio.ByteBuffer)
ROOT 50000080 (kind=<system class>, name=sun.util.PreHashedMap)
ROOT 50000249 (kind=<system class>, name=sun.net.www.URLConnection)
ROOT 50000081 (kind=<system class>, name=java.lang.Compiler)
ROOT 50000082 (kind=<system class>, name=java.lang.RuntimeException)
ROOT 50000083 (kind=<system class>, name=java.util.concurrent.ConcurrentHashMap)
ROOT 50000084 (kind=<system class>, name=java.io.FileDescriptor)
ROOT 50000085 (kind=<system class>, name=java.io.FilterOutputStream)
ROOT 50000086 (kind=<system class>, name=java.util.Map)
ROOT 50000087 (kind=<system class>, name=java.lang.System)
ROOT 5000024d (kind=<system class>, name=java.net.ContentHandler)
ROOT 50000088 (kind=<system class>, name=java.util.concurrent.locks.AbstractQueuedSynchronizer$Node)
ROOT 50000089 (kind=<system class>, name=java.lang.Number)
ROOT 5000008a (kind=<system class>, name=java.lang.ref.ReferenceQueue$Null)
ROOT 5000008b (kind=<system class>, name=java.lang.ThreadDeath)
ROOT 5000008c (kind=<system class>, name=java.lang.Terminator$1)
ROOT 5000008d (kind=<system class>, name=java.lang.StringBuffer)
ROOT 5000008e (kind=<system class>, name=sun.misc.JavaSecurityAccess)
ROOT 5000008f (kind=<system class>, name=java.util.Collections$EmptyList)
ROOT 50000090 (kind=<system class>, name=java.lang.Short)
ROOT 50000091 (kind=<system class>, name=java.lang.ref.SoftReference)
ROOT 50000092 (kind=<system class>, name=sun.nio.cs.SingleByteEncoder)
ROOT 50000093 (kind=<system class>, name=java.lang.ref.Finalizer)
ROOT 50000094 (kind=<system class>, name=java.util.concurrent.atomic.AtomicInteger)
ROOT 50000095 (kind=<system class>, name=java.util.Comparator)
ROOT 50000096 (kind=<system class>, name=java.nio.Bits$1)
ROOT 50000097 (kind=<system class>, name=java.io.File)
ROOT 50000099 (kind=<system class>, name=java.security.Guard)
ROOT 5000009a (kind=<system class>, name=java.net.URLStreamHandler)
ROOT 5000009b (kind=<system class>, name=sun.reflect.NativeConstructorAccessorImpl)
ROOT 5000009c (kind=<system class>, name=java.net.Parts)
ROOT 5000009d (kind=<system class>, name=java.util.AbstractList)
ROOT 5000020e (kind=<system class>, name=sun.misc.URLClassPath$FileLoader$1)
ROOT 50000266 (kind=<system class>, name=sun.security.provider.PolicyFile)
ROOT 5000009e (kind=<system class>, name=java.lang.reflect.AnnotatedElement)
ROOT 500000a0 (kind=<system class>, name=java.lang.Class$3)
ROOT 500000a1 (kind=<system class>, name=sun.misc.JavaLangAccess)
ROOT 500000a2 (kind=<system class>, name=java.io.Serializable)
ROOT 500000a4 (kind=<system class>, name=java.util.AbstractCollection)
ROOT 500000a5 (kind=<system class>, name=sun.misc.JavaNetAccess)
ROOT 500000a6 (kind=<system class>, name=java.lang.Byte)
ROOT 500000a7 (kind=<system class>, name=java.util.concurrent.ConcurrentHashMap$Segment)
ROOT 500000a9 (kind=<system class>, name=java.util.Collections$ReverseComparator)
ROOT 50000215 (kind=<system class>, name=sun.nio.ByteBuffered)
ROOT 500000aa (kind=<system class>, name=java.io.ObjectStreamClass)
ROOT 500000ab (kind=<system class>, name=java.util.Collections$EmptySet)
ROOT 500000ac (kind=<system class>, name=java.io.ExpiringCache$Entry)
ROOT 500000ad (kind=<system class>, name=java.lang.ClassLoader$3)
ROOT 500000ae (kind=<system class>, name=java.lang.Math)
ROOT 500000af (kind=<system class>, name=java.lang.reflect.Type)
ROOT 50000168 (kind=<system class>, name=java.net.URLClassLoader$1)
ROOT 500000b1 (kind=<system class>, name=sun.misc.Signal)
ROOT 500000b2 (kind=<system class>, name=sun.nio.cs.StreamEncoder)
ROOT 500000b3 (kind=<system class>, name=java.lang.ref.WeakReference)
ROOT 500000b4 (kind=<system class>, name=sun.misc.JavaNioAccess)
ROOT 500000b5 (kind=<system class>, name=java.util.concurrent.ConcurrentMap)
ROOT 500000b6 (kind=<system class>, name=sun.nio.cs.MS1252$Decoder)
ROOT 50000253 (kind=<system class>, name=sun.net.www.MessageHeader)
ROOT 500000b7 (kind=<system class>, name=java.nio.HeapCharBuffer)
ROOT 500000b8 (kind=<system class>, name=java.util.ArrayList)
ROOT 500000b9 (kind=<system class>, name=java.lang.SystemClassLoaderAction)
ROOT 500000ba (kind=<system class>, name=java.io.FileInputStream)
ROOT 500000bb (kind=<system class>, name=java.lang.Thread$UncaughtExceptionHandler)
ROOT 500000bd (kind=<system class>, name=sun.nio.cs.Surrogate$Parser)
ROOT 500000be (kind=<system class>, name=sun.misc.Launcher)
ROOT 500000bf (kind=<system class>, name=java.lang.NoSuchMethodError)
ROOT 500000c0 (kind=<system class>, name=java.nio.charset.CoderResult$Cache)
ROOT 500000c1 (kind=<system class>, name=sun.security.util.Debug)
ROOT 500000c2 (kind=<system class>, name=java.nio.Buffer)
ROOT 500000c3 (kind=<system class>, name=java.util.Locale)
ROOT 50000174 (kind=<system class>, name=sun.misc.URLClassPath$JarLoader)
ROOT 500000c4 (kind=<system class>, name=sun.nio.cs.Surrogate)
ROOT 500000c5 (kind=<system class>, name=java.util.Vector)
ROOT 500000c6 (kind=<system class>, name=java.util.Hashtable$Entry)
ROOT 500000c8 (kind=<system class>, name=sun.reflect.LangReflectAccess)
ROOT 500000c9 (kind=<system class>, name=sun.nio.cs.FastCharsetProvider)
ROOT 5000015c (kind=<system class>, name=java.lang.ThreadLocal$ThreadLocalMap$Entry)
ROOT 500000ca (kind=<system class>, name=java.lang.String$CaseInsensitiveComparator)
ROOT 5000025f (kind=<system class>, name=java.io.FilePermission)
ROOT 500000cb (kind=<system class>, name=sun.net.www.ParseUtil)
ROOT 500000cc (kind=<system class>, name=java.lang.reflect.Field)
ROOT 50000248 (kind=<system class>, name=java.net.URLConnection)
ROOT 500000ce (kind=<system class>, name=java.net.URLClassLoader)
ROOT 500000cf (kind=<system class>, name=java.security.AccessControlContext)
ROOT 500000d0 (kind=<system class>, name=java.security.PermissionCollection)
ROOT 500000d1 (kind=<system class>, name=java.security.CodeSource)
ROOT 500000d2 (kind=<system class>, name=java.net.URL)
ROOT 500000d4 (kind=<system class>, name=java.lang.CharSequence)
ROOT 500000d6 (kind=<system class>, name=java.lang.String)
ROOT 500000d8 (kind=<system class>, name=java.lang.ThreadLocal)
ROOT 500000d9 (kind=<system class>, name=sun.misc.AtomicLongCSImpl)
ROOT 500000da (kind=<system class>, name=java.util.HashMap$Entry)
ROOT 500000dc (kind=<system class>, name=java.io.Writer)
ROOT 500000dd (kind=<system class>, name=java.io.ExpiringCache$1)
ROOT 500000de (kind=<system class>, name=java.lang.Package)
ROOT 500000e0 (kind=<system class>, name=sun.misc.OSEnvironment)
ROOT 500000e1 (kind=<system class>, name=java.nio.ByteOrder)
ROOT 500000e2 (kind=<system class>, name=java.lang.reflect.Method)
ROOT 50000171 (kind=<system class>, name=sun.misc.URLClassPath$3)
ROOT 500002c6 (kind=<system class>, name=sun.misc.JavaSecurityProtectionDomainAccess)
ROOT 500000e4 (kind=<system class>, name=sun.misc.MetaIndex)
ROOT 500000e5 (kind=<system class>, name=sun.misc.Launcher$AppClassLoader$1)
ROOT 500000e6 (kind=<system class>, name=java.lang.Character)
ROOT 500000e7 (kind=<system class>, name=java.io.BufferedOutputStream)
ROOT 500000e8 (kind=<system class>, name=java.util.List)
ROOT 50000263 (kind=<system class>, name=java.io.FilePermission$1)
ROOT 500000e9 (kind=<system class>, name=sun.reflect.ReflectionFactory)
ROOT 500000ea (kind=<system class>, name=java.io.ObjectStreamField)
ROOT 500000ec (kind=<system class>, name=java.lang.reflect.GenericDeclaration)
ROOT 50000157 (kind=<system class>, name=java.lang.StringCoding)
ROOT 500000ee (kind=<system class>, name=java.util.concurrent.atomic.AtomicReferenceFieldUpdater$AtomicReferenceFieldUpdaterImpl)
ROOT 500000ef (kind=<system class>, name=java.nio.Bits)
ROOT 500000f0 (kind=<system class>, name=java.util.Dictionary)
ROOT 500000f1 (kind=<system class>, name=java.security.ProtectionDomain)
ROOT 500000f2 (kind=<system class>, name=java.lang.ClassLoader)
ROOT 500000f3 (kind=<system class>, name=java.io.WinNTFileSystem)
ROOT 500000f4 (kind=<system class>, name=sun.misc.VM)
ROOT 500001de (kind=<system class>, name=sun.misc.URLClassPath$FileLoader)
ROOT 500000f5 (kind=<system class>, name=java.io.FileOutputStream)
ROOT 500000f6 (kind=<system class>, name=sun.reflect.UnsafeFieldAccessorImpl)
ROOT 500000f7 (kind=<system class>, name=sun.misc.JavaIOFileAccess)
ROOT 500003b1 (kind=<system class>, name=java.lang.Shutdown$Lock)
ROOT 500000f8 (kind=<system class>, name=java.security.AccessController)
ROOT 500000f9 (kind=<system class>, name=java.util.Collections$SynchronizedMap)
ROOT 500000fa (kind=<system class>, name=java.lang.ClassFormatError)
ROOT 500000fb (kind=<system class>, name=java.io.Flushable)
ROOT 500000fc (kind=<system class>, name=java.io.File$1)
ROOT 500000fd (kind=<system class>, name=java.lang.Boolean)
ROOT 500000fe (kind=<system class>, name=sun.misc.Launcher$AppClassLoader)
ROOT 500000ff (kind=<system class>, name=java.lang.ref.FinalReference)
ROOT 50000100 (kind=<system class>, name=java.util.concurrent.locks.Lock)
ROOT 50000102 (kind=<system class>, name=java.security.PrivilegedAction)
ROOT 50000103 (kind=<system class>, name=sun.nio.cs.StreamDecoder)
ROOT 5000026f (kind=<system class>, name=java.security.Policy$PolicyInfo)
ROOT 50000104 (kind=<system class>, name=java.lang.Throwable)
ROOT 50000106 (kind=<system class>, name=java.util.Properties)
ROOT 50000107 (kind=<system class>, name=java.lang.ref.Reference$Lock)
ROOT 50000108 (kind=<system class>, name=java.util.concurrent.locks.ReentrantLock$NonfairSync)
ROOT 50000109 (kind=<system class>, name=sun.reflect.misc.ReflectUtil)
ROOT 5000010a (kind=<system class>, name=java.net.URLClassLoader$7)
ROOT 5000010b (kind=<system class>, name=java.util.RandomAccess)
ROOT 5000010c (kind=<system class>, name=java.lang.IllegalArgumentException)
ROOT 5000010d (kind=<system class>, name=java.lang.reflect.Member)
ROOT 50000160 (kind=<system class>, name=java.lang.StringCoding$StringDecoder)
ROOT 5000010f (kind=<system class>, name=sun.nio.cs.StandardCharsets)
ROOT 50000110 (kind=<system class>, name=sun.misc.Launcher$Factory)
ROOT 50000111 (kind=<system class>, name=sun.misc.Version)
ROOT 50000112 (kind=<system class>, name=java.lang.NullPointerException)
ROOT 500002cc (kind=<system class>, name=java.security.Principal)
ROOT 50000113 (kind=<system class>, name=sun.reflect.ReflectionFactory$GetReflectionFactoryAction)
ROOT 50000114 (kind=<system class>, name=sun.reflect.ConstantPool)
ROOT 5000024e (kind=<system class>, name=java.net.UnknownContentHandler)
ROOT 50000115 (kind=<system class>, name=sun.nio.cs.HistoricallyNamedCharset)
ROOT 5000016c (kind=<system class>, name=sun.net.util.URLUtil)
ROOT 50000116 (kind=<system class>, name=sun.nio.cs.SingleByteDecoder)
ROOT 500002c7 (kind=<system class>, name=java.security.ProtectionDomain$2)
ROOT 50000117 (kind=<system class>, name=java.nio.CharBuffer)
ROOT 50000118 (kind=<system class>, name=java.lang.Terminator)
ROOT 50000119 (kind=<system class>, name=java.io.BufferedWriter)
ROOT 5000011a (kind=<system class>, name=java.lang.LinkageError)
ROOT 50000265 (kind=<system class>, name=java.security.Policy)
ROOT 5000011b (kind=<system class>, name=java.util.Collection)
ROOT 5000011c (kind=<system class>, name=sun.misc.SharedSecrets)
ROOT 5000011d (kind=<system class>, name=sun.nio.cs.MS1252$Encoder)
ROOT 5000011e (kind=<system class>, name=java.util.Enumeration)
ROOT 5000024a (kind=<system class>, name=sun.net.www.protocol.file.FileURLConnection)
ROOT 5000011f (kind=<system class>, name=java.nio.HeapByteBuffer)
ROOT 50000120 (kind=<system class>, name=java.io.BufferedReader)
ROOT 50000121 (kind=<system class>, name=java.lang.ref.Reference)
ROOT 50000122 (kind=<system class>, name=java.io.IOException)
ROOT 50000123 (kind=<system class>, name=java.lang.StackOverflowError)
ROOT 50000219 (kind=<system class>, name=java.security.Permissions)
ROOT 50000124 (kind=<system class>, name=java.io.Closeable)
ROOT 50000125 (kind=<system class>, name=sun.jkernel.DownloadManager$2)
ROOT 50000126 (kind=<system class>, name=java.lang.RuntimePermission)
ROOT 50000127 (kind=<system class>, name=java.lang.Comparable)
ROOT 50000129 (kind=<system class>, name=sun.jkernel.DownloadManager)
ROOT 5000012a (kind=<system class>, name=java.util.BitSet)
ROOT 5000012b (kind=<system class>, name=java.lang.reflect.ReflectPermission)
ROOT 5000012c (kind=<system class>, name=sun.reflect.MethodAccessor)
ROOT 5000012d (kind=<system class>, name=sun.nio.cs.StandardCharsets$Aliases)
ROOT 5000012e (kind=<system class>, name=java.lang.Runtime)
ROOT 5000012f (kind=<system class>, name=java.lang.StackTraceElement)
ROOT 50000267 (kind=<system class>, name=java.security.Policy$UnsupportedEmptyCollection)
ROOT 50000131 (kind=<system class>, name=java.io.Reader)
ROOT 500003af (kind=<system class>, name=java.lang.Shutdown)
ROOT 50000132 (kind=<system class>, name=sun.nio.cs.StandardCharsets$Cache)
ROOT 50000133 (kind=<system class>, name=java.util.concurrent.ConcurrentHashMap$HashEntry)
ROOT 50000135 (kind=<system class>, name=java.lang.Runnable)
ROOT 50000137 (kind=<system class>, name=sun.misc.Launcher$ExtClassLoader)
ROOT 50000138 (kind=<system class>, name=java.io.OutputStream)
ROOT 50000139 (kind=<system class>, name=java.lang.OutOfMemoryError)
ROOT 5000013b (kind=<system class>, name=sun.misc.Launcher$ExtClassLoader$1)
ROOT 500003b9 (kind=<busy monitor>)
ROOT 500003ba (kind=<busy monitor>)
ROOT 500003bb (kind=<thread>, id=200003, trace=300000)
ROOT 500003bb (kind=<thread block>, thread=200003)
ROOT 500003bc (kind=<thread>, id=200004, trace=300000)
ROOT 500003bc (kind=<thread block>, thread=200004)
ROOT 500003bd (kind=<thread>, id=200005, trace=300000)
ROOT 500003bd (kind=<thread block>, thread=200005)
ROOT 500003be (kind=<thread>, id=200006, trace=300000)
ROOT 500003be (kind=<thread block>, thread=200006)
ROOT 500003bf (kind=<thread>, id=200007, trace=300000)
ROOT 500003bf (kind=<thread block>, thread=200007)
ROOT 500003c0 (kind=<thread>, id=200008, trace=300000)
ROOT 500003c0 (kind=<thread block>, thread=200008)
ROOT 500003c1 (kind=<unknown>)
ROOT 500003c2 (kind=<unknown>)
ROOT 500003c3 (kind=<unknown>)
ROOT 500003c4 (kind=<unknown>)
ROOT 500003c5 (kind=<unknown>)
ROOT 500003c6 (kind=<unknown>)
ROOT 500003c7 (kind=<unknown>)
ROOT 500003c8 (kind=<unknown>)
ROOT 500003c9 (kind=<unknown>)
ROOT 500003c5 (kind=<unknown>)
ROOT 500003c6 (kind=<unknown>)
ROOT 500003c2 (kind=<unknown>)
ROOT 500003c3 (kind=<unknown>)
ROOT 500003c4 (kind=<unknown>)
ROOT 500003c8 (kind=<unknown>)
ROOT 500003c1 (kind=<unknown>)
ROOT 500003c7 (kind=<unknown>)
ROOT 500003c9 (kind=<unknown>)
ROOT 5000013c (kind=<unknown>)
ROOT 5000013d (kind=<unknown>)
ROOT 5000013e (kind=<unknown>)
ROOT 5000013f (kind=<unknown>)
ROOT 50000140 (kind=<unknown>)
ROOT 50000141 (kind=<unknown>)
ROOT 50000142 (kind=<unknown>)
ROOT 50000143 (kind=<unknown>)
ROOT 50000022 (kind=<unknown>)
ROOT 5000013c (kind=<unknown>)
ROOT 5000013e (kind=<unknown>)
ROOT 50000142 (kind=<unknown>)
ROOT 50000143 (kind=<unknown>)
ROOT 5000013d (kind=<unknown>)
ROOT 50000140 (kind=<unknown>)
ROOT 5000013f (kind=<unknown>)
ROOT 50000141 (kind=<unknown>)
ROOT 500003ca (kind=<unknown>)
ROOT 500003cb (kind=<unknown>)
ROOT 500003cc (kind=<unknown>)
ROOT 500003cd (kind=<unknown>)
ROOT 500003ce (kind=<unknown>)
ROOT 500003cf (kind=<unknown>)
ROOT 500003d0 (kind=<unknown>)
ROOT 50000093 (kind=<unknown>)
ROOT 500000f2 (kind=<unknown>)
ROOT 500000e2 (kind=<unknown>)
ROOT 500003d1 (kind=<unknown>)
ROOT 500003d2 (kind=<unknown>)
ROOT 500003d3 (kind=<unknown>)
ROOT 500003d4 (kind=<unknown>)
ROOT 500003d5 (kind=<unknown>)
ROOT 500003b6 (kind=<unknown>)
ROOT 500003b7 (kind=<unknown>)
ROOT 500003d6 (kind=<unknown>)
ROOT 500003d7 (kind=<unknown>)
ROOT 500003d8 (kind=<unknown>)
ROOT 500003bb (kind=<JNI local ref>, thread=200000, frame=0)
ROOT 500003d9 (kind=<Java stack>, thread=200000, frame=1)
ROOT 500003ba (kind=<Java stack>, thread=200000, frame=1)
ROOT 500003d9 (kind=<Java stack>, thread=200000, frame=2)
ROOT 500003be (kind=<Java stack>, thread=200000, frame=3)
ROOT 500003b9 (kind=<Java stack>, thread=200000, frame=1)
ROOT 500003bf (kind=<Java stack>, thread=200000, frame=2)
ROOT 500003b9 (kind=<Java stack>, thread=200000, frame=2)
ROOT 500003da (kind=<JNI local ref>, thread=200000, frame=0)
ROOT 50000087 (kind=<JNI local ref>, thread=200000, frame=0)
ROOT 500003db (kind=<JNI local ref>, thread=200000, frame=0)
ROOT 5000002f (kind=<JNI local ref>, thread=200000, frame=0)
ROOT 500000d6 (kind=<JNI local ref>, thread=200000, frame=0)
ROOT 50000156 (kind=<JNI local ref>, thread=200000, frame=0)
OBJ 50000144 (sz=112, trace=300000, class=java.lang.Thread@5000003d)
OBJ 50000145 (sz=112, trace=300001, class=java.lang.Thread@5000003d)
OBJ 50000146 (sz=16, trace=300002, class=java.lang.Object@50000021)
ARR 50000147 (sz=56, trace=300003, nelems=0, elem type=char[])
OBJ 50000148 (sz=112, trace=300001, class=java.lang.Thread@5000003d)
OBJ 50000149 (sz=16, trace=300002, class=java.lang.Object@50000021)
ARR 5000014a (sz=56, trace=300003, nelems=0, elem type=char[])
OBJ 5000014b (sz=112, trace=300001, class=java.lang.Thread@5000003d)
OBJ 5000014c (sz=16, trace=300002, class=java.lang.Object@50000021)
ARR 5000014d (sz=56, trace=300003, nelems=0, elem type=char[])
OBJ 5000014e (sz=24, trace=300004, class=java.lang.StringBuilder@50000023)
ARR 5000014f (sz=48, trace=300005, nelems=0, elem type=char[])
ARR 50000150 (sz=96, trace=300006, nelems=0, elem type=char[])
ARR 50000151 (sz=168, trace=300006, nelems=0, elem type=char[])
OBJ 50000152 (sz=32, trace=300007, class=java.lang.String@500000d6)
ARR 50000153 (sz=168, trace=300008, nelems=0, elem type=char[])
OBJ 50000154 (sz=24, trace=300009, class=java.io.File@50000097)
OBJ 50000155 (sz=112, trace=300000, class=java.lang.Thread@5000003d)
OBJ 50000156 (sz=32, trace=300010, class=java.lang.String@500000d6)
	value		50000165
OBJ 50000158 (sz=16, trace=300012, class=java.lang.ThreadLocal@500000d8)
OBJ 50000159 (sz=16, trace=300013, class=java.lang.ThreadLocal@500000d8)
OBJ 5000015b (sz=24, trace=300015, class=java.lang.ThreadLocal$ThreadLocalMap@5000015a)
	table		5000015e
ARR 5000015e (sz=80, trace=300017, nelems=13, elem type=java.lang.ThreadLocal$ThreadLocalMap$Entry[]@5000015d)
	[12]		5000015f
OBJ 5000015f (sz=32, trace=300018, class=java.lang.ThreadLocal$ThreadLocalMap$Entry@5000015c)
	referent	50000158
	queue		5000041d
	value		50000164
OBJ 50000161 (sz=24, trace=300020, class=java.lang.StringCoding$StringDecoder@50000160)
	requestedCharsetName	500003db
	cs		5000063b
	cd		50000162
OBJ 50000162 (sz=48, trace=300021, class=sun.nio.cs.MS1252$Decoder@500000b6)
	charset		5000063b
	replacement	50000633
	malformedInputAction	5000061c
	unmappableCharacterAction	5000061c
	byteToCharTable	50000163
ARR 50000163 (sz=512, trace=300022, nelems=256, elem type=char[])
OBJ 50000164 (sz=40, trace=300023, class=java.lang.ref.SoftReference@50000091)
	referent	50000161
	queue		5000041d
ARR 50000165 (sz=24, trace=300024, nelems=12, elem type=char[])
OBJ 50000166 (sz=48, trace=300025, class=java.nio.HeapByteBuffer@5000011f)
OBJ 50000167 (sz=48, trace=300026, class=java.nio.HeapCharBuffer@500000b7)
OBJ 50000169 (sz=24, trace=300028, class=java.net.URLClassLoader$1@50000168)
ARR 5000016a (sz=56, trace=300029, nelems=0, elem type=char[])
OBJ 5000016b (sz=32, trace=300030, class=java.lang.String@500000d6)
OBJ 5000016d (sz=24, trace=300032, class=java.lang.StringBuilder@50000023)
ARR 5000016e (sz=272, trace=300033, nelems=0, elem type=char[])
OBJ 5000016f (sz=32, trace=300034, class=java.lang.String@500000d6)
	value		50000170
ARR 50000170 (sz=130, trace=300035, nelems=65, elem type=char[])
OBJ 50000172 (sz=24, trace=300037, class=sun.misc.URLClassPath$3@50000171)
OBJ 50000175 (sz=24, trace=300039, class=java.lang.StringBuilder@50000023)
ARR 50000176 (sz=48, trace=300040, nelems=0, elem type=char[])
OBJ 50000177 (sz=24, trace=300041, class=java.lang.StringBuffer@5000008d)
ARR 50000178 (sz=144, trace=300042, nelems=0, elem type=char[])
OBJ 50000179 (sz=32, trace=300043, class=java.lang.String@500000d6)
ARR 5000017a (sz=144, trace=300044, nelems=0, elem type=char[])
ARR 5000017b (sz=144, trace=300006, nelems=0, elem type=char[])
ARR 5000017c (sz=272, trace=300006, nelems=0, elem type=char[])
OBJ 5000017d (sz=32, trace=300045, class=java.lang.String@500000d6)
	value		5000017e
ARR 5000017e (sz=130, trace=300046, nelems=65, elem type=char[])
OBJ 5000017f (sz=64, trace=300047, class=java.net.URL@500000d2)
	protocol	500005f1
	host		50000408
	file		5000017d
	authority	50000408
	path		5000017d
	handler		5000054f
OBJ 50000180 (sz=24, trace=300048, class=java.net.Parts@5000009c)
OBJ 50000181 (sz=40, trace=300049, class=sun.misc.URLClassPath$JarLoader@50000174)
	base		5000017f
	csu		50000555
	metaIndex	50000603
	handler		5000054f
	lmap		50000550
OBJ 50000182 (sz=24, trace=300050, class=java.lang.StringBuilder@50000023)
ARR 50000183 (sz=48, trace=300051, nelems=0, elem type=char[])
OBJ 50000184 (sz=32, trace=300052, class=java.lang.String@500000d6)
ARR 50000185 (sz=88, trace=300053, nelems=0, elem type=char[])
ARR 50000186 (sz=160, trace=300053, nelems=0, elem type=char[])
OBJ 50000187 (sz=32, trace=300054, class=java.lang.String@500000d6)
ARR 50000188 (sz=128, trace=300055, nelems=0, elem type=char[])
OBJ 50000189 (sz=24, trace=300056, class=java.io.File@50000097)
OBJ 5000018a (sz=24, trace=300057, class=java.lang.StringBuffer@5000008d)
ARR 5000018b (sz=128, trace=300058, nelems=0, elem type=char[])
OBJ 5000018c (sz=32, trace=300059, class=java.lang.String@500000d6)
ARR 5000018d (sz=128, trace=300060, nelems=0, elem type=char[])
ARR 5000018e (sz=128, trace=300061, nelems=0, elem type=char[])
OBJ 5000018f (sz=32, trace=300062, class=java.lang.String@500000d6)
OBJ 50000190 (sz=32, trace=300063, class=java.util.HashMap$Entry@500000da)
	key		5000016f
	value		50000181
OBJ 50000191 (sz=24, trace=300032, class=java.lang.StringBuilder@50000023)
ARR 50000192 (sz=272, trace=300033, nelems=0, elem type=char[])
OBJ 50000193 (sz=32, trace=300034, class=java.lang.String@500000d6)
	value		50000194
ARR 50000194 (sz=140, trace=300035, nelems=70, elem type=char[])
OBJ 50000195 (sz=24, trace=300037, class=sun.misc.URLClassPath$3@50000171)
OBJ 50000196 (sz=24, trace=300039, class=java.lang.StringBuilder@50000023)
ARR 50000197 (sz=48, trace=300040, nelems=0, elem type=char[])
OBJ 50000198 (sz=24, trace=300041, class=java.lang.StringBuffer@5000008d)
ARR 50000199 (sz=152, trace=300042, nelems=0, elem type=char[])
OBJ 5000019a (sz=32, trace=300043, class=java.lang.String@500000d6)
ARR 5000019b (sz=152, trace=300044, nelems=0, elem type=char[])
ARR 5000019c (sz=152, trace=300006, nelems=0, elem type=char[])
ARR 5000019d (sz=296, trace=300006, nelems=0, elem type=char[])
OBJ 5000019e (sz=32, trace=300045, class=java.lang.String@500000d6)
	value		5000019f
ARR 5000019f (sz=140, trace=300046, nelems=70, elem type=char[])
OBJ 500001a0 (sz=64, trace=300047, class=java.net.URL@500000d2)
	protocol	500005f1
	host		50000408
	file		5000019e
	authority	50000408
	path		5000019e
	handler		5000054f
OBJ 500001a1 (sz=24, trace=300048, class=java.net.Parts@5000009c)
OBJ 500001a2 (sz=40, trace=300049, class=sun.misc.URLClassPath$JarLoader@50000174)
	base		500001a0
	csu		50000556
	metaIndex	5000060f
	handler		5000054f
	lmap		50000550
OBJ 500001a3 (sz=24, trace=300050, class=java.lang.StringBuilder@50000023)
ARR 500001a4 (sz=48, trace=300051, nelems=0, elem type=char[])
OBJ 500001a5 (sz=32, trace=300052, class=java.lang.String@500000d6)
ARR 500001a6 (sz=88, trace=300053, nelems=0, elem type=char[])
ARR 500001a7 (sz=160, trace=300053, nelems=0, elem type=char[])
OBJ 500001a8 (sz=32, trace=300054, class=java.lang.String@500000d6)
ARR 500001a9 (sz=144, trace=300055, nelems=0, elem type=char[])
OBJ 500001aa (sz=24, trace=300056, class=java.io.File@50000097)
OBJ 500001ab (sz=24, trace=300057, class=java.lang.StringBuffer@5000008d)
ARR 500001ac (sz=144, trace=300058, nelems=0, elem type=char[])
OBJ 500001ad (sz=32, trace=300059, class=java.lang.String@500000d6)
ARR 500001ae (sz=136, trace=300060, nelems=0, elem type=char[])
ARR 500001af (sz=136, trace=300061, nelems=0, elem type=char[])
OBJ 500001b0 (sz=32, trace=300062, class=java.lang.String@500000d6)
OBJ 500001b1 (sz=32, trace=300063, class=java.util.HashMap$Entry@500000da)
	key		50000193
	value		500001a2
OBJ 500001b2 (sz=24, trace=300032, class=java.lang.StringBuilder@50000023)
ARR 500001b3 (sz=272, trace=300033, nelems=0, elem type=char[])
OBJ 500001b4 (sz=32, trace=300034, class=java.lang.String@500000d6)
	value		500001b5
ARR 500001b5 (sz=150, trace=300035, nelems=75, elem type=char[])
OBJ 500001b6 (sz=24, trace=300037, class=sun.misc.URLClassPath$3@50000171)
OBJ 500001b7 (sz=24, trace=300039, class=java.lang.StringBuilder@50000023)
ARR 500001b8 (sz=48, trace=300040, nelems=0, elem type=char[])
OBJ 500001b9 (sz=24, trace=300041, class=java.lang.StringBuffer@5000008d)
ARR 500001ba (sz=168, trace=300042, nelems=0, elem type=char[])
OBJ 500001bb (sz=32, trace=300043, class=java.lang.String@500000d6)
ARR 500001bc (sz=168, trace=300044, nelems=0, elem type=char[])
ARR 500001bd (sz=168, trace=300006, nelems=0, elem type=char[])
ARR 500001be (sz=312, trace=300006, nelems=0, elem type=char[])
OBJ 500001bf (sz=32, trace=300045, class=java.lang.String@500000d6)
	value		500001c0
ARR 500001c0 (sz=150, trace=300046, nelems=75, elem type=char[])
OBJ 500001c1 (sz=64, trace=300047, class=java.net.URL@500000d2)
	protocol	500005f1
	host		50000408
	file		500001bf
	authority	50000408
	path		500001bf
	handler		5000054f
OBJ 500001c2 (sz=24, trace=300048, class=java.net.Parts@5000009c)
OBJ 500001c3 (sz=40, trace=300049, class=sun.misc.URLClassPath$JarLoader@50000174)
	base		500001c1
	csu		50000557
	metaIndex	500005f0
	handler		5000054f
	lmap		50000550
OBJ 500001c4 (sz=24, trace=300050, class=java.lang.StringBuilder@50000023)
ARR 500001c5 (sz=48, trace=300051, nelems=0, elem type=char[])
OBJ 500001c6 (sz=32, trace=300052, class=java.lang.String@500000d6)
ARR 500001c7 (sz=88, trace=300053, nelems=0, elem type=char[])
ARR 500001c8 (sz=160, trace=300053, nelems=0, elem type=char[])
OBJ 500001c9 (sz=32, trace=300054, class=java.lang.String@500000d6)
ARR 500001ca (sz=152, trace=300055, nelems=0, elem type=char[])
OBJ 500001cb (sz=24, trace=300056, class=java.io.File@50000097)
OBJ 500001cc (sz=24, trace=300057, class=java.lang.StringBuffer@5000008d)
ARR 500001cd (sz=152, trace=300058, nelems=0, elem type=char[])
OBJ 500001ce (sz=32, trace=300059, class=java.lang.String@500000d6)
ARR 500001cf (sz=152, trace=300060, nelems=0, elem type=char[])
ARR 500001d0 (sz=152, trace=300061, nelems=0, elem type=char[])
OBJ 500001d1 (sz=32, trace=300062, class=java.lang.String@500000d6)
OBJ 500001d2 (sz=32, trace=300063, class=java.util.HashMap$Entry@500000da)
	key		500001b4
	value		500001c3
OBJ 500001d3 (sz=32, trace=300064, class=java.lang.ClassNotFoundException@5000006c)
OBJ 500001d5 (sz=32, trace=300066, class=java.security.PrivilegedActionException@500001d4)
OBJ 500001d6 (sz=24, trace=300067, class=java.net.URLClassLoader$1@50000168)
ARR 500001d7 (sz=56, trace=300029, nelems=0, elem type=char[])
OBJ 500001d8 (sz=32, trace=300030, class=java.lang.String@500000d6)
OBJ 500001d9 (sz=24, trace=300032, class=java.lang.StringBuilder@50000023)
ARR 500001da (sz=272, trace=300033, nelems=0, elem type=char[])
OBJ 500001db (sz=32, trace=300034, class=java.lang.String@500000d6)
	value		500001dc
ARR 500001dc (sz=168, trace=300035, nelems=84, elem type=char[])
OBJ 500001dd (sz=24, trace=300037, class=sun.misc.URLClassPath$3@50000171)
OBJ 500001df (sz=24, trace=300069, class=sun.misc.URLClassPath$FileLoader@500001de)
	base		50000ac4
	dir		500001f4
ARR 500001e0 (sz=176, trace=300070, nelems=0, elem type=char[])
OBJ 500001e1 (sz=32, trace=300071, class=java.lang.String@500000d6)
OBJ 500001e2 (sz=24, trace=300072, class=java.lang.StringBuilder@50000023)
ARR 500001e3 (sz=48, trace=300073, nelems=0, elem type=char[])
ARR 500001e4 (sz=88, trace=300053, nelems=0, elem type=char[])
OBJ 500001e5 (sz=32, trace=300052, class=java.lang.String@500000d6)
ARR 500001e6 (sz=160, trace=300053, nelems=0, elem type=char[])
ARR 500001e7 (sz=304, trace=300053, nelems=0, elem type=char[])
OBJ 500001e8 (sz=32, trace=300074, class=java.lang.String@500000d6)
ARR 500001e9 (sz=168, trace=300055, nelems=0, elem type=char[])
OBJ 500001ea (sz=24, trace=300075, class=java.io.File@50000097)
OBJ 500001eb (sz=24, trace=300076, class=java.lang.StringBuffer@5000008d)
ARR 500001ec (sz=168, trace=300077, nelems=0, elem type=char[])
OBJ 500001ed (sz=32, trace=300078, class=java.lang.String@500000d6)
	value		500001ee
ARR 500001ee (sz=146, trace=300060, nelems=73, elem type=char[])
OBJ 500001ef (sz=32, trace=300079, class=java.lang.String@500000d6)
OBJ 500001f0 (sz=24, trace=300080, class=java.io.ExpiringCache$Entry@500000ac)
	val		50000457
OBJ 500001f1 (sz=40, trace=300081, class=java.util.LinkedHashMap$Entry@50000016)
	key		500001ed
	value		500001f0
	before		5000042f
	after		50000288
OBJ 500001f2 (sz=32, trace=300082, class=java.lang.String@500000d6)
OBJ 500001f3 (sz=24, trace=300083, class=java.io.File@50000097)
OBJ 500001f4 (sz=24, trace=300084, class=java.io.File@50000097)
	path		50000457
OBJ 500001f5 (sz=32, trace=300063, class=java.util.HashMap$Entry@500000da)
	key		500001db
	value		500001df
OBJ 500001f6 (sz=64, trace=300085, class=java.net.URL@500000d2)
OBJ 500001f7 (sz=24, trace=300086, class=java.lang.StringBuilder@50000023)
ARR 500001f8 (sz=48, trace=300087, nelems=0, elem type=char[])
ARR 500001f9 (sz=176, trace=300006, nelems=0, elem type=char[])
ARR 500001fa (sz=328, trace=300006, nelems=0, elem type=char[])
OBJ 500001fb (sz=32, trace=300088, class=java.lang.String@500000d6)
ARR 500001fc (sz=176, trace=300089, nelems=0, elem type=char[])
OBJ 500001fd (sz=32, trace=300090, class=java.lang.String@500000d6)
ARR 500001fe (sz=120, trace=300091, nelems=0, elem type=char[])
ARR 500001ff (sz=56, trace=300092, nelems=0, elem type=char[])
OBJ 50000200 (sz=32, trace=300093, class=java.lang.String@500000d6)
ARR 50000201 (sz=56, trace=300094, nelems=0, elem type=char[])
OBJ 50000202 (sz=64, trace=300095, class=java.net.URL@500000d2)
OBJ 50000203 (sz=24, trace=300086, class=java.lang.StringBuilder@50000023)
ARR 50000204 (sz=48, trace=300087, nelems=0, elem type=char[])
ARR 50000205 (sz=176, trace=300006, nelems=0, elem type=char[])
ARR 50000206 (sz=328, trace=300006, nelems=0, elem type=char[])
OBJ 50000207 (sz=32, trace=300088, class=java.lang.String@500000d6)
ARR 50000208 (sz=208, trace=300089, nelems=0, elem type=char[])
OBJ 50000209 (sz=24, trace=300096, class=java.io.File@50000097)
ARR 5000020a (sz=200, trace=300097, nelems=0, elem type=char[])
OBJ 5000020b (sz=32, trace=300098, class=java.lang.String@500000d6)
ARR 5000020c (sz=200, trace=300099, nelems=0, elem type=char[])
OBJ 5000020f (sz=32, trace=300101, class=sun.misc.URLClassPath$FileLoader$1@5000020e)
OBJ 50000210 (sz=32, trace=300102, class=java.io.FileInputStream@500000ba)
	fd		50000213
	closeLock	50000212
OBJ 50000211 (sz=40, trace=300103, class=java.lang.ref.Finalizer@50000093)
	referent	50000210
	queue		500003d9
	next		50000c58
OBJ 50000212 (sz=16, trace=300104, class=java.lang.Object@50000021)
OBJ 50000213 (sz=32, trace=300105, class=java.io.FileDescriptor@50000084)
	useCount	50000214
OBJ 50000214 (sz=16, trace=300106, class=java.util.concurrent.atomic.AtomicInteger@50000094)
ARR 50000216 (sz=16, trace=300108, nelems=0, elem type=byte[])
ARR 50000217 (sz=512, trace=300109, nelems=0, elem type=byte[])
OBJ 50000218 (sz=32, trace=300110, class=java.security.CodeSource@500000d1)
	location	50000ac4
ARR 5000021a (sz=24, trace=300112, nelems=2, elem type=java.io.ObjectStreamField[]@500000eb)
	[0]		5000021b
	[1]		50000228
OBJ 5000021b (sz=40, trace=300113, class=java.io.ObjectStreamField@500000ea)
	name		500005e1
	signature	500005e5
	type		50000060
OBJ 5000021c (sz=24, trace=300114, class=java.lang.StringBuilder@50000023)
ARR 5000021d (sz=48, trace=300115, nelems=0, elem type=char[])
OBJ 5000021e (sz=24, trace=300116, class=java.lang.StringBuilder@50000023)
ARR 5000021f (sz=48, trace=300117, nelems=0, elem type=char[])
ARR 50000220 (sz=56, trace=300118, nelems=0, elem type=char[])
OBJ 50000221 (sz=32, trace=300119, class=java.lang.String@500000d6)
ARR 50000222 (sz=88, trace=300006, nelems=0, elem type=char[])
OBJ 50000223 (sz=32, trace=300120, class=java.lang.String@500000d6)
ARR 50000224 (sz=64, trace=300121, nelems=0, elem type=char[])
ARR 50000225 (sz=88, trace=300006, nelems=0, elem type=char[])
OBJ 50000226 (sz=32, trace=300122, class=java.lang.String@500000d6)
ARR 50000227 (sz=64, trace=300123, nelems=0, elem type=char[])
OBJ 50000228 (sz=40, trace=300124, class=java.io.ObjectStreamField@500000ea)
	name		500005e0
	signature	500005e2
	type		500000d0
OBJ 50000229 (sz=24, trace=300114, class=java.lang.StringBuilder@50000023)
ARR 5000022a (sz=48, trace=300115, nelems=0, elem type=char[])
OBJ 5000022b (sz=24, trace=300116, class=java.lang.StringBuilder@50000023)
ARR 5000022c (sz=48, trace=300117, nelems=0, elem type=char[])
ARR 5000022d (sz=88, trace=300118, nelems=0, elem type=char[])
OBJ 5000022e (sz=32, trace=300119, class=java.lang.String@500000d6)
ARR 5000022f (sz=88, trace=300006, nelems=0, elem type=char[])
ARR 50000230 (sz=160, trace=300053, nelems=0, elem type=char[])
OBJ 50000231 (sz=32, trace=300120, class=java.lang.String@500000d6)
ARR 50000232 (sz=88, trace=300121, nelems=0, elem type=char[])
ARR 50000233 (sz=88, trace=300006, nelems=0, elem type=char[])
OBJ 50000234 (sz=32, trace=300122, class=java.lang.String@500000d6)
ARR 50000235 (sz=88, trace=300123, nelems=0, elem type=char[])
OBJ 50000236 (sz=32, trace=300125, class=java.security.Permissions@50000219)
	permsMap	50000237
OBJ 50000237 (sz=48, trace=300126, class=java.util.HashMap@50000052)
	table		50000238
ARR 50000238 (sz=80, trace=300127, nelems=16, elem type=java.util.HashMap$Entry[]@500000db)
	[7]		500002c4
	[15]		5000029c
OBJ 50000239 (sz=24, trace=300128, class=java.lang.StringBuilder@50000023)
ARR 5000023a (sz=48, trace=300129, nelems=0, elem type=char[])
ARR 5000023b (sz=88, trace=300053, nelems=0, elem type=char[])
OBJ 5000023c (sz=32, trace=300052, class=java.lang.String@500000d6)
ARR 5000023d (sz=160, trace=300053, nelems=0, elem type=char[])
ARR 5000023e (sz=304, trace=300053, nelems=0, elem type=char[])
OBJ 5000023f (sz=32, trace=300130, class=java.lang.String@500000d6)
ARR 50000240 (sz=168, trace=300055, nelems=0, elem type=char[])
ARR 50000241 (sz=168, trace=300131, nelems=0, elem type=char[])
OBJ 50000242 (sz=32, trace=300132, class=java.lang.String@500000d6)
OBJ 50000243 (sz=24, trace=300133, class=java.io.File@50000097)
OBJ 50000244 (sz=24, trace=300076, class=java.lang.StringBuffer@5000008d)
ARR 50000245 (sz=168, trace=300077, nelems=0, elem type=char[])
OBJ 50000246 (sz=32, trace=300078, class=java.lang.String@500000d6)
ARR 50000247 (sz=168, trace=300060, nelems=0, elem type=char[])
OBJ 5000024b (sz=48, trace=300135, class=java.util.Hashtable@50000060)
	table		5000024c
ARR 5000024c (sz=64, trace=300136, nelems=0, elem type=java.util.Hashtable$Entry[]@500000c7)
OBJ 5000024f (sz=16, trace=300138, class=java.net.UnknownContentHandler@5000024e)
OBJ 50000250 (sz=48, trace=300139, class=java.util.HashMap@50000052)
	table		50000251
ARR 50000251 (sz=80, trace=300140, nelems=0, elem type=java.util.HashMap$Entry[]@500000db)
OBJ 50000252 (sz=104, trace=300141, class=sun.net.www.protocol.file.FileURLConnection@5000024a)
OBJ 50000254 (sz=24, trace=300143, class=sun.net.www.MessageHeader@50000253)
ARR 50000255 (sz=32, trace=300144, nelems=0, elem type=java.lang.String[]@500000d7)
ARR 50000256 (sz=32, trace=300145, nelems=0, elem type=java.lang.String[]@500000d7)
OBJ 50000257 (sz=24, trace=300146, class=java.lang.StringBuilder@50000023)
ARR 50000258 (sz=48, trace=300147, nelems=0, elem type=char[])
ARR 50000259 (sz=88, trace=300053, nelems=0, elem type=char[])
OBJ 5000025a (sz=32, trace=300052, class=java.lang.String@500000d6)
ARR 5000025b (sz=160, trace=300053, nelems=0, elem type=char[])
ARR 5000025c (sz=304, trace=300053, nelems=0, elem type=char[])
OBJ 5000025d (sz=32, trace=300148, class=java.lang.String@500000d6)
ARR 5000025e (sz=168, trace=300055, nelems=0, elem type=char[])
ARR 50000260 (sz=168, trace=300150, nelems=0, elem type=char[])
OBJ 50000261 (sz=32, trace=300151, class=java.lang.String@500000d6)
OBJ 50000262 (sz=32, trace=300152, class=java.io.FilePermission@5000025f)
OBJ 50000264 (sz=16, trace=300154, class=java.io.FilePermission$1@50000263)
OBJ 50000268 (sz=24, trace=300157, class=java.security.Policy$UnsupportedEmptyCollection@50000267)
	perms		50000269
OBJ 50000269 (sz=32, trace=300158, class=java.security.Permissions@50000219)
	permsMap	5000026a
OBJ 5000026a (sz=48, trace=300126, class=java.util.HashMap@50000052)
	table		5000026b
ARR 5000026b (sz=80, trace=300159, nelems=0, elem type=java.util.HashMap$Entry[]@500000db)
OBJ 5000026d (sz=40, trace=300161, class=java.lang.ref.SoftReference@50000091)
OBJ 5000026e (sz=72, trace=300162, class=java.lang.reflect.Field@500000cc)
OBJ 50000270 (sz=24, trace=300164, class=java.security.Policy$PolicyInfo@5000026f)
OBJ 50000271 (sz=16, trace=300165, class=java.util.concurrent.atomic.AtomicReference@5000026c)
	value		50000270
ARR 50000272 (sz=16, trace=300166, nelems=0, elem type=java.lang.Class[]@50000071)
ARR 50000273 (sz=24, trace=300167, nelems=1, elem type=java.lang.Class[]@50000071)
	[0]		500000d6
ARR 50000274 (sz=24, trace=300168, nelems=2, elem type=java.lang.Class[]@50000071)
	[0]		500000d6
	[1]		500000d6
OBJ 50000275 (sz=24, trace=300169, class=java.io.File@50000097)
OBJ 50000276 (sz=24, trace=300076, class=java.lang.StringBuffer@5000008d)
ARR 50000277 (sz=168, trace=300077, nelems=0, elem type=char[])
OBJ 50000278 (sz=32, trace=300078, class=java.lang.String@500000d6)
ARR 50000279 (sz=168, trace=300060, nelems=0, elem type=char[])
OBJ 5000027a (sz=24, trace=300170, class=java.lang.StringBuilder@50000023)
ARR 5000027b (sz=48, trace=300171, nelems=0, elem type=char[])
ARR 5000027c (sz=168, trace=300006, nelems=0, elem type=char[])
ARR 5000027d (sz=320, trace=300006, nelems=0, elem type=char[])
OBJ 5000027e (sz=32, trace=300172, class=java.lang.String@500000d6)
	value		5000027f
ARR 5000027f (sz=152, trace=300173, nelems=76, elem type=char[])
OBJ 50000280 (sz=32, trace=300174, class=java.io.FilePermission@5000025f)
	name		5000027e
	cpath		50000289
OBJ 50000281 (sz=16, trace=300175, class=java.io.FilePermission$1@50000263)
OBJ 50000282 (sz=24, trace=300169, class=java.io.File@50000097)
OBJ 50000283 (sz=24, trace=300076, class=java.lang.StringBuffer@5000008d)
ARR 50000284 (sz=168, trace=300077, nelems=0, elem type=char[])
OBJ 50000285 (sz=32, trace=300078, class=java.lang.String@500000d6)
	value		50000286
ARR 50000286 (sz=150, trace=300060, nelems=75, elem type=char[])
OBJ 50000287 (sz=24, trace=300080, class=java.io.ExpiringCache$Entry@500000ac)
	val		5000043c
OBJ 50000288 (sz=40, trace=300081, class=java.util.LinkedHashMap$Entry@50000016)
	key		50000285
	value		50000287
	next		50000436
	before		500001f1
	after		50000429
OBJ 50000289 (sz=32, trace=300176, class=java.lang.String@500000d6)
	value		5000043d
ARR 5000028b (sz=24, trace=300178, nelems=1, elem type=java.io.ObjectStreamField[]@500000eb)
	[0]		5000028c
OBJ 5000028c (sz=40, trace=300179, class=java.io.ObjectStreamField@500000ea)
	name		500003ec
	signature	500005c1
	type		500000c5
OBJ 5000028d (sz=24, trace=300114, class=java.lang.StringBuilder@50000023)
ARR 5000028e (sz=48, trace=300115, nelems=0, elem type=char[])
OBJ 5000028f (sz=24, trace=300116, class=java.lang.StringBuilder@50000023)
ARR 50000290 (sz=48, trace=300117, nelems=0, elem type=char[])
ARR 50000291 (sz=48, trace=300118, nelems=0, elem type=char[])
OBJ 50000292 (sz=32, trace=300119, class=java.lang.String@500000d6)
ARR 50000293 (sz=88, trace=300006, nelems=0, elem type=char[])
OBJ 50000294 (sz=32, trace=300120, class=java.lang.String@500000d6)
ARR 50000295 (sz=56, trace=300121, nelems=0, elem type=char[])
ARR 50000296 (sz=88, trace=300006, nelems=0, elem type=char[])
OBJ 50000297 (sz=32, trace=300122, class=java.lang.String@500000d6)
ARR 50000298 (sz=56, trace=300123, nelems=0, elem type=char[])
OBJ 50000299 (sz=24, trace=300180, class=java.io.FilePermissionCollection@5000028a)
	perms		5000029a
OBJ 5000029a (sz=24, trace=300181, class=java.util.ArrayList@500000b8)
	elementData	5000029b
ARR 5000029b (sz=56, trace=300182, nelems=1, elem type=java.lang.Object[]@50000022)
	[0]		50000280
OBJ 5000029c (sz=32, trace=300183, class=java.util.HashMap$Entry@500000da)
	key		5000025f
	value		50000299
OBJ 5000029f (sz=24, trace=300186, class=java.lang.RuntimePermission@50000126)
	name		500003e6
	path		500003e7
ARR 500002a1 (sz=32, trace=300188, nelems=3, elem type=java.io.ObjectStreamField[]@500000eb)
	[0]		500002a2
	[1]		500002af
	[2]		500002b4
OBJ 500002a2 (sz=40, trace=300189, class=java.io.ObjectStreamField@500000ea)
	name		500003ec
	signature	500005e5
	type		50000060
OBJ 500002a3 (sz=24, trace=300114, class=java.lang.StringBuilder@50000023)
ARR 500002a4 (sz=48, trace=300115, nelems=0, elem type=char[])
OBJ 500002a5 (sz=24, trace=300116, class=java.lang.StringBuilder@50000023)
ARR 500002a6 (sz=48, trace=300117, nelems=0, elem type=char[])
ARR 500002a7 (sz=56, trace=300118, nelems=0, elem type=char[])
OBJ 500002a8 (sz=32, trace=300119, class=java.lang.String@500000d6)
ARR 500002a9 (sz=88, trace=300006, nelems=0, elem type=char[])
OBJ 500002aa (sz=32, trace=300120, class=java.lang.String@500000d6)
ARR 500002ab (sz=64, trace=300121, nelems=0, elem type=char[])
ARR 500002ac (sz=88, trace=300006, nelems=0, elem type=char[])
OBJ 500002ad (sz=32, trace=300122, class=java.lang.String@500000d6)
ARR 500002ae (sz=64, trace=300123, nelems=0, elem type=char[])
OBJ 500002af (sz=40, trace=300190, class=java.io.ObjectStreamField@500000ea)
	name		500003ea
	signature	500005a4
	type		500003c5
OBJ 500002b0 (sz=24, trace=300114, class=java.lang.StringBuilder@50000023)
ARR 500002b1 (sz=48, trace=300115, nelems=0, elem type=char[])
OBJ 500002b2 (sz=32, trace=300122, class=java.lang.String@500000d6)
ARR 500002b3 (sz=24, trace=300123, nelems=0, elem type=char[])
OBJ 500002b4 (sz=40, trace=300191, class=java.io.ObjectStreamField@500000ea)
	name		500003eb
	signature	500003ed
	type		50000070
OBJ 500002b5 (sz=24, trace=300114, class=java.lang.StringBuilder@50000023)
ARR 500002b6 (sz=48, trace=300115, nelems=0, elem type=char[])
OBJ 500002b7 (sz=24, trace=300116, class=java.lang.StringBuilder@50000023)
ARR 500002b8 (sz=48, trace=300117, nelems=0, elem type=char[])
ARR 500002b9 (sz=48, trace=300118, nelems=0, elem type=char[])
OBJ 500002ba (sz=32, trace=300119, class=java.lang.String@500000d6)
ARR 500002bb (sz=88, trace=300053, nelems=0, elem type=char[])
OBJ 500002bc (sz=32, trace=300120, class=java.lang.String@500000d6)
ARR 500002bd (sz=56, trace=300121, nelems=0, elem type=char[])
ARR 500002be (sz=88, trace=300006, nelems=0, elem type=char[])
OBJ 500002bf (sz=32, trace=300122, class=java.lang.String@500000d6)
ARR 500002c0 (sz=56, trace=300123, nelems=0, elem type=char[])
OBJ 500002c1 (sz=32, trace=300192, class=java.security.BasicPermissionCollection@500002a0)
	perms		500002c2
	permClass	50000126
OBJ 500002c2 (sz=48, trace=300193, class=java.util.HashMap@50000052)
	table		500002c3
ARR 500002c3 (sz=80, trace=300194, nelems=14, elem type=java.util.HashMap$Entry[]@500000db)
	[13]		500002c5
OBJ 500002c4 (sz=32, trace=300183, class=java.util.HashMap$Entry@500000da)
	key		50000126
	value		500002c1
OBJ 500002c5 (sz=32, trace=300195, class=java.util.HashMap$Entry@500000da)
	key		500003e8
	value		5000029f
OBJ 500002c8 (sz=16, trace=300197, class=java.security.ProtectionDomain$2@500002c7)
OBJ 500002c9 (sz=40, trace=300198, class=java.security.ProtectionDomain@500000f1)
	codesource	50000218
	classloader	500003b8
	principals	500002ce
	permissions	50000236
	key		500002cb
OBJ 500002cb (sz=16, trace=300200, class=java.security.ProtectionDomain$Key@500002ca)
	this$0		500002c9
ARR 500002ce (sz=16, trace=300202, nelems=0, elem type=java.security.Principal[]@500002cd)
OBJ 500002cf (sz=32, trace=300203, class=java.util.HashMap$Entry@500000da)
	key		50000218
	value		500002c9
ARR 500002d0 (sz=16, trace=300204, nelems=0, elem type=java.security.cert.Certificate[]@50000035)
OBJ 500002d1 (sz=32, trace=300205, class=java.util.Hashtable$Entry@500000c6)
	key		50000408
	value		500002d0
OBJ 500002d2 (sz=24, trace=300041, class=java.lang.StringBuffer@5000008d)
ARR 500002d3 (sz=184, trace=300042, nelems=0, elem type=char[])
OBJ 500002d4 (sz=32, trace=300043, class=java.lang.String@500000d6)
ARR 500002d5 (sz=184, trace=300044, nelems=0, elem type=char[])
OBJ 500002d6 (sz=32, trace=300206, class=java.lang.NoClassDefFoundError@50000001)
OBJ 500002d7 (sz=24, trace=300207, class=java.lang.StringBuilder@50000023)
ARR 500002d8 (sz=48, trace=300208, nelems=0, elem type=char[])
ARR 500002d9 (sz=88, trace=300006, nelems=0, elem type=char[])
ARR 500002da (sz=184, trace=300006, nelems=0, elem type=char[])
OBJ 500002db (sz=32, trace=300209, class=java.lang.String@500000d6)
ARR 500002dc (sz=184, trace=300210, nelems=0, elem type=char[])
OBJ 500002dd (sz=48, trace=300026, class=java.nio.HeapCharBuffer@500000b7)
OBJ 500002de (sz=48, trace=300026, class=java.nio.HeapCharBuffer@500000b7)
ARR 500002df (sz=64, trace=300211, nelems=0, elem type=java.lang.StackTraceElement[]@50000130)
OBJ 500002e0 (sz=24, trace=300212, class=java.lang.StringBuilder@50000023)
ARR 500002e1 (sz=48, trace=300213, nelems=0, elem type=char[])
OBJ 500002e2 (sz=24, trace=300214, class=java.lang.StringBuilder@50000023)
ARR 500002e3 (sz=48, trace=300215, nelems=0, elem type=char[])
ARR 500002e4 (sz=88, trace=300006, nelems=0, elem type=char[])
ARR 500002e5 (sz=160, trace=300006, nelems=0, elem type=char[])
OBJ 500002e6 (sz=32, trace=300216, class=java.lang.String@500000d6)
ARR 500002e7 (sz=120, trace=300217, nelems=0, elem type=char[])
ARR 500002e8 (sz=128, trace=300006, nelems=0, elem type=char[])
OBJ 500002e9 (sz=32, trace=300218, class=java.lang.String@500000d6)
ARR 500002ea (sz=128, trace=300219, nelems=0, elem type=char[])
OBJ 500002eb (sz=48, trace=300026, class=java.nio.HeapCharBuffer@500000b7)
OBJ 500002ec (sz=48, trace=300026, class=java.nio.HeapCharBuffer@500000b7)
OBJ 500002ed (sz=24, trace=300212, class=java.lang.StringBuilder@50000023)
ARR 500002ee (sz=48, trace=300213, nelems=0, elem type=char[])
OBJ 500002ef (sz=24, trace=300214, class=java.lang.StringBuilder@50000023)
ARR 500002f0 (sz=48, trace=300215, nelems=0, elem type=char[])
ARR 500002f1 (sz=88, trace=300006, nelems=0, elem type=char[])
ARR 500002f2 (sz=160, trace=300006, nelems=0, elem type=char[])
OBJ 500002f3 (sz=24, trace=300220, class=java.lang.StringBuilder@50000023)
ARR 500002f4 (sz=48, trace=300221, nelems=0, elem type=char[])
ARR 500002f5 (sz=88, trace=300006, nelems=0, elem type=char[])
OBJ 500002f6 (sz=32, trace=300222, class=java.lang.String@500000d6)
ARR 500002f7 (sz=64, trace=300223, nelems=0, elem type=char[])
OBJ 500002f8 (sz=32, trace=300216, class=java.lang.String@500000d6)
ARR 500002f9 (sz=136, trace=300217, nelems=0, elem type=char[])
ARR 500002fa (sz=144, trace=300006, nelems=0, elem type=char[])
OBJ 500002fb (sz=32, trace=300218, class=java.lang.String@500000d6)
ARR 500002fc (sz=144, trace=300219, nelems=0, elem type=char[])
OBJ 500002fd (sz=48, trace=300026, class=java.nio.HeapCharBuffer@500000b7)
OBJ 500002fe (sz=48, trace=300026, class=java.nio.HeapCharBuffer@500000b7)
OBJ 500002ff (sz=24, trace=300212, class=java.lang.StringBuilder@50000023)
ARR 50000300 (sz=48, trace=300213, nelems=0, elem type=char[])
OBJ 50000301 (sz=24, trace=300214, class=java.lang.StringBuilder@50000023)
ARR 50000302 (sz=48, trace=300215, nelems=0, elem type=char[])
ARR 50000303 (sz=88, trace=300006, nelems=0, elem type=char[])
OBJ 50000304 (sz=24, trace=300220, class=java.lang.StringBuilder@50000023)
ARR 50000305 (sz=48, trace=300221, nelems=0, elem type=char[])
ARR 50000306 (sz=88, trace=300006, nelems=0, elem type=char[])
OBJ 50000307 (sz=32, trace=300222, class=java.lang.String@500000d6)
ARR 50000308 (sz=64, trace=300223, nelems=0, elem type=char[])
ARR 50000309 (sz=160, trace=300006, nelems=0, elem type=char[])
OBJ 5000030a (sz=32, trace=300216, class=java.lang.String@500000d6)
ARR 5000030b (sz=128, trace=300217, nelems=0, elem type=char[])
ARR 5000030c (sz=136, trace=300006, nelems=0, elem type=char[])
OBJ 5000030d (sz=32, trace=300218, class=java.lang.String@500000d6)
ARR 5000030e (sz=136, trace=300219, nelems=0, elem type=char[])
OBJ 5000030f (sz=48, trace=300026, class=java.nio.HeapCharBuffer@500000b7)
OBJ 50000310 (sz=48, trace=300026, class=java.nio.HeapCharBuffer@500000b7)
OBJ 50000311 (sz=24, trace=300212, class=java.lang.StringBuilder@50000023)
ARR 50000312 (sz=48, trace=300213, nelems=0, elem type=char[])
OBJ 50000313 (sz=24, trace=300214, class=java.lang.StringBuilder@50000023)
ARR 50000314 (sz=48, trace=300215, nelems=0, elem type=char[])
ARR 50000315 (sz=88, trace=300006, nelems=0, elem type=char[])
ARR 50000316 (sz=160, trace=300006, nelems=0, elem type=char[])
OBJ 50000317 (sz=24, trace=300220, class=java.lang.StringBuilder@50000023)
ARR 50000318 (sz=48, trace=300221, nelems=0, elem type=char[])
ARR 50000319 (sz=88, trace=300006, nelems=0, elem type=char[])
OBJ 5000031a (sz=32, trace=300222, class=java.lang.String@500000d6)
ARR 5000031b (sz=72, trace=300223, nelems=0, elem type=char[])
ARR 5000031c (sz=304, trace=300006, nelems=0, elem type=char[])
OBJ 5000031d (sz=32, trace=300216, class=java.lang.String@500000d6)
ARR 5000031e (sz=160, trace=300217, nelems=0, elem type=char[])
ARR 5000031f (sz=168, trace=300006, nelems=0, elem type=char[])
OBJ 50000320 (sz=32, trace=300218, class=java.lang.String@500000d6)
ARR 50000321 (sz=168, trace=300219, nelems=0, elem type=char[])
OBJ 50000322 (sz=48, trace=300026, class=java.nio.HeapCharBuffer@500000b7)
OBJ 50000323 (sz=48, trace=300026, class=java.nio.HeapCharBuffer@500000b7)
OBJ 50000324 (sz=24, trace=300212, class=java.lang.StringBuilder@50000023)
ARR 50000325 (sz=48, trace=300213, nelems=0, elem type=char[])
OBJ 50000326 (sz=24, trace=300214, class=java.lang.StringBuilder@50000023)
ARR 50000327 (sz=48, trace=300215, nelems=0, elem type=char[])
ARR 50000328 (sz=88, trace=300006, nelems=0, elem type=char[])
ARR 50000329 (sz=160, trace=300006, nelems=0, elem type=char[])
OBJ 5000032a (sz=24, trace=300220, class=java.lang.StringBuilder@50000023)
ARR 5000032b (sz=48, trace=300221, nelems=0, elem type=char[])
ARR 5000032c (sz=88, trace=300006, nelems=0, elem type=char[])
OBJ 5000032d (sz=32, trace=300222, class=java.lang.String@500000d6)
ARR 5000032e (sz=72, trace=300223, nelems=0, elem type=char[])
OBJ 5000032f (sz=32, trace=300216, class=java.lang.String@500000d6)
ARR 50000330 (sz=136, trace=300217, nelems=0, elem type=char[])
ARR 50000331 (sz=144, trace=300006, nelems=0, elem type=char[])
OBJ 50000332 (sz=32, trace=300218, class=java.lang.String@500000d6)
ARR 50000333 (sz=144, trace=300219, nelems=0, elem type=char[])
OBJ 50000334 (sz=48, trace=300026, class=java.nio.HeapCharBuffer@500000b7)
OBJ 50000335 (sz=48, trace=300026, class=java.nio.HeapCharBuffer@500000b7)
OBJ 50000336 (sz=24, trace=300212, class=java.lang.StringBuilder@50000023)
ARR 50000337 (sz=48, trace=300213, nelems=0, elem type=char[])
OBJ 50000338 (sz=24, trace=300214, class=java.lang.StringBuilder@50000023)
ARR 50000339 (sz=48, trace=300215, nelems=0, elem type=char[])
ARR 5000033a (sz=88, trace=300006, nelems=0, elem type=char[])
OBJ 5000033b (sz=24, trace=300220, class=java.lang.StringBuilder@50000023)
ARR 5000033c (sz=48, trace=300221, nelems=0, elem type=char[])
ARR 5000033d (sz=88, trace=300006, nelems=0, elem type=char[])
OBJ 5000033e (sz=32, trace=300222, class=java.lang.String@500000d6)
ARR 5000033f (sz=64, trace=300223, nelems=0, elem type=char[])
ARR 50000340 (sz=160, trace=300006, nelems=0, elem type=char[])
OBJ 50000341 (sz=32, trace=300216, class=java.lang.String@500000d6)
ARR 50000342 (sz=136, trace=300217, nelems=0, elem type=char[])
ARR 50000343 (sz=144, trace=300006, nelems=0, elem type=char[])
OBJ 50000344 (sz=32, trace=300218, class=java.lang.String@500000d6)
ARR 50000345 (sz=144, trace=300219, nelems=0, elem type=char[])
OBJ 50000346 (sz=48, trace=300026, class=java.nio.HeapCharBuffer@500000b7)
OBJ 50000347 (sz=48, trace=300026, class=java.nio.HeapCharBuffer@500000b7)
OBJ 50000348 (sz=24, trace=300212, class=java.lang.StringBuilder@50000023)
ARR 50000349 (sz=48, trace=300213, nelems=0, elem type=char[])
OBJ 5000034a (sz=24, trace=300214, class=java.lang.StringBuilder@50000023)
ARR 5000034b (sz=48, trace=300215, nelems=0, elem type=char[])
ARR 5000034c (sz=88, trace=300006, nelems=0, elem type=char[])
OBJ 5000034d (sz=24, trace=300220, class=java.lang.StringBuilder@50000023)
ARR 5000034e (sz=48, trace=300221, nelems=0, elem type=char[])
ARR 5000034f (sz=88, trace=300006, nelems=0, elem type=char[])
OBJ 50000350 (sz=32, trace=300222, class=java.lang.String@500000d6)
ARR 50000351 (sz=72, trace=300223, nelems=0, elem type=char[])
ARR 50000352 (sz=160, trace=300006, nelems=0, elem type=char[])
OBJ 50000353 (sz=32, trace=300216, class=java.lang.String@500000d6)
ARR 50000354 (sz=128, trace=300217, nelems=0, elem type=char[])
ARR 50000355 (sz=136, trace=300006, nelems=0, elem type=char[])
OBJ 50000356 (sz=32, trace=300218, class=java.lang.String@500000d6)
ARR 50000357 (sz=136, trace=300219, nelems=0, elem type=char[])
OBJ 50000358 (sz=48, trace=300026, class=java.nio.HeapCharBuffer@500000b7)
OBJ 50000359 (sz=48, trace=300026, class=java.nio.HeapCharBuffer@500000b7)
OBJ 5000035a (sz=24, trace=300212, class=java.lang.StringBuilder@50000023)
ARR 5000035b (sz=48, trace=300213, nelems=0, elem type=char[])
OBJ 5000035c (sz=24, trace=300214, class=java.lang.StringBuilder@50000023)
ARR 5000035d (sz=48, trace=300215, nelems=0, elem type=char[])
ARR 5000035e (sz=88, trace=300006, nelems=0, elem type=char[])
ARR 5000035f (sz=160, trace=300006, nelems=0, elem type=char[])
OBJ 50000360 (sz=32, trace=300216, class=java.lang.String@500000d6)
ARR 50000361 (sz=136, trace=300217, nelems=0, elem type=char[])
ARR 50000362 (sz=144, trace=300006, nelems=0, elem type=char[])
OBJ 50000363 (sz=32, trace=300218, class=java.lang.String@500000d6)
ARR 50000364 (sz=144, trace=300219, nelems=0, elem type=char[])
OBJ 50000365 (sz=48, trace=300026, class=java.nio.HeapCharBuffer@500000b7)
OBJ 50000366 (sz=48, trace=300026, class=java.nio.HeapCharBuffer@500000b7)
OBJ 50000367 (sz=24, trace=300212, class=java.lang.StringBuilder@50000023)
ARR 50000368 (sz=48, trace=300213, nelems=0, elem type=char[])
OBJ 50000369 (sz=24, trace=300214, class=java.lang.StringBuilder@50000023)
ARR 5000036a (sz=48, trace=300215, nelems=0, elem type=char[])
ARR 5000036b (sz=88, trace=300006, nelems=0, elem type=char[])
OBJ 5000036c (sz=24, trace=300220, class=java.lang.StringBuilder@50000023)
ARR 5000036d (sz=48, trace=300221, nelems=0, elem type=char[])
ARR 5000036e (sz=88, trace=300006, nelems=0, elem type=char[])
OBJ 5000036f (sz=32, trace=300222, class=java.lang.String@500000d6)
ARR 50000370 (sz=72, trace=300223, nelems=0, elem type=char[])
ARR 50000371 (sz=160, trace=300006, nelems=0, elem type=char[])
OBJ 50000372 (sz=32, trace=300216, class=java.lang.String@500000d6)
ARR 50000373 (sz=136, trace=300217, nelems=0, elem type=char[])
ARR 50000374 (sz=144, trace=300006, nelems=0, elem type=char[])
OBJ 50000375 (sz=32, trace=300218, class=java.lang.String@500000d6)
ARR 50000376 (sz=144, trace=300219, nelems=0, elem type=char[])
OBJ 50000377 (sz=48, trace=300026, class=java.nio.HeapCharBuffer@500000b7)
OBJ 50000378 (sz=48, trace=300026, class=java.nio.HeapCharBuffer@500000b7)
OBJ 50000379 (sz=24, trace=300212, class=java.lang.StringBuilder@50000023)
ARR 5000037a (sz=48, trace=300213, nelems=0, elem type=char[])
OBJ 5000037b (sz=24, trace=300214, class=java.lang.StringBuilder@50000023)
ARR 5000037c (sz=48, trace=300215, nelems=0, elem type=char[])
ARR 5000037d (sz=88, trace=300006, nelems=0, elem type=char[])
OBJ 5000037e (sz=24, trace=300220, class=java.lang.StringBuilder@50000023)
ARR 5000037f (sz=48, trace=300221, nelems=0, elem type=char[])
ARR 50000380 (sz=88, trace=300006, nelems=0, elem type=char[])
OBJ 50000381 (sz=32, trace=300222, class=java.lang.String@500000d6)
ARR 50000382 (sz=64, trace=300223, nelems=0, elem type=char[])
ARR 50000383 (sz=160, trace=300006, nelems=0, elem type=char[])
OBJ 50000384 (sz=32, trace=300216, class=java.lang.String@500000d6)
ARR 50000385 (sz=128, trace=300217, nelems=0, elem type=char[])
ARR 50000386 (sz=136, trace=300006, nelems=0, elem type=char[])
OBJ 50000387 (sz=32, trace=300218, class=java.lang.String@500000d6)
ARR 50000388 (sz=136, trace=300219, nelems=0, elem type=char[])
OBJ 50000389 (sz=48, trace=300026, class=java.nio.HeapCharBuffer@500000b7)
OBJ 5000038a (sz=48, trace=300026, class=java.nio.HeapCharBuffer@500000b7)
OBJ 5000038b (sz=24, trace=300212, class=java.lang.StringBuilder@50000023)
ARR 5000038c (sz=48, trace=300213, nelems=0, elem type=char[])
OBJ 5000038d (sz=24, trace=300214, class=java.lang.StringBuilder@50000023)
ARR 5000038e (sz=48, trace=300215, nelems=0, elem type=char[])
ARR 5000038f (sz=88, trace=300006, nelems=0, elem type=char[])
ARR 50000390 (sz=160, trace=300006, nelems=0, elem type=char[])
OBJ 50000391 (sz=24, trace=300220, class=java.lang.StringBuilder@50000023)
ARR 50000392 (sz=48, trace=300221, nelems=0, elem type=char[])
ARR 50000393 (sz=88, trace=300224, nelems=0, elem type=char[])
OBJ 50000394 (sz=32, trace=300222, class=java.lang.String@500000d6)
ARR 50000395 (sz=56, trace=300223, nelems=0, elem type=char[])
OBJ 50000396 (sz=32, trace=300216, class=java.lang.String@500000d6)
ARR 50000397 (sz=144, trace=300217, nelems=0, elem type=char[])
ARR 50000398 (sz=152, trace=300006, nelems=0, elem type=char[])
OBJ 50000399 (sz=32, trace=300218, class=java.lang.String@500000d6)
ARR 5000039a (sz=152, trace=300219, nelems=0, elem type=char[])
OBJ 5000039b (sz=48, trace=300026, class=java.nio.HeapCharBuffer@500000b7)
OBJ 5000039c (sz=48, trace=300026, class=java.nio.HeapCharBuffer@500000b7)
OBJ 5000039d (sz=24, trace=300212, class=java.lang.StringBuilder@50000023)
ARR 5000039e (sz=48, trace=300213, nelems=0, elem type=char[])
OBJ 5000039f (sz=24, trace=300214, class=java.lang.StringBuilder@50000023)
ARR 500003a0 (sz=48, trace=300215, nelems=0, elem type=char[])
ARR 500003a1 (sz=88, trace=300006, nelems=0, elem type=char[])
OBJ 500003a2 (sz=24, trace=300220, class=java.lang.StringBuilder@50000023)
ARR 500003a3 (sz=48, trace=300221, nelems=0, elem type=char[])
ARR 500003a4 (sz=88, trace=300006, nelems=0, elem type=char[])
OBJ 500003a5 (sz=32, trace=300222, class=java.lang.String@500000d6)
ARR 500003a6 (sz=64, trace=300223, nelems=0, elem type=char[])
ARR 500003a7 (sz=160, trace=300006, nelems=0, elem type=char[])
OBJ 500003a8 (sz=32, trace=300216, class=java.lang.String@500000d6)
ARR 500003a9 (sz=128, trace=300217, nelems=0, elem type=char[])
ARR 500003aa (sz=136, trace=300006, nelems=0, elem type=char[])
OBJ 500003ab (sz=32, trace=300218, class=java.lang.String@500000d6)
ARR 500003ac (sz=136, trace=300219, nelems=0, elem type=char[])
OBJ 500003ad (sz=48, trace=300026, class=java.nio.HeapCharBuffer@500000b7)
OBJ 500003ae (sz=48, trace=300026, class=java.nio.HeapCharBuffer@500000b7)
ARR 500003b0 (sz=56, trace=300225, nelems=0, elem type=java.lang.Runnable[]@50000136)
OBJ 500003b2 (sz=16, trace=300227, class=java.lang.Shutdown$Lock@500003b1)
OBJ 500003b3 (sz=16, trace=300228, class=java.lang.Shutdown$Lock@500003b1)
OBJ 500003b6 (sz=32, trace=300000, class=java.lang.NullPointerException@50000112)
OBJ 500003b7 (sz=32, trace=300000, class=java.lang.ArithmeticException@5000000e)
	detailMessage	50000c6a
OBJ 500003b8 (sz=72, trace=300000, class=sun.misc.Launcher$AppClassLoader@500000fe)
	parent		5000053d
	package2certs	5000053c
	nocerts		500002d0
	classes		5000053b
	domains		5000053a
	packages	50000539
	nativeLibraries	50000538
	pdcache		50000537
	ucp		50000536
	acc		50000535
OBJ 500003b9 (sz=16, trace=300000, class=java.lang.ref.Reference$Lock@50000107)
OBJ 500003ba (sz=16, trace=300000, class=java.lang.ref.ReferenceQueue$Lock@5000007c)
OBJ 500003bb (sz=112, trace=300000, class=java.lang.Thread@5000003d)
	name		50000c69
	contextClassLoader	500003b8
	blockerLock	50000c68
	me		500003bb
OBJ 500003bc (sz=112, trace=300000, class=java.lang.Thread@5000003d)
	name		50000c4f
	group		500003d8
	contextClassLoader	500003b8
	inheritedAccessControlContext	50000c4e
	blockerLock	50000c4d
	me		500003bc
OBJ 500003bd (sz=112, trace=300000, class=java.lang.Thread@5000003d)
	name		50000c52
	group		500003d8
	contextClassLoader	500003b8
	inheritedAccessControlContext	50000c51
	blockerLock	50000c50
	me		500003bd
OBJ 500003be (sz=112, trace=300000, class=java.lang.ref.Finalizer$FinalizerThread@5000000b)
	name		50000c55
	group		500003d8
	inheritedAccessControlContext	50000c54
	blockerLock	50000c53
	me		500003be
OBJ 500003bf (sz=112, trace=300000, class=java.lang.ref.Reference$ReferenceHandler@5000005c)
	name		50000c4a
	group		500003d8
	inheritedAccessControlContext	50000c49
	blockerLock	50000c48
	me		500003bf
OBJ 500003c0 (sz=112, trace=300000, class=java.lang.Thread@5000003d)
	name		50000c67
	group		500003d7
	contextClassLoader	500003b8
	inheritedAccessControlContext	50000c66
	threadLocals	5000015b
	blockerLock	50000c65
	me		500003c0
OBJ 500003c1 (sz=104, trace=300000, class=java.lang.Class@50000070)
OBJ 500003c2 (sz=104, trace=300000, class=java.lang.Class@50000070)
OBJ 500003c3 (sz=104, trace=300000, class=java.lang.Class@50000070)
OBJ 500003c4 (sz=104, trace=300000, class=java.lang.Class@50000070)
OBJ 500003c5 (sz=104, trace=300000, class=java.lang.Class@50000070)
OBJ 500003c6 (sz=104, trace=300000, class=java.lang.Class@50000070)
OBJ 500003c7 (sz=104, trace=300000, class=java.lang.Class@50000070)
OBJ 500003c8 (sz=104, trace=300000, class=java.lang.Class@50000070)
OBJ 500003c9 (sz=104, trace=300000, class=java.lang.Class@50000070)
OBJ 500003ca (sz=584, trace=300000, class=java.lang.Class@50000070)
ARR 500003cb (sz=0, trace=300000, nelems=0, elem type=byte[])
ARR 500003cc (sz=0, trace=300000, nelems=0, elem type=short[])
ARR 500003cd (sz=0, trace=300000, nelems=0, elem type=int[])
ARR 500003ce (sz=16, trace=300000, nelems=0, elem type=java.lang.Class[]@50000071)
OBJ 500003cf (sz=32, trace=300000, class=java.lang.String@500000d6)
	value		50000c79
OBJ 500003d0 (sz=32, trace=300000, class=java.lang.String@500000d6)
	value		50000c78
OBJ 500003d1 (sz=32, trace=300000, class=java.lang.OutOfMemoryError@50000139)
	detailMessage	50000c76
OBJ 500003d2 (sz=32, trace=300000, class=java.lang.OutOfMemoryError@50000139)
	detailMessage	50000c74
OBJ 500003d3 (sz=32, trace=300000, class=java.lang.OutOfMemoryError@50000139)
	detailMessage	50000c72
OBJ 500003d4 (sz=32, trace=300000, class=java.lang.OutOfMemoryError@50000139)
	detailMessage	50000c70
ARR 500003d5 (sz=32, trace=300000, nelems=4, elem type=java.lang.OutOfMemoryError[]@5000013a)
	[0]		50000c6c
	[1]		50000c6d
	[2]		50000c6e
	[3]		50000c6f
OBJ 500003d6 (sz=32, trace=300000, class=java.lang.VirtualMachineError@50000067)
OBJ 500003d7 (sz=48, trace=300000, class=java.lang.ThreadGroup@50000006)
	parent		500003d8
	name		50000c63
	threads		50000c62
OBJ 500003d8 (sz=48, trace=300000, class=java.lang.ThreadGroup@50000006)
	name		50000420
	threads		50000c4c
	groups		50000c4b
OBJ 500003d9 (sz=32, trace=300000, class=java.lang.ref.ReferenceQueue@50000065)
	lock		500003ba
OBJ 500003da (sz=32, trace=300000, class=java.lang.String@500000d6)
	value		50000c47
OBJ 500003db (sz=32, trace=300000, class=java.lang.String@500000d6)
	value		50000bae
OBJ 500003dc (sz=32, trace=300000, class=java.lang.String@500000d6)
	value		50000c46
OBJ 500003dd (sz=32, trace=300000, class=java.lang.String@500000d6)
	value		50000c45
OBJ 500003de (sz=32, trace=300000, class=java.lang.String@500000d6)
	value		50000c44
OBJ 500003df (sz=16, trace=300000, class=java.lang.String$CaseInsensitiveComparator@500000ca)
ARR 500003e0 (sz=16, trace=300000, nelems=0, elem type=java.io.ObjectStreamField[]@500000eb)
OBJ 500003e1 (sz=32, trace=300000, class=java.lang.String@500000d6)
	value		500003e5
OBJ 500003e2 (sz=32, trace=300000, class=sun.misc.SoftCache@5000002b)
	hash		50000c41
	queue		50000c40
OBJ 500003e3 (sz=24, trace=300000, class=java.lang.RuntimePermission@50000126)
	name		500003e1
	path		500003e1
ARR 500003e4 (sz=16, trace=300000, nelems=0, elem type=java.lang.StackTraceElement[]@50000130)
ARR 500003e5 (sz=64, trace=300000, nelems=32, elem type=char[])
OBJ 500003e6 (sz=32, trace=300000, class=java.lang.String@500000d6)
	value		50000abb
OBJ 500003e7 (sz=32, trace=300000, class=java.lang.String@500000d6)
	value		50000ac8
OBJ 500003e8 (sz=32, trace=300000, class=java.lang.String@500000d6)
	value		50000ac7
OBJ 500003e9 (sz=32, trace=300000, class=java.lang.String@500000d6)
	value		500005df
OBJ 500003ea (sz=32, trace=300000, class=java.lang.String@500000d6)
	value		50000c3f
OBJ 500003eb (sz=32, trace=300000, class=java.lang.String@500000d6)
	value		500003ee
OBJ 500003ec (sz=32, trace=300000, class=java.lang.String@500000d6)
	value		500005c2
OBJ 500003ed (sz=32, trace=300000, class=java.lang.String@500000d6)
	value		500003ef
ARR 500003ee (sz=18, trace=300000, nelems=9, elem type=char[])
ARR 500003ef (sz=34, trace=300000, nelems=17, elem type=char[])
OBJ 500003f0 (sz=16, trace=300000, class=sun.reflect.ReflectionFactory@500000e9)
ARR 500003f1 (sz=16, trace=300000, nelems=0, elem type=java.io.ObjectStreamField[]@500000eb)
OBJ 500003f2 (sz=32, trace=300000, class=java.lang.String@500000d6)
	value		500003f5
OBJ 500003f3 (sz=16, trace=300000, class=java.lang.reflect.ReflectAccess@5000004a)
OBJ 500003f4 (sz=24, trace=300000, class=java.lang.RuntimePermission@50000126)
	name		500003f2
	path		500003f2
ARR 500003f5 (sz=46, trace=300000, nelems=23, elem type=char[])
OBJ 500003f6 (sz=32, trace=300000, class=java.lang.String@500000d6)
	value		500003f8
OBJ 500003f7 (sz=24, trace=300000, class=java.lang.reflect.ReflectPermission@5000012b)
	name		500003f6
	path		500003f6
ARR 500003f8 (sz=40, trace=300000, nelems=20, elem type=char[])
OBJ 500003f9 (sz=16, trace=300000, class=java.io.File$1@500000fc)
OBJ 500003fa (sz=16, trace=300000, class=java.security.AccessControlContext$1@5000004d)
OBJ 500003fb (sz=16, trace=300000, class=java.nio.Bits$1@50000096)
OBJ 500003fc (sz=16, trace=300000, class=java.net.URLClassLoader$7@5000010a)
OBJ 500003fd (sz=16, trace=300000, class=java.lang.System$2@50000027)
OBJ 500003fe (sz=16, trace=300000, class=sun.misc.Unsafe@50000069)
OBJ 500003ff (sz=32, trace=300000, class=java.util.Collections$SynchronizedMap@500000f9)
	m		50000400
	mutex		500003ff
OBJ 50000400 (sz=48, trace=300000, class=java.util.HashMap@50000052)
	table		50000401
ARR 50000401 (sz=80, trace=300000, nelems=0, elem type=java.util.HashMap$Entry[]@500000db)
OBJ 50000402 (sz=32, trace=300000, class=java.lang.String@500000d6)
	value		50000403
ARR 50000403 (sz=10, trace=300000, nelems=5, elem type=char[])
OBJ 50000404 (sz=16, trace=300000, class=java.util.Collections$ReverseComparator@500000a9)
OBJ 50000405 (sz=24, trace=300000, class=java.util.Collections$EmptyMap@50000046)
OBJ 50000406 (sz=16, trace=300000, class=java.util.Collections$EmptyList@5000008f)
OBJ 50000407 (sz=16, trace=300000, class=java.util.Collections$EmptySet@500000ab)
OBJ 50000408 (sz=32, trace=300000, class=java.lang.String@500000d6)
	value		500004c9
OBJ 50000409 (sz=32, trace=300000, class=java.lang.String@500000d6)
	value		50000c38
OBJ 5000040a (sz=48, trace=300000, class=java.util.Properties@50000106)
	table		50000b2b
OBJ 5000040b (sz=32, trace=300000, class=java.io.PrintStream@50000076)
	out		50000b1d
	textOut		50000b1c
	charOut		50000b1b
OBJ 5000040c (sz=32, trace=300000, class=java.io.PrintStream@50000076)
	out		50000b0a
	textOut		50000b09
	charOut		50000b08
OBJ 5000040d (sz=40, trace=300000, class=java.io.BufferedInputStream@50000074)
	in		5000040f
	buf		5000040e
ARR 5000040e (sz=8192, trace=300000, nelems=8192, elem type=byte[])
OBJ 5000040f (sz=32, trace=300000, class=java.io.FileInputStream@500000ba)
	fd		50000411
	closeLock	50000410
OBJ 50000410 (sz=16, trace=300000, class=java.lang.Object@50000021)
OBJ 50000411 (sz=32, trace=300000, class=java.io.FileDescriptor@50000084)
	useCount	50000412
OBJ 50000412 (sz=16, trace=300000, class=java.util.concurrent.atomic.AtomicInteger@50000094)
OBJ 50000413 (sz=32, trace=300000, class=java.lang.String@500000d6)
	value		50000414
ARR 50000414 (sz=10, trace=300000, nelems=5, elem type=char[])
OBJ 50000415 (sz=32, trace=300000, class=java.io.FileDescriptor@50000084)
	useCount	50000418
OBJ 50000416 (sz=32, trace=300000, class=java.io.FileDescriptor@50000084)
	useCount	50000417
OBJ 50000417 (sz=16, trace=300000, class=java.util.concurrent.atomic.AtomicInteger@50000094)
OBJ 50000418 (sz=16, trace=300000, class=java.util.concurrent.atomic.AtomicInteger@50000094)
OBJ 50000419 (sz=16, trace=300000, class=java.lang.ThreadLocal@500000d8)
OBJ 5000041a (sz=16, trace=300000, class=java.util.concurrent.atomic.AtomicInteger@50000094)
OBJ 5000041b (sz=32, trace=300000, class=java.lang.String@500000d6)
	value		50000422
OBJ 5000041c (sz=32, trace=300000, class=java.lang.ref.ReferenceQueue$Null@5000008a)
	lock		5000041f
OBJ 5000041d (sz=32, trace=300000, class=java.lang.ref.ReferenceQueue$Null@5000008a)
	lock		5000041e
OBJ 5000041e (sz=16, trace=300000, class=java.lang.ref.ReferenceQueue$Lock@5000007c)
OBJ 5000041f (sz=16, trace=300000, class=java.lang.ref.ReferenceQueue$Lock@5000007c)
OBJ 50000420 (sz=32, trace=300000, class=java.lang.String@500000d6)
	value		50000421
ARR 50000421 (sz=12, trace=300000, nelems=6, elem type=char[])
ARR 50000422 (sz=34, trace=300000, nelems=17, elem type=char[])
OBJ 50000423 (sz=32, trace=300000, class=java.lang.String@500000d6)
	value		50000b04
OBJ 50000424 (sz=32, trace=300000, class=java.lang.String@500000d6)
	value		50000b03
OBJ 50000425 (sz=32, trace=300000, class=java.io.WinNTFileSystem@500000f3)
	cache		50000427
	prefixCache	50000426
OBJ 50000426 (sz=40, trace=300000, class=java.io.ExpiringCache@50000037)
	map		50000459
OBJ 50000427 (sz=40, trace=300000, class=java.io.ExpiringCache@50000037)
	map		50000428
OBJ 50000428 (sz=56, trace=300000, class=java.io.ExpiringCache$1@500000dd)
	table		5000042a
	header		50000429
	this$0		50000427
OBJ 50000429 (sz=40, trace=300000, class=java.util.LinkedHashMap$Entry@50000016)
	before		50000288
	after		50000430
ARR 5000042a (sz=80, trace=300000, nelems=16, elem type=java.util.HashMap$Entry[]@500000db)
	[3]		5000042b
	[4]		5000042c
	[7]		5000042d
	[8]		5000042e
	[9]		500001f1
	[10]		50000288
	[15]		5000042f
OBJ 5000042b (sz=40, trace=300000, class=java.util.LinkedHashMap$Entry@50000016)
	key		50000449
	value		50000448
	before		5000042e
	after		5000042d
OBJ 5000042c (sz=40, trace=300000, class=java.util.LinkedHashMap$Entry@50000016)
	key		50000453
	value		50000452
	before		5000042d
	after		5000042f
OBJ 5000042d (sz=40, trace=300000, class=java.util.LinkedHashMap$Entry@50000016)
	key		5000044e
	value		5000044d
	before		5000042b
	after		5000042c
OBJ 5000042e (sz=40, trace=300000, class=java.util.LinkedHashMap$Entry@50000016)
	key		50000444
	value		50000443
	before		50000436
	after		5000042b
OBJ 5000042f (sz=40, trace=300000, class=java.util.LinkedHashMap$Entry@50000016)
	key		50000432
	value		50000431
	next		50000430
	before		5000042c
	after		500001f1
OBJ 50000430 (sz=40, trace=300000, class=java.util.LinkedHashMap$Entry@50000016)
	key		50000438
	value		50000437
	before		50000429
	after		50000436
OBJ 50000431 (sz=24, trace=300000, class=java.io.ExpiringCache$Entry@500000ac)
	val		50000434
OBJ 50000432 (sz=32, trace=300000, class=java.lang.String@500000d6)
	value		50000433
ARR 50000433 (sz=106, trace=300000, nelems=53, elem type=char[])
OBJ 50000434 (sz=32, trace=300000, class=java.lang.String@500000d6)
	value		50000435
ARR 50000435 (sz=102, trace=300000, nelems=51, elem type=char[])
OBJ 50000436 (sz=40, trace=300000, class=java.util.LinkedHashMap$Entry@50000016)
	key		5000043f
	value		5000043e
	before		50000430
	after		5000042e
OBJ 50000437 (sz=24, trace=300000, class=java.io.ExpiringCache$Entry@500000ac)
	val		5000043a
OBJ 50000438 (sz=32, trace=300000, class=java.lang.String@500000d6)
	value		50000439
ARR 50000439 (sz=98, trace=300000, nelems=49, elem type=char[])
OBJ 5000043a (sz=32, trace=300000, class=java.lang.String@500000d6)
	value		5000043b
ARR 5000043b (sz=98, trace=300000, nelems=49, elem type=char[])
OBJ 5000043c (sz=32, trace=300000, class=java.lang.String@500000d6)
	value		5000043d
ARR 5000043d (sz=150, trace=300000, nelems=75, elem type=char[])
OBJ 5000043e (sz=24, trace=300000, class=java.io.ExpiringCache$Entry@500000ac)
	val		50000441
OBJ 5000043f (sz=32, trace=300000, class=java.lang.String@500000d6)
	value		50000440
ARR 50000440 (sz=146, trace=300000, nelems=73, elem type=char[])
OBJ 50000441 (sz=32, trace=300000, class=java.lang.String@500000d6)
	value		50000442
ARR 50000442 (sz=90, trace=300000, nelems=45, elem type=char[])
OBJ 50000443 (sz=24, trace=300000, class=java.io.ExpiringCache$Entry@500000ac)
	val		50000446
OBJ 50000444 (sz=32, trace=300000, class=java.lang.String@500000d6)
	value		50000445
ARR 50000445 (sz=110, trace=300000, nelems=55, elem type=char[])
OBJ 50000446 (sz=32, trace=300000, class=java.lang.String@500000d6)
	value		50000447
ARR 50000447 (sz=110, trace=300000, nelems=55, elem type=char[])
OBJ 50000448 (sz=24, trace=300000, class=java.io.ExpiringCache$Entry@500000ac)
	val		5000044b
OBJ 50000449 (sz=32, trace=300000, class=java.lang.String@500000d6)
	value		5000044a
ARR 5000044a (sz=120, trace=300000, nelems=60, elem type=char[])
OBJ 5000044b (sz=32, trace=300000, class=java.lang.String@500000d6)
	value		5000044c
ARR 5000044c (sz=120, trace=300000, nelems=60, elem type=char[])
OBJ 5000044d (sz=24, trace=300000, class=java.io.ExpiringCache$Entry@500000ac)
	val		50000450
OBJ 5000044e (sz=32, trace=300000, class=java.lang.String@500000d6)
	value		5000044f
ARR 5000044f (sz=130, trace=300000, nelems=65, elem type=char[])
OBJ 50000450 (sz=32, trace=300000, class=java.lang.String@500000d6)
	value		50000451
ARR 50000451 (sz=130, trace=300000, nelems=65, elem type=char[])
OBJ 50000452 (sz=24, trace=300000, class=java.io.ExpiringCache$Entry@500000ac)
	val		50000455
OBJ 50000453 (sz=32, trace=300000, class=java.lang.String@500000d6)
	value		50000454
ARR 50000454 (sz=150, trace=300000, nelems=75, elem type=char[])
OBJ 50000455 (sz=32, trace=300000, class=java.lang.String@500000d6)
	value		50000456
ARR 50000456 (sz=146, trace=300000, nelems=73, elem type=char[])
OBJ 50000457 (sz=32, trace=300000, class=java.lang.String@500000d6)
	value		50000458
ARR 50000458 (sz=146, trace=300000, nelems=73, elem type=char[])
OBJ 50000459 (sz=56, trace=300000, class=java.io.ExpiringCache$1@500000dd)
	table		5000045b
	header		5000045a
	this$0		50000426
OBJ 5000045a (sz=40, trace=300000, class=java.util.LinkedHashMap$Entry@50000016)
	before		5000045c
	after		5000045e
ARR 5000045b (sz=80, trace=300000, nelems=16, elem type=java.util.HashMap$Entry[]@500000db)
	[9]		5000045c
	[10]		5000045d
	[15]		5000045e
OBJ 5000045c (sz=40, trace=300000, class=java.util.LinkedHashMap$Entry@50000016)
	key		50000463
	value		50000462
	before		5000045d
	after		5000045a
OBJ 5000045d (sz=40, trace=300000, class=java.util.LinkedHashMap$Entry@50000016)
	key		50000466
	value		50000465
	before		5000045e
	after		5000045c
OBJ 5000045e (sz=40, trace=300000, class=java.util.LinkedHashMap$Entry@50000016)
	key		50000460
	value		5000045f
	before		5000045a
	after		5000045d
OBJ 5000045f (sz=24, trace=300000, class=java.io.ExpiringCache$Entry@500000ac)
	val		50000461
OBJ 50000460 (sz=32, trace=300000, class=java.lang.String@500000d6)
	value		50000439
OBJ 50000461 (sz=32, trace=300000, class=java.lang.String@500000d6)
	value		5000043b
OBJ 50000462 (sz=24, trace=300000, class=java.io.ExpiringCache$Entry@500000ac)
	val		50000464
OBJ 50000463 (sz=32, trace=300000, class=java.lang.String@500000d6)
	value		50000433
OBJ 50000464 (sz=32, trace=300000, class=java.lang.String@500000d6)
	value		50000435
OBJ 50000465 (sz=24, trace=300000, class=java.io.ExpiringCache$Entry@500000ac)
	val		50000467
OBJ 50000466 (sz=32, trace=300000, class=java.lang.String@500000d6)
	value		50000445
OBJ 50000467 (sz=32, trace=300000, class=java.lang.String@500000d6)
	value		50000447
OBJ 50000468 (sz=32, trace=300000, class=java.lang.String@500000d6)
	value		50000b02
OBJ 50000469 (sz=32, trace=300000, class=java.lang.String@500000d6)
	value		50000b01
OBJ 5000046a (sz=32, trace=300000, class=java.lang.String@500000d6)
	value		50000b00
ARR 5000046b (sz=120, trace=300000, nelems=0, elem type=java.lang.String[]@500000d7)
OBJ 5000046c (sz=32, trace=300000, class=java.lang.String@500000d6)
	value		500004e6
OBJ 5000046d (sz=32, trace=300000, class=java.lang.String@500000d6)
	value		500004f8
OBJ 5000046e (sz=32, trace=300000, class=java.lang.String@500000d6)
	value		500004e1
OBJ 5000046f (sz=32, trace=300000, class=java.lang.String@500000d6)
	value		500004f1
OBJ 50000470 (sz=32, trace=300000, class=java.lang.String@500000d6)
	value		500004d9
OBJ 50000471 (sz=32, trace=300000, class=java.lang.String@500000d6)
	value		50000511
OBJ 50000472 (sz=32, trace=300000, class=java.lang.String@500000d6)
	value		500004cd
OBJ 50000473 (sz=32, trace=300000, class=java.lang.String@500000d6)
	value		5000051a
OBJ 50000474 (sz=32, trace=300000, class=java.lang.String@500000d6)
	value		500004f4
OBJ 50000475 (sz=32, trace=300000, class=java.lang.String@500000d6)
	value		500004ee
OBJ 50000476 (sz=32, trace=300000, class=java.lang.String@500000d6)
	value		500004f6
OBJ 50000477 (sz=32, trace=300000, class=java.lang.String@500000d6)
	value		500004e0
OBJ 50000478 (sz=32, trace=300000, class=java.lang.String@500000d6)
	value		500004df
OBJ 50000479 (sz=32, trace=300000, class=java.lang.String@500000d6)
	value		50000502
OBJ 5000047a (sz=32, trace=300000, class=java.lang.String@500000d6)
	value		500004d4
OBJ 5000047b (sz=32, trace=300000, class=java.lang.String@500000d6)
	value		500004e5
OBJ 5000047c (sz=32, trace=300000, class=java.lang.String@500000d6)
	value		500004d8
OBJ 5000047d (sz=32, trace=300000, class=java.lang.String@500000d6)
	value		500004ed
OBJ 5000047e (sz=32, trace=300000, class=java.lang.String@500000d6)
	value		500004d3
OBJ 5000047f (sz=32, trace=300000, class=java.lang.String@500000d6)
	value		500004f0
OBJ 50000480 (sz=32, trace=300000, class=java.lang.String@500000d6)
	value		50000506
OBJ 50000481 (sz=32, trace=300000, class=java.lang.String@500000d6)
	value		500004ef
OBJ 50000482 (sz=32, trace=300000, class=java.lang.String@500000d6)
	value		5000050b
OBJ 50000483 (sz=32, trace=300000, class=java.lang.String@500000d6)
	value		500004c8
OBJ 50000484 (sz=32, trace=300000, class=java.lang.String@500000d6)
	value		50000510
OBJ 50000485 (sz=32, trace=300000, class=java.lang.String@500000d6)
	value		500004c7
OBJ 50000486 (sz=32, trace=300000, class=java.lang.String@500000d6)
	value		500004cc
OBJ 50000487 (sz=32, trace=300000, class=java.lang.String@500000d6)
	value		500004cb
OBJ 50000488 (sz=32, trace=300000, class=java.lang.String@500000d6)
	value		5000050c
OBJ 50000489 (sz=32, trace=300000, class=java.lang.String@500000d6)
	value		500004cf
OBJ 5000048a (sz=32, trace=300000, class=java.lang.String@500000d6)
	value		50000519
OBJ 5000048b (sz=32, trace=300000, class=java.lang.String@500000d6)
	value		500004ce
OBJ 5000048c (sz=32, trace=300000, class=java.lang.String@500000d6)
	value		50000afb
OBJ 5000048d (sz=32, trace=300000, class=java.lang.String@500000d6)
	value		50000afa
OBJ 5000048e (sz=32, trace=300000, class=java.lang.String@500000d6)
	value		50000af9
OBJ 5000048f (sz=32, trace=300000, class=java.lang.String@500000d6)
	value		50000af8
OBJ 50000490 (sz=32, trace=300000, class=java.lang.String@500000d6)
	value		500004f3
OBJ 50000491 (sz=32, trace=300000, class=java.lang.String@500000d6)
	value		500004f7
OBJ 50000492 (sz=32, trace=300000, class=java.lang.String@500000d6)
	value		500004f2
OBJ 50000493 (sz=32, trace=300000, class=java.lang.String@500000d6)
	value		500004fe
OBJ 50000494 (sz=32, trace=300000, class=java.util.Locale@500000c3)
	language	5000047a
	country		50000475
	variant		50000408
OBJ 50000495 (sz=32, trace=300000, class=java.util.Locale@500000c3)
	language	50000408
	country		50000408
	variant		50000408
OBJ 50000496 (sz=32, trace=300000, class=java.util.Locale@500000c3)
	language	5000047f
	country		5000046c
	variant		50000408
OBJ 50000497 (sz=32, trace=300000, class=java.util.Locale@500000c3)
	language	5000047a
	country		5000046c
	variant		50000408
OBJ 50000498 (sz=32, trace=300000, class=java.util.Locale@500000c3)
	language	5000047a
	country		50000470
	variant		50000408
OBJ 50000499 (sz=32, trace=300000, class=java.util.Locale@500000c3)
	language	50000490
	country		50000474
	variant		50000408
OBJ 5000049a (sz=32, trace=300000, class=java.util.Locale@500000c3)
	language	50000490
	country		5000046d
	variant		50000408
OBJ 5000049b (sz=32, trace=300000, class=java.util.Locale@500000c3)
	language	50000489
	country		50000473
	variant		50000408
OBJ 5000049c (sz=32, trace=300000, class=java.util.Locale@500000c3)
	language	50000486
	country		50000472
	variant		50000408
OBJ 5000049d (sz=32, trace=300000, class=java.util.Locale@500000c3)
	language	50000483
	country		50000471
	variant		50000408
OBJ 5000049e (sz=32, trace=300000, class=java.util.Locale@500000c3)
	language	50000477
	country		5000046e
	variant		50000408
OBJ 5000049f (sz=32, trace=300000, class=java.util.Locale@500000c3)
	language	5000047f
	country		5000046f
	variant		50000408
OBJ 500004a0 (sz=32, trace=300000, class=java.util.Locale@500000c3)
	language	50000490
	country		50000408
	variant		50000408
OBJ 500004a1 (sz=32, trace=300000, class=java.util.Locale@500000c3)
	language	50000489
	country		50000408
	variant		50000408
OBJ 500004a2 (sz=32, trace=300000, class=java.util.Locale@500000c3)
	language	50000486
	country		50000408
	variant		50000408
OBJ 500004a3 (sz=32, trace=300000, class=java.util.Locale@500000c3)
	language	50000483
	country		50000408
	variant		50000408
OBJ 500004a4 (sz=32, trace=300000, class=java.util.Locale@500000c3)
	language	50000477
	country		50000408
	variant		50000408
OBJ 500004a5 (sz=32, trace=300000, class=java.util.Locale@500000c3)
	language	5000047f
	country		50000408
	variant		50000408
OBJ 500004a6 (sz=32, trace=300000, class=java.util.Locale@500000c3)
	language	5000047a
	country		50000408
	variant		50000408
OBJ 500004a7 (sz=48, trace=300000, class=java.util.concurrent.ConcurrentHashMap@50000083)
	segments	500004a8
ARR 500004a8 (sz=80, trace=300000, nelems=16, elem type=java.util.concurrent.ConcurrentHashMap$Segment[]@500000a8)
	[0]		500004a9
	[1]		500004aa
	[2]		500004ab
	[3]		500004ac
	[4]		500004ad
	[5]		500004ae
	[6]		500004af
	[7]		500004b0
	[8]		500004b1
	[9]		500004b2
	[10]		500004b3
	[11]		500004b4
	[12]		500004b5
	[13]		500004b6
	[14]		500004b7
	[15]		500004b8
OBJ 500004a9 (sz=40, trace=300000, class=java.util.concurrent.ConcurrentHashMap$Segment@500000a7)
	sync		50000517
	table		50000516
OBJ 500004aa (sz=40, trace=300000, class=java.util.concurrent.ConcurrentHashMap$Segment@500000a7)
	sync		50000515
	table		50000514
OBJ 500004ab (sz=40, trace=300000, class=java.util.concurrent.ConcurrentHashMap$Segment@500000a7)
	sync		50000513
	table		50000512
OBJ 500004ac (sz=40, trace=300000, class=java.util.concurrent.ConcurrentHashMap$Segment@500000a7)
	sync		5000050e
	table		5000050d
OBJ 500004ad (sz=40, trace=300000, class=java.util.concurrent.ConcurrentHashMap$Segment@500000a7)
	sync		50000508
	table		50000507
OBJ 500004ae (sz=40, trace=300000, class=java.util.concurrent.ConcurrentHashMap$Segment@500000a7)
	sync		50000504
	table		50000503
OBJ 500004af (sz=40, trace=300000, class=java.util.concurrent.ConcurrentHashMap$Segment@500000a7)
	sync		50000500
	table		500004ff
OBJ 500004b0 (sz=40, trace=300000, class=java.util.concurrent.ConcurrentHashMap$Segment@500000a7)
	sync		500004fc
	table		500004fb
OBJ 500004b1 (sz=40, trace=300000, class=java.util.concurrent.ConcurrentHashMap$Segment@500000a7)
	sync		500004fa
	table		500004f9
OBJ 500004b2 (sz=40, trace=300000, class=java.util.concurrent.ConcurrentHashMap$Segment@500000a7)
	sync		500004e8
	table		500004e7
OBJ 500004b3 (sz=40, trace=300000, class=java.util.concurrent.ConcurrentHashMap$Segment@500000a7)
	sync		500004e3
	table		500004e2
OBJ 500004b4 (sz=40, trace=300000, class=java.util.concurrent.ConcurrentHashMap$Segment@500000a7)
	sync		500004dd
	table		500004dc
OBJ 500004b5 (sz=40, trace=300000, class=java.util.concurrent.ConcurrentHashMap$Segment@500000a7)
	sync		500004db
	table		500004da
OBJ 500004b6 (sz=40, trace=300000, class=java.util.concurrent.ConcurrentHashMap$Segment@500000a7)
	sync		500004d6
	table		500004d5
OBJ 500004b7 (sz=40, trace=300000, class=java.util.concurrent.ConcurrentHashMap$Segment@500000a7)
	sync		500004d1
	table		500004d0
OBJ 500004b8 (sz=40, trace=300000, class=java.util.concurrent.ConcurrentHashMap$Segment@500000a7)
	sync		500004ba
	table		500004b9
ARR 500004b9 (sz=32, trace=300000, nelems=3, elem type=java.util.concurrent.ConcurrentHashMap$HashEntry[]@50000134)
	[1]		500004c5
	[2]		500004c6
OBJ 500004ba (sz=32, trace=300000, class=java.util.concurrent.locks.ReentrantLock$NonfairSync@50000108)
OBJ 500004bb (sz=32, trace=300000, class=java.lang.String@500000d6)
	value		500004c4
OBJ 500004bc (sz=32, trace=300000, class=java.lang.String@500000d6)
	value		500004c3
OBJ 500004bd (sz=32, trace=300000, class=java.lang.String@500000d6)
	value		500004c2
OBJ 500004be (sz=32, trace=300000, class=java.lang.String@500000d6)
	value		500004c1
OBJ 500004bf (sz=32, trace=300000, class=java.lang.String@500000d6)
	value		500004c0
ARR 500004c0 (sz=20, trace=300000, nelems=10, elem type=char[])
ARR 500004c1 (sz=8, trace=300000, nelems=4, elem type=char[])
ARR 500004c2 (sz=10, trace=300000, nelems=5, elem type=char[])
ARR 500004c3 (sz=8, trace=300000, nelems=4, elem type=char[])
ARR 500004c4 (sz=8, trace=300000, nelems=4, elem type=char[])
OBJ 500004c5 (sz=32, trace=300000, class=java.util.concurrent.ConcurrentHashMap$HashEntry@50000133)
	key		50000487
	value		5000049c
	next		500004ca
OBJ 500004c6 (sz=32, trace=300000, class=java.util.concurrent.ConcurrentHashMap$HashEntry@50000133)
	key		50000485
	value		500004a3
ARR 500004c7 (sz=8, trace=300000, nelems=4, elem type=char[])
ARR 500004c8 (sz=4, trace=300000, nelems=2, elem type=char[])
ARR 500004c9 (sz=0, trace=300000, nelems=0, elem type=char[])
OBJ 500004ca (sz=32, trace=300000, class=java.util.concurrent.ConcurrentHashMap$HashEntry@50000133)
	key		5000048b
	value		500004a1
ARR 500004cb (sz=12, trace=300000, nelems=6, elem type=char[])
ARR 500004cc (sz=4, trace=300000, nelems=2, elem type=char[])
ARR 500004cd (sz=4, trace=300000, nelems=2, elem type=char[])
ARR 500004ce (sz=8, trace=300000, nelems=4, elem type=char[])
ARR 500004cf (sz=4, trace=300000, nelems=2, elem type=char[])
ARR 500004d0 (sz=24, trace=300000, nelems=2, elem type=java.util.concurrent.ConcurrentHashMap$HashEntry[]@50000134)
	[1]		500004d2
OBJ 500004d1 (sz=32, trace=300000, class=java.util.concurrent.locks.ReentrantLock$NonfairSync@50000108)
OBJ 500004d2 (sz=32, trace=300000, class=java.util.concurrent.ConcurrentHashMap$HashEntry@50000133)
	key		5000047e
	value		500004a6
ARR 500004d3 (sz=8, trace=300000, nelems=4, elem type=char[])
ARR 500004d4 (sz=4, trace=300000, nelems=2, elem type=char[])
ARR 500004d5 (sz=24, trace=300000, nelems=1, elem type=java.util.concurrent.ConcurrentHashMap$HashEntry[]@50000134)
	[0]		500004d7
OBJ 500004d6 (sz=32, trace=300000, class=java.util.concurrent.locks.ReentrantLock$NonfairSync@50000108)
OBJ 500004d7 (sz=32, trace=300000, class=java.util.concurrent.ConcurrentHashMap$HashEntry@50000133)
	key		5000047c
	value		50000498
ARR 500004d8 (sz=12, trace=300000, nelems=6, elem type=char[])
ARR 500004d9 (sz=4, trace=300000, nelems=2, elem type=char[])
ARR 500004da (sz=24, trace=300000, nelems=0, elem type=java.util.concurrent.ConcurrentHashMap$HashEntry[]@50000134)
OBJ 500004db (sz=32, trace=300000, class=java.util.concurrent.locks.ReentrantLock$NonfairSync@50000108)
ARR 500004dc (sz=24, trace=300000, nelems=1, elem type=java.util.concurrent.ConcurrentHashMap$HashEntry[]@50000134)
	[0]		500004de
OBJ 500004dd (sz=32, trace=300000, class=java.util.concurrent.locks.ReentrantLock$NonfairSync@50000108)
OBJ 500004de (sz=32, trace=300000, class=java.util.concurrent.ConcurrentHashMap$HashEntry@50000133)
	key		50000478
	value		5000049e
ARR 500004df (sz=12, trace=300000, nelems=6, elem type=char[])
ARR 500004e0 (sz=4, trace=300000, nelems=2, elem type=char[])
ARR 500004e1 (sz=4, trace=300000, nelems=2, elem type=char[])
ARR 500004e2 (sz=24, trace=300000, nelems=1, elem type=java.util.concurrent.ConcurrentHashMap$HashEntry[]@50000134)
	[0]		500004e4
OBJ 500004e3 (sz=32, trace=300000, class=java.util.concurrent.locks.ReentrantLock$NonfairSync@50000108)
OBJ 500004e4 (sz=32, trace=300000, class=java.util.concurrent.ConcurrentHashMap$HashEntry@50000133)
	key		5000047b
	value		50000497
ARR 500004e5 (sz=12, trace=300000, nelems=6, elem type=char[])
ARR 500004e6 (sz=4, trace=300000, nelems=2, elem type=char[])
ARR 500004e7 (sz=48, trace=300000, nelems=7, elem type=java.util.concurrent.ConcurrentHashMap$HashEntry[]@50000134)
	[1]		500004e9
	[4]		500004ea
	[5]		500004eb
	[6]		500004ec
OBJ 500004e8 (sz=32, trace=300000, class=java.util.concurrent.locks.ReentrantLock$NonfairSync@50000108)
OBJ 500004e9 (sz=32, trace=300000, class=java.util.concurrent.ConcurrentHashMap$HashEntry@50000133)
	key		50000476
	value		50000495
	next		500004f5
OBJ 500004ea (sz=32, trace=300000, class=java.util.concurrent.ConcurrentHashMap$HashEntry@50000133)
	key		50000492
	value		50000499
OBJ 500004eb (sz=32, trace=300000, class=java.util.concurrent.ConcurrentHashMap$HashEntry@50000133)
	key		50000481
	value		5000049f
OBJ 500004ec (sz=32, trace=300000, class=java.util.concurrent.ConcurrentHashMap$HashEntry@50000133)
	key		5000047d
	value		50000494
ARR 500004ed (sz=12, trace=300000, nelems=6, elem type=char[])
ARR 500004ee (sz=4, trace=300000, nelems=2, elem type=char[])
ARR 500004ef (sz=12, trace=300000, nelems=6, elem type=char[])
ARR 500004f0 (sz=4, trace=300000, nelems=2, elem type=char[])
ARR 500004f1 (sz=4, trace=300000, nelems=2, elem type=char[])
ARR 500004f2 (sz=12, trace=300000, nelems=6, elem type=char[])
ARR 500004f3 (sz=4, trace=300000, nelems=2, elem type=char[])
ARR 500004f4 (sz=4, trace=300000, nelems=2, elem type=char[])
OBJ 500004f5 (sz=32, trace=300000, class=java.util.concurrent.ConcurrentHashMap$HashEntry@50000133)
	key		50000491
	value		5000049a
ARR 500004f6 (sz=4, trace=300000, nelems=2, elem type=char[])
ARR 500004f7 (sz=12, trace=300000, nelems=6, elem type=char[])
ARR 500004f8 (sz=4, trace=300000, nelems=2, elem type=char[])
ARR 500004f9 (sz=24, trace=300000, nelems=0, elem type=java.util.concurrent.ConcurrentHashMap$HashEntry[]@50000134)
OBJ 500004fa (sz=32, trace=300000, class=java.util.concurrent.locks.ReentrantLock$NonfairSync@50000108)
ARR 500004fb (sz=24, trace=300000, nelems=1, elem type=java.util.concurrent.ConcurrentHashMap$HashEntry[]@50000134)
	[0]		500004fd
OBJ 500004fc (sz=32, trace=300000, class=java.util.concurrent.locks.ReentrantLock$NonfairSync@50000108)
OBJ 500004fd (sz=32, trace=300000, class=java.util.concurrent.ConcurrentHashMap$HashEntry@50000133)
	key		50000493
	value		500004a0
ARR 500004fe (sz=8, trace=300000, nelems=4, elem type=char[])
ARR 500004ff (sz=24, trace=300000, nelems=2, elem type=java.util.concurrent.ConcurrentHashMap$HashEntry[]@50000134)
	[1]		50000501
OBJ 50000500 (sz=32, trace=300000, class=java.util.concurrent.locks.ReentrantLock$NonfairSync@50000108)
OBJ 50000501 (sz=32, trace=300000, class=java.util.concurrent.ConcurrentHashMap$HashEntry@50000133)
	key		50000479
	value		500004a4
ARR 50000502 (sz=8, trace=300000, nelems=4, elem type=char[])
ARR 50000503 (sz=24, trace=300000, nelems=2, elem type=java.util.concurrent.ConcurrentHashMap$HashEntry[]@50000134)
	[1]		50000505
OBJ 50000504 (sz=32, trace=300000, class=java.util.concurrent.locks.ReentrantLock$NonfairSync@50000108)
OBJ 50000505 (sz=32, trace=300000, class=java.util.concurrent.ConcurrentHashMap$HashEntry@50000133)
	key		50000480
	value		50000496
ARR 50000506 (sz=12, trace=300000, nelems=6, elem type=char[])
ARR 50000507 (sz=24, trace=300000, nelems=2, elem type=java.util.concurrent.ConcurrentHashMap$HashEntry[]@50000134)
	[0]		50000509
	[1]		5000050a
OBJ 50000508 (sz=32, trace=300000, class=java.util.concurrent.locks.ReentrantLock$NonfairSync@50000108)
OBJ 50000509 (sz=32, trace=300000, class=java.util.concurrent.ConcurrentHashMap$HashEntry@50000133)
	key		50000488
	value		500004a2
OBJ 5000050a (sz=32, trace=300000, class=java.util.concurrent.ConcurrentHashMap$HashEntry@50000133)
	key		50000482
	value		500004a5
ARR 5000050b (sz=8, trace=300000, nelems=4, elem type=char[])
ARR 5000050c (sz=8, trace=300000, nelems=4, elem type=char[])
ARR 5000050d (sz=24, trace=300000, nelems=1, elem type=java.util.concurrent.ConcurrentHashMap$HashEntry[]@50000134)
	[0]		5000050f
OBJ 5000050e (sz=32, trace=300000, class=java.util.concurrent.locks.ReentrantLock$NonfairSync@50000108)
OBJ 5000050f (sz=32, trace=300000, class=java.util.concurrent.ConcurrentHashMap$HashEntry@50000133)
	key		50000484
	value		5000049d
ARR 50000510 (sz=12, trace=300000, nelems=6, elem type=char[])
ARR 50000511 (sz=4, trace=300000, nelems=2, elem type=char[])
ARR 50000512 (sz=24, trace=300000, nelems=0, elem type=java.util.concurrent.ConcurrentHashMap$HashEntry[]@50000134)
OBJ 50000513 (sz=32, trace=300000, class=java.util.concurrent.locks.ReentrantLock$NonfairSync@50000108)
ARR 50000514 (sz=24, trace=300000, nelems=0, elem type=java.util.concurrent.ConcurrentHashMap$HashEntry[]@50000134)
OBJ 50000515 (sz=32, trace=300000, class=java.util.concurrent.locks.ReentrantLock$NonfairSync@50000108)
ARR 50000516 (sz=24, trace=300000, nelems=2, elem type=java.util.concurrent.ConcurrentHashMap$HashEntry[]@50000134)
	[1]		50000518
OBJ 50000517 (sz=32, trace=300000, class=java.util.concurrent.locks.ReentrantLock$NonfairSync@50000108)
OBJ 50000518 (sz=32, trace=300000, class=java.util.concurrent.ConcurrentHashMap$HashEntry@50000133)
	key		5000048a
	value		5000049b
ARR 50000519 (sz=12, trace=300000, nelems=6, elem type=char[])
ARR 5000051a (sz=4, trace=300000, nelems=2, elem type=char[])
ARR 5000051b (sz=40, trace=300000, nelems=10, elem type=int[])
OBJ 5000051c (sz=32, trace=300000, class=java.lang.String@500000d6)
	value		5000051d
ARR 5000051d (sz=12, trace=300000, nelems=6, elem type=char[])
OBJ 5000051e (sz=32, trace=300000, class=java.lang.String@500000d6)
	value		50000af7
OBJ 5000051f (sz=32, trace=300000, class=java.lang.String@500000d6)
	value		50000af6
ARR 50000520 (sz=40, trace=300000, nelems=10, elem type=int[])
ARR 50000521 (sz=200, trace=300000, nelems=100, elem type=char[])
ARR 50000522 (sz=200, trace=300000, nelems=100, elem type=char[])
ARR 50000523 (sz=72, trace=300000, nelems=36, elem type=char[])
OBJ 50000524 (sz=32, trace=300000, class=java.lang.String@500000d6)
	value		50000af5
OBJ 50000525 (sz=32, trace=300000, class=java.lang.String@500000d6)
	value		50000af4
OBJ 50000526 (sz=32, trace=300000, class=java.lang.String@500000d6)
	value		50000af3
OBJ 50000527 (sz=32, trace=300000, class=java.lang.String@500000d6)
	value		50000528
ARR 50000528 (sz=70, trace=300000, nelems=35, elem type=char[])
ARR 50000529 (sz=32, trace=300000, nelems=16, elem type=char[])
OBJ 5000052a (sz=16, trace=300000, class=java.util.Hashtable$EmptyIterator@5000000f)
OBJ 5000052b (sz=16, trace=300000, class=java.util.Hashtable$EmptyEnumerator@50000003)
OBJ 5000052c (sz=16, trace=300000, class=java.lang.Runtime@5000012e)
OBJ 5000052d (sz=32, trace=300000, class=java.lang.String@500000d6)
	value		50000af2
OBJ 5000052e (sz=32, trace=300000, class=java.lang.String@500000d6)
	value		50000af1
OBJ 5000052f (sz=32, trace=300000, class=java.lang.String@500000d6)
	value		50000af0
ARR 50000530 (sz=24, trace=300000, nelems=1, elem type=java.lang.String[]@500000d7)
	[0]		50000aec
ARR 50000531 (sz=88, trace=300000, nelems=18, elem type=java.lang.String[]@500000d7)
	[0]		50000ad9
	[1]		50000ada
	[2]		50000adb
	[3]		50000adc
	[4]		50000add
	[5]		50000ade
	[6]		50000adf
	[7]		50000ae0
	[8]		50000ae1
	[9]		50000ae2
	[10]		50000ae3
	[11]		50000ae4
	[12]		50000ae5
	[13]		50000ae6
	[14]		50000ae7
	[15]		50000ae8
	[16]		50000ae9
	[17]		50000aea
OBJ 50000532 (sz=32, trace=300000, class=java.util.Stack@50000025)
	elementData	50000ad8
OBJ 50000533 (sz=32, trace=300000, class=java.util.Vector@500000c5)
	elementData	50000ad6
OBJ 50000534 (sz=32, trace=300000, class=java.util.Vector@500000c5)
	elementData	50000ad5
OBJ 50000535 (sz=32, trace=300000, class=java.security.AccessControlContext@500000cf)
OBJ 50000536 (sz=32, trace=300000, class=sun.misc.URLClassPath@50000032)
	path		50000acd
	urls		50000acc
	loaders		50000acb
	lmap		50000aca
	jarHandler	50000ac9
OBJ 50000537 (sz=48, trace=300000, class=java.util.HashMap@50000052)
	table		50000ac3
OBJ 50000538 (sz=32, trace=300000, class=java.util.Vector@500000c5)
	elementData	50000ac2
OBJ 50000539 (sz=48, trace=300000, class=java.util.HashMap@50000052)
	table		50000ac1
OBJ 5000053a (sz=16, trace=300000, class=java.util.HashSet@50000059)
	map		50000abf
OBJ 5000053b (sz=32, trace=300000, class=java.util.Vector@500000c5)
	elementData	50000abe
OBJ 5000053c (sz=48, trace=300000, class=java.util.Hashtable@50000060)
	table		50000abd
OBJ 5000053d (sz=80, trace=300000, class=sun.misc.Launcher$ExtClassLoader@50000137)
	package2certs	50000546
	classes		50000545
	domains		50000544
	packages	50000543
	nativeLibraries	50000542
	pdcache		50000541
	ucp		50000540
	acc		5000053f
	dirs		5000053e
ARR 5000053e (sz=24, trace=300000, nelems=2, elem type=java.io.File[]@50000098)
	[0]		50000a52
	[1]		50000a53
OBJ 5000053f (sz=32, trace=300000, class=java.security.AccessControlContext@500000cf)
OBJ 50000540 (sz=32, trace=300000, class=sun.misc.URLClassPath@50000032)
	path		50000553
	urls		50000552
	loaders		50000551
	lmap		50000550
	jarHandler	5000054f
OBJ 50000541 (sz=48, trace=300000, class=java.util.HashMap@50000052)
	table		5000054e
OBJ 50000542 (sz=32, trace=300000, class=java.util.Vector@500000c5)
	elementData	5000054d
OBJ 50000543 (sz=48, trace=300000, class=java.util.HashMap@50000052)
	table		5000054c
OBJ 50000544 (sz=16, trace=300000, class=java.util.HashSet@50000059)
	map		50000549
OBJ 50000545 (sz=32, trace=300000, class=java.util.Vector@500000c5)
	elementData	50000548
OBJ 50000546 (sz=48, trace=300000, class=java.util.Hashtable@50000060)
	table		50000547
ARR 50000547 (sz=64, trace=300000, nelems=0, elem type=java.util.Hashtable$Entry[]@500000c7)
ARR 50000548 (sz=56, trace=300000, nelems=0, elem type=java.lang.Object[]@50000022)
OBJ 50000549 (sz=48, trace=300000, class=java.util.HashMap@50000052)
	table		5000054a
ARR 5000054a (sz=80, trace=300000, nelems=0, elem type=java.util.HashMap$Entry[]@500000db)
OBJ 5000054b (sz=16, trace=300000, class=java.lang.Object@50000021)
ARR 5000054c (sz=80, trace=300000, nelems=0, elem type=java.util.HashMap$Entry[]@500000db)
ARR 5000054d (sz=56, trace=300000, nelems=0, elem type=java.lang.Object[]@50000022)
ARR 5000054e (sz=80, trace=300000, nelems=0, elem type=java.util.HashMap$Entry[]@500000db)
OBJ 5000054f (sz=16, trace=300000, class=sun.net.www.protocol.jar.Handler@5000005a)
OBJ 50000550 (sz=48, trace=300000, class=java.util.HashMap@50000052)
	table		50000a45
OBJ 50000551 (sz=24, trace=300000, class=java.util.ArrayList@500000b8)
	elementData	500005ef
OBJ 50000552 (sz=32, trace=300000, class=java.util.Stack@50000025)
	elementData	500005ee
OBJ 50000553 (sz=24, trace=300000, class=java.util.ArrayList@500000b8)
	elementData	50000554
ARR 50000554 (sz=56, trace=300000, nelems=3, elem type=java.lang.Object[]@50000022)
	[0]		50000555
	[1]		50000556
	[2]		50000557
OBJ 50000555 (sz=64, trace=300000, class=java.net.URL@500000d2)
	protocol	5000055a
	host		50000408
	file		500005ec
	authority	50000408
	path		500005ec
	handler		50000558
OBJ 50000556 (sz=64, trace=300000, class=java.net.URL@500000d2)
	protocol	5000055a
	host		50000408
	file		500005ea
	authority	50000408
	path		500005ea
	handler		50000558
OBJ 50000557 (sz=64, trace=300000, class=java.net.URL@500000d2)
	protocol	5000055a
	host		50000408
	file		50000559
	authority	50000408
	path		50000559
	handler		50000558
OBJ 50000558 (sz=16, trace=300000, class=sun.net.www.protocol.file.Handler@5000002d)
OBJ 50000559 (sz=32, trace=300000, class=java.lang.String@500000d6)
	value		5000055c
OBJ 5000055a (sz=32, trace=300000, class=java.lang.String@500000d6)
	value		5000055b
ARR 5000055b (sz=8, trace=300000, nelems=4, elem type=char[])
ARR 5000055c (sz=136, trace=300000, nelems=68, elem type=char[])
OBJ 5000055d (sz=32, trace=300000, class=java.lang.String@500000d6)
	value		50000562
OBJ 5000055e (sz=32, trace=300000, class=java.lang.String@500000d6)
	value		50000563
OBJ 5000055f (sz=32, trace=300000, class=java.lang.String@500000d6)
	value		50000565
OBJ 50000560 (sz=32, trace=300000, class=java.lang.String@500000d6)
	value		500005e8
OBJ 50000561 (sz=32, trace=300000, class=java.lang.String@500000d6)
	value		50000564
ARR 50000562 (sz=28, trace=300000, nelems=14, elem type=char[])
ARR 50000563 (sz=24, trace=300000, nelems=12, elem type=char[])
ARR 50000564 (sz=20, trace=300000, nelems=10, elem type=char[])
ARR 50000565 (sz=26, trace=300000, nelems=13, elem type=char[])
OBJ 50000566 (sz=32, trace=300000, class=java.lang.String@500000d6)
	value		50000569
OBJ 50000567 (sz=32, trace=300000, class=java.lang.String@500000d6)
	value		50000568
ARR 50000568 (sz=38, trace=300000, nelems=19, elem type=char[])
ARR 50000569 (sz=50, trace=300000, nelems=25, elem type=char[])
OBJ 5000056a (sz=32, trace=300000, class=java.lang.String@500000d6)
	value		500005bf
OBJ 5000056b (sz=32, trace=300000, class=java.lang.String@500000d6)
	value		500005be
OBJ 5000056c (sz=32, trace=300000, class=java.lang.String@500000d6)
	value		500005bd
OBJ 5000056d (sz=32, trace=300000, class=java.lang.String@500000d6)
	value		500005bc
OBJ 5000056e (sz=32, trace=300000, class=java.lang.String@500000d6)
	value		500005b5
OBJ 5000056f (sz=32, trace=300000, class=java.lang.String@500000d6)
	value		500005bb
OBJ 50000570 (sz=32, trace=300000, class=java.lang.String@500000d6)
	value		500005ba
OBJ 50000571 (sz=32, trace=300000, class=java.lang.String@500000d6)
	value		500005b9
OBJ 50000572 (sz=32, trace=300000, class=java.lang.String@500000d6)
	value		500005b8
ARR 50000573 (sz=32, trace=300000, nelems=16, elem type=char[])
OBJ 50000574 (sz=24, trace=300000, class=java.util.BitSet@5000012a)
	words		50000575
ARR 50000575 (sz=32, trace=300000, nelems=4, elem type=long[])
OBJ 50000576 (sz=32, trace=300000, class=java.lang.String@500000d6)
	value		5000057a
ARR 50000577 (sz=24, trace=300000, nelems=1, elem type=java.io.ObjectStreamField[]@500000eb)
	[0]		50000578
OBJ 50000578 (sz=40, trace=300000, class=java.io.ObjectStreamField@500000ea)
	name		50000576
	signature	50000579
	type		50000141
OBJ 50000579 (sz=32, trace=300000, class=java.lang.String@500000d6)
	value		5000057b
ARR 5000057a (sz=8, trace=300000, nelems=4, elem type=char[])
ARR 5000057b (sz=4, trace=300000, nelems=2, elem type=char[])
ARR 5000057c (sz=16, trace=300000, nelems=0, elem type=java.io.ObjectStreamField[]@500000eb)
OBJ 5000057d (sz=32, trace=300000, class=java.lang.String@500000d6)
	value		5000057e
ARR 5000057e (sz=10, trace=300000, nelems=5, elem type=char[])
OBJ 5000057f (sz=32, trace=300000, class=java.lang.String@500000d6)
	value		50000580
ARR 50000580 (sz=8, trace=300000, nelems=4, elem type=char[])
OBJ 50000581 (sz=32, trace=300000, class=java.lang.String@500000d6)
	value		50000586
OBJ 50000582 (sz=32, trace=300000, class=java.lang.String@500000d6)
	value		50000585
ARR 50000583 (sz=1024, trace=300000, nelems=256, elem type=int[])
ARR 50000584 (sz=4, trace=300000, nelems=2, elem type=char[])
ARR 50000585 (sz=1024, trace=300000, nelems=512, elem type=char[])
ARR 50000586 (sz=8, trace=300000, nelems=4, elem type=char[])
OBJ 50000587 (sz=32, trace=300000, class=java.lang.String@500000d6)
	value		50000588
ARR 50000588 (sz=8, trace=300000, nelems=4, elem type=char[])
OBJ 50000589 (sz=32, trace=300000, class=java.lang.String@500000d6)
	value		5000058c
OBJ 5000058a (sz=16, trace=300000, class=java.lang.Boolean@500000fd)
OBJ 5000058b (sz=16, trace=300000, class=java.lang.Boolean@500000fd)
ARR 5000058c (sz=14, trace=300000, nelems=7, elem type=char[])
OBJ 5000058d (sz=32, trace=300000, class=java.lang.String@500000d6)
	value		500005b7
OBJ 5000058e (sz=32, trace=300000, class=java.lang.String@500000d6)
	value		500005b6
OBJ 5000058f (sz=32, trace=300000, class=java.lang.String@500000d6)
	value		50000595
OBJ 50000590 (sz=32, trace=300000, class=java.lang.String@500000d6)
	value		500005b4
OBJ 50000591 (sz=32, trace=300000, class=java.lang.String@500000d6)
	value		500005b3
OBJ 50000592 (sz=32, trace=300000, class=java.lang.String@500000d6)
	value		500005b2
OBJ 50000593 (sz=16, trace=300000, class=java.lang.Object@50000021)
OBJ 50000594 (sz=48, trace=300000, class=java.util.Hashtable@50000060)
	table		50000596
ARR 50000595 (sz=52, trace=300000, nelems=26, elem type=char[])
ARR 50000596 (sz=64, trace=300000, nelems=7, elem type=java.util.Hashtable$Entry[]@500000c7)
	[6]		50000597
OBJ 50000597 (sz=32, trace=300000, class=java.util.Hashtable$Entry@500000c6)
	key		5000055a
	value		50000558
OBJ 50000598 (sz=32, trace=300000, class=java.lang.String@500000d6)
	value		500005b1
OBJ 50000599 (sz=32, trace=300000, class=java.lang.String@500000d6)
	value		500005b0
OBJ 5000059a (sz=32, trace=300000, class=java.lang.String@500000d6)
	value		500005af
OBJ 5000059b (sz=32, trace=300000, class=java.lang.String@500000d6)
	value		500005ae
OBJ 5000059c (sz=32, trace=300000, class=java.lang.String@500000d6)
	value		500005ad
OBJ 5000059d (sz=32, trace=300000, class=java.lang.String@500000d6)
	value		500005ac
OBJ 5000059e (sz=32, trace=300000, class=java.lang.String@500000d6)
	value		500005a8
OBJ 5000059f (sz=32, trace=300000, class=java.lang.String@500000d6)
	value		500005a5
ARR 500005a0 (sz=32, trace=300000, nelems=3, elem type=java.io.ObjectStreamField[]@500000eb)
	[0]		500005a1
	[1]		500005a2
	[2]		500005a3
OBJ 500005a1 (sz=40, trace=300000, class=java.io.ObjectStreamField@500000ea)
	name		50000413
	signature	500005aa
	type		5000013e
OBJ 500005a2 (sz=40, trace=300000, class=java.io.ObjectStreamField@500000ea)
	name		5000059e
	signature	500005a7
	type		500003c1
OBJ 500005a3 (sz=40, trace=300000, class=java.io.ObjectStreamField@500000ea)
	name		5000059f
	signature	500005a4
	type		500003c5
OBJ 500005a4 (sz=32, trace=300000, class=java.lang.String@500000d6)
	value		500005a6
ARR 500005a5 (sz=12, trace=300000, nelems=6, elem type=char[])
ARR 500005a6 (sz=2, trace=300000, nelems=1, elem type=char[])
OBJ 500005a7 (sz=32, trace=300000, class=java.lang.String@500000d6)
	value		500005a9
ARR 500005a8 (sz=10, trace=300000, nelems=5, elem type=char[])
ARR 500005a9 (sz=2, trace=300000, nelems=1, elem type=char[])
OBJ 500005aa (sz=32, trace=300000, class=java.lang.String@500000d6)
	value		500005ab
ARR 500005ab (sz=4, trace=300000, nelems=2, elem type=char[])
ARR 500005ac (sz=2, trace=300000, nelems=1, elem type=char[])
ARR 500005ad (sz=6, trace=300000, nelems=3, elem type=char[])
ARR 500005ae (sz=8, trace=300000, nelems=4, elem type=char[])
ARR 500005af (sz=6, trace=300000, nelems=3, elem type=char[])
ARR 500005b0 (sz=4, trace=300000, nelems=2, elem type=char[])
ARR 500005b1 (sz=4, trace=300000, nelems=2, elem type=char[])
ARR 500005b2 (sz=2, trace=300000, nelems=1, elem type=char[])
ARR 500005b3 (sz=8, trace=300000, nelems=4, elem type=char[])
ARR 500005b4 (sz=40, trace=300000, nelems=20, elem type=char[])
ARR 500005b5 (sz=2, trace=300000, nelems=1, elem type=char[])
ARR 500005b6 (sz=16, trace=300000, nelems=8, elem type=char[])
ARR 500005b7 (sz=2, trace=300000, nelems=1, elem type=char[])
ARR 500005b8 (sz=14, trace=300000, nelems=7, elem type=char[])
ARR 500005b9 (sz=24, trace=300000, nelems=12, elem type=char[])
ARR 500005ba (sz=4, trace=300000, nelems=2, elem type=char[])
ARR 500005bb (sz=14, trace=300000, nelems=7, elem type=char[])
ARR 500005bc (sz=10, trace=300000, nelems=5, elem type=char[])
ARR 500005bd (sz=18, trace=300000, nelems=9, elem type=char[])
ARR 500005be (sz=2, trace=300000, nelems=1, elem type=char[])
ARR 500005bf (sz=16, trace=300000, nelems=8, elem type=char[])
OBJ 500005c0 (sz=32, trace=300000, class=java.lang.String@500000d6)
	value		500005e9
OBJ 500005c1 (sz=32, trace=300000, class=java.lang.String@500000d6)
	value		500005c3
ARR 500005c2 (sz=22, trace=300000, nelems=11, elem type=char[])
ARR 500005c3 (sz=36, trace=300000, nelems=18, elem type=char[])
OBJ 500005c4 (sz=32, trace=300000, class=java.lang.String@500000d6)
	value		500005d0
OBJ 500005c5 (sz=32, trace=300000, class=java.lang.String@500000d6)
	value		500005d6
OBJ 500005c6 (sz=32, trace=300000, class=java.lang.String@500000d6)
	value		500005d5
OBJ 500005c7 (sz=32, trace=300000, class=java.lang.String@500000d6)
	value		500005d2
OBJ 500005c8 (sz=32, trace=300000, class=java.lang.String@500000d6)
	value		500005d4
OBJ 500005c9 (sz=32, trace=300000, class=java.lang.String@500000d6)
	value		500005ce
OBJ 500005ca (sz=32, trace=300000, class=java.lang.String@500000d6)
	value		500005cf
OBJ 500005cb (sz=32, trace=300000, class=java.lang.String@500000d6)
	value		500005d3
OBJ 500005cc (sz=32, trace=300000, class=java.lang.String@500000d6)
	value		500005d1
OBJ 500005cd (sz=32, trace=300000, class=java.lang.String@500000d6)
	value		500005de
ARR 500005ce (sz=8, trace=300000, nelems=4, elem type=char[])
ARR 500005cf (sz=12, trace=300000, nelems=6, elem type=char[])
ARR 500005d0 (sz=18, trace=300000, nelems=9, elem type=char[])
ARR 500005d1 (sz=76, trace=300000, nelems=38, elem type=char[])
ARR 500005d2 (sz=40, trace=300000, nelems=20, elem type=char[])
ARR 500005d3 (sz=42, trace=300000, nelems=21, elem type=char[])
ARR 500005d4 (sz=22, trace=300000, nelems=11, elem type=char[])
ARR 500005d5 (sz=50, trace=300000, nelems=25, elem type=char[])
ARR 500005d6 (sz=32, trace=300000, nelems=16, elem type=char[])
OBJ 500005d7 (sz=32, trace=300000, class=java.lang.String@500000d6)
	value		500005dd
OBJ 500005d8 (sz=32, trace=300000, class=java.lang.String@500000d6)
	value		500005dc
OBJ 500005d9 (sz=32, trace=300000, class=java.lang.String@500000d6)
	value		500005db
ARR 500005da (sz=32, trace=300000, nelems=16, elem type=char[])
ARR 500005db (sz=38, trace=300000, nelems=19, elem type=char[])
ARR 500005dc (sz=48, trace=300000, nelems=24, elem type=char[])
ARR 500005dd (sz=32, trace=300000, nelems=16, elem type=char[])
ARR 500005de (sz=12, trace=300000, nelems=6, elem type=char[])
ARR 500005df (sz=2, trace=300000, nelems=1, elem type=char[])
OBJ 500005e0 (sz=32, trace=300000, class=java.lang.String@500000d6)
	value		500005e3
OBJ 500005e1 (sz=32, trace=300000, class=java.lang.String@500000d6)
	value		500005e6
OBJ 500005e2 (sz=32, trace=300000, class=java.lang.String@500000d6)
	value		500005e4
ARR 500005e3 (sz=26, trace=300000, nelems=13, elem type=char[])
ARR 500005e4 (sz=72, trace=300000, nelems=36, elem type=char[])
OBJ 500005e5 (sz=32, trace=300000, class=java.lang.String@500000d6)
	value		500005e7
ARR 500005e6 (sz=10, trace=300000, nelems=5, elem type=char[])
ARR 500005e7 (sz=42, trace=300000, nelems=21, elem type=char[])
ARR 500005e8 (sz=8, trace=300000, nelems=4, elem type=char[])
ARR 500005e9 (sz=26, trace=300000, nelems=13, elem type=char[])
OBJ 500005ea (sz=32, trace=300000, class=java.lang.String@500000d6)
	value		500005eb
ARR 500005eb (sz=126, trace=300000, nelems=63, elem type=char[])
OBJ 500005ec (sz=32, trace=300000, class=java.lang.String@500000d6)
	value		500005ed
ARR 500005ed (sz=116, trace=300000, nelems=58, elem type=char[])
ARR 500005ee (sz=56, trace=300000, nelems=0, elem type=java.lang.Object[]@50000022)
ARR 500005ef (sz=56, trace=300000, nelems=3, elem type=java.lang.Object[]@50000022)
	[0]		50000181
	[1]		500001a2
	[2]		500001c3
OBJ 500005f0 (sz=24, trace=300000, class=sun.misc.MetaIndex@500000e4)
	contents	500005f5
OBJ 500005f1 (sz=32, trace=300000, class=java.lang.String@500000d6)
	value		500005f2
ARR 500005f2 (sz=6, trace=300000, nelems=3, elem type=char[])
OBJ 500005f3 (sz=32, trace=300000, class=java.lang.String@500000d6)
	value		500005f4
ARR 500005f4 (sz=4, trace=300000, nelems=2, elem type=char[])
ARR 500005f5 (sz=32, trace=300000, nelems=3, elem type=java.lang.String[]@500000d7)
	[0]		500005f6
	[1]		500005f7
	[2]		500005f8
OBJ 500005f6 (sz=32, trace=300000, class=java.lang.String@500000d6)
	value		500005fb
OBJ 500005f7 (sz=32, trace=300000, class=java.lang.String@500000d6)
	value		500005fa
OBJ 500005f8 (sz=32, trace=300000, class=java.lang.String@500000d6)
	value		500005f9
ARR 500005f9 (sz=38, trace=300000, nelems=19, elem type=char[])
ARR 500005fa (sz=40, trace=300000, nelems=20, elem type=char[])
ARR 500005fb (sz=30, trace=300000, nelems=15, elem type=char[])
OBJ 500005fc (sz=32, trace=300000, class=java.lang.String@500000d6)
	value		50000a44
OBJ 500005fd (sz=32, trace=300000, class=java.lang.String@500000d6)
	value		50000a43
OBJ 500005fe (sz=48, trace=300000, class=java.util.HashMap@50000052)
	table		500005ff
ARR 500005ff (sz=80, trace=300000, nelems=9, elem type=java.util.HashMap$Entry[]@500000db)
	[6]		50000600
	[7]		50000601
	[8]		50000602
OBJ 50000600 (sz=32, trace=300000, class=java.util.HashMap$Entry@500000da)
	key		50000610
	value		5000060f
OBJ 50000601 (sz=32, trace=300000, class=java.util.HashMap$Entry@500000da)
	key		5000060c
	value		500005f0
OBJ 50000602 (sz=32, trace=300000, class=java.util.HashMap$Entry@500000da)
	key		50000604
	value		50000603
OBJ 50000603 (sz=24, trace=300000, class=sun.misc.MetaIndex@500000e4)
	contents	50000607
OBJ 50000604 (sz=24, trace=300000, class=java.io.File@50000097)
	path		50000605
OBJ 50000605 (sz=32, trace=300000, class=java.lang.String@500000d6)
	value		50000606
ARR 50000606 (sz=110, trace=300000, nelems=55, elem type=char[])
ARR 50000607 (sz=24, trace=300000, nelems=2, elem type=java.lang.String[]@500000d7)
	[0]		50000608
	[1]		50000609
OBJ 50000608 (sz=32, trace=300000, class=java.lang.String@500000d6)
	value		5000060b
OBJ 50000609 (sz=32, trace=300000, class=java.lang.String@500000d6)
	value		5000060a
ARR 5000060a (sz=14, trace=300000, nelems=7, elem type=char[])
ARR 5000060b (sz=126, trace=300000, nelems=63, elem type=char[])
OBJ 5000060c (sz=24, trace=300000, class=java.io.File@50000097)
	path		5000060d
OBJ 5000060d (sz=32, trace=300000, class=java.lang.String@500000d6)
	value		5000060e
ARR 5000060e (sz=130, trace=300000, nelems=65, elem type=char[])
OBJ 5000060f (sz=24, trace=300000, class=sun.misc.MetaIndex@500000e4)
	contents	50000613
OBJ 50000610 (sz=24, trace=300000, class=java.io.File@50000097)
	path		50000611
OBJ 50000611 (sz=32, trace=300000, class=java.lang.String@500000d6)
	value		50000612
ARR 50000612 (sz=120, trace=300000, nelems=60, elem type=char[])
ARR 50000613 (sz=24, trace=300000, nelems=2, elem type=java.lang.String[]@500000d7)
	[0]		50000614
	[1]		50000615
OBJ 50000614 (sz=32, trace=300000, class=java.lang.String@500000d6)
	value		50000617
OBJ 50000615 (sz=32, trace=300000, class=java.lang.String@500000d6)
	value		50000616
ARR 50000616 (sz=16, trace=300000, nelems=8, elem type=char[])
ARR 50000617 (sz=16, trace=300000, nelems=8, elem type=char[])
OBJ 50000618 (sz=32, trace=300000, class=java.lang.String@500000d6)
	value		5000061e
OBJ 50000619 (sz=32, trace=300000, class=java.lang.String@500000d6)
	value		5000061f
OBJ 5000061a (sz=32, trace=300000, class=java.lang.String@500000d6)
	value		50000620
OBJ 5000061b (sz=16, trace=300000, class=java.nio.charset.CodingErrorAction@50000010)
	name		5000061a
OBJ 5000061c (sz=16, trace=300000, class=java.nio.charset.CodingErrorAction@50000010)
	name		50000619
OBJ 5000061d (sz=16, trace=300000, class=java.nio.charset.CodingErrorAction@50000010)
	name		50000618
ARR 5000061e (sz=12, trace=300000, nelems=6, elem type=char[])
ARR 5000061f (sz=14, trace=300000, nelems=7, elem type=char[])
ARR 50000620 (sz=12, trace=300000, nelems=6, elem type=char[])
OBJ 50000621 (sz=32, trace=300000, class=java.lang.String@500000d6)
	value		5000062b
OBJ 50000622 (sz=32, trace=300000, class=java.lang.String@500000d6)
	value		5000062c
OBJ 50000623 (sz=32, trace=300000, class=java.lang.String@500000d6)
	value		5000062d
OBJ 50000624 (sz=32, trace=300000, class=java.lang.String@500000d6)
	value		5000062a
OBJ 50000625 (sz=16, trace=300000, class=java.nio.charset.CoderResult$2@50000061)
OBJ 50000626 (sz=16, trace=300000, class=java.nio.charset.CoderResult$1@50000072)
OBJ 50000627 (sz=24, trace=300000, class=java.nio.charset.CoderResult@50000004)
OBJ 50000628 (sz=24, trace=300000, class=java.nio.charset.CoderResult@50000004)
ARR 50000629 (sz=32, trace=300000, nelems=4, elem type=java.lang.String[]@500000d7)
	[0]		50000623
	[1]		50000622
	[2]		50000621
	[3]		50000624
ARR 5000062a (sz=20, trace=300000, nelems=10, elem type=char[])
ARR 5000062b (sz=18, trace=300000, nelems=9, elem type=char[])
ARR 5000062c (sz=16, trace=300000, nelems=8, elem type=char[])
ARR 5000062d (sz=18, trace=300000, nelems=9, elem type=char[])
OBJ 5000062e (sz=32, trace=300000, class=java.lang.String@500000d6)
	value		50000a38
OBJ 5000062f (sz=32, trace=300000, class=java.lang.String@500000d6)
	value		50000637
OBJ 50000630 (sz=32, trace=300000, class=java.lang.String@500000d6)
	value		50000636
OBJ 50000631 (sz=32, trace=300000, class=java.lang.String@500000d6)
	value		50000635
OBJ 50000632 (sz=32, trace=300000, class=java.lang.String@500000d6)
	value		50000638
OBJ 50000633 (sz=32, trace=300000, class=java.lang.String@500000d6)
	value		50000a42
ARR 50000634 (sz=32, trace=300000, nelems=4, elem type=java.lang.String[]@500000d7)
	[0]		50000632
	[1]		5000062f
	[2]		50000630
	[3]		50000631
ARR 50000635 (sz=14, trace=300000, nelems=7, elem type=char[])
ARR 50000636 (sz=20, trace=300000, nelems=10, elem type=char[])
ARR 50000637 (sz=12, trace=300000, nelems=6, elem type=char[])
ARR 50000638 (sz=10, trace=300000, nelems=5, elem type=char[])
OBJ 50000639 (sz=32, trace=300000, class=java.lang.String@500000d6)
	value		50000a41
OBJ 5000063a (sz=32, trace=300000, class=java.lang.String@500000d6)
	value		50000a40
OBJ 5000063b (sz=24, trace=300000, class=sun.nio.cs.MS1252@50000049)
	name		500006de
	aliases		50000987
OBJ 5000063c (sz=16, trace=300000, class=java.lang.Object@50000021)
OBJ 5000063d (sz=16, trace=300000, class=java.lang.ThreadLocal@500000d8)
ARR 5000063e (sz=24, trace=300000, nelems=2, elem type=java.lang.Object[]@50000022)
	[0]		500006de
	[1]		5000063b
ARR 5000063f (sz=24, trace=300000, nelems=2, elem type=java.lang.Object[]@50000022)
	[0]		50000a3e
	[1]		5000063b
OBJ 50000640 (sz=32, trace=300000, class=sun.nio.cs.StandardCharsets@5000010f)
	classMap	50000644
	aliasMap	50000643
	cache		50000642
	packagePrefix	50000641
OBJ 50000641 (sz=32, trace=300000, class=java.lang.String@500000d6)
	value		50000a2d
OBJ 50000642 (sz=40, trace=300000, class=sun.nio.cs.StandardCharsets$Cache@50000132)
	ht		50000963
OBJ 50000643 (sz=40, trace=300000, class=sun.nio.cs.StandardCharsets$Aliases@5000012d)
	ht		50000704
OBJ 50000644 (sz=40, trace=300000, class=sun.nio.cs.StandardCharsets$Classes@5000001b)
	ht		50000645
ARR 50000645 (sz=144, trace=300000, nelems=32, elem type=java.lang.Object[]@50000022)
	[0]		50000646
	[2]		50000647
	[3]		50000648
	[4]		50000649
	[5]		5000064a
	[6]		5000064b
	[7]		5000064c
	[8]		5000064d
	[9]		5000064e
	[10]		5000064f
	[11]		50000650
	[12]		50000651
	[14]		50000652
	[15]		50000653
	[16]		50000654
	[17]		50000655
	[18]		50000656
	[19]		50000657
	[22]		50000658
	[24]		50000659
	[28]		5000065a
	[29]		5000065b
	[31]		5000065c
ARR 50000646 (sz=24, trace=300000, nelems=2, elem type=java.lang.Object[]@50000022)
	[0]		50000700
	[1]		50000701
ARR 50000647 (sz=32, trace=300000, nelems=3, elem type=java.lang.Object[]@50000022)
	[0]		500006f2
	[1]		500006f3
	[2]		500006f4
ARR 50000648 (sz=32, trace=300000, nelems=3, elem type=java.lang.Object[]@50000022)
	[0]		500006e9
	[1]		500006ea
	[2]		500006eb
ARR 50000649 (sz=32, trace=300000, nelems=3, elem type=java.lang.Object[]@50000022)
	[0]		500006db
	[1]		500006dc
	[2]		500006dd
ARR 5000064a (sz=32, trace=300000, nelems=3, elem type=java.lang.Object[]@50000022)
	[0]		500006d2
	[1]		500006d3
	[2]		500006d4
ARR 5000064b (sz=24, trace=300000, nelems=2, elem type=java.lang.Object[]@50000022)
	[0]		500006ce
	[1]		500006cf
ARR 5000064c (sz=24, trace=300000, nelems=2, elem type=java.lang.Object[]@50000022)
	[0]		500006ca
	[1]		500006cb
ARR 5000064d (sz=32, trace=300000, nelems=3, elem type=java.lang.Object[]@50000022)
	[0]		500006c1
	[1]		500006c2
	[2]		500006c3
ARR 5000064e (sz=32, trace=300000, nelems=3, elem type=java.lang.Object[]@50000022)
	[0]		500006b8
	[1]		500006b9
	[2]		500006ba
ARR 5000064f (sz=24, trace=300000, nelems=2, elem type=java.lang.Object[]@50000022)
	[0]		500006b4
	[1]		500006b5
ARR 50000650 (sz=32, trace=300000, nelems=3, elem type=java.lang.Object[]@50000022)
	[0]		500006ab
	[1]		500006ac
	[2]		500006ad
ARR 50000651 (sz=24, trace=300000, nelems=2, elem type=java.lang.Object[]@50000022)
	[0]		500006a7
	[1]		500006a8
ARR 50000652 (sz=24, trace=300000, nelems=2, elem type=java.lang.Object[]@50000022)
	[0]		500006a3
	[1]		500006a4
ARR 50000653 (sz=24, trace=300000, nelems=2, elem type=java.lang.Object[]@50000022)
	[0]		5000069f
	[1]		500006a0
ARR 50000654 (sz=32, trace=300000, nelems=3, elem type=java.lang.Object[]@50000022)
	[0]		50000696
	[1]		50000697
	[2]		50000698
ARR 50000655 (sz=32, trace=300000, nelems=3, elem type=java.lang.Object[]@50000022)
	[0]		5000068d
	[1]		5000068e
	[2]		5000068f
ARR 50000656 (sz=32, trace=300000, nelems=3, elem type=java.lang.Object[]@50000022)
	[0]		5000067f
	[1]		50000680
	[2]		50000681
ARR 50000657 (sz=32, trace=300000, nelems=3, elem type=java.lang.Object[]@50000022)
	[0]		50000671
	[1]		50000672
	[2]		50000673
ARR 50000658 (sz=24, trace=300000, nelems=2, elem type=java.lang.Object[]@50000022)
	[0]		5000066d
	[1]		5000066e
ARR 50000659 (sz=24, trace=300000, nelems=2, elem type=java.lang.Object[]@50000022)
	[0]		50000669
	[1]		5000066a
ARR 5000065a (sz=24, trace=300000, nelems=2, elem type=java.lang.Object[]@50000022)
	[0]		50000665
	[1]		50000666
ARR 5000065b (sz=24, trace=300000, nelems=2, elem type=java.lang.Object[]@50000022)
	[0]		50000661
	[1]		50000662
ARR 5000065c (sz=24, trace=300000, nelems=2, elem type=java.lang.Object[]@50000022)
	[0]		5000065d
	[1]		5000065e
OBJ 5000065d (sz=32, trace=300000, class=java.lang.String@500000d6)
	value		50000660
OBJ 5000065e (sz=32, trace=300000, class=java.lang.String@500000d6)
	value		5000065f
ARR 5000065f (sz=16, trace=300000, nelems=8, elem type=char[])
ARR 50000660 (sz=16, trace=300000, nelems=8, elem type=char[])
OBJ 50000661 (sz=32, trace=300000, class=java.lang.String@500000d6)
	value		50000664
OBJ 50000662 (sz=32, trace=300000, class=java.lang.String@500000d6)
	value		50000663
ARR 50000663 (sz=12, trace=300000, nelems=6, elem type=char[])
ARR 50000664 (sz=12, trace=300000, nelems=6, elem type=char[])
OBJ 50000665 (sz=32, trace=300000, class=java.lang.String@500000d6)
	value		50000668
OBJ 50000666 (sz=32, trace=300000, class=java.lang.String@500000d6)
	value		50000667
ARR 50000667 (sz=12, trace=300000, nelems=6, elem type=char[])
ARR 50000668 (sz=12, trace=300000, nelems=6, elem type=char[])
OBJ 50000669 (sz=32, trace=300000, class=java.lang.String@500000d6)
	value		5000066c
OBJ 5000066a (sz=32, trace=300000, class=java.lang.String@500000d6)
	value		5000066b
ARR 5000066b (sz=24, trace=300000, nelems=12, elem type=char[])
ARR 5000066c (sz=28, trace=300000, nelems=14, elem type=char[])
OBJ 5000066d (sz=32, trace=300000, class=java.lang.String@500000d6)
	value		50000670
OBJ 5000066e (sz=32, trace=300000, class=java.lang.String@500000d6)
	value		5000066f
ARR 5000066f (sz=24, trace=300000, nelems=12, elem type=char[])
ARR 50000670 (sz=28, trace=300000, nelems=14, elem type=char[])
OBJ 50000671 (sz=32, trace=300000, class=java.lang.String@500000d6)
	value		5000067e
OBJ 50000672 (sz=32, trace=300000, class=java.lang.String@500000d6)
	value		5000067d
ARR 50000673 (sz=32, trace=300000, nelems=3, elem type=java.lang.Object[]@50000022)
	[0]		50000674
	[1]		50000675
	[2]		50000676
OBJ 50000674 (sz=32, trace=300000, class=java.lang.String@500000d6)
	value		5000067c
OBJ 50000675 (sz=32, trace=300000, class=java.lang.String@500000d6)
	value		5000067b
ARR 50000676 (sz=24, trace=300000, nelems=2, elem type=java.lang.Object[]@50000022)
	[0]		50000677
	[1]		50000678
OBJ 50000677 (sz=32, trace=300000, class=java.lang.String@500000d6)
	value		5000067a
OBJ 50000678 (sz=32, trace=300000, class=java.lang.String@500000d6)
	value		50000679
ARR 50000679 (sz=24, trace=300000, nelems=12, elem type=char[])
ARR 5000067a (sz=28, trace=300000, nelems=14, elem type=char[])
ARR 5000067b (sz=12, trace=300000, nelems=6, elem type=char[])
ARR 5000067c (sz=12, trace=300000, nelems=6, elem type=char[])
ARR 5000067d (sz=12, trace=300000, nelems=6, elem type=char[])
ARR 5000067e (sz=16, trace=300000, nelems=8, elem type=char[])
OBJ 5000067f (sz=32, trace=300000, class=java.lang.String@500000d6)
	value		5000068c
OBJ 50000680 (sz=32, trace=300000, class=java.lang.String@500000d6)
	value		5000068b
ARR 50000681 (sz=32, trace=300000, nelems=3, elem type=java.lang.Object[]@50000022)
	[0]		50000682
	[1]		50000683
	[2]		50000684
OBJ 50000682 (sz=32, trace=300000, class=java.lang.String@500000d6)
	value		5000068a
OBJ 50000683 (sz=32, trace=300000, class=java.lang.String@500000d6)
	value		50000689
ARR 50000684 (sz=24, trace=300000, nelems=2, elem type=java.lang.Object[]@50000022)
	[0]		50000685
	[1]		50000686
OBJ 50000685 (sz=32, trace=300000, class=java.lang.String@500000d6)
	value		50000688
OBJ 50000686 (sz=32, trace=300000, class=java.lang.String@500000d6)
	value		50000687
ARR 50000687 (sz=22, trace=300000, nelems=11, elem type=char[])
ARR 50000688 (sz=22, trace=300000, nelems=11, elem type=char[])
ARR 50000689 (sz=12, trace=300000, nelems=6, elem type=char[])
ARR 5000068a (sz=12, trace=300000, nelems=6, elem type=char[])
ARR 5000068b (sz=12, trace=300000, nelems=6, elem type=char[])
ARR 5000068c (sz=12, trace=300000, nelems=6, elem type=char[])
OBJ 5000068d (sz=32, trace=300000, class=java.lang.String@500000d6)
	value		50000695
OBJ 5000068e (sz=32, trace=300000, class=java.lang.String@500000d6)
	value		50000694
ARR 5000068f (sz=24, trace=300000, nelems=2, elem type=java.lang.Object[]@50000022)
	[0]		50000690
	[1]		50000691
OBJ 50000690 (sz=32, trace=300000, class=java.lang.String@500000d6)
	value		50000693
OBJ 50000691 (sz=32, trace=300000, class=java.lang.String@500000d6)
	value		50000692
ARR 50000692 (sz=16, trace=300000, nelems=8, elem type=char[])
ARR 50000693 (sz=16, trace=300000, nelems=8, elem type=char[])
ARR 50000694 (sz=22, trace=300000, nelems=11, elem type=char[])
ARR 50000695 (sz=22, trace=300000, nelems=11, elem type=char[])
OBJ 50000696 (sz=32, trace=300000, class=java.lang.String@500000d6)
	value		5000069e
OBJ 50000697 (sz=32, trace=300000, class=java.lang.String@500000d6)
	value		5000069d
ARR 50000698 (sz=24, trace=300000, nelems=2, elem type=java.lang.Object[]@50000022)
	[0]		50000699
	[1]		5000069a
OBJ 50000699 (sz=32, trace=300000, class=java.lang.String@500000d6)
	value		5000069c
OBJ 5000069a (sz=32, trace=300000, class=java.lang.String@500000d6)
	value		5000069b
ARR 5000069b (sz=12, trace=300000, nelems=6, elem type=char[])
ARR 5000069c (sz=12, trace=300000, nelems=6, elem type=char[])
ARR 5000069d (sz=12, trace=300000, nelems=6, elem type=char[])
ARR 5000069e (sz=12, trace=300000, nelems=6, elem type=char[])
OBJ 5000069f (sz=32, trace=300000, class=java.lang.String@500000d6)
	value		500006a2
OBJ 500006a0 (sz=32, trace=300000, class=java.lang.String@500000d6)
	value		500006a1
ARR 500006a1 (sz=12, trace=300000, nelems=6, elem type=char[])
ARR 500006a2 (sz=12, trace=300000, nelems=6, elem type=char[])
OBJ 500006a3 (sz=32, trace=300000, class=java.lang.String@500000d6)
	value		500006a6
OBJ 500006a4 (sz=32, trace=300000, class=java.lang.String@500000d6)
	value		500006a5
ARR 500006a5 (sz=12, trace=300000, nelems=6, elem type=char[])
ARR 500006a6 (sz=16, trace=300000, nelems=8, elem type=char[])
OBJ 500006a7 (sz=32, trace=300000, class=java.lang.String@500000d6)
	value		500006aa
OBJ 500006a8 (sz=32, trace=300000, class=java.lang.String@500000d6)
	value		500006a9
ARR 500006a9 (sz=20, trace=300000, nelems=10, elem type=char[])
ARR 500006aa (sz=20, trace=300000, nelems=10, elem type=char[])
OBJ 500006ab (sz=32, trace=300000, class=java.lang.String@500000d6)
	value		500006b3
OBJ 500006ac (sz=32, trace=300000, class=java.lang.String@500000d6)
	value		500006b2
ARR 500006ad (sz=24, trace=300000, nelems=2, elem type=java.lang.Object[]@50000022)
	[0]		500006ae
	[1]		500006af
OBJ 500006ae (sz=32, trace=300000, class=java.lang.String@500000d6)
	value		500006b1
OBJ 500006af (sz=32, trace=300000, class=java.lang.String@500000d6)
	value		500006b0
ARR 500006b0 (sz=20, trace=300000, nelems=10, elem type=char[])
ARR 500006b1 (sz=20, trace=300000, nelems=10, elem type=char[])
ARR 500006b2 (sz=12, trace=300000, nelems=6, elem type=char[])
ARR 500006b3 (sz=16, trace=300000, nelems=8, elem type=char[])
OBJ 500006b4 (sz=32, trace=300000, class=java.lang.String@500000d6)
	value		500006b7
OBJ 500006b5 (sz=32, trace=300000, class=java.lang.String@500000d6)
	value		500006b6
ARR 500006b6 (sz=20, trace=300000, nelems=10, elem type=char[])
ARR 500006b7 (sz=20, trace=300000, nelems=10, elem type=char[])
OBJ 500006b8 (sz=32, trace=300000, class=java.lang.String@500000d6)
	value		500006c0
OBJ 500006b9 (sz=32, trace=300000, class=java.lang.String@500000d6)
	value		500006bf
ARR 500006ba (sz=24, trace=300000, nelems=2, elem type=java.lang.Object[]@50000022)
	[0]		500006bb
	[1]		500006bc
OBJ 500006bb (sz=32, trace=300000, class=java.lang.String@500000d6)
	value		500006be
OBJ 500006bc (sz=32, trace=300000, class=java.lang.String@500000d6)
	value		500006bd
ARR 500006bd (sz=10, trace=300000, nelems=5, elem type=char[])
ARR 500006be (sz=10, trace=300000, nelems=5, elem type=char[])
ARR 500006bf (sz=20, trace=300000, nelems=10, elem type=char[])
ARR 500006c0 (sz=20, trace=300000, nelems=10, elem type=char[])
OBJ 500006c1 (sz=32, trace=300000, class=java.lang.String@500000d6)
	value		500006c9
OBJ 500006c2 (sz=32, trace=300000, class=java.lang.String@500000d6)
	value		500006c8
ARR 500006c3 (sz=24, trace=300000, nelems=2, elem type=java.lang.Object[]@50000022)
	[0]		500006c4
	[1]		500006c5
OBJ 500006c4 (sz=32, trace=300000, class=java.lang.String@500000d6)
	value		500006c7
OBJ 500006c5 (sz=32, trace=300000, class=java.lang.String@500000d6)
	value		500006c6
ARR 500006c6 (sz=20, trace=300000, nelems=10, elem type=char[])
ARR 500006c7 (sz=20, trace=300000, nelems=10, elem type=char[])
ARR 500006c8 (sz=20, trace=300000, nelems=10, elem type=char[])
ARR 500006c9 (sz=20, trace=300000, nelems=10, elem type=char[])
OBJ 500006ca (sz=32, trace=300000, class=java.lang.String@500000d6)
	value		500006cd
OBJ 500006cb (sz=32, trace=300000, class=java.lang.String@500000d6)
	value		500006cc
ARR 500006cc (sz=16, trace=300000, nelems=8, elem type=char[])
ARR 500006cd (sz=16, trace=300000, nelems=8, elem type=char[])
OBJ 500006ce (sz=32, trace=300000, class=java.lang.String@500000d6)
	value		500006d1
OBJ 500006cf (sz=32, trace=300000, class=java.lang.String@500000d6)
	value		500006d0
ARR 500006d0 (sz=12, trace=300000, nelems=6, elem type=char[])
ARR 500006d1 (sz=24, trace=300000, nelems=12, elem type=char[])
OBJ 500006d2 (sz=32, trace=300000, class=java.lang.String@500000d6)
	value		500006da
OBJ 500006d3 (sz=32, trace=300000, class=java.lang.String@500000d6)
	value		500006d9
ARR 500006d4 (sz=24, trace=300000, nelems=2, elem type=java.lang.Object[]@50000022)
	[0]		500006d5
	[1]		500006d6
OBJ 500006d5 (sz=32, trace=300000, class=java.lang.String@500000d6)
	value		500006d8
OBJ 500006d6 (sz=32, trace=300000, class=java.lang.String@500000d6)
	value		500006d7
ARR 500006d7 (sz=12, trace=300000, nelems=6, elem type=char[])
ARR 500006d8 (sz=12, trace=300000, nelems=6, elem type=char[])
ARR 500006d9 (sz=12, trace=300000, nelems=6, elem type=char[])
ARR 500006da (sz=24, trace=300000, nelems=12, elem type=char[])
OBJ 500006db (sz=32, trace=300000, class=java.lang.String@500000d6)
	value		500006e8
OBJ 500006dc (sz=32, trace=300000, class=java.lang.String@500000d6)
	value		500006e7
ARR 500006dd (sz=32, trace=300000, nelems=3, elem type=java.lang.Object[]@50000022)
	[0]		500006de
	[1]		500006df
	[2]		500006e0
OBJ 500006de (sz=32, trace=300000, class=java.lang.String@500000d6)
	value		500006e6
OBJ 500006df (sz=32, trace=300000, class=java.lang.String@500000d6)
	value		500006e5
ARR 500006e0 (sz=24, trace=300000, nelems=2, elem type=java.lang.Object[]@50000022)
	[0]		500006e1
	[1]		500006e2
OBJ 500006e1 (sz=32, trace=300000, class=java.lang.String@500000d6)
	value		500006e4
OBJ 500006e2 (sz=32, trace=300000, class=java.lang.String@500000d6)
	value		500006e3
ARR 500006e3 (sz=16, trace=300000, nelems=8, elem type=char[])
ARR 500006e4 (sz=16, trace=300000, nelems=8, elem type=char[])
ARR 500006e5 (sz=12, trace=300000, nelems=6, elem type=char[])
ARR 500006e6 (sz=24, trace=300000, nelems=12, elem type=char[])
ARR 500006e7 (sz=12, trace=300000, nelems=6, elem type=char[])
ARR 500006e8 (sz=24, trace=300000, nelems=12, elem type=char[])
OBJ 500006e9 (sz=32, trace=300000, class=java.lang.String@500000d6)
	value		500006f1
OBJ 500006ea (sz=32, trace=300000, class=java.lang.String@500000d6)
	value		500006f0
ARR 500006eb (sz=24, trace=300000, nelems=2, elem type=java.lang.Object[]@50000022)
	[0]		500006ec
	[1]		500006ed
OBJ 500006ec (sz=32, trace=300000, class=java.lang.String@500000d6)
	value		500006ef
OBJ 500006ed (sz=32, trace=300000, class=java.lang.String@500000d6)
	value		500006ee
ARR 500006ee (sz=12, trace=300000, nelems=6, elem type=char[])
ARR 500006ef (sz=24, trace=300000, nelems=12, elem type=char[])
ARR 500006f0 (sz=12, trace=300000, nelems=6, elem type=char[])
ARR 500006f1 (sz=24, trace=300000, nelems=12, elem type=char[])
OBJ 500006f2 (sz=32, trace=300000, class=java.lang.String@500000d6)
	value		500006ff
OBJ 500006f3 (sz=32, trace=300000, class=java.lang.String@500000d6)
	value		500006fe
ARR 500006f4 (sz=32, trace=300000, nelems=3, elem type=java.lang.Object[]@50000022)
	[0]		500006f5
	[1]		500006f6
	[2]		500006f7
OBJ 500006f5 (sz=32, trace=300000, class=java.lang.String@500000d6)
	value		500006fd
OBJ 500006f6 (sz=32, trace=300000, class=java.lang.String@500000d6)
	value		500006fc
ARR 500006f7 (sz=24, trace=300000, nelems=2, elem type=java.lang.Object[]@50000022)
	[0]		500006f8
	[1]		500006f9
OBJ 500006f8 (sz=32, trace=300000, class=java.lang.String@500000d6)
	value		500006fb
OBJ 500006f9 (sz=32, trace=300000, class=java.lang.String@500000d6)
	value		500006fa
ARR 500006fa (sz=16, trace=300000, nelems=8, elem type=char[])
ARR 500006fb (sz=16, trace=300000, nelems=8, elem type=char[])
ARR 500006fc (sz=12, trace=300000, nelems=6, elem type=char[])
ARR 500006fd (sz=12, trace=300000, nelems=6, elem type=char[])
ARR 500006fe (sz=12, trace=300000, nelems=6, elem type=char[])
ARR 500006ff (sz=12, trace=300000, nelems=6, elem type=char[])
OBJ 50000700 (sz=32, trace=300000, class=java.lang.String@500000d6)
	value		50000703
OBJ 50000701 (sz=32, trace=300000, class=java.lang.String@500000d6)
	value		50000702
ARR 50000702 (sz=12, trace=300000, nelems=6, elem type=char[])
ARR 50000703 (sz=12, trace=300000, nelems=6, elem type=char[])
ARR 50000704 (sz=4112, trace=300000, nelems=1016, elem type=java.lang.Object[]@50000022)
	[1]		50000705
	[2]		50000706
	[3]		50000707
	[5]		50000708
	[6]		50000709
	[10]		5000070a
	[19]		5000070b
	[24]		5000070c
	[25]		5000070d
	[26]		5000070e
	[28]		5000070f
	[29]		50000710
	[55]		50000711
	[58]		50000712
	[86]		50000713
	[87]		50000714
	[89]		50000715
	[90]		50000716
	[92]		50000717
	[94]		50000718
	[95]		50000719
	[96]		5000071a
	[106]		5000071b
	[121]		5000071c
	[125]		5000071d
	[134]		5000071e
	[137]		5000071f
	[141]		50000720
	[143]		50000721
	[144]		50000722
	[170]		50000723
	[173]		50000724
	[177]		50000725
	[192]		50000726
	[199]		50000727
	[205]		50000728
	[211]		50000729
	[213]		5000072a
	[216]		5000072b
	[218]		5000072c
	[219]		5000072d
	[225]		5000072e
	[244]		5000072f
	[248]		50000730
	[253]		50000731
	[254]		50000732
	[259]		50000733
	[269]		50000734
	[277]		50000735
	[280]		50000736
	[283]		50000737
	[284]		50000738
	[286]		50000739
	[287]		5000073a
	[289]		5000073b
	[291]		5000073c
	[294]		5000073d
	[296]		5000073e
	[297]		5000073f
	[305]		50000740
	[307]		50000741
	[312]		50000742
	[321]		50000743
	[323]		50000744
	[324]		50000745
	[325]		50000746
	[326]		50000747
	[327]		50000748
	[328]		50000749
	[329]		5000074a
	[331]		5000074b
	[333]		5000074c
	[334]		5000074d
	[336]		5000074e
	[339]		5000074f
	[341]		50000750
	[345]		50000751
	[350]		50000752
	[353]		50000753
	[358]		50000754
	[359]		50000755
	[363]		50000756
	[364]		50000757
	[378]		50000758
	[385]		50000759
	[391]		5000075a
	[392]		5000075b
	[405]		5000075c
	[406]		5000075d
	[408]		5000075e
	[421]		5000075f
	[428]		50000760
	[429]		50000761
	[430]		50000762
	[432]		50000763
	[433]		50000764
	[436]		50000765
	[437]		50000766
	[438]		50000767
	[443]		50000768
	[456]		50000769
	[473]		5000076a
	[479]		5000076b
	[481]		5000076c
	[484]		5000076d
	[486]		5000076e
	[487]		5000076f
	[502]		50000770
	[506]		50000771
	[508]		50000772
	[511]		50000773
	[512]		50000774
	[513]		50000775
	[514]		50000776
	[516]		50000777
	[520]		50000778
	[523]		50000779
	[524]		5000077a
	[533]		5000077b
	[537]		5000077c
	[539]		5000077d
	[543]		5000077e
	[545]		5000077f
	[563]		50000780
	[572]		50000781
	[573]		50000782
	[577]		50000783
	[582]		50000784
	[588]		50000785
	[593]		50000786
	[598]		50000787
	[609]		50000788
	[617]		50000789
	[618]		5000078a
	[619]		5000078b
	[620]		5000078c
	[621]		5000078d
	[624]		5000078e
	[628]		5000078f
	[632]		50000790
	[634]		50000791
	[635]		50000792
	[636]		50000793
	[654]		50000794
	[669]		50000795
	[670]		50000796
	[671]		50000797
	[676]		50000798
	[679]		50000799
	[686]		5000079a
	[703]		5000079b
	[710]		5000079c
	[712]		5000079d
	[732]		5000079e
	[733]		5000079f
	[768]		500007a0
	[774]		500007a1
	[781]		500007a2
	[782]		500007a3
	[783]		500007a4
	[784]		500007a5
	[785]		500007a6
	[787]		500007a7
	[789]		500007a8
	[813]		500007a9
	[818]		500007aa
	[832]		500007ab
	[834]		500007ac
	[835]		500007ad
	[836]		500007ae
	[837]		500007af
	[838]		500007b0
	[840]		500007b1
	[842]		500007b2
	[843]		500007b3
	[846]		500007b4
	[849]		500007b5
	[881]		500007b6
	[896]		500007b7
	[909]		500007b8
	[910]		500007b9
	[911]		500007ba
	[912]		500007bb
	[925]		500007bc
	[934]		500007bd
	[937]		500007be
	[944]		500007bf
	[957]		500007c0
	[993]		500007c1
	[1009]		500007c2
	[1015]		500007c3
ARR 50000705 (sz=24, trace=300000, nelems=2, elem type=java.lang.Object[]@50000022)
	[0]		50000961
	[1]		50000685
ARR 50000706 (sz=24, trace=300000, nelems=2, elem type=java.lang.Object[]@50000022)
	[0]		5000095f
	[1]		500006c4
ARR 50000707 (sz=24, trace=300000, nelems=2, elem type=java.lang.Object[]@50000022)
	[0]		5000095d
	[1]		500006c1
ARR 50000708 (sz=24, trace=300000, nelems=2, elem type=java.lang.Object[]@50000022)
	[0]		5000095b
	[1]		500006b8
ARR 50000709 (sz=24, trace=300000, nelems=2, elem type=java.lang.Object[]@50000022)
	[0]		50000959
	[1]		500006a7
ARR 5000070a (sz=24, trace=300000, nelems=2, elem type=java.lang.Object[]@50000022)
	[0]		50000957
	[1]		50000685
ARR 5000070b (sz=24, trace=300000, nelems=2, elem type=java.lang.Object[]@50000022)
	[0]		50000955
	[1]		5000066d
ARR 5000070c (sz=24, trace=300000, nelems=2, elem type=java.lang.Object[]@50000022)
	[0]		50000953
	[1]		50000690
ARR 5000070d (sz=24, trace=300000, nelems=2, elem type=java.lang.Object[]@50000022)
	[0]		50000951
	[1]		500006ae
ARR 5000070e (sz=24, trace=300000, nelems=2, elem type=java.lang.Object[]@50000022)
	[0]		5000094f
	[1]		500006c1
ARR 5000070f (sz=24, trace=300000, nelems=2, elem type=java.lang.Object[]@50000022)
	[0]		5000094d
	[1]		500006b8
ARR 50000710 (sz=24, trace=300000, nelems=2, elem type=java.lang.Object[]@50000022)
	[0]		5000094b
	[1]		500006b4
ARR 50000711 (sz=24, trace=300000, nelems=2, elem type=java.lang.Object[]@50000022)
	[0]		50000949
	[1]		500006a7
ARR 50000712 (sz=24, trace=300000, nelems=2, elem type=java.lang.Object[]@50000022)
	[0]		50000947
	[1]		50000685
ARR 50000713 (sz=32, trace=300000, nelems=3, elem type=java.lang.Object[]@50000022)
	[0]		50000942
	[1]		500006b4
	[2]		50000943
ARR 50000714 (sz=24, trace=300000, nelems=2, elem type=java.lang.Object[]@50000022)
	[0]		50000940
	[1]		500006c1
ARR 50000715 (sz=24, trace=300000, nelems=2, elem type=java.lang.Object[]@50000022)
	[0]		5000093e
	[1]		500006b8
ARR 50000716 (sz=32, trace=300000, nelems=3, elem type=java.lang.Object[]@50000022)
	[0]		50000939
	[1]		500006ae
	[2]		5000093a
ARR 50000717 (sz=24, trace=300000, nelems=2, elem type=java.lang.Object[]@50000022)
	[0]		50000937
	[1]		500006ae
ARR 50000718 (sz=24, trace=300000, nelems=2, elem type=java.lang.Object[]@50000022)
	[0]		50000935
	[1]		500006a7
ARR 50000719 (sz=24, trace=300000, nelems=2, elem type=java.lang.Object[]@50000022)
	[0]		50000933
	[1]		500006c4
ARR 5000071a (sz=24, trace=300000, nelems=2, elem type=java.lang.Object[]@50000022)
	[0]		50000931
	[1]		500006c4
ARR 5000071b (sz=24, trace=300000, nelems=2, elem type=java.lang.Object[]@50000022)
	[0]		5000092f
	[1]		500006bb
ARR 5000071c (sz=24, trace=300000, nelems=2, elem type=java.lang.Object[]@50000022)
	[0]		5000092d
	[1]		500006f8
ARR 5000071d (sz=24, trace=300000, nelems=2, elem type=java.lang.Object[]@50000022)
	[0]		5000092b
	[1]		500006ae
ARR 5000071e (sz=24, trace=300000, nelems=2, elem type=java.lang.Object[]@50000022)
	[0]		50000929
	[1]		50000665
ARR 5000071f (sz=24, trace=300000, nelems=2, elem type=java.lang.Object[]@50000022)
	[0]		50000927
	[1]		50000661
ARR 50000720 (sz=24, trace=300000, nelems=2, elem type=java.lang.Object[]@50000022)
	[0]		50000925
	[1]		500006c1
ARR 50000721 (sz=24, trace=300000, nelems=2, elem type=java.lang.Object[]@50000022)
	[0]		50000923
	[1]		500006b8
ARR 50000722 (sz=24, trace=300000, nelems=2, elem type=java.lang.Object[]@50000022)
	[0]		50000921
	[1]		500006b4
ARR 50000723 (sz=24, trace=300000, nelems=2, elem type=java.lang.Object[]@50000022)
	[0]		5000091f
	[1]		500006a7
ARR 50000724 (sz=24, trace=300000, nelems=2, elem type=java.lang.Object[]@50000022)
	[0]		5000091d
	[1]		50000685
ARR 50000725 (sz=24, trace=300000, nelems=2, elem type=java.lang.Object[]@50000022)
	[0]		5000091b
	[1]		50000677
ARR 50000726 (sz=24, trace=300000, nelems=2, elem type=java.lang.Object[]@50000022)
	[0]		50000919
	[1]		500006ca
ARR 50000727 (sz=32, trace=300000, nelems=3, elem type=java.lang.Object[]@50000022)
	[0]		50000914
	[1]		50000682
	[2]		50000915
ARR 50000728 (sz=24, trace=300000, nelems=2, elem type=java.lang.Object[]@50000022)
	[0]		50000912
	[1]		500006ae
ARR 50000729 (sz=32, trace=300000, nelems=3, elem type=java.lang.Object[]@50000022)
	[0]		5000090d
	[1]		5000069f
	[2]		5000090e
ARR 5000072a (sz=24, trace=300000, nelems=2, elem type=java.lang.Object[]@50000022)
	[0]		5000090b
	[1]		50000696
ARR 5000072b (sz=24, trace=300000, nelems=2, elem type=java.lang.Object[]@50000022)
	[0]		50000909
	[1]		5000067f
ARR 5000072c (sz=32, trace=300000, nelems=3, elem type=java.lang.Object[]@50000022)
	[0]		50000904
	[1]		50000674
	[2]		50000905
ARR 5000072d (sz=32, trace=300000, nelems=3, elem type=java.lang.Object[]@50000022)
	[0]		500008ff
	[1]		50000671
	[2]		50000900
ARR 5000072e (sz=24, trace=300000, nelems=2, elem type=java.lang.Object[]@50000022)
	[0]		500008fd
	[1]		50000690
ARR 5000072f (sz=24, trace=300000, nelems=2, elem type=java.lang.Object[]@50000022)
	[0]		500008fb
	[1]		50000700
ARR 50000730 (sz=24, trace=300000, nelems=2, elem type=java.lang.Object[]@50000022)
	[0]		500008f9
	[1]		500006f2
ARR 50000731 (sz=24, trace=300000, nelems=2, elem type=java.lang.Object[]@50000022)
	[0]		500008f7
	[1]		500006e1
ARR 50000732 (sz=24, trace=300000, nelems=2, elem type=java.lang.Object[]@50000022)
	[0]		500008f5
	[1]		500006c1
ARR 50000733 (sz=24, trace=300000, nelems=2, elem type=java.lang.Object[]@50000022)
	[0]		500008f3
	[1]		500006d5
ARR 50000734 (sz=24, trace=300000, nelems=2, elem type=java.lang.Object[]@50000022)
	[0]		500008f1
	[1]		50000685
ARR 50000735 (sz=24, trace=300000, nelems=2, elem type=java.lang.Object[]@50000022)
	[0]		500008ef
	[1]		500006ab
ARR 50000736 (sz=24, trace=300000, nelems=2, elem type=java.lang.Object[]@50000022)
	[0]		500008ed
	[1]		500006f8
ARR 50000737 (sz=24, trace=300000, nelems=2, elem type=java.lang.Object[]@50000022)
	[0]		500008eb
	[1]		500006c4
ARR 50000738 (sz=24, trace=300000, nelems=2, elem type=java.lang.Object[]@50000022)
	[0]		500008e9
	[1]		500006c1
ARR 50000739 (sz=24, trace=300000, nelems=2, elem type=java.lang.Object[]@50000022)
	[0]		500008e7
	[1]		500006b8
ARR 5000073a (sz=24, trace=300000, nelems=2, elem type=java.lang.Object[]@50000022)
	[0]		500008e5
	[1]		500006b4
ARR 5000073b (sz=24, trace=300000, nelems=2, elem type=java.lang.Object[]@50000022)
	[0]		500008e3
	[1]		500006ae
ARR 5000073c (sz=24, trace=300000, nelems=2, elem type=java.lang.Object[]@50000022)
	[0]		500008e1
	[1]		500006a7
ARR 5000073d (sz=24, trace=300000, nelems=2, elem type=java.lang.Object[]@50000022)
	[0]		500008df
	[1]		500006c1
ARR 5000073e (sz=24, trace=300000, nelems=2, elem type=java.lang.Object[]@50000022)
	[0]		500008dd
	[1]		500006b8
ARR 5000073f (sz=24, trace=300000, nelems=2, elem type=java.lang.Object[]@50000022)
	[0]		500008db
	[1]		500006b4
ARR 50000740 (sz=24, trace=300000, nelems=2, elem type=java.lang.Object[]@50000022)
	[0]		500008d9
	[1]		5000068d
ARR 50000741 (sz=24, trace=300000, nelems=2, elem type=java.lang.Object[]@50000022)
	[0]		500008d7
	[1]		50000685
ARR 50000742 (sz=32, trace=300000, nelems=3, elem type=java.lang.Object[]@50000022)
	[0]		500008d2
	[1]		500006ae
	[2]		500008d3
ARR 50000743 (sz=24, trace=300000, nelems=2, elem type=java.lang.Object[]@50000022)
	[0]		500008d0
	[1]		500006c1
ARR 50000744 (sz=32, trace=300000, nelems=3, elem type=java.lang.Object[]@50000022)
	[0]		500008cb
	[1]		500006a7
	[2]		500008cc
ARR 50000745 (sz=24, trace=300000, nelems=2, elem type=java.lang.Object[]@50000022)
	[0]		500008c9
	[1]		500006b4
ARR 50000746 (sz=24, trace=300000, nelems=2, elem type=java.lang.Object[]@50000022)
	[0]		500008c7
	[1]		500006c4
ARR 50000747 (sz=32, trace=300000, nelems=3, elem type=java.lang.Object[]@50000022)
	[0]		500008bf
	[1]		5000069f
	[2]		500008c0
ARR 50000748 (sz=24, trace=300000, nelems=2, elem type=java.lang.Object[]@50000022)
	[0]		500008bd
	[1]		500006b4
ARR 50000749 (sz=32, trace=300000, nelems=3, elem type=java.lang.Object[]@50000022)
	[0]		500008b8
	[1]		50000696
	[2]		500008b9
ARR 5000074a (sz=24, trace=300000, nelems=2, elem type=java.lang.Object[]@50000022)
	[0]		500008b6
	[1]		500006a7
ARR 5000074b (sz=24, trace=300000, nelems=2, elem type=java.lang.Object[]@50000022)
	[0]		500008b4
	[1]		5000067f
ARR 5000074c (sz=32, trace=300000, nelems=3, elem type=java.lang.Object[]@50000022)
	[0]		500008af
	[1]		50000674
	[2]		500008b0
ARR 5000074d (sz=32, trace=300000, nelems=3, elem type=java.lang.Object[]@50000022)
	[0]		500008aa
	[1]		50000671
	[2]		500008ab
ARR 5000074e (sz=24, trace=300000, nelems=2, elem type=java.lang.Object[]@50000022)
	[0]		500008a8
	[1]		500006c4
ARR 5000074f (sz=24, trace=300000, nelems=2, elem type=java.lang.Object[]@50000022)
	[0]		500008a6
	[1]		50000665
ARR 50000750 (sz=24, trace=300000, nelems=2, elem type=java.lang.Object[]@50000022)
	[0]		500008a4
	[1]		50000699
ARR 50000751 (sz=24, trace=300000, nelems=2, elem type=java.lang.Object[]@50000022)
	[0]		500008a2
	[1]		500006a7
ARR 50000752 (sz=24, trace=300000, nelems=2, elem type=java.lang.Object[]@50000022)
	[0]		500008a0
	[1]		500006a7
ARR 50000753 (sz=24, trace=300000, nelems=2, elem type=java.lang.Object[]@50000022)
	[0]		5000089e
	[1]		50000685
ARR 50000754 (sz=24, trace=300000, nelems=2, elem type=java.lang.Object[]@50000022)
	[0]		5000089c
	[1]		500006ae
ARR 50000755 (sz=24, trace=300000, nelems=2, elem type=java.lang.Object[]@50000022)
	[0]		5000089a
	[1]		50000700
ARR 50000756 (sz=24, trace=300000, nelems=2, elem type=java.lang.Object[]@50000022)
	[0]		50000898
	[1]		500006f2
ARR 50000757 (sz=24, trace=300000, nelems=2, elem type=java.lang.Object[]@50000022)
	[0]		50000896
	[1]		500006c4
ARR 50000758 (sz=24, trace=300000, nelems=2, elem type=java.lang.Object[]@50000022)
	[0]		50000894
	[1]		50000690
ARR 50000759 (sz=24, trace=300000, nelems=2, elem type=java.lang.Object[]@50000022)
	[0]		50000892
	[1]		500006ae
ARR 5000075a (sz=24, trace=300000, nelems=2, elem type=java.lang.Object[]@50000022)
	[0]		50000890
	[1]		500006c4
ARR 5000075b (sz=24, trace=300000, nelems=2, elem type=java.lang.Object[]@50000022)
	[0]		5000088e
	[1]		500006ab
ARR 5000075c (sz=24, trace=300000, nelems=2, elem type=java.lang.Object[]@50000022)
	[0]		5000088c
	[1]		500006c4
ARR 5000075d (sz=24, trace=300000, nelems=2, elem type=java.lang.Object[]@50000022)
	[0]		5000088a
	[1]		500006c1
ARR 5000075e (sz=24, trace=300000, nelems=2, elem type=java.lang.Object[]@50000022)
	[0]		50000888
	[1]		50000682
ARR 5000075f (sz=24, trace=300000, nelems=2, elem type=java.lang.Object[]@50000022)
	[0]		50000685
	[1]		50000685
ARR 50000760 (sz=24, trace=300000, nelems=2, elem type=java.lang.Object[]@50000022)
	[0]		50000886
	[1]		50000685
ARR 50000761 (sz=24, trace=300000, nelems=2, elem type=java.lang.Object[]@50000022)
	[0]		50000884
	[1]		500006c4
ARR 50000762 (sz=24, trace=300000, nelems=2, elem type=java.lang.Object[]@50000022)
	[0]		50000882
	[1]		500006c1
ARR 50000763 (sz=24, trace=300000, nelems=2, elem type=java.lang.Object[]@50000022)
	[0]		50000880
	[1]		500006b8
ARR 50000764 (sz=24, trace=300000, nelems=2, elem type=java.lang.Object[]@50000022)
	[0]		5000087e
	[1]		500006a7
ARR 50000765 (sz=24, trace=300000, nelems=2, elem type=java.lang.Object[]@50000022)
	[0]		5000087c
	[1]		500006b8
ARR 50000766 (sz=24, trace=300000, nelems=2, elem type=java.lang.Object[]@50000022)
	[0]		5000087a
	[1]		50000685
ARR 50000767 (sz=24, trace=300000, nelems=2, elem type=java.lang.Object[]@50000022)
	[0]		50000878
	[1]		50000690
ARR 50000768 (sz=24, trace=300000, nelems=2, elem type=java.lang.Object[]@50000022)
	[0]		50000876
	[1]		50000669
ARR 50000769 (sz=24, trace=300000, nelems=2, elem type=java.lang.Object[]@50000022)
	[0]		50000874
	[1]		50000699
ARR 5000076a (sz=24, trace=300000, nelems=2, elem type=java.lang.Object[]@50000022)
	[0]		50000872
	[1]		500006ae
ARR 5000076b (sz=24, trace=300000, nelems=2, elem type=java.lang.Object[]@50000022)
	[0]		5000069f
	[1]		5000069f
ARR 5000076c (sz=24, trace=300000, nelems=2, elem type=java.lang.Object[]@50000022)
	[0]		50000696
	[1]		50000696
ARR 5000076d (sz=24, trace=300000, nelems=2, elem type=java.lang.Object[]@50000022)
	[0]		5000067f
	[1]		5000067f
ARR 5000076e (sz=24, trace=300000, nelems=2, elem type=java.lang.Object[]@50000022)
	[0]		50000674
	[1]		50000674
ARR 5000076f (sz=24, trace=300000, nelems=2, elem type=java.lang.Object[]@50000022)
	[0]		50000870
	[1]		500006a3
ARR 50000770 (sz=24, trace=300000, nelems=2, elem type=java.lang.Object[]@50000022)
	[0]		5000086e
	[1]		500006f8
ARR 50000771 (sz=24, trace=300000, nelems=2, elem type=java.lang.Object[]@50000022)
	[0]		5000086c
	[1]		5000069f
ARR 50000772 (sz=24, trace=300000, nelems=2, elem type=java.lang.Object[]@50000022)
	[0]		5000086a
	[1]		50000696
ARR 50000773 (sz=24, trace=300000, nelems=2, elem type=java.lang.Object[]@50000022)
	[0]		50000868
	[1]		5000067f
ARR 50000774 (sz=24, trace=300000, nelems=2, elem type=java.lang.Object[]@50000022)
	[0]		50000700
	[1]		50000700
ARR 50000775 (sz=24, trace=300000, nelems=2, elem type=java.lang.Object[]@50000022)
	[0]		50000866
	[1]		50000674
ARR 50000776 (sz=24, trace=300000, nelems=2, elem type=java.lang.Object[]@50000022)
	[0]		50000864
	[1]		500006a3
ARR 50000777 (sz=24, trace=300000, nelems=2, elem type=java.lang.Object[]@50000022)
	[0]		500006f2
	[1]		500006f2
ARR 50000778 (sz=24, trace=300000, nelems=2, elem type=java.lang.Object[]@50000022)
	[0]		50000862
	[1]		500006ca
ARR 50000779 (sz=24, trace=300000, nelems=2, elem type=java.lang.Object[]@50000022)
	[0]		50000860
	[1]		50000682
ARR 5000077a (sz=24, trace=300000, nelems=2, elem type=java.lang.Object[]@50000022)
	[0]		5000085e
	[1]		500006d5
ARR 5000077b (sz=24, trace=300000, nelems=2, elem type=java.lang.Object[]@50000022)
	[0]		5000085c
	[1]		500006b4
ARR 5000077c (sz=24, trace=300000, nelems=2, elem type=java.lang.Object[]@50000022)
	[0]		5000085a
	[1]		500006a7
ARR 5000077d (sz=24, trace=300000, nelems=2, elem type=java.lang.Object[]@50000022)
	[0]		50000858
	[1]		50000700
ARR 5000077e (sz=24, trace=300000, nelems=2, elem type=java.lang.Object[]@50000022)
	[0]		50000856
	[1]		500006f2
ARR 5000077f (sz=24, trace=300000, nelems=2, elem type=java.lang.Object[]@50000022)
	[0]		50000854
	[1]		500006ab
ARR 50000780 (sz=24, trace=300000, nelems=2, elem type=java.lang.Object[]@50000022)
	[0]		50000852
	[1]		5000065d
ARR 50000781 (sz=24, trace=300000, nelems=2, elem type=java.lang.Object[]@50000022)
	[0]		50000850
	[1]		500006ab
ARR 50000782 (sz=24, trace=300000, nelems=2, elem type=java.lang.Object[]@50000022)
	[0]		5000084e
	[1]		500006b8
ARR 50000783 (sz=24, trace=300000, nelems=2, elem type=java.lang.Object[]@50000022)
	[0]		5000084c
	[1]		50000690
ARR 50000784 (sz=24, trace=300000, nelems=2, elem type=java.lang.Object[]@50000022)
	[0]		5000084a
	[1]		500006f5
ARR 50000785 (sz=24, trace=300000, nelems=2, elem type=java.lang.Object[]@50000022)
	[0]		50000848
	[1]		500006ae
ARR 50000786 (sz=24, trace=300000, nelems=2, elem type=java.lang.Object[]@50000022)
	[0]		50000846
	[1]		500006ae
ARR 50000787 (sz=24, trace=300000, nelems=2, elem type=java.lang.Object[]@50000022)
	[0]		50000844
	[1]		50000674
ARR 50000788 (sz=24, trace=300000, nelems=2, elem type=java.lang.Object[]@50000022)
	[0]		50000699
	[1]		50000699
ARR 50000789 (sz=24, trace=300000, nelems=2, elem type=java.lang.Object[]@50000022)
	[0]		50000842
	[1]		500006ec
ARR 5000078a (sz=24, trace=300000, nelems=2, elem type=java.lang.Object[]@50000022)
	[0]		50000840
	[1]		500006e9
ARR 5000078b (sz=24, trace=300000, nelems=2, elem type=java.lang.Object[]@50000022)
	[0]		5000083e
	[1]		500006de
ARR 5000078c (sz=24, trace=300000, nelems=2, elem type=java.lang.Object[]@50000022)
	[0]		5000083c
	[1]		500006db
ARR 5000078d (sz=24, trace=300000, nelems=2, elem type=java.lang.Object[]@50000022)
	[0]		5000083a
	[1]		500006d2
ARR 5000078e (sz=32, trace=300000, nelems=3, elem type=java.lang.Object[]@50000022)
	[0]		50000835
	[1]		50000700
	[2]		50000836
ARR 5000078f (sz=24, trace=300000, nelems=2, elem type=java.lang.Object[]@50000022)
	[0]		50000833
	[1]		500006f2
ARR 50000790 (sz=24, trace=300000, nelems=2, elem type=java.lang.Object[]@50000022)
	[0]		50000831
	[1]		5000068d
ARR 50000791 (sz=32, trace=300000, nelems=3, elem type=java.lang.Object[]@50000022)
	[0]		5000082c
	[1]		50000685
	[2]		5000082d
ARR 50000792 (sz=24, trace=300000, nelems=2, elem type=java.lang.Object[]@50000022)
	[0]		5000082a
	[1]		50000669
ARR 50000793 (sz=24, trace=300000, nelems=2, elem type=java.lang.Object[]@50000022)
	[0]		50000828
	[1]		50000699
ARR 50000794 (sz=24, trace=300000, nelems=2, elem type=java.lang.Object[]@50000022)
	[0]		50000826
	[1]		50000671
ARR 50000795 (sz=24, trace=300000, nelems=2, elem type=java.lang.Object[]@50000022)
	[0]		50000824
	[1]		5000068d
ARR 50000796 (sz=24, trace=300000, nelems=2, elem type=java.lang.Object[]@50000022)
	[0]		50000822
	[1]		50000690
ARR 50000797 (sz=24, trace=300000, nelems=2, elem type=java.lang.Object[]@50000022)
	[0]		50000820
	[1]		50000685
ARR 50000798 (sz=24, trace=300000, nelems=2, elem type=java.lang.Object[]@50000022)
	[0]		50000682
	[1]		50000682
ARR 50000799 (sz=24, trace=300000, nelems=2, elem type=java.lang.Object[]@50000022)
	[0]		5000081e
	[1]		50000690
ARR 5000079a (sz=24, trace=300000, nelems=2, elem type=java.lang.Object[]@50000022)
	[0]		5000081c
	[1]		500006ca
ARR 5000079b (sz=24, trace=300000, nelems=2, elem type=java.lang.Object[]@50000022)
	[0]		5000081a
	[1]		50000682
ARR 5000079c (sz=24, trace=300000, nelems=2, elem type=java.lang.Object[]@50000022)
	[0]		50000818
	[1]		5000068d
ARR 5000079d (sz=24, trace=300000, nelems=2, elem type=java.lang.Object[]@50000022)
	[0]		50000816
	[1]		50000685
ARR 5000079e (sz=24, trace=300000, nelems=2, elem type=java.lang.Object[]@50000022)
	[0]		50000814
	[1]		500006b4
ARR 5000079f (sz=24, trace=300000, nelems=2, elem type=java.lang.Object[]@50000022)
	[0]		50000812
	[1]		500006d5
ARR 500007a0 (sz=24, trace=300000, nelems=2, elem type=java.lang.Object[]@50000022)
	[0]		50000810
	[1]		500006ae
ARR 500007a1 (sz=24, trace=300000, nelems=2, elem type=java.lang.Object[]@50000022)
	[0]		5000080e
	[1]		50000690
ARR 500007a2 (sz=24, trace=300000, nelems=2, elem type=java.lang.Object[]@50000022)
	[0]		5000080c
	[1]		500006c4
ARR 500007a3 (sz=24, trace=300000, nelems=2, elem type=java.lang.Object[]@50000022)
	[0]		5000080a
	[1]		500006c1
ARR 500007a4 (sz=24, trace=300000, nelems=2, elem type=java.lang.Object[]@50000022)
	[0]		50000808
	[1]		50000665
ARR 500007a5 (sz=24, trace=300000, nelems=2, elem type=java.lang.Object[]@50000022)
	[0]		50000806
	[1]		500006b8
ARR 500007a6 (sz=24, trace=300000, nelems=2, elem type=java.lang.Object[]@50000022)
	[0]		50000804
	[1]		500006b4
ARR 500007a7 (sz=24, trace=300000, nelems=2, elem type=java.lang.Object[]@50000022)
	[0]		50000802
	[1]		500006ae
ARR 500007a8 (sz=24, trace=300000, nelems=2, elem type=java.lang.Object[]@50000022)
	[0]		50000800
	[1]		500006a7
ARR 500007a9 (sz=24, trace=300000, nelems=2, elem type=java.lang.Object[]@50000022)
	[0]		500007fe
	[1]		50000671
ARR 500007aa (sz=24, trace=300000, nelems=2, elem type=java.lang.Object[]@50000022)
	[0]		500007fc
	[1]		50000700
ARR 500007ab (sz=24, trace=300000, nelems=2, elem type=java.lang.Object[]@50000022)
	[0]		500007fa
	[1]		50000690
ARR 500007ac (sz=24, trace=300000, nelems=2, elem type=java.lang.Object[]@50000022)
	[0]		500007f8
	[1]		500006c4
ARR 500007ad (sz=32, trace=300000, nelems=3, elem type=java.lang.Object[]@50000022)
	[0]		500007f3
	[1]		500006c1
	[2]		500007f4
ARR 500007ae (sz=24, trace=300000, nelems=2, elem type=java.lang.Object[]@50000022)
	[0]		500007f1
	[1]		500006ae
ARR 500007af (sz=24, trace=300000, nelems=2, elem type=java.lang.Object[]@50000022)
	[0]		500007ef
	[1]		500006b8
ARR 500007b0 (sz=24, trace=300000, nelems=2, elem type=java.lang.Object[]@50000022)
	[0]		500007ed
	[1]		500006b4
ARR 500007b1 (sz=32, trace=300000, nelems=3, elem type=java.lang.Object[]@50000022)
	[0]		500007e8
	[1]		50000696
	[2]		500007e9
ARR 500007b2 (sz=24, trace=300000, nelems=2, elem type=java.lang.Object[]@50000022)
	[0]		500007e6
	[1]		500006a7
ARR 500007b3 (sz=24, trace=300000, nelems=2, elem type=java.lang.Object[]@50000022)
	[0]		500007e4
	[1]		5000067f
ARR 500007b4 (sz=24, trace=300000, nelems=2, elem type=java.lang.Object[]@50000022)
	[0]		500007e2
	[1]		50000682
ARR 500007b5 (sz=24, trace=300000, nelems=2, elem type=java.lang.Object[]@50000022)
	[0]		500007e0
	[1]		50000690
ARR 500007b6 (sz=24, trace=300000, nelems=2, elem type=java.lang.Object[]@50000022)
	[0]		500007de
	[1]		500006bb
ARR 500007b7 (sz=24, trace=300000, nelems=2, elem type=java.lang.Object[]@50000022)
	[0]		500007dc
	[1]		50000690
ARR 500007b8 (sz=24, trace=300000, nelems=2, elem type=java.lang.Object[]@50000022)
	[0]		500007da
	[1]		500006ec
ARR 500007b9 (sz=24, trace=300000, nelems=2, elem type=java.lang.Object[]@50000022)
	[0]		500007d8
	[1]		500006e9
ARR 500007ba (sz=24, trace=300000, nelems=2, elem type=java.lang.Object[]@50000022)
	[0]		500007d6
	[1]		500006de
ARR 500007bb (sz=24, trace=300000, nelems=2, elem type=java.lang.Object[]@50000022)
	[0]		500007d4
	[1]		500006db
ARR 500007bc (sz=24, trace=300000, nelems=2, elem type=java.lang.Object[]@50000022)
	[0]		500007d2
	[1]		50000690
ARR 500007bd (sz=24, trace=300000, nelems=2, elem type=java.lang.Object[]@50000022)
	[0]		500007d0
	[1]		500006d2
ARR 500007be (sz=24, trace=300000, nelems=2, elem type=java.lang.Object[]@50000022)
	[0]		500007ce
	[1]		500006ce
ARR 500007bf (sz=24, trace=300000, nelems=2, elem type=java.lang.Object[]@50000022)
	[0]		500007cc
	[1]		5000065d
ARR 500007c0 (sz=24, trace=300000, nelems=2, elem type=java.lang.Object[]@50000022)
	[0]		500007ca
	[1]		500006d5
ARR 500007c1 (sz=24, trace=300000, nelems=2, elem type=java.lang.Object[]@50000022)
	[0]		500007c8
	[1]		5000069f
ARR 500007c2 (sz=24, trace=300000, nelems=2, elem type=java.lang.Object[]@50000022)
	[0]		500007c6
	[1]		50000677
ARR 500007c3 (sz=24, trace=300000, nelems=2, elem type=java.lang.Object[]@50000022)
	[0]		500007c4
	[1]		500006f5
OBJ 500007c4 (sz=32, trace=300000, class=java.lang.String@500000d6)
	value		500007c5
ARR 500007c5 (sz=12, trace=300000, nelems=6, elem type=char[])
OBJ 500007c6 (sz=32, trace=300000, class=java.lang.String@500000d6)
	value		500007c7
ARR 500007c7 (sz=24, trace=300000, nelems=12, elem type=char[])
OBJ 500007c8 (sz=32, trace=300000, class=java.lang.String@500000d6)
	value		500007c9
ARR 500007c9 (sz=38, trace=300000, nelems=19, elem type=char[])
OBJ 500007ca (sz=32, trace=300000, class=java.lang.String@500000d6)
	value		500007cb
ARR 500007cb (sz=12, trace=300000, nelems=6, elem type=char[])
OBJ 500007cc (sz=32, trace=300000, class=java.lang.String@500000d6)
	value		500007cd
ARR 500007cd (sz=16, trace=300000, nelems=8, elem type=char[])
OBJ 500007ce (sz=32, trace=300000, class=java.lang.String@500000d6)
	value		500007cf
ARR 500007cf (sz=12, trace=300000, nelems=6, elem type=char[])
OBJ 500007d0 (sz=32, trace=300000, class=java.lang.String@500000d6)
	value		500007d1
ARR 500007d1 (sz=12, trace=300000, nelems=6, elem type=char[])
OBJ 500007d2 (sz=32, trace=300000, class=java.lang.String@500000d6)
	value		500007d3
ARR 500007d3 (sz=32, trace=300000, nelems=16, elem type=char[])
OBJ 500007d4 (sz=32, trace=300000, class=java.lang.String@500000d6)
	value		500007d5
ARR 500007d5 (sz=12, trace=300000, nelems=6, elem type=char[])
OBJ 500007d6 (sz=32, trace=300000, class=java.lang.String@500000d6)
	value		500007d7
ARR 500007d7 (sz=12, trace=300000, nelems=6, elem type=char[])
OBJ 500007d8 (sz=32, trace=300000, class=java.lang.String@500000d6)
	value		500007d9
ARR 500007d9 (sz=12, trace=300000, nelems=6, elem type=char[])
OBJ 500007da (sz=32, trace=300000, class=java.lang.String@500000d6)
	value		500007db
ARR 500007db (sz=12, trace=300000, nelems=6, elem type=char[])
OBJ 500007dc (sz=32, trace=300000, class=java.lang.String@500000d6)
	value		500007dd
ARR 500007dd (sz=32, trace=300000, nelems=16, elem type=char[])
OBJ 500007de (sz=32, trace=300000, class=java.lang.String@500000d6)
	value		500007df
ARR 500007df (sz=8, trace=300000, nelems=4, elem type=char[])
OBJ 500007e0 (sz=32, trace=300000, class=java.lang.String@500000d6)
	value		500007e1
ARR 500007e1 (sz=10, trace=300000, nelems=5, elem type=char[])
OBJ 500007e2 (sz=32, trace=300000, class=java.lang.String@500000d6)
	value		500007e3
ARR 500007e3 (sz=22, trace=300000, nelems=11, elem type=char[])
OBJ 500007e4 (sz=32, trace=300000, class=java.lang.String@500000d6)
	value		500007e5
ARR 500007e5 (sz=16, trace=300000, nelems=8, elem type=char[])
OBJ 500007e6 (sz=32, trace=300000, class=java.lang.String@500000d6)
	value		500007e7
ARR 500007e7 (sz=20, trace=300000, nelems=10, elem type=char[])
OBJ 500007e8 (sz=32, trace=300000, class=java.lang.String@500000d6)
	value		500007ec
ARR 500007e9 (sz=24, trace=300000, nelems=2, elem type=java.lang.Object[]@50000022)
	[0]		500007ea
	[1]		500006ae
OBJ 500007ea (sz=32, trace=300000, class=java.lang.String@500000d6)
	value		500007eb
ARR 500007eb (sz=20, trace=300000, nelems=10, elem type=char[])
ARR 500007ec (sz=16, trace=300000, nelems=8, elem type=char[])
OBJ 500007ed (sz=32, trace=300000, class=java.lang.String@500000d6)
	value		500007ee
ARR 500007ee (sz=20, trace=300000, nelems=10, elem type=char[])
OBJ 500007ef (sz=32, trace=300000, class=java.lang.String@500000d6)
	value		500007f0
ARR 500007f0 (sz=20, trace=300000, nelems=10, elem type=char[])
OBJ 500007f1 (sz=32, trace=300000, class=java.lang.String@500000d6)
	value		500007f2
ARR 500007f2 (sz=24, trace=300000, nelems=12, elem type=char[])
OBJ 500007f3 (sz=32, trace=300000, class=java.lang.String@500000d6)
	value		500007f7
ARR 500007f4 (sz=24, trace=300000, nelems=2, elem type=java.lang.Object[]@50000022)
	[0]		500007f5
	[1]		500006ca
OBJ 500007f5 (sz=32, trace=300000, class=java.lang.String@500000d6)
	value		500007f6
ARR 500007f6 (sz=20, trace=300000, nelems=10, elem type=char[])
ARR 500007f7 (sz=20, trace=300000, nelems=10, elem type=char[])
OBJ 500007f8 (sz=32, trace=300000, class=java.lang.String@500000d6)
	value		500007f9
ARR 500007f9 (sz=20, trace=300000, nelems=10, elem type=char[])
OBJ 500007fa (sz=32, trace=300000, class=java.lang.String@500000d6)
	value		500007fb
ARR 500007fb (sz=12, trace=300000, nelems=6, elem type=char[])
OBJ 500007fc (sz=32, trace=300000, class=java.lang.String@500000d6)
	value		500007fd
ARR 500007fd (sz=36, trace=300000, nelems=18, elem type=char[])
OBJ 500007fe (sz=32, trace=300000, class=java.lang.String@500000d6)
	value		500007ff
ARR 500007ff (sz=20, trace=300000, nelems=10, elem type=char[])
OBJ 50000800 (sz=32, trace=300000, class=java.lang.String@500000d6)
	value		50000801
ARR 50000801 (sz=18, trace=300000, nelems=9, elem type=char[])
OBJ 50000802 (sz=32, trace=300000, class=java.lang.String@500000d6)
	value		50000803
ARR 50000803 (sz=18, trace=300000, nelems=9, elem type=char[])
OBJ 50000804 (sz=32, trace=300000, class=java.lang.String@500000d6)
	value		50000805
ARR 50000805 (sz=18, trace=300000, nelems=9, elem type=char[])
OBJ 50000806 (sz=32, trace=300000, class=java.lang.String@500000d6)
	value		50000807
ARR 50000807 (sz=18, trace=300000, nelems=9, elem type=char[])
OBJ 50000808 (sz=32, trace=300000, class=java.lang.String@500000d6)
	value		50000809
ARR 50000809 (sz=14, trace=300000, nelems=7, elem type=char[])
OBJ 5000080a (sz=32, trace=300000, class=java.lang.String@500000d6)
	value		5000080b
ARR 5000080b (sz=18, trace=300000, nelems=9, elem type=char[])
OBJ 5000080c (sz=32, trace=300000, class=java.lang.String@500000d6)
	value		5000080d
ARR 5000080d (sz=18, trace=300000, nelems=9, elem type=char[])
OBJ 5000080e (sz=32, trace=300000, class=java.lang.String@500000d6)
	value		5000080f
ARR 5000080f (sz=12, trace=300000, nelems=6, elem type=char[])
OBJ 50000810 (sz=32, trace=300000, class=java.lang.String@500000d6)
	value		50000811
ARR 50000811 (sz=10, trace=300000, nelems=5, elem type=char[])
OBJ 50000812 (sz=32, trace=300000, class=java.lang.String@500000d6)
	value		50000813
ARR 50000813 (sz=14, trace=300000, nelems=7, elem type=char[])
OBJ 50000814 (sz=32, trace=300000, class=java.lang.String@500000d6)
	value		50000815
ARR 50000815 (sz=30, trace=300000, nelems=15, elem type=char[])
OBJ 50000816 (sz=32, trace=300000, class=java.lang.String@500000d6)
	value		50000817
ARR 50000817 (sz=20, trace=300000, nelems=10, elem type=char[])
OBJ 50000818 (sz=32, trace=300000, class=java.lang.String@500000d6)
	value		50000819
ARR 50000819 (sz=20, trace=300000, nelems=10, elem type=char[])
OBJ 5000081a (sz=32, trace=300000, class=java.lang.String@500000d6)
	value		5000081b
ARR 5000081b (sz=14, trace=300000, nelems=7, elem type=char[])
OBJ 5000081c (sz=32, trace=300000, class=java.lang.String@500000d6)
	value		5000081d
ARR 5000081d (sz=30, trace=300000, nelems=15, elem type=char[])
OBJ 5000081e (sz=32, trace=300000, class=java.lang.String@500000d6)
	value		5000081f
ARR 5000081f (sz=10, trace=300000, nelems=5, elem type=char[])
OBJ 50000820 (sz=32, trace=300000, class=java.lang.String@500000d6)
	value		50000821
ARR 50000821 (sz=14, trace=300000, nelems=7, elem type=char[])
OBJ 50000822 (sz=32, trace=300000, class=java.lang.String@500000d6)
	value		50000823
ARR 50000823 (sz=4, trace=300000, nelems=2, elem type=char[])
OBJ 50000824 (sz=32, trace=300000, class=java.lang.String@500000d6)
	value		50000825
ARR 50000825 (sz=14, trace=300000, nelems=7, elem type=char[])
OBJ 50000826 (sz=32, trace=300000, class=java.lang.String@500000d6)
	value		50000827
ARR 50000827 (sz=14, trace=300000, nelems=7, elem type=char[])
OBJ 50000828 (sz=32, trace=300000, class=java.lang.String@500000d6)
	value		50000829
ARR 50000829 (sz=14, trace=300000, nelems=7, elem type=char[])
OBJ 5000082a (sz=32, trace=300000, class=java.lang.String@500000d6)
	value		5000082b
ARR 5000082b (sz=24, trace=300000, nelems=12, elem type=char[])
OBJ 5000082c (sz=32, trace=300000, class=java.lang.String@500000d6)
	value		50000830
ARR 5000082d (sz=24, trace=300000, nelems=2, elem type=java.lang.Object[]@50000022)
	[0]		5000082e
	[1]		500006e1
OBJ 5000082e (sz=32, trace=300000, class=java.lang.String@500000d6)
	value		5000082f
ARR 5000082f (sz=16, trace=300000, nelems=8, elem type=char[])
ARR 50000830 (sz=20, trace=300000, nelems=10, elem type=char[])
OBJ 50000831 (sz=32, trace=300000, class=java.lang.String@500000d6)
	value		50000832
ARR 50000832 (sz=20, trace=300000, nelems=10, elem type=char[])
OBJ 50000833 (sz=32, trace=300000, class=java.lang.String@500000d6)
	value		50000834
ARR 50000834 (sz=16, trace=300000, nelems=8, elem type=char[])
OBJ 50000835 (sz=32, trace=300000, class=java.lang.String@500000d6)
	value		50000839
ARR 50000836 (sz=24, trace=300000, nelems=2, elem type=java.lang.Object[]@50000022)
	[0]		50000837
	[1]		500006ce
OBJ 50000837 (sz=32, trace=300000, class=java.lang.String@500000d6)
	value		50000838
ARR 50000838 (sz=12, trace=300000, nelems=6, elem type=char[])
ARR 50000839 (sz=16, trace=300000, nelems=8, elem type=char[])
OBJ 5000083a (sz=32, trace=300000, class=java.lang.String@500000d6)
	value		5000083b
ARR 5000083b (sz=12, trace=300000, nelems=6, elem type=char[])
OBJ 5000083c (sz=32, trace=300000, class=java.lang.String@500000d6)
	value		5000083d
ARR 5000083d (sz=12, trace=300000, nelems=6, elem type=char[])
OBJ 5000083e (sz=32, trace=300000, class=java.lang.String@500000d6)
	value		5000083f
ARR 5000083f (sz=12, trace=300000, nelems=6, elem type=char[])
OBJ 50000840 (sz=32, trace=300000, class=java.lang.String@500000d6)
	value		50000841
ARR 50000841 (sz=12, trace=300000, nelems=6, elem type=char[])
OBJ 50000842 (sz=32, trace=300000, class=java.lang.String@500000d6)
	value		50000843
ARR 50000843 (sz=12, trace=300000, nelems=6, elem type=char[])
OBJ 50000844 (sz=32, trace=300000, class=java.lang.String@500000d6)
	value		50000845
ARR 50000845 (sz=16, trace=300000, nelems=8, elem type=char[])
OBJ 50000846 (sz=32, trace=300000, class=java.lang.String@500000d6)
	value		50000847
ARR 50000847 (sz=30, trace=300000, nelems=15, elem type=char[])
OBJ 50000848 (sz=32, trace=300000, class=java.lang.String@500000d6)
	value		50000849
ARR 50000849 (sz=16, trace=300000, nelems=8, elem type=char[])
OBJ 5000084a (sz=32, trace=300000, class=java.lang.String@500000d6)
	value		5000084b
ARR 5000084b (sz=10, trace=300000, nelems=5, elem type=char[])
OBJ 5000084c (sz=32, trace=300000, class=java.lang.String@500000d6)
	value		5000084d
ARR 5000084d (sz=14, trace=300000, nelems=7, elem type=char[])
OBJ 5000084e (sz=32, trace=300000, class=java.lang.String@500000d6)
	value		5000084f
ARR 5000084f (sz=30, trace=300000, nelems=15, elem type=char[])
OBJ 50000850 (sz=32, trace=300000, class=java.lang.String@500000d6)
	value		50000851
ARR 50000851 (sz=14, trace=300000, nelems=7, elem type=char[])
OBJ 50000852 (sz=32, trace=300000, class=java.lang.String@500000d6)
	value		50000853
ARR 50000853 (sz=20, trace=300000, nelems=10, elem type=char[])
OBJ 50000854 (sz=32, trace=300000, class=java.lang.String@500000d6)
	value		50000855
ARR 50000855 (sz=12, trace=300000, nelems=6, elem type=char[])
OBJ 50000856 (sz=32, trace=300000, class=java.lang.String@500000d6)
	value		50000857
ARR 50000857 (sz=14, trace=300000, nelems=7, elem type=char[])
OBJ 50000858 (sz=32, trace=300000, class=java.lang.String@500000d6)
	value		50000859
ARR 50000859 (sz=14, trace=300000, nelems=7, elem type=char[])
OBJ 5000085a (sz=32, trace=300000, class=java.lang.String@500000d6)
	value		5000085b
ARR 5000085b (sz=20, trace=300000, nelems=10, elem type=char[])
OBJ 5000085c (sz=32, trace=300000, class=java.lang.String@500000d6)
	value		5000085d
ARR 5000085d (sz=20, trace=300000, nelems=10, elem type=char[])
OBJ 5000085e (sz=32, trace=300000, class=java.lang.String@500000d6)
	value		5000085f
ARR 5000085f (sz=10, trace=300000, nelems=5, elem type=char[])
OBJ 50000860 (sz=32, trace=300000, class=java.lang.String@500000d6)
	value		50000861
ARR 50000861 (sz=10, trace=300000, nelems=5, elem type=char[])
OBJ 50000862 (sz=32, trace=300000, class=java.lang.String@500000d6)
	value		50000863
ARR 50000863 (sz=36, trace=300000, nelems=18, elem type=char[])
OBJ 50000864 (sz=32, trace=300000, class=java.lang.String@500000d6)
	value		50000865
ARR 50000865 (sz=14, trace=300000, nelems=7, elem type=char[])
OBJ 50000866 (sz=32, trace=300000, class=java.lang.String@500000d6)
	value		50000867
ARR 50000867 (sz=14, trace=300000, nelems=7, elem type=char[])
OBJ 50000868 (sz=32, trace=300000, class=java.lang.String@500000d6)
	value		50000869
ARR 50000869 (sz=14, trace=300000, nelems=7, elem type=char[])
OBJ 5000086a (sz=32, trace=300000, class=java.lang.String@500000d6)
	value		5000086b
ARR 5000086b (sz=14, trace=300000, nelems=7, elem type=char[])
OBJ 5000086c (sz=32, trace=300000, class=java.lang.String@500000d6)
	value		5000086d
ARR 5000086d (sz=14, trace=300000, nelems=7, elem type=char[])
OBJ 5000086e (sz=32, trace=300000, class=java.lang.String@500000d6)
	value		5000086f
ARR 5000086f (sz=16, trace=300000, nelems=8, elem type=char[])
OBJ 50000870 (sz=32, trace=300000, class=java.lang.String@500000d6)
	value		50000871
ARR 50000871 (sz=12, trace=300000, nelems=6, elem type=char[])
OBJ 50000872 (sz=32, trace=300000, class=java.lang.String@500000d6)
	value		50000873
ARR 50000873 (sz=20, trace=300000, nelems=10, elem type=char[])
OBJ 50000874 (sz=32, trace=300000, class=java.lang.String@500000d6)
	value		50000875
ARR 50000875 (sz=10, trace=300000, nelems=5, elem type=char[])
OBJ 50000876 (sz=32, trace=300000, class=java.lang.String@500000d6)
	value		50000877
ARR 50000877 (sz=24, trace=300000, nelems=12, elem type=char[])
OBJ 50000878 (sz=32, trace=300000, class=java.lang.String@500000d6)
	value		50000879
ARR 50000879 (sz=28, trace=300000, nelems=14, elem type=char[])
OBJ 5000087a (sz=32, trace=300000, class=java.lang.String@500000d6)
	value		5000087b
ARR 5000087b (sz=12, trace=300000, nelems=6, elem type=char[])
OBJ 5000087c (sz=32, trace=300000, class=java.lang.String@500000d6)
	value		5000087d
ARR 5000087d (sz=20, trace=300000, nelems=10, elem type=char[])
OBJ 5000087e (sz=32, trace=300000, class=java.lang.String@500000d6)
	value		5000087f
ARR 5000087f (sz=12, trace=300000, nelems=6, elem type=char[])
OBJ 50000880 (sz=32, trace=300000, class=java.lang.String@500000d6)
	value		50000881
ARR 50000881 (sz=12, trace=300000, nelems=6, elem type=char[])
OBJ 50000882 (sz=32, trace=300000, class=java.lang.String@500000d6)
	value		50000883
ARR 50000883 (sz=12, trace=300000, nelems=6, elem type=char[])
OBJ 50000884 (sz=32, trace=300000, class=java.lang.String@500000d6)
	value		50000885
ARR 50000885 (sz=12, trace=300000, nelems=6, elem type=char[])
OBJ 50000886 (sz=32, trace=300000, class=java.lang.String@500000d6)
	value		50000887
ARR 50000887 (sz=12, trace=300000, nelems=6, elem type=char[])
OBJ 50000888 (sz=32, trace=300000, class=java.lang.String@500000d6)
	value		50000889
ARR 50000889 (sz=6, trace=300000, nelems=3, elem type=char[])
OBJ 5000088a (sz=32, trace=300000, class=java.lang.String@500000d6)
	value		5000088b
ARR 5000088b (sz=20, trace=300000, nelems=10, elem type=char[])
OBJ 5000088c (sz=32, trace=300000, class=java.lang.String@500000d6)
	value		5000088d
ARR 5000088d (sz=20, trace=300000, nelems=10, elem type=char[])
OBJ 5000088e (sz=32, trace=300000, class=java.lang.String@500000d6)
	value		5000088f
ARR 5000088f (sz=10, trace=300000, nelems=5, elem type=char[])
OBJ 50000890 (sz=32, trace=300000, class=java.lang.String@500000d6)
	value		50000891
ARR 50000891 (sz=14, trace=300000, nelems=7, elem type=char[])
OBJ 50000892 (sz=32, trace=300000, class=java.lang.String@500000d6)
	value		50000893
ARR 50000893 (sz=14, trace=300000, nelems=7, elem type=char[])
OBJ 50000894 (sz=32, trace=300000, class=java.lang.String@500000d6)
	value		50000895
ARR 50000895 (sz=28, trace=300000, nelems=14, elem type=char[])
OBJ 50000896 (sz=32, trace=300000, class=java.lang.String@500000d6)
	value		50000897
ARR 50000897 (sz=12, trace=300000, nelems=6, elem type=char[])
OBJ 50000898 (sz=32, trace=300000, class=java.lang.String@500000d6)
	value		50000899
ARR 50000899 (sz=10, trace=300000, nelems=5, elem type=char[])
OBJ 5000089a (sz=32, trace=300000, class=java.lang.String@500000d6)
	value		5000089b
ARR 5000089b (sz=10, trace=300000, nelems=5, elem type=char[])
OBJ 5000089c (sz=32, trace=300000, class=java.lang.String@500000d6)
	value		5000089d
ARR 5000089d (sz=12, trace=300000, nelems=6, elem type=char[])
OBJ 5000089e (sz=32, trace=300000, class=java.lang.String@500000d6)
	value		5000089f
ARR 5000089f (sz=14, trace=300000, nelems=7, elem type=char[])
OBJ 500008a0 (sz=32, trace=300000, class=java.lang.String@500000d6)
	value		500008a1
ARR 500008a1 (sz=14, trace=300000, nelems=7, elem type=char[])
OBJ 500008a2 (sz=32, trace=300000, class=java.lang.String@500000d6)
	value		500008a3
ARR 500008a3 (sz=30, trace=300000, nelems=15, elem type=char[])
OBJ 500008a4 (sz=32, trace=300000, class=java.lang.String@500000d6)
	value		500008a5
ARR 500008a5 (sz=6, trace=300000, nelems=3, elem type=char[])
OBJ 500008a6 (sz=32, trace=300000, class=java.lang.String@500000d6)
	value		500008a7
ARR 500008a7 (sz=8, trace=300000, nelems=4, elem type=char[])
OBJ 500008a8 (sz=32, trace=300000, class=java.lang.String@500000d6)
	value		500008a9
ARR 500008a9 (sz=20, trace=300000, nelems=10, elem type=char[])
OBJ 500008aa (sz=32, trace=300000, class=java.lang.String@500000d6)
	value		500008ae
ARR 500008ab (sz=24, trace=300000, nelems=2, elem type=java.lang.Object[]@50000022)
	[0]		500008ac
	[1]		500006a3
OBJ 500008ac (sz=32, trace=300000, class=java.lang.String@500000d6)
	value		500008ad
ARR 500008ad (sz=10, trace=300000, nelems=5, elem type=char[])
ARR 500008ae (sz=10, trace=300000, nelems=5, elem type=char[])
OBJ 500008af (sz=32, trace=300000, class=java.lang.String@500000d6)
	value		500008b3
ARR 500008b0 (sz=24, trace=300000, nelems=2, elem type=java.lang.Object[]@50000022)
	[0]		500008b1
	[1]		50000685
OBJ 500008b1 (sz=32, trace=300000, class=java.lang.String@500000d6)
	value		500008b2
ARR 500008b2 (sz=4, trace=300000, nelems=2, elem type=char[])
ARR 500008b3 (sz=10, trace=300000, nelems=5, elem type=char[])
OBJ 500008b4 (sz=32, trace=300000, class=java.lang.String@500000d6)
	value		500008b5
ARR 500008b5 (sz=10, trace=300000, nelems=5, elem type=char[])
OBJ 500008b6 (sz=32, trace=300000, class=java.lang.String@500000d6)
	value		500008b7
ARR 500008b7 (sz=4, trace=300000, nelems=2, elem type=char[])
OBJ 500008b8 (sz=32, trace=300000, class=java.lang.String@500000d6)
	value		500008bc
ARR 500008b9 (sz=24, trace=300000, nelems=2, elem type=java.lang.Object[]@50000022)
	[0]		500008ba
	[1]		500006b8
OBJ 500008ba (sz=32, trace=300000, class=java.lang.String@500000d6)
	value		500008bb
ARR 500008bb (sz=4, trace=300000, nelems=2, elem type=char[])
ARR 500008bc (sz=10, trace=300000, nelems=5, elem type=char[])
OBJ 500008bd (sz=32, trace=300000, class=java.lang.String@500000d6)
	value		500008be
ARR 500008be (sz=16, trace=300000, nelems=8, elem type=char[])
OBJ 500008bf (sz=32, trace=300000, class=java.lang.String@500000d6)
	value		500008c6
ARR 500008c0 (sz=32, trace=300000, nelems=3, elem type=java.lang.Object[]@50000022)
	[0]		500008c1
	[1]		50000685
	[2]		500008c2
OBJ 500008c1 (sz=32, trace=300000, class=java.lang.String@500000d6)
	value		500008c5
ARR 500008c2 (sz=24, trace=300000, nelems=2, elem type=java.lang.Object[]@50000022)
	[0]		500008c3
	[1]		500006c1
OBJ 500008c3 (sz=32, trace=300000, class=java.lang.String@500000d6)
	value		500008c4
ARR 500008c4 (sz=4, trace=300000, nelems=2, elem type=char[])
ARR 500008c5 (sz=12, trace=300000, nelems=6, elem type=char[])
ARR 500008c6 (sz=10, trace=300000, nelems=5, elem type=char[])
OBJ 500008c7 (sz=32, trace=300000, class=java.lang.String@500000d6)
	value		500008c8
ARR 500008c8 (sz=4, trace=300000, nelems=2, elem type=char[])
OBJ 500008c9 (sz=32, trace=300000, class=java.lang.String@500000d6)
	value		500008ca
ARR 500008ca (sz=14, trace=300000, nelems=7, elem type=char[])
OBJ 500008cb (sz=32, trace=300000, class=java.lang.String@500000d6)
	value		500008cf
ARR 500008cc (sz=24, trace=300000, nelems=2, elem type=java.lang.Object[]@50000022)
	[0]		500008cd
	[1]		500006b8
OBJ 500008cd (sz=32, trace=300000, class=java.lang.String@500000d6)
	value		500008ce
ARR 500008ce (sz=14, trace=300000, nelems=7, elem type=char[])
ARR 500008cf (sz=12, trace=300000, nelems=6, elem type=char[])
OBJ 500008d0 (sz=32, trace=300000, class=java.lang.String@500000d6)
	value		500008d1
ARR 500008d1 (sz=14, trace=300000, nelems=7, elem type=char[])
OBJ 500008d2 (sz=32, trace=300000, class=java.lang.String@500000d6)
	value		500008d6
ARR 500008d3 (sz=24, trace=300000, nelems=2, elem type=java.lang.Object[]@50000022)
	[0]		500008d4
	[1]		50000690
OBJ 500008d4 (sz=32, trace=300000, class=java.lang.String@500000d6)
	value		500008d5
ARR 500008d5 (sz=6, trace=300000, nelems=3, elem type=char[])
ARR 500008d6 (sz=12, trace=300000, nelems=6, elem type=char[])
OBJ 500008d7 (sz=32, trace=300000, class=java.lang.String@500000d6)
	value		500008d8
ARR 500008d8 (sz=22, trace=300000, nelems=11, elem type=char[])
OBJ 500008d9 (sz=32, trace=300000, class=java.lang.String@500000d6)
	value		500008da
ARR 500008da (sz=22, trace=300000, nelems=11, elem type=char[])
OBJ 500008db (sz=32, trace=300000, class=java.lang.String@500000d6)
	value		500008dc
ARR 500008dc (sz=12, trace=300000, nelems=6, elem type=char[])
OBJ 500008dd (sz=32, trace=300000, class=java.lang.String@500000d6)
	value		500008de
ARR 500008de (sz=12, trace=300000, nelems=6, elem type=char[])
OBJ 500008df (sz=32, trace=300000, class=java.lang.String@500000d6)
	value		500008e0
ARR 500008e0 (sz=12, trace=300000, nelems=6, elem type=char[])
OBJ 500008e1 (sz=32, trace=300000, class=java.lang.String@500000d6)
	value		500008e2
ARR 500008e2 (sz=18, trace=300000, nelems=9, elem type=char[])
OBJ 500008e3 (sz=32, trace=300000, class=java.lang.String@500000d6)
	value		500008e4
ARR 500008e4 (sz=18, trace=300000, nelems=9, elem type=char[])
OBJ 500008e5 (sz=32, trace=300000, class=java.lang.String@500000d6)
	value		500008e6
ARR 500008e6 (sz=18, trace=300000, nelems=9, elem type=char[])
OBJ 500008e7 (sz=32, trace=300000, class=java.lang.String@500000d6)
	value		500008e8
ARR 500008e8 (sz=18, trace=300000, nelems=9, elem type=char[])
OBJ 500008e9 (sz=32, trace=300000, class=java.lang.String@500000d6)
	value		500008ea
ARR 500008ea (sz=18, trace=300000, nelems=9, elem type=char[])
OBJ 500008eb (sz=32, trace=300000, class=java.lang.String@500000d6)
	value		500008ec
ARR 500008ec (sz=18, trace=300000, nelems=9, elem type=char[])
OBJ 500008ed (sz=32, trace=300000, class=java.lang.String@500000d6)
	value		500008ee
ARR 500008ee (sz=42, trace=300000, nelems=21, elem type=char[])
OBJ 500008ef (sz=32, trace=300000, class=java.lang.String@500000d6)
	value		500008f0
ARR 500008f0 (sz=6, trace=300000, nelems=3, elem type=char[])
OBJ 500008f1 (sz=32, trace=300000, class=java.lang.String@500000d6)
	value		500008f2
ARR 500008f2 (sz=30, trace=300000, nelems=15, elem type=char[])
OBJ 500008f3 (sz=32, trace=300000, class=java.lang.String@500000d6)
	value		500008f4
ARR 500008f4 (sz=20, trace=300000, nelems=10, elem type=char[])
OBJ 500008f5 (sz=32, trace=300000, class=java.lang.String@500000d6)
	value		500008f6
ARR 500008f6 (sz=30, trace=300000, nelems=15, elem type=char[])
OBJ 500008f7 (sz=32, trace=300000, class=java.lang.String@500000d6)
	value		500008f8
ARR 500008f8 (sz=20, trace=300000, nelems=10, elem type=char[])
OBJ 500008f9 (sz=32, trace=300000, class=java.lang.String@500000d6)
	value		500008fa
ARR 500008fa (sz=6, trace=300000, nelems=3, elem type=char[])
OBJ 500008fb (sz=32, trace=300000, class=java.lang.String@500000d6)
	value		500008fc
ARR 500008fc (sz=6, trace=300000, nelems=3, elem type=char[])
OBJ 500008fd (sz=32, trace=300000, class=java.lang.String@500000d6)
	value		500008fe
ARR 500008fe (sz=14, trace=300000, nelems=7, elem type=char[])
OBJ 500008ff (sz=32, trace=300000, class=java.lang.String@500000d6)
	value		50000903
ARR 50000900 (sz=24, trace=300000, nelems=2, elem type=java.lang.Object[]@50000022)
	[0]		50000901
	[1]		500006a3
OBJ 50000901 (sz=32, trace=300000, class=java.lang.String@500000d6)
	value		50000902
ARR 50000902 (sz=6, trace=300000, nelems=3, elem type=char[])
ARR 50000903 (sz=6, trace=300000, nelems=3, elem type=char[])
OBJ 50000904 (sz=32, trace=300000, class=java.lang.String@500000d6)
	value		50000908
ARR 50000905 (sz=24, trace=300000, nelems=2, elem type=java.lang.Object[]@50000022)
	[0]		50000906
	[1]		50000690
OBJ 50000906 (sz=32, trace=300000, class=java.lang.String@500000d6)
	value		50000907
ARR 50000907 (sz=16, trace=300000, nelems=8, elem type=char[])
ARR 50000908 (sz=6, trace=300000, nelems=3, elem type=char[])
OBJ 50000909 (sz=32, trace=300000, class=java.lang.String@500000d6)
	value		5000090a
ARR 5000090a (sz=6, trace=300000, nelems=3, elem type=char[])
OBJ 5000090b (sz=32, trace=300000, class=java.lang.String@500000d6)
	value		5000090c
ARR 5000090c (sz=6, trace=300000, nelems=3, elem type=char[])
OBJ 5000090d (sz=32, trace=300000, class=java.lang.String@500000d6)
	value		50000911
ARR 5000090e (sz=24, trace=300000, nelems=2, elem type=java.lang.Object[]@50000022)
	[0]		5000090f
	[1]		500006c4
OBJ 5000090f (sz=32, trace=300000, class=java.lang.String@500000d6)
	value		50000910
ARR 50000910 (sz=10, trace=300000, nelems=5, elem type=char[])
ARR 50000911 (sz=6, trace=300000, nelems=3, elem type=char[])
OBJ 50000912 (sz=32, trace=300000, class=java.lang.String@500000d6)
	value		50000913
ARR 50000913 (sz=10, trace=300000, nelems=5, elem type=char[])
OBJ 50000914 (sz=32, trace=300000, class=java.lang.String@500000d6)
	value		50000918
ARR 50000915 (sz=24, trace=300000, nelems=2, elem type=java.lang.Object[]@50000022)
	[0]		50000916
	[1]		500006e9
OBJ 50000916 (sz=32, trace=300000, class=java.lang.String@500000d6)
	value		50000917
ARR 50000917 (sz=18, trace=300000, nelems=9, elem type=char[])
ARR 50000918 (sz=32, trace=300000, nelems=16, elem type=char[])
OBJ 50000919 (sz=32, trace=300000, class=java.lang.String@500000d6)
	value		5000091a
ARR 5000091a (sz=16, trace=300000, nelems=8, elem type=char[])
OBJ 5000091b (sz=32, trace=300000, class=java.lang.String@500000d6)
	value		5000091c
ARR 5000091c (sz=24, trace=300000, nelems=12, elem type=char[])
OBJ 5000091d (sz=32, trace=300000, class=java.lang.String@500000d6)
	value		5000091e
ARR 5000091e (sz=10, trace=300000, nelems=5, elem type=char[])
OBJ 5000091f (sz=32, trace=300000, class=java.lang.String@500000d6)
	value		50000920
ARR 50000920 (sz=10, trace=300000, nelems=5, elem type=char[])
OBJ 50000921 (sz=32, trace=300000, class=java.lang.String@500000d6)
	value		50000922
ARR 50000922 (sz=10, trace=300000, nelems=5, elem type=char[])
OBJ 50000923 (sz=32, trace=300000, class=java.lang.String@500000d6)
	value		50000924
ARR 50000924 (sz=10, trace=300000, nelems=5, elem type=char[])
OBJ 50000925 (sz=32, trace=300000, class=java.lang.String@500000d6)
	value		50000926
ARR 50000926 (sz=10, trace=300000, nelems=5, elem type=char[])
OBJ 50000927 (sz=32, trace=300000, class=java.lang.String@500000d6)
	value		50000928
ARR 50000928 (sz=12, trace=300000, nelems=6, elem type=char[])
OBJ 50000929 (sz=32, trace=300000, class=java.lang.String@500000d6)
	value		5000092a
ARR 5000092a (sz=12, trace=300000, nelems=6, elem type=char[])
OBJ 5000092b (sz=32, trace=300000, class=java.lang.String@500000d6)
	value		5000092c
ARR 5000092c (sz=16, trace=300000, nelems=8, elem type=char[])
OBJ 5000092d (sz=32, trace=300000, class=java.lang.String@500000d6)
	value		5000092e
ARR 5000092e (sz=20, trace=300000, nelems=10, elem type=char[])
OBJ 5000092f (sz=32, trace=300000, class=java.lang.String@500000d6)
	value		50000930
ARR 50000930 (sz=34, trace=300000, nelems=17, elem type=char[])
OBJ 50000931 (sz=32, trace=300000, class=java.lang.String@500000d6)
	value		50000932
ARR 50000932 (sz=6, trace=300000, nelems=3, elem type=char[])
OBJ 50000933 (sz=32, trace=300000, class=java.lang.String@500000d6)
	value		50000934
ARR 50000934 (sz=30, trace=300000, nelems=15, elem type=char[])
OBJ 50000935 (sz=32, trace=300000, class=java.lang.String@500000d6)
	value		50000936
ARR 50000936 (sz=12, trace=300000, nelems=6, elem type=char[])
OBJ 50000937 (sz=32, trace=300000, class=java.lang.String@500000d6)
	value		50000938
ARR 50000938 (sz=12, trace=300000, nelems=6, elem type=char[])
OBJ 50000939 (sz=32, trace=300000, class=java.lang.String@500000d6)
	value		5000093d
ARR 5000093a (sz=24, trace=300000, nelems=2, elem type=java.lang.Object[]@50000022)
	[0]		5000093b
	[1]		500006b4
OBJ 5000093b (sz=32, trace=300000, class=java.lang.String@500000d6)
	value		5000093c
ARR 5000093c (sz=12, trace=300000, nelems=6, elem type=char[])
ARR 5000093d (sz=6, trace=300000, nelems=3, elem type=char[])
OBJ 5000093e (sz=32, trace=300000, class=java.lang.String@500000d6)
	value		5000093f
ARR 5000093f (sz=12, trace=300000, nelems=6, elem type=char[])
OBJ 50000940 (sz=32, trace=300000, class=java.lang.String@500000d6)
	value		50000941
ARR 50000941 (sz=12, trace=300000, nelems=6, elem type=char[])
OBJ 50000942 (sz=32, trace=300000, class=java.lang.String@500000d6)
	value		50000946
ARR 50000943 (sz=24, trace=300000, nelems=2, elem type=java.lang.Object[]@50000022)
	[0]		50000944
	[1]		500006c4
OBJ 50000944 (sz=32, trace=300000, class=java.lang.String@500000d6)
	value		50000945
ARR 50000945 (sz=12, trace=300000, nelems=6, elem type=char[])
ARR 50000946 (sz=36, trace=300000, nelems=18, elem type=char[])
OBJ 50000947 (sz=32, trace=300000, class=java.lang.String@500000d6)
	value		50000948
ARR 50000948 (sz=6, trace=300000, nelems=3, elem type=char[])
OBJ 50000949 (sz=32, trace=300000, class=java.lang.String@500000d6)
	value		5000094a
ARR 5000094a (sz=6, trace=300000, nelems=3, elem type=char[])
OBJ 5000094b (sz=32, trace=300000, class=java.lang.String@500000d6)
	value		5000094c
ARR 5000094c (sz=6, trace=300000, nelems=3, elem type=char[])
OBJ 5000094d (sz=32, trace=300000, class=java.lang.String@500000d6)
	value		5000094e
ARR 5000094e (sz=6, trace=300000, nelems=3, elem type=char[])
OBJ 5000094f (sz=32, trace=300000, class=java.lang.String@500000d6)
	value		50000950
ARR 50000950 (sz=6, trace=300000, nelems=3, elem type=char[])
OBJ 50000951 (sz=32, trace=300000, class=java.lang.String@500000d6)
	value		50000952
ARR 50000952 (sz=30, trace=300000, nelems=15, elem type=char[])
OBJ 50000953 (sz=32, trace=300000, class=java.lang.String@500000d6)
	value		50000954
ARR 50000954 (sz=18, trace=300000, nelems=9, elem type=char[])
OBJ 50000955 (sz=32, trace=300000, class=java.lang.String@500000d6)
	value		50000956
ARR 50000956 (sz=26, trace=300000, nelems=13, elem type=char[])
OBJ 50000957 (sz=32, trace=300000, class=java.lang.String@500000d6)
	value		50000958
ARR 50000958 (sz=22, trace=300000, nelems=11, elem type=char[])
OBJ 50000959 (sz=32, trace=300000, class=java.lang.String@500000d6)
	value		5000095a
ARR 5000095a (sz=22, trace=300000, nelems=11, elem type=char[])
OBJ 5000095b (sz=32, trace=300000, class=java.lang.String@500000d6)
	value		5000095c
ARR 5000095c (sz=22, trace=300000, nelems=11, elem type=char[])
OBJ 5000095d (sz=32, trace=300000, class=java.lang.String@500000d6)
	value		5000095e
ARR 5000095e (sz=22, trace=300000, nelems=11, elem type=char[])
OBJ 5000095f (sz=32, trace=300000, class=java.lang.String@500000d6)
	value		50000960
ARR 50000960 (sz=22, trace=300000, nelems=11, elem type=char[])
OBJ 50000961 (sz=32, trace=300000, class=java.lang.String@500000d6)
	value		50000962
ARR 50000962 (sz=22, trace=300000, nelems=11, elem type=char[])
ARR 50000963 (sz=144, trace=300000, nelems=32, elem type=java.lang.Object[]@50000022)
	[0]		50000964
	[2]		50000965
	[3]		50000966
	[4]		50000967
	[5]		50000968
	[6]		50000969
	[7]		5000096a
	[8]		5000096b
	[9]		5000096c
	[10]		5000096d
	[11]		5000096e
	[12]		5000096f
	[14]		50000970
	[15]		50000971
	[16]		50000972
	[17]		50000973
	[18]		50000974
	[19]		50000975
	[22]		50000976
	[24]		50000977
	[28]		50000978
	[29]		50000979
	[31]		5000097a
ARR 50000964 (sz=24, trace=300000, nelems=1, elem type=java.lang.Object[]@50000022)
	[0]		50000700
ARR 50000965 (sz=32, trace=300000, nelems=3, elem type=java.lang.Object[]@50000022)
	[0]		500006f2
	[2]		50000a3c
ARR 50000966 (sz=32, trace=300000, nelems=3, elem type=java.lang.Object[]@50000022)
	[0]		500006e9
	[2]		50000a3b
ARR 50000967 (sz=32, trace=300000, nelems=3, elem type=java.lang.Object[]@50000022)
	[0]		500006db
	[2]		50000985
ARR 50000968 (sz=32, trace=300000, nelems=3, elem type=java.lang.Object[]@50000022)
	[0]		500006d2
	[2]		50000984
ARR 50000969 (sz=24, trace=300000, nelems=1, elem type=java.lang.Object[]@50000022)
	[0]		500006ce
ARR 5000096a (sz=24, trace=300000, nelems=1, elem type=java.lang.Object[]@50000022)
	[0]		500006ca
ARR 5000096b (sz=32, trace=300000, nelems=3, elem type=java.lang.Object[]@50000022)
	[0]		500006c1
	[2]		50000983
ARR 5000096c (sz=32, trace=300000, nelems=3, elem type=java.lang.Object[]@50000022)
	[0]		500006b8
	[2]		50000982
ARR 5000096d (sz=24, trace=300000, nelems=1, elem type=java.lang.Object[]@50000022)
	[0]		500006b4
ARR 5000096e (sz=32, trace=300000, nelems=3, elem type=java.lang.Object[]@50000022)
	[0]		500006ab
	[2]		50000981
ARR 5000096f (sz=24, trace=300000, nelems=1, elem type=java.lang.Object[]@50000022)
	[0]		500006a7
ARR 50000970 (sz=24, trace=300000, nelems=1, elem type=java.lang.Object[]@50000022)
	[0]		500006a3
ARR 50000971 (sz=24, trace=300000, nelems=1, elem type=java.lang.Object[]@50000022)
	[0]		5000069f
ARR 50000972 (sz=32, trace=300000, nelems=3, elem type=java.lang.Object[]@50000022)
	[0]		50000696
	[2]		50000980
ARR 50000973 (sz=32, trace=300000, nelems=3, elem type=java.lang.Object[]@50000022)
	[0]		5000068d
	[2]		5000097f
ARR 50000974 (sz=32, trace=300000, nelems=3, elem type=java.lang.Object[]@50000022)
	[0]		5000067f
	[2]		5000097d
ARR 50000975 (sz=32, trace=300000, nelems=3, elem type=java.lang.Object[]@50000022)
	[0]		50000671
	[2]		5000097b
ARR 50000976 (sz=24, trace=300000, nelems=1, elem type=java.lang.Object[]@50000022)
	[0]		5000066d
ARR 50000977 (sz=24, trace=300000, nelems=1, elem type=java.lang.Object[]@50000022)
	[0]		50000669
ARR 50000978 (sz=24, trace=300000, nelems=1, elem type=java.lang.Object[]@50000022)
	[0]		50000665
ARR 50000979 (sz=24, trace=300000, nelems=1, elem type=java.lang.Object[]@50000022)
	[0]		50000661
ARR 5000097a (sz=24, trace=300000, nelems=1, elem type=java.lang.Object[]@50000022)
	[0]		5000065d
ARR 5000097b (sz=32, trace=300000, nelems=3, elem type=java.lang.Object[]@50000022)
	[0]		50000674
	[2]		5000097c
ARR 5000097c (sz=24, trace=300000, nelems=1, elem type=java.lang.Object[]@50000022)
	[0]		50000677
ARR 5000097d (sz=32, trace=300000, nelems=3, elem type=java.lang.Object[]@50000022)
	[0]		50000682
	[2]		5000097e
ARR 5000097e (sz=24, trace=300000, nelems=1, elem type=java.lang.Object[]@50000022)
	[0]		50000685
ARR 5000097f (sz=24, trace=300000, nelems=1, elem type=java.lang.Object[]@50000022)
	[0]		50000690
ARR 50000980 (sz=24, trace=300000, nelems=1, elem type=java.lang.Object[]@50000022)
	[0]		50000699
ARR 50000981 (sz=24, trace=300000, nelems=1, elem type=java.lang.Object[]@50000022)
	[0]		500006ae
ARR 50000982 (sz=24, trace=300000, nelems=1, elem type=java.lang.Object[]@50000022)
	[0]		500006bb
ARR 50000983 (sz=24, trace=300000, nelems=1, elem type=java.lang.Object[]@50000022)
	[0]		500006c4
ARR 50000984 (sz=24, trace=300000, nelems=1, elem type=java.lang.Object[]@50000022)
	[0]		500006d5
ARR 50000985 (sz=32, trace=300000, nelems=3, elem type=java.lang.Object[]@50000022)
	[0]		500006de
	[1]		5000063b
	[2]		50000986
ARR 50000986 (sz=24, trace=300000, nelems=1, elem type=java.lang.Object[]@50000022)
	[0]		500006e1
ARR 50000987 (sz=24, trace=300000, nelems=2, elem type=java.lang.String[]@500000d7)
	[0]		5000083e
	[1]		500007d6
OBJ 50000988 (sz=32, trace=300000, class=java.lang.String@500000d6)
	value		500009ed
OBJ 50000989 (sz=32, trace=300000, class=java.lang.String@500000d6)
	value		500009f3
OBJ 5000098a (sz=32, trace=300000, class=java.lang.String@500000d6)
	value		500009f1
OBJ 5000098b (sz=32, trace=300000, class=java.lang.String@500000d6)
	value		50000a14
OBJ 5000098c (sz=32, trace=300000, class=java.lang.String@500000d6)
	value		50000a15
OBJ 5000098d (sz=32, trace=300000, class=java.lang.String@500000d6)
	value		50000a04
OBJ 5000098e (sz=32, trace=300000, class=java.lang.String@500000d6)
	value		50000a23
OBJ 5000098f (sz=32, trace=300000, class=java.lang.String@500000d6)
	value		500009ef
OBJ 50000990 (sz=32, trace=300000, class=java.lang.String@500000d6)
	value		50000a06
OBJ 50000991 (sz=32, trace=300000, class=java.lang.String@500000d6)
	value		50000a24
OBJ 50000992 (sz=32, trace=300000, class=java.lang.String@500000d6)
	value		500009f8
OBJ 50000993 (sz=32, trace=300000, class=java.lang.String@500000d6)
	value		50000a27
OBJ 50000994 (sz=32, trace=300000, class=java.lang.String@500000d6)
	value		500009f0
OBJ 50000995 (sz=32, trace=300000, class=java.lang.String@500000d6)
	value		50000a01
OBJ 50000996 (sz=32, trace=300000, class=java.lang.String@500000d6)
	value		50000a1c
OBJ 50000997 (sz=32, trace=300000, class=java.lang.String@500000d6)
	value		50000a25
OBJ 50000998 (sz=32, trace=300000, class=java.lang.String@500000d6)
	value		50000a09
OBJ 50000999 (sz=32, trace=300000, class=java.lang.String@500000d6)
	value		50000a10
OBJ 5000099a (sz=32, trace=300000, class=java.lang.String@500000d6)
	value		50000a19
OBJ 5000099b (sz=32, trace=300000, class=java.lang.String@500000d6)
	value		50000a03
OBJ 5000099c (sz=32, trace=300000, class=java.lang.String@500000d6)
	value		50000a26
OBJ 5000099d (sz=32, trace=300000, class=java.lang.String@500000d6)
	value		50000a1d
OBJ 5000099e (sz=32, trace=300000, class=java.lang.String@500000d6)
	value		500009f2
OBJ 5000099f (sz=32, trace=300000, class=java.lang.String@500000d6)
	value		50000a07
OBJ 500009a0 (sz=32, trace=300000, class=java.lang.String@500000d6)
	value		50000a28
OBJ 500009a1 (sz=32, trace=300000, class=java.lang.String@500000d6)
	value		50000a02
OBJ 500009a2 (sz=32, trace=300000, class=java.lang.String@500000d6)
	value		50000a0b
OBJ 500009a3 (sz=32, trace=300000, class=java.lang.String@500000d6)
	value		50000a0a
OBJ 500009a4 (sz=32, trace=300000, class=java.lang.String@500000d6)
	value		50000a0e
OBJ 500009a5 (sz=32, trace=300000, class=java.lang.String@500000d6)
	value		50000a0d
OBJ 500009a6 (sz=32, trace=300000, class=java.lang.String@500000d6)
	value		50000a12
OBJ 500009a7 (sz=32, trace=300000, class=java.lang.String@500000d6)
	value		50000a11
OBJ 500009a8 (sz=32, trace=300000, class=java.lang.String@500000d6)
	value		50000a17
OBJ 500009a9 (sz=32, trace=300000, class=java.lang.String@500000d6)
	value		50000a16
OBJ 500009aa (sz=32, trace=300000, class=java.lang.String@500000d6)
	value		50000a1b
OBJ 500009ab (sz=32, trace=300000, class=java.lang.String@500000d6)
	value		50000a1a
OBJ 500009ac (sz=32, trace=300000, class=java.lang.String@500000d6)
	value		50000a20
OBJ 500009ad (sz=32, trace=300000, class=java.lang.String@500000d6)
	value		50000a22
OBJ 500009ae (sz=32, trace=300000, class=java.lang.String@500000d6)
	value		50000a21
OBJ 500009af (sz=32, trace=300000, class=java.lang.String@500000d6)
	value		50000a00
OBJ 500009b0 (sz=32, trace=300000, class=java.lang.String@500000d6)
	value		500009ff
OBJ 500009b1 (sz=32, trace=300000, class=java.lang.String@500000d6)
	value		500009fc
OBJ 500009b2 (sz=32, trace=300000, class=java.lang.String@500000d6)
	value		500009f4
OBJ 500009b3 (sz=32, trace=300000, class=java.lang.String@500000d6)
	value		500009f5
OBJ 500009b4 (sz=32, trace=300000, class=java.lang.String@500000d6)
	value		500009f6
OBJ 500009b5 (sz=32, trace=300000, class=java.lang.String@500000d6)
	value		500009fb
OBJ 500009b6 (sz=32, trace=300000, class=java.lang.String@500000d6)
	value		500009f9
OBJ 500009b7 (sz=32, trace=300000, class=java.lang.String@500000d6)
	value		500009f7
OBJ 500009b8 (sz=32, trace=300000, class=java.lang.String@500000d6)
	value		500009fa
OBJ 500009b9 (sz=32, trace=300000, class=java.lang.String@500000d6)
	value		500009fe
OBJ 500009ba (sz=32, trace=300000, class=java.lang.String@500000d6)
	value		500009fd
OBJ 500009bb (sz=32, trace=300000, class=java.lang.String@500000d6)
	value		500009ee
OBJ 500009bc (sz=32, trace=300000, class=java.lang.String@500000d6)
	value		50000a2a
OBJ 500009bd (sz=32, trace=300000, class=java.lang.String@500000d6)
	value		50000a2b
OBJ 500009be (sz=32, trace=300000, class=java.lang.String@500000d6)
	value		50000a2c
OBJ 500009bf (sz=32, trace=300000, class=java.lang.String@500000d6)
	value		50000a05
OBJ 500009c0 (sz=32, trace=300000, class=java.lang.String@500000d6)
	value		50000a08
OBJ 500009c1 (sz=32, trace=300000, class=java.lang.String@500000d6)
	value		50000a0c
OBJ 500009c2 (sz=32, trace=300000, class=java.lang.String@500000d6)
	value		50000a18
OBJ 500009c3 (sz=32, trace=300000, class=java.lang.String@500000d6)
	value		50000a0f
OBJ 500009c4 (sz=32, trace=300000, class=java.lang.String@500000d6)
	value		50000a13
OBJ 500009c5 (sz=32, trace=300000, class=java.lang.String@500000d6)
	value		50000a1f
OBJ 500009c6 (sz=32, trace=300000, class=java.lang.String@500000d6)
	value		50000a1e
OBJ 500009c7 (sz=32, trace=300000, class=java.lang.String@500000d6)
	value		50000a29
ARR 500009c8 (sz=32, trace=300000, nelems=4, elem type=java.lang.String[]@500000d7)
	[0]		5000088e
	[1]		50000854
	[2]		50000850
	[3]		500008ef
ARR 500009c9 (sz=40, trace=300000, nelems=5, elem type=java.lang.String[]@500000d7)
	[0]		50000898
	[1]		500006f2
	[2]		50000856
	[3]		500008f9
	[4]		500009be
ARR 500009ca (sz=40, trace=300000, nelems=6, elem type=java.lang.String[]@500000d7)
	[0]		5000089a
	[1]		50000700
	[2]		50000858
	[3]		500008fb
	[4]		500009bd
	[5]		500007fc
ARR 500009cb (sz=32, trace=300000, nelems=4, elem type=java.lang.String[]@500000d7)
	[0]		500008aa
	[1]		500007fe
	[2]		50000826
	[3]		500008ff
ARR 500009cc (sz=40, trace=300000, nelems=5, elem type=java.lang.String[]@500000d7)
	[0]		500008af
	[1]		50000674
	[2]		50000866
	[3]		50000904
	[4]		500009bc
ARR 500009cd (sz=40, trace=300000, nelems=5, elem type=java.lang.String[]@500000d7)
	[0]		500008b4
	[1]		50000868
	[2]		5000067f
	[3]		50000909
	[4]		500007e4
ARR 500009ce (sz=40, trace=300000, nelems=5, elem type=java.lang.String[]@500000d7)
	[0]		500008b8
	[1]		50000696
	[2]		5000086a
	[3]		5000090b
	[4]		500009c7
ARR 500009cf (sz=40, trace=300000, nelems=5, elem type=java.lang.String[]@500000d7)
	[0]		500008bf
	[1]		5000086c
	[2]		5000069f
	[3]		5000090d
	[4]		500007c8
ARR 500009d0 (sz=32, trace=300000, nelems=4, elem type=java.lang.String[]@500000d7)
	[0]		50000874
	[1]		50000699
	[2]		50000828
	[3]		500008a4
ARR 500009d1 (sz=32, trace=300000, nelems=4, elem type=java.lang.String[]@500000d7)
	[0]		500008ac
	[1]		50000870
	[2]		50000864
	[3]		50000901
ARR 500009d2 (sz=40, trace=300000, nelems=6, elem type=java.lang.String[]@500000d7)
	[0]		50000860
	[1]		50000682
	[2]		5000081a
	[3]		50000888
	[4]		50000914
	[5]		500007e2
ARR 500009d3 (sz=24, trace=300000, nelems=2, elem type=java.lang.String[]@500000d7)
	[0]		50000837
	[1]		500007ce
ARR 500009d4 (sz=24, trace=300000, nelems=2, elem type=java.lang.String[]@500000d7)
	[0]		5000083a
	[1]		500007d0
ARR 500009d5 (sz=24, trace=300000, nelems=2, elem type=java.lang.String[]@500000d7)
	[0]		5000083c
	[1]		500007d4
ARR 500009d6 (sz=32, trace=300000, nelems=3, elem type=java.lang.String[]@500000d7)
	[0]		50000840
	[1]		500007d8
	[2]		50000916
ARR 500009d7 (sz=24, trace=300000, nelems=2, elem type=java.lang.String[]@500000d7)
	[0]		50000842
	[1]		500007da
ARR 500009d8 (sz=24, trace=300000, nelems=1, elem type=java.lang.String[]@500000d7)
	[0]		50000927
ARR 500009d9 (sz=32, trace=300000, nelems=3, elem type=java.lang.String[]@500000d7)
	[0]		50000929
	[1]		500008a6
	[2]		50000808
ARR 500009da (sz=80, trace=300000, nelems=15, elem type=java.lang.String[]@500000d7)
	[0]		500009a0
	[1]		50000820
	[2]		50000993
	[3]		5000099c
	[4]		50000997
	[5]		50000991
	[6]		5000098e
	[7]		5000091d
	[8]		50000947
	[9]		500009ad
	[10]		500009ae
	[11]		500009ac
	[12]		500009c5
	[13]		500009c6
	[14]		5000099d
ARR 500009db (sz=32, trace=300000, nelems=4, elem type=java.lang.String[]@500000d7)
	[0]		50000831
	[1]		50000824
	[2]		500008d9
	[3]		50000996
ARR 500009dc (sz=72, trace=300000, nelems=13, elem type=java.lang.String[]@500000d7)
	[0]		500008e1
	[1]		50000935
	[2]		5000085a
	[3]		500009aa
	[4]		500009ab
	[5]		5000099a
	[6]		5000087e
	[7]		500008b6
	[8]		500008cb
	[9]		500008a0
	[10]		50000949
	[11]		5000091f
	[12]		500009c2
ARR 500009dd (sz=80, trace=300000, nelems=16, elem type=java.lang.String[]@500000d7)
	[0]		500008e3
	[1]		50000937
	[2]		50000872
	[3]		500009a8
	[4]		500009a9
	[5]		5000098c
	[6]		5000098b
	[7]		50000810
	[8]		500008d2
	[9]		500009c4
	[10]		500007f1
	[11]		5000089c
	[12]		50000892
	[13]		50000939
	[14]		50000912
	[15]		50000802
ARR 500009de (sz=64, trace=300000, nelems=12, elem type=java.lang.String[]@500000d7)
	[0]		500008e5
	[1]		5000093b
	[2]		5000085c
	[3]		500009a6
	[4]		500009a7
	[5]		50000999
	[6]		500008bd
	[7]		500008db
	[8]		500008c9
	[9]		50000921
	[10]		5000094b
	[11]		500009c3
ARR 500009df (sz=72, trace=300000, nelems=13, elem type=java.lang.String[]@500000d7)
	[0]		500008e7
	[1]		50000806
	[2]		5000093e
	[3]		5000087c
	[4]		500009a4
	[5]		500009a5
	[6]		50000880
	[7]		500008ba
	[8]		500008dd
	[9]		500008cd
	[10]		50000923
	[11]		5000094d
	[12]		500009c1
ARR 500009e0 (sz=72, trace=300000, nelems=13, elem type=java.lang.String[]@500000d7)
	[0]		500008e9
	[1]		50000940
	[2]		5000088a
	[3]		500009a2
	[4]		500009a3
	[5]		50000998
	[6]		50000882
	[7]		500008c3
	[8]		500008df
	[9]		500008d0
	[10]		50000925
	[11]		5000094f
	[12]		500009c0
ARR 500009e1 (sz=72, trace=300000, nelems=14, elem type=java.lang.String[]@500000d7)
	[0]		5000088c
	[1]		5000099f
	[2]		50000884
	[3]		500008c7
	[4]		50000990
	[5]		5000090f
	[6]		500009bf
	[7]		50000931
	[8]		5000098d
	[9]		5000099b
	[10]		500009a1
	[11]		500006c5
	[12]		50000944
	[13]		50000995
ARR 500009e2 (sz=24, trace=300000, nelems=2, elem type=java.lang.String[]@500000d7)
	[0]		5000066a
	[1]		500009af
ARR 500009e3 (sz=24, trace=300000, nelems=2, elem type=java.lang.String[]@500000d7)
	[0]		50000678
	[1]		500009b0
ARR 500009e4 (sz=24, trace=300000, nelems=2, elem type=java.lang.String[]@500000d7)
	[0]		500006e2
	[1]		500009b9
ARR 500009e5 (sz=24, trace=300000, nelems=2, elem type=java.lang.String[]@500000d7)
	[0]		5000065e
	[1]		500009ba
ARR 500009e6 (sz=24, trace=300000, nelems=2, elem type=java.lang.String[]@500000d7)
	[0]		500006f6
	[1]		500009b1
ARR 500009e7 (sz=24, trace=300000, nelems=1, elem type=java.lang.String[]@500000d7)
	[0]		500009b5
ARR 500009e8 (sz=32, trace=300000, nelems=3, elem type=java.lang.String[]@500000d7)
	[0]		500006f9
	[1]		500009b8
	[2]		500009b6
ARR 500009e9 (sz=32, trace=300000, nelems=4, elem type=java.lang.String[]@500000d7)
	[0]		500006cb
	[1]		50000992
	[2]		500009b7
	[3]		500009b4
ARR 500009ea (sz=32, trace=300000, nelems=4, elem type=java.lang.String[]@500000d7)
	[0]		500006d6
	[1]		5000085e
	[2]		50000812
	[3]		500009b3
ARR 500009eb (sz=24, trace=300000, nelems=2, elem type=java.lang.String[]@500000d7)
	[0]		500009b2
	[1]		5000092f
ARR 500009ec (sz=72, trace=300000, nelems=14, elem type=java.lang.String[]@500000d7)
	[0]		50000906
	[1]		50000989
	[2]		5000099e
	[3]		5000098a
	[4]		50000994
	[5]		50000822
	[6]		5000098f
	[7]		5000081e
	[8]		500009bb
	[9]		5000084c
	[10]		500008d4
	[11]		500007dc
	[12]		50000988
	[13]		5000080e
ARR 500009ed (sz=28, trace=300000, nelems=14, elem type=char[])
ARR 500009ee (sz=14, trace=300000, nelems=7, elem type=char[])
ARR 500009ef (sz=12, trace=300000, nelems=6, elem type=char[])
ARR 500009f0 (sz=18, trace=300000, nelems=9, elem type=char[])
ARR 500009f1 (sz=10, trace=300000, nelems=5, elem type=char[])
ARR 500009f2 (sz=32, trace=300000, nelems=16, elem type=char[])
ARR 500009f3 (sz=28, trace=300000, nelems=14, elem type=char[])
ARR 500009f4 (sz=8, trace=300000, nelems=4, elem type=char[])
ARR 500009f5 (sz=20, trace=300000, nelems=10, elem type=char[])
ARR 500009f6 (sz=36, trace=300000, nelems=18, elem type=char[])
ARR 500009f7 (sz=20, trace=300000, nelems=10, elem type=char[])
ARR 500009f8 (sz=30, trace=300000, nelems=15, elem type=char[])
ARR 500009f9 (sz=42, trace=300000, nelems=21, elem type=char[])
ARR 500009fa (sz=20, trace=300000, nelems=10, elem type=char[])
ARR 500009fb (sz=26, trace=300000, nelems=13, elem type=char[])
ARR 500009fc (sz=10, trace=300000, nelems=5, elem type=char[])
ARR 500009fd (sz=20, trace=300000, nelems=10, elem type=char[])
ARR 500009fe (sz=20, trace=300000, nelems=10, elem type=char[])
ARR 500009ff (sz=24, trace=300000, nelems=12, elem type=char[])
ARR 50000a00 (sz=24, trace=300000, nelems=12, elem type=char[])
ARR 50000a01 (sz=18, trace=300000, nelems=9, elem type=char[])
ARR 50000a02 (sz=30, trace=300000, nelems=15, elem type=char[])
ARR 50000a03 (sz=18, trace=300000, nelems=9, elem type=char[])
ARR 50000a04 (sz=14, trace=300000, nelems=7, elem type=char[])
ARR 50000a05 (sz=22, trace=300000, nelems=11, elem type=char[])
ARR 50000a06 (sz=12, trace=300000, nelems=6, elem type=char[])
ARR 50000a07 (sz=20, trace=300000, nelems=10, elem type=char[])
ARR 50000a08 (sz=22, trace=300000, nelems=11, elem type=char[])
ARR 50000a09 (sz=18, trace=300000, nelems=9, elem type=char[])
ARR 50000a0a (sz=30, trace=300000, nelems=15, elem type=char[])
ARR 50000a0b (sz=20, trace=300000, nelems=10, elem type=char[])
ARR 50000a0c (sz=22, trace=300000, nelems=11, elem type=char[])
ARR 50000a0d (sz=30, trace=300000, nelems=15, elem type=char[])
ARR 50000a0e (sz=20, trace=300000, nelems=10, elem type=char[])
ARR 50000a0f (sz=36, trace=300000, nelems=18, elem type=char[])
ARR 50000a10 (sz=18, trace=300000, nelems=9, elem type=char[])
ARR 50000a11 (sz=30, trace=300000, nelems=15, elem type=char[])
ARR 50000a12 (sz=20, trace=300000, nelems=10, elem type=char[])
ARR 50000a13 (sz=30, trace=300000, nelems=15, elem type=char[])
ARR 50000a14 (sz=16, trace=300000, nelems=8, elem type=char[])
ARR 50000a15 (sz=16, trace=300000, nelems=8, elem type=char[])
ARR 50000a16 (sz=30, trace=300000, nelems=15, elem type=char[])
ARR 50000a17 (sz=20, trace=300000, nelems=10, elem type=char[])
ARR 50000a18 (sz=22, trace=300000, nelems=11, elem type=char[])
ARR 50000a19 (sz=18, trace=300000, nelems=9, elem type=char[])
ARR 50000a1a (sz=30, trace=300000, nelems=15, elem type=char[])
ARR 50000a1b (sz=20, trace=300000, nelems=10, elem type=char[])
ARR 50000a1c (sz=20, trace=300000, nelems=10, elem type=char[])
ARR 50000a1d (sz=30, trace=300000, nelems=15, elem type=char[])
ARR 50000a1e (sz=22, trace=300000, nelems=11, elem type=char[])
ARR 50000a1f (sz=22, trace=300000, nelems=11, elem type=char[])
ARR 50000a20 (sz=4, trace=300000, nelems=2, elem type=char[])
ARR 50000a21 (sz=12, trace=300000, nelems=6, elem type=char[])
ARR 50000a22 (sz=12, trace=300000, nelems=6, elem type=char[])
ARR 50000a23 (sz=14, trace=300000, nelems=7, elem type=char[])
ARR 50000a24 (sz=12, trace=300000, nelems=6, elem type=char[])
ARR 50000a25 (sz=20, trace=300000, nelems=10, elem type=char[])
ARR 50000a26 (sz=20, trace=300000, nelems=10, elem type=char[])
ARR 50000a27 (sz=22, trace=300000, nelems=11, elem type=char[])
ARR 50000a28 (sz=22, trace=300000, nelems=11, elem type=char[])
ARR 50000a29 (sz=16, trace=300000, nelems=8, elem type=char[])
ARR 50000a2a (sz=16, trace=300000, nelems=8, elem type=char[])
ARR 50000a2b (sz=16, trace=300000, nelems=8, elem type=char[])
ARR 50000a2c (sz=16, trace=300000, nelems=8, elem type=char[])
ARR 50000a2d (sz=20, trace=300000, nelems=10, elem type=char[])
OBJ 50000a2e (sz=32, trace=300000, class=java.lang.String@500000d6)
	value		50000a30
ARR 50000a2f (sz=512, trace=300000, nelems=256, elem type=short[])
ARR 50000a30 (sz=2352, trace=300000, nelems=1176, elem type=char[])
ARR 50000a31 (sz=32, trace=300000, nelems=4, elem type=java.lang.String[]@500000d7)
	[0]		50000632
	[1]		5000062f
	[2]		50000630
	[3]		50000631
OBJ 50000a32 (sz=32, trace=300000, class=java.lang.String@500000d6)
	value		50000a36
OBJ 50000a33 (sz=32, trace=300000, class=java.lang.String@500000d6)
	value		50000a37
OBJ 50000a34 (sz=16, trace=300000, class=java.nio.ByteOrder@500000e1)
	name		50000a33
OBJ 50000a35 (sz=16, trace=300000, class=java.nio.ByteOrder@500000e1)
	name		50000a32
ARR 50000a36 (sz=20, trace=300000, nelems=10, elem type=char[])
ARR 50000a37 (sz=26, trace=300000, nelems=13, elem type=char[])
ARR 50000a38 (sz=6, trace=300000, nelems=3, elem type=char[])
OBJ 50000a39 (sz=32, trace=300000, class=java.lang.String@500000d6)
	value		50000a3a
ARR 50000a3a (sz=512, trace=300000, nelems=256, elem type=char[])
ARR 50000a3b (sz=24, trace=300000, nelems=1, elem type=java.lang.Object[]@50000022)
	[0]		500006ec
ARR 50000a3c (sz=32, trace=300000, nelems=3, elem type=java.lang.Object[]@50000022)
	[0]		500006f5
	[2]		50000a3d
ARR 50000a3d (sz=24, trace=300000, nelems=1, elem type=java.lang.Object[]@50000022)
	[0]		500006f8
OBJ 50000a3e (sz=32, trace=300000, class=java.lang.String@500000d6)
	value		50000a3f
ARR 50000a3f (sz=12, trace=300000, nelems=6, elem type=char[])
ARR 50000a40 (sz=38, trace=300000, nelems=19, elem type=char[])
ARR 50000a41 (sz=26, trace=300000, nelems=13, elem type=char[])
ARR 50000a42 (sz=2, trace=300000, nelems=1, elem type=char[])
ARR 50000a43 (sz=20, trace=300000, nelems=10, elem type=char[])
ARR 50000a44 (sz=22, trace=300000, nelems=11, elem type=char[])
ARR 50000a45 (sz=80, trace=300000, nelems=13, elem type=java.util.HashMap$Entry[]@500000db)
	[0]		500001d2
	[3]		50000190
	[12]		500001b1
OBJ 50000a46 (sz=32, trace=300000, class=java.lang.String@500000d6)
	value		50000a51
OBJ 50000a47 (sz=32, trace=300000, class=java.lang.String@500000d6)
	value		50000a50
OBJ 50000a48 (sz=32, trace=300000, class=java.lang.String@500000d6)
	value		50000a4a
OBJ 50000a49 (sz=32, trace=300000, class=java.lang.String@500000d6)
	value		50000a4b
ARR 50000a4a (sz=30, trace=300000, nelems=15, elem type=char[])
ARR 50000a4b (sz=16, trace=300000, nelems=8, elem type=char[])
OBJ 50000a4c (sz=32, trace=300000, class=java.lang.String@500000d6)
	value		50000a4d
ARR 50000a4d (sz=6, trace=300000, nelems=3, elem type=char[])
OBJ 50000a4e (sz=32, trace=300000, class=java.lang.String@500000d6)
	value		50000a4f
ARR 50000a4f (sz=4, trace=300000, nelems=2, elem type=char[])
ARR 50000a50 (sz=54, trace=300000, nelems=27, elem type=char[])
ARR 50000a51 (sz=24, trace=300000, nelems=12, elem type=char[])
OBJ 50000a52 (sz=24, trace=300000, class=java.io.File@50000097)
	path		5000043f
OBJ 50000a53 (sz=24, trace=300000, class=java.io.File@50000097)
	path		50000a54
OBJ 50000a54 (sz=32, trace=300000, class=java.lang.String@500000d6)
	value		50000440
OBJ 50000a55 (sz=32, trace=300000, class=java.lang.String@500000d6)
	value		50000abc
OBJ 50000a56 (sz=16, trace=300000, class=sun.misc.Launcher@500000be)
	loader		500003b8
OBJ 50000a57 (sz=16, trace=300000, class=sun.misc.Launcher$Factory@50000110)
OBJ 50000a58 (sz=32, trace=300000, class=java.lang.String@500000d6)
	value		50000aba
OBJ 50000a59 (sz=32, trace=300000, class=java.lang.String@500000d6)
	value		50000a98
OBJ 50000a5a (sz=32, trace=300000, class=java.lang.String@500000d6)
	value		50000a86
OBJ 50000a5b (sz=32, trace=300000, class=java.lang.String@500000d6)
	value		50000a88
OBJ 50000a5c (sz=32, trace=300000, class=java.lang.String@500000d6)
	value		50000a7a
OBJ 50000a5d (sz=32, trace=300000, class=java.lang.String@500000d6)
	value		50000a7e
OBJ 50000a5e (sz=32, trace=300000, class=java.lang.String@500000d6)
	value		50000a97
OBJ 50000a5f (sz=32, trace=300000, class=java.lang.String@500000d6)
	value		50000a96
OBJ 50000a60 (sz=32, trace=300000, class=java.lang.String@500000d6)
	value		50000a87
OBJ 50000a61 (sz=32, trace=300000, class=java.lang.String@500000d6)
	value		50000a95
OBJ 50000a62 (sz=32, trace=300000, class=java.lang.String@500000d6)
	value		50000a8c
OBJ 50000a63 (sz=32, trace=300000, class=java.lang.String@500000d6)
	value		50000a8a
OBJ 50000a64 (sz=32, trace=300000, class=java.lang.String@500000d6)
	value		50000a8f
OBJ 50000a65 (sz=32, trace=300000, class=java.lang.String@500000d6)
	value		50000a94
OBJ 50000a66 (sz=32, trace=300000, class=java.lang.String@500000d6)
	value		50000a8b
OBJ 50000a67 (sz=32, trace=300000, class=java.lang.String@500000d6)
	value		50000a80
OBJ 50000a68 (sz=32, trace=300000, class=java.lang.String@500000d6)
	value		50000a93
OBJ 50000a69 (sz=32, trace=300000, class=java.lang.String@500000d6)
	value		50000a92
OBJ 50000a6a (sz=32, trace=300000, class=java.lang.String@500000d6)
	value		50000a7d
OBJ 50000a6b (sz=32, trace=300000, class=java.lang.String@500000d6)
	value		50000a7c
OBJ 50000a6c (sz=32, trace=300000, class=java.lang.String@500000d6)
	value		50000a7b
OBJ 50000a6d (sz=32, trace=300000, class=java.lang.String@500000d6)
	value		50000a7f
OBJ 50000a6e (sz=32, trace=300000, class=java.lang.String@500000d6)
	value		50000a91
OBJ 50000a6f (sz=32, trace=300000, class=java.lang.String@500000d6)
	value		50000a89
OBJ 50000a70 (sz=32, trace=300000, class=java.lang.String@500000d6)
	value		50000a8d
OBJ 50000a71 (sz=32, trace=300000, class=java.lang.String@500000d6)
	value		50000a90
OBJ 50000a72 (sz=32, trace=300000, class=java.lang.String@500000d6)
	value		50000a8e
ARR 50000a73 (sz=16, trace=300000, nelems=0, elem type=java.io.File[]@50000098)
OBJ 50000a74 (sz=16, trace=300000, class=sun.jkernel.DownloadManager$1@5000006d)
OBJ 50000a75 (sz=32, trace=300000, class=java.lang.String@500000d6)
	value		50000a85
OBJ 50000a76 (sz=32, trace=300000, class=java.lang.String@500000d6)
	value		50000a84
OBJ 50000a77 (sz=32, trace=300000, class=java.lang.String@500000d6)
	value		50000a83
OBJ 50000a78 (sz=32, trace=300000, class=java.lang.String@500000d6)
	value		50000a82
OBJ 50000a79 (sz=32, trace=300000, class=java.lang.String@500000d6)
	value		50000a81
ARR 50000a7a (sz=38, trace=300000, nelems=19, elem type=char[])
ARR 50000a7b (sz=46, trace=300000, nelems=23, elem type=char[])
ARR 50000a7c (sz=44, trace=300000, nelems=22, elem type=char[])
ARR 50000a7d (sz=24, trace=300000, nelems=12, elem type=char[])
ARR 50000a7e (sz=28, trace=300000, nelems=14, elem type=char[])
ARR 50000a7f (sz=58, trace=300000, nelems=29, elem type=char[])
ARR 50000a80 (sz=36, trace=300000, nelems=18, elem type=char[])
ARR 50000a81 (sz=52, trace=300000, nelems=26, elem type=char[])
ARR 50000a82 (sz=14, trace=300000, nelems=7, elem type=char[])
ARR 50000a83 (sz=74, trace=300000, nelems=37, elem type=char[])
ARR 50000a84 (sz=30, trace=300000, nelems=15, elem type=char[])
ARR 50000a85 (sz=160, trace=300000, nelems=80, elem type=char[])
ARR 50000a86 (sz=12, trace=300000, nelems=6, elem type=char[])
ARR 50000a87 (sz=14, trace=300000, nelems=7, elem type=char[])
ARR 50000a88 (sz=14, trace=300000, nelems=7, elem type=char[])
ARR 50000a89 (sz=8, trace=300000, nelems=4, elem type=char[])
ARR 50000a8a (sz=24, trace=300000, nelems=12, elem type=char[])
ARR 50000a8b (sz=14, trace=300000, nelems=7, elem type=char[])
ARR 50000a8c (sz=44, trace=300000, nelems=22, elem type=char[])
ARR 50000a8d (sz=24, trace=300000, nelems=12, elem type=char[])
ARR 50000a8e (sz=68, trace=300000, nelems=34, elem type=char[])
ARR 50000a8f (sz=10, trace=300000, nelems=5, elem type=char[])
ARR 50000a90 (sz=18, trace=300000, nelems=9, elem type=char[])
ARR 50000a91 (sz=28, trace=300000, nelems=14, elem type=char[])
ARR 50000a92 (sz=40, trace=300000, nelems=20, elem type=char[])
ARR 50000a93 (sz=18, trace=300000, nelems=9, elem type=char[])
ARR 50000a94 (sz=94, trace=300000, nelems=47, elem type=char[])
ARR 50000a95 (sz=42, trace=300000, nelems=21, elem type=char[])
ARR 50000a96 (sz=8, trace=300000, nelems=4, elem type=char[])
ARR 50000a97 (sz=6, trace=300000, nelems=3, elem type=char[])
ARR 50000a98 (sz=14, trace=300000, nelems=7, elem type=char[])
OBJ 50000a99 (sz=32, trace=300000, class=java.lang.String@500000d6)
	value		50000aaa
OBJ 50000a9a (sz=88, trace=300000, class=java.lang.reflect.Method@500000e2)
	clazz		50000073
	name		50000a99
	returnType	50000070
	parameterTypes	50000a9d
	exceptionTypes	500003ce
	signature	50000a9c
	root		50000a9b
OBJ 50000a9b (sz=88, trace=300000, class=java.lang.reflect.Method@500000e2)
	clazz		50000073
	name		50000a99
	returnType	50000070
	parameterTypes	50000a9d
	exceptionTypes	500003ce
	signature	50000a9c
OBJ 50000a9c (sz=32, trace=300000, class=java.lang.String@500000d6)
	value		50000aab
ARR 50000a9d (sz=32, trace=300000, nelems=3, elem type=java.lang.Class[]@50000071)
	[0]		500000d6
	[1]		5000007f
	[2]		500000d1
OBJ 50000a9e (sz=32, trace=300000, class=java.lang.String@500000d6)
	value		50000aa5
OBJ 50000a9f (sz=32, trace=300000, class=java.lang.String@500000d6)
	value		50000aa9
OBJ 50000aa0 (sz=88, trace=300000, class=java.lang.reflect.Method@500000e2)
	clazz		500000f2
	name		50000a9e
	returnType	50000070
	parameterTypes	50000aa4
	exceptionTypes	50000aa3
	signature	50000aa2
	root		50000aa1
OBJ 50000aa1 (sz=88, trace=300000, class=java.lang.reflect.Method@500000e2)
	clazz		500000f2
	name		50000a9e
	returnType	50000070
	parameterTypes	50000aa4
	exceptionTypes	50000aa3
	signature	50000aa2
OBJ 50000aa2 (sz=32, trace=300000, class=java.lang.String@500000d6)
	value		50000aa8
ARR 50000aa3 (sz=24, trace=300000, nelems=1, elem type=java.lang.Class[]@50000071)
	[0]		500000fa
ARR 50000aa4 (sz=32, trace=300000, nelems=4, elem type=java.lang.Class[]@50000071)
	[0]		500000d6
	[1]		5000007f
	[2]		500000f1
	[3]		500003c5
ARR 50000aa5 (sz=30, trace=300000, nelems=15, elem type=char[])
OBJ 50000aa6 (sz=32, trace=300000, class=java.lang.String@500000d6)
	value		50000aa7
ARR 50000aa7 (sz=12, trace=300000, nelems=6, elem type=char[])
ARR 50000aa8 (sz=188, trace=300000, nelems=94, elem type=char[])
ARR 50000aa9 (sz=6, trace=300000, nelems=3, elem type=char[])
ARR 50000aaa (sz=38, trace=300000, nelems=19, elem type=char[])
ARR 50000aab (sz=174, trace=300000, nelems=87, elem type=char[])
OBJ 50000aac (sz=32, trace=300000, class=java.lang.String@500000d6)
	value		50000ab7
OBJ 50000aad (sz=32, trace=300000, class=java.lang.String@500000d6)
	value		50000ab6
OBJ 50000aae (sz=32, trace=300000, class=java.lang.String@500000d6)
	value		50000aaf
ARR 50000aaf (sz=28, trace=300000, nelems=14, elem type=char[])
OBJ 50000ab0 (sz=32, trace=300000, class=java.lang.String@500000d6)
	value		50000ab5
OBJ 50000ab1 (sz=32, trace=300000, class=java.lang.String@500000d6)
	value		50000ab4
OBJ 50000ab2 (sz=32, trace=300000, class=java.lang.String@500000d6)
	value		50000ab3
ARR 50000ab3 (sz=2, trace=300000, nelems=1, elem type=char[])
ARR 50000ab4 (sz=30, trace=300000, nelems=15, elem type=char[])
ARR 50000ab5 (sz=2, trace=300000, nelems=1, elem type=char[])
ARR 50000ab6 (sz=8, trace=300000, nelems=4, elem type=char[])
ARR 50000ab7 (sz=4, trace=300000, nelems=2, elem type=char[])
OBJ 50000ab8 (sz=32, trace=300000, class=java.lang.String@500000d6)
	value		50000ab9
ARR 50000ab9 (sz=12, trace=300000, nelems=6, elem type=char[])
ARR 50000aba (sz=30, trace=300000, nelems=15, elem type=char[])
ARR 50000abb (sz=12, trace=300000, nelems=6, elem type=char[])
ARR 50000abc (sz=26, trace=300000, nelems=13, elem type=char[])
ARR 50000abd (sz=64, trace=300000, nelems=1, elem type=java.util.Hashtable$Entry[]@500000c7)
	[0]		500002d1
ARR 50000abe (sz=56, trace=300000, nelems=0, elem type=java.lang.Object[]@50000022)
OBJ 50000abf (sz=48, trace=300000, class=java.util.HashMap@50000052)
	table		50000ac0
ARR 50000ac0 (sz=80, trace=300000, nelems=0, elem type=java.util.HashMap$Entry[]@500000db)
ARR 50000ac1 (sz=80, trace=300000, nelems=0, elem type=java.util.HashMap$Entry[]@500000db)
ARR 50000ac2 (sz=56, trace=300000, nelems=0, elem type=java.lang.Object[]@50000022)
ARR 50000ac3 (sz=80, trace=300000, nelems=9, elem type=java.util.HashMap$Entry[]@500000db)
	[8]		500002cf
OBJ 50000ac4 (sz=64, trace=300000, class=java.net.URL@500000d2)
	protocol	5000055a
	host		50000408
	file		50000ac5
	authority	50000408
	path		50000ac5
	handler		50000558
OBJ 50000ac5 (sz=32, trace=300000, class=java.lang.String@500000d6)
	value		50000ac6
ARR 50000ac6 (sz=154, trace=300000, nelems=77, elem type=char[])
ARR 50000ac7 (sz=16, trace=300000, nelems=8, elem type=char[])
ARR 50000ac8 (sz=14, trace=300000, nelems=7, elem type=char[])
OBJ 50000ac9 (sz=16, trace=300000, class=sun.net.www.protocol.jar.Handler@5000005a)
OBJ 50000aca (sz=48, trace=300000, class=java.util.HashMap@50000052)
	table		50000ad4
OBJ 50000acb (sz=24, trace=300000, class=java.util.ArrayList@500000b8)
	elementData	50000ad3
OBJ 50000acc (sz=32, trace=300000, class=java.util.Stack@50000025)
	elementData	50000ad2
OBJ 50000acd (sz=24, trace=300000, class=java.util.ArrayList@500000b8)
	elementData	50000ace
ARR 50000ace (sz=56, trace=300000, nelems=2, elem type=java.lang.Object[]@50000022)
	[0]		50000ac4
	[1]		50000acf
OBJ 50000acf (sz=64, trace=300000, class=java.net.URL@500000d2)
	protocol	5000055a
	host		50000408
	file		50000ad0
	authority	50000408
	path		50000ad0
	handler		50000558
OBJ 50000ad0 (sz=32, trace=300000, class=java.lang.String@500000d6)
	value		50000ad1
ARR 50000ad1 (sz=112, trace=300000, nelems=56, elem type=char[])
ARR 50000ad2 (sz=56, trace=300000, nelems=1, elem type=java.lang.Object[]@50000022)
	[0]		50000acf
ARR 50000ad3 (sz=56, trace=300000, nelems=1, elem type=java.lang.Object[]@50000022)
	[0]		500001df
ARR 50000ad4 (sz=80, trace=300000, nelems=8, elem type=java.util.HashMap$Entry[]@500000db)
	[7]		500001f5
ARR 50000ad5 (sz=56, trace=300000, nelems=1, elem type=java.lang.Object[]@50000022)
	[0]		5000043a
ARR 50000ad6 (sz=56, trace=300000, nelems=1, elem type=java.lang.Object[]@50000022)
	[0]		50000ad7
OBJ 50000ad7 (sz=32, trace=300000, class=java.lang.ClassLoader$NativeLibrary@50000045)
	fromClass	50000087
	name		5000043a
ARR 50000ad8 (sz=56, trace=300000, nelems=0, elem type=java.lang.Object[]@50000022)
OBJ 50000ad9 (sz=32, trace=300000, class=java.lang.String@500000d6)
	value		50000aeb
OBJ 50000ada (sz=32, trace=300000, class=java.lang.String@500000d6)
	value		50000aeb
OBJ 50000adb (sz=32, trace=300000, class=java.lang.String@500000d6)
	value		50000aeb
OBJ 50000adc (sz=32, trace=300000, class=java.lang.String@500000d6)
	value		50000aeb
OBJ 50000add (sz=32, trace=300000, class=java.lang.String@500000d6)
	value		50000aeb
OBJ 50000ade (sz=32, trace=300000, class=java.lang.String@500000d6)
	value		50000aeb
OBJ 50000adf (sz=32, trace=300000, class=java.lang.String@500000d6)
	value		50000aeb
OBJ 50000ae0 (sz=32, trace=300000, class=java.lang.String@500000d6)
	value		50000aeb
OBJ 50000ae1 (sz=32, trace=300000, class=java.lang.String@500000d6)
	value		50000aeb
OBJ 50000ae2 (sz=32, trace=300000, class=java.lang.String@500000d6)
	value		50000aeb
OBJ 50000ae3 (sz=32, trace=300000, class=java.lang.String@500000d6)
	value		50000aeb
OBJ 50000ae4 (sz=32, trace=300000, class=java.lang.String@500000d6)
	value		50000aeb
OBJ 50000ae5 (sz=32, trace=300000, class=java.lang.String@500000d6)
	value		50000aeb
OBJ 50000ae6 (sz=32, trace=300000, class=java.lang.String@500000d6)
	value		50000aeb
OBJ 50000ae7 (sz=32, trace=300000, class=java.lang.String@500000d6)
	value		50000aeb
OBJ 50000ae8 (sz=32, trace=300000, class=java.lang.String@500000d6)
	value		50000aeb
OBJ 50000ae9 (sz=32, trace=300000, class=java.lang.String@500000d6)
	value		50000aeb
OBJ 50000aea (sz=32, trace=300000, class=java.lang.String@500000d6)
	value		50000aeb
ARR 50000aeb (sz=1230, trace=300000, nelems=615, elem type=char[])
OBJ 50000aec (sz=32, trace=300000, class=java.lang.String@500000d6)
	value		50000aed
ARR 50000aed (sz=82, trace=300000, nelems=41, elem type=char[])
OBJ 50000aee (sz=32, trace=300000, class=java.lang.String@500000d6)
	value		50000aef
ARR 50000aef (sz=48, trace=300000, nelems=24, elem type=char[])
ARR 50000af0 (sz=42, trace=300000, nelems=21, elem type=char[])
ARR 50000af1 (sz=34, trace=300000, nelems=17, elem type=char[])
ARR 50000af2 (sz=10, trace=300000, nelems=5, elem type=char[])
ARR 50000af3 (sz=54, trace=300000, nelems=27, elem type=char[])
ARR 50000af4 (sz=74, trace=300000, nelems=37, elem type=char[])
ARR 50000af5 (sz=4, trace=300000, nelems=2, elem type=char[])
ARR 50000af6 (sz=70, trace=300000, nelems=35, elem type=char[])
ARR 50000af7 (sz=6, trace=300000, nelems=3, elem type=char[])
ARR 50000af8 (sz=24, trace=300000, nelems=12, elem type=char[])
ARR 50000af9 (sz=22, trace=300000, nelems=11, elem type=char[])
ARR 50000afa (sz=26, trace=300000, nelems=13, elem type=char[])
ARR 50000afb (sz=24, trace=300000, nelems=12, elem type=char[])
OBJ 50000afc (sz=32, trace=300000, class=java.lang.String@500000d6)
	value		50000aff
OBJ 50000afd (sz=32, trace=300000, class=java.lang.String@500000d6)
	value		50000afe
ARR 50000afe (sz=52, trace=300000, nelems=26, elem type=char[])
ARR 50000aff (sz=42, trace=300000, nelems=21, elem type=char[])
ARR 50000b00 (sz=16, trace=300000, nelems=8, elem type=char[])
ARR 50000b01 (sz=28, trace=300000, nelems=14, elem type=char[])
ARR 50000b02 (sz=28, trace=300000, nelems=14, elem type=char[])
ARR 50000b03 (sz=2, trace=300000, nelems=1, elem type=char[])
ARR 50000b04 (sz=2, trace=300000, nelems=1, elem type=char[])
OBJ 50000b05 (sz=32, trace=300000, class=java.lang.String@500000d6)
	value		50000b07
OBJ 50000b06 (sz=32, trace=300000, class=java.util.concurrent.atomic.AtomicReferenceFieldUpdater$AtomicReferenceFieldUpdaterImpl@500000ee)
	tclass		50000074
	vclass		5000013d
ARR 50000b07 (sz=6, trace=300000, nelems=3, elem type=char[])
OBJ 50000b08 (sz=32, trace=300000, class=java.io.OutputStreamWriter@50000005)
	lock		5000040c
	se		50000b11
OBJ 50000b09 (sz=48, trace=300000, class=java.io.BufferedWriter@50000119)
	lock		50000b08
	out		50000b08
	cb		50000b10
	lineSeparator	50000b0f
OBJ 50000b0a (sz=24, trace=300000, class=java.io.BufferedOutputStream@500000e7)
	out		50000b0c
	buf		50000b0b
ARR 50000b0b (sz=128, trace=300000, nelems=128, elem type=byte[])
OBJ 50000b0c (sz=32, trace=300000, class=java.io.FileOutputStream@500000f5)
	fd		50000416
	closeLock	50000b0d
OBJ 50000b0d (sz=16, trace=300000, class=java.lang.Object@50000021)
OBJ 50000b0e (sz=16, trace=300000, class=java.lang.ThreadLocal@500000d8)
OBJ 50000b0f (sz=32, trace=300000, class=java.lang.String@500000d6)
	value		50000b1a
ARR 50000b10 (sz=16384, trace=300000, nelems=8192, elem type=char[])
OBJ 50000b11 (sz=56, trace=300000, class=sun.nio.cs.StreamEncoder@500000b2)
	lock		50000b08
	cs		5000063b
	encoder		50000b13
	bb		50000b12
	out		5000040c
OBJ 50000b12 (sz=48, trace=300000, class=java.nio.HeapByteBuffer@5000011f)
	hb		50000b19
OBJ 50000b13 (sz=72, trace=300000, class=sun.nio.cs.MS1252$Encoder@5000011d)
	charset		5000063b
	replacement	50000b16
	malformedInputAction	5000061c
	unmappableCharacterAction	5000061c
	cachedDecoder	50000b15
	index1		50000a2f
	index2		50000a2e
	sgp		50000b14
OBJ 50000b14 (sz=24, trace=300000, class=sun.nio.cs.Surrogate$Parser@500000bd)
	error		50000628
OBJ 50000b15 (sz=32, trace=300000, class=java.lang.ref.WeakReference@500000b3)
	referent	50000b17
	queue		5000041d
ARR 50000b16 (sz=1, trace=300000, nelems=1, elem type=byte[])
OBJ 50000b17 (sz=48, trace=300000, class=sun.nio.cs.MS1252$Decoder@500000b6)
	charset		5000063b
	replacement	50000633
	malformedInputAction	5000061b
	unmappableCharacterAction	5000061b
	byteToCharTable	50000b18
ARR 50000b18 (sz=512, trace=300000, nelems=256, elem type=char[])
ARR 50000b19 (sz=8192, trace=300000, nelems=8192, elem type=byte[])
ARR 50000b1a (sz=4, trace=300000, nelems=2, elem type=char[])
OBJ 50000b1b (sz=32, trace=300000, class=java.io.OutputStreamWriter@50000005)
	lock		5000040b
	se		50000b22
OBJ 50000b1c (sz=48, trace=300000, class=java.io.BufferedWriter@50000119)
	lock		50000b1b
	out		50000b1b
	cb		50000b21
	lineSeparator	50000b0f
OBJ 50000b1d (sz=24, trace=300000, class=java.io.BufferedOutputStream@500000e7)
	out		50000b1f
	buf		50000b1e
ARR 50000b1e (sz=128, trace=300000, nelems=128, elem type=byte[])
OBJ 50000b1f (sz=32, trace=300000, class=java.io.FileOutputStream@500000f5)
	fd		50000415
	closeLock	50000b20
OBJ 50000b20 (sz=16, trace=300000, class=java.lang.Object@50000021)
ARR 50000b21 (sz=16384, trace=300000, nelems=8192, elem type=char[])
OBJ 50000b22 (sz=56, trace=300000, class=sun.nio.cs.StreamEncoder@500000b2)
	lock		50000b1b
	cs		5000063b
	encoder		50000b24
	bb		50000b23
	out		5000040b
OBJ 50000b23 (sz=48, trace=300000, class=java.nio.HeapByteBuffer@5000011f)
	hb		50000b2a
OBJ 50000b24 (sz=72, trace=300000, class=sun.nio.cs.MS1252$Encoder@5000011d)
	charset		5000063b
	replacement	50000b27
	malformedInputAction	5000061c
	unmappableCharacterAction	5000061c
	cachedDecoder	50000b26
	index1		50000a2f
	index2		50000a2e
	sgp		50000b25
OBJ 50000b25 (sz=24, trace=300000, class=sun.nio.cs.Surrogate$Parser@500000bd)
	error		50000628
OBJ 50000b26 (sz=32, trace=300000, class=java.lang.ref.WeakReference@500000b3)
	referent	50000b28
	queue		5000041d
ARR 50000b27 (sz=1, trace=300000, nelems=1, elem type=byte[])
OBJ 50000b28 (sz=48, trace=300000, class=sun.nio.cs.MS1252$Decoder@500000b6)
	charset		5000063b
	replacement	50000633
	malformedInputAction	5000061b
	unmappableCharacterAction	5000061b
	byteToCharTable	50000b29
ARR 50000b29 (sz=512, trace=300000, nelems=256, elem type=char[])
ARR 50000b2a (sz=8192, trace=300000, nelems=8192, elem type=byte[])
ARR 50000b2b (sz=400, trace=300000, nelems=92, elem type=java.util.Hashtable$Entry[]@500000c7)
	[0]		50000b2c
	[2]		50000b2d
	[9]		50000b2e
	[11]		50000b2f
	[13]		50000b30
	[16]		50000b31
	[17]		50000b32
	[18]		50000b33
	[19]		50000b34
	[21]		50000b35
	[22]		50000b36
	[24]		50000b37
	[26]		50000b38
	[27]		50000b39
	[33]		50000b3a
	[38]		50000b3b
	[39]		50000b3c
	[40]		50000b3d
	[41]		50000b3e
	[44]		50000b3f
	[47]		50000b40
	[49]		50000b41
	[54]		50000b42
	[57]		50000b43
	[63]		50000b44
	[64]		50000b45
	[65]		50000b46
	[67]		50000b47
	[70]		50000b48
	[72]		50000b49
	[74]		50000b4a
	[76]		50000b4b
	[79]		50000b4c
	[80]		50000b4d
	[81]		50000b4e
	[82]		50000b4f
	[88]		50000b50
	[91]		50000b51
OBJ 50000b2c (sz=32, trace=300000, class=java.util.Hashtable$Entry@500000c6)
	key		50000c20
	value		50000c1f
OBJ 50000b2d (sz=32, trace=300000, class=java.util.Hashtable$Entry@500000c6)
	key		50000c1c
	value		50000c1b
OBJ 50000b2e (sz=32, trace=300000, class=java.util.Hashtable$Entry@500000c6)
	key		50000c14
	value		50000c13
	next		50000c12
OBJ 50000b2f (sz=32, trace=300000, class=java.util.Hashtable$Entry@500000c6)
	key		50000c0f
	value		50000c0e
OBJ 50000b30 (sz=32, trace=300000, class=java.util.Hashtable$Entry@500000c6)
	key		50000c0b
	value		50000c0a
OBJ 50000b31 (sz=32, trace=300000, class=java.util.Hashtable$Entry@500000c6)
	key		50000c07
	value		50000c06
OBJ 50000b32 (sz=32, trace=300000, class=java.util.Hashtable$Entry@500000c6)
	key		50000c03
	value		50000c02
OBJ 50000b33 (sz=32, trace=300000, class=java.util.Hashtable$Entry@500000c6)
	key		50000c00
	value		50000bff
OBJ 50000b34 (sz=32, trace=300000, class=java.util.Hashtable$Entry@500000c6)
	key		50000bfd
	value		50000a49
OBJ 50000b35 (sz=32, trace=300000, class=java.util.Hashtable$Entry@500000c6)
	key		50000bfa
	value		50000bf9
OBJ 50000b36 (sz=32, trace=300000, class=java.util.Hashtable$Entry@500000c6)
	key		50000bf6
	value		50000bf5
OBJ 50000b37 (sz=32, trace=300000, class=java.util.Hashtable$Entry@500000c6)
	key		50000bee
	value		50000bed
	next		50000bec
OBJ 50000b38 (sz=32, trace=300000, class=java.util.Hashtable$Entry@500000c6)
	key		50000be2
	value		50000be1
	next		50000be0
OBJ 50000b39 (sz=32, trace=300000, class=java.util.Hashtable$Entry@500000c6)
	key		50000bdd
	value		50000bdc
OBJ 50000b3a (sz=32, trace=300000, class=java.util.Hashtable$Entry@500000c6)
	key		50000bd6
	value		50000bd5
	next		50000bd4
OBJ 50000b3b (sz=32, trace=300000, class=java.util.Hashtable$Entry@500000c6)
	key		50000bce
	value		50000a3e
	next		50000bcd
OBJ 50000b3c (sz=32, trace=300000, class=java.util.Hashtable$Entry@500000c6)
	key		50000bca
	value		50000bc9
OBJ 50000b3d (sz=32, trace=300000, class=java.util.Hashtable$Entry@500000c6)
	key		50000bc6
	value		50000bc5
OBJ 50000b3e (sz=32, trace=300000, class=java.util.Hashtable$Entry@500000c6)
	key		50000bc3
	value		50000a76
OBJ 50000b3f (sz=32, trace=300000, class=java.util.Hashtable$Entry@500000c6)
	key		50000bc0
	value		50000bbf
OBJ 50000b40 (sz=32, trace=300000, class=java.util.Hashtable$Entry@500000c6)
	key		50000bbc
	value		50000bbb
OBJ 50000b41 (sz=32, trace=300000, class=java.util.Hashtable$Entry@500000c6)
	key		50000bb4
	value		50000bb3
	next		50000bb2
OBJ 50000b42 (sz=32, trace=300000, class=java.util.Hashtable$Entry@500000c6)
	key		50000bb0
	value		50000baf
OBJ 50000b43 (sz=32, trace=300000, class=java.util.Hashtable$Entry@500000c6)
	key		50000bac
	value		500003db
OBJ 50000b44 (sz=32, trace=300000, class=java.util.Hashtable$Entry@500000c6)
	key		50000ba9
	value		50000ba8
OBJ 50000b45 (sz=32, trace=300000, class=java.util.Hashtable$Entry@500000c6)
	key		50000ba5
	value		50000ba4
OBJ 50000b46 (sz=32, trace=300000, class=java.util.Hashtable$Entry@500000c6)
	key		50000ba1
	value		50000ba0
OBJ 50000b47 (sz=32, trace=300000, class=java.util.Hashtable$Entry@500000c6)
	key		50000b9b
	value		50000b9a
	next		50000b99
OBJ 50000b48 (sz=32, trace=300000, class=java.util.Hashtable$Entry@500000c6)
	key		50000b92
	value		50000b91
	next		50000b90
OBJ 50000b49 (sz=32, trace=300000, class=java.util.Hashtable$Entry@500000c6)
	key		50000b8d
	value		50000b8c
OBJ 50000b4a (sz=32, trace=300000, class=java.util.Hashtable$Entry@500000c6)
	key		50000a69
	value		50000b8a
OBJ 50000b4b (sz=32, trace=300000, class=java.util.Hashtable$Entry@500000c6)
	key		50000b83
	value		50000b82
	next		50000b81
OBJ 50000b4c (sz=32, trace=300000, class=java.util.Hashtable$Entry@500000c6)
	key		50000b75
	value		50000b74
	next		50000b73
OBJ 50000b4d (sz=32, trace=300000, class=java.util.Hashtable$Entry@500000c6)
	key		50000b6c
	value		50000b6b
	next		50000b6a
OBJ 50000b4e (sz=32, trace=300000, class=java.util.Hashtable$Entry@500000c6)
	key		50000b67
	value		50000b66
OBJ 50000b4f (sz=32, trace=300000, class=java.util.Hashtable$Entry@500000c6)
	key		50000b5f
	value		50000b5e
	next		50000b5d
OBJ 50000b50 (sz=32, trace=300000, class=java.util.Hashtable$Entry@500000c6)
	key		50000b57
	value		50000aec
	next		50000b56
OBJ 50000b51 (sz=32, trace=300000, class=java.util.Hashtable$Entry@500000c6)
	key		50000b53
	value		50000b52
OBJ 50000b52 (sz=32, trace=300000, class=java.lang.String@500000d6)
	value		50000b55
OBJ 50000b53 (sz=32, trace=300000, class=java.lang.String@500000d6)
	value		50000b54
ARR 50000b54 (sz=34, trace=300000, nelems=17, elem type=char[])
ARR 50000b55 (sz=62, trace=300000, nelems=31, elem type=char[])
OBJ 50000b56 (sz=32, trace=300000, class=java.util.Hashtable$Entry@500000c6)
	key		50000b5a
	value		50000b59
OBJ 50000b57 (sz=32, trace=300000, class=java.lang.String@500000d6)
	value		50000b58
ARR 50000b58 (sz=42, trace=300000, nelems=21, elem type=char[])
OBJ 50000b59 (sz=32, trace=300000, class=java.lang.String@500000d6)
	value		50000b5c
OBJ 50000b5a (sz=32, trace=300000, class=java.lang.String@500000d6)
	value		50000b5b
ARR 50000b5b (sz=30, trace=300000, nelems=15, elem type=char[])
ARR 50000b5c (sz=18, trace=300000, nelems=9, elem type=char[])
OBJ 50000b5d (sz=32, trace=300000, class=java.util.Hashtable$Entry@500000c6)
	key		50000b63
	value		50000b62
OBJ 50000b5e (sz=32, trace=300000, class=java.lang.String@500000d6)
	value		50000b61
OBJ 50000b5f (sz=32, trace=300000, class=java.lang.String@500000d6)
	value		50000b60
ARR 50000b60 (sz=28, trace=300000, nelems=14, elem type=char[])
ARR 50000b61 (sz=42, trace=300000, nelems=21, elem type=char[])
OBJ 50000b62 (sz=32, trace=300000, class=java.lang.String@500000d6)
	value		50000b65
OBJ 50000b63 (sz=32, trace=300000, class=java.lang.String@500000d6)
	value		50000b64
ARR 50000b64 (sz=30, trace=300000, nelems=15, elem type=char[])
ARR 50000b65 (sz=40, trace=300000, nelems=20, elem type=char[])
OBJ 50000b66 (sz=32, trace=300000, class=java.lang.String@500000d6)
	value		50000b69
OBJ 50000b67 (sz=32, trace=300000, class=java.lang.String@500000d6)
	value		50000b68
ARR 50000b68 (sz=28, trace=300000, nelems=14, elem type=char[])
ARR 50000b69 (sz=2, trace=300000, nelems=1, elem type=char[])
OBJ 50000b6a (sz=32, trace=300000, class=java.util.Hashtable$Entry@500000c6)
	key		50000b70
	value		50000b6f
OBJ 50000b6b (sz=32, trace=300000, class=java.lang.String@500000d6)
	value		50000b6e
OBJ 50000b6c (sz=32, trace=300000, class=java.lang.String@500000d6)
	value		50000b6d
ARR 50000b6d (sz=24, trace=300000, nelems=12, elem type=char[])
ARR 50000b6e (sz=66, trace=300000, nelems=33, elem type=char[])
OBJ 50000b6f (sz=32, trace=300000, class=java.lang.String@500000d6)
	value		50000b72
OBJ 50000b70 (sz=32, trace=300000, class=java.lang.String@500000d6)
	value		50000b71
ARR 50000b71 (sz=34, trace=300000, nelems=17, elem type=char[])
ARR 50000b72 (sz=12, trace=300000, nelems=6, elem type=char[])
OBJ 50000b73 (sz=32, trace=300000, class=java.util.Hashtable$Entry@500000c6)
	key		50000b7a
	value		50000b79
	next		50000b78
OBJ 50000b74 (sz=32, trace=300000, class=java.lang.String@500000d6)
	value		50000b77
OBJ 50000b75 (sz=32, trace=300000, class=java.lang.String@500000d6)
	value		50000b76
ARR 50000b76 (sz=34, trace=300000, nelems=17, elem type=char[])
ARR 50000b77 (sz=24, trace=300000, nelems=12, elem type=char[])
OBJ 50000b78 (sz=32, trace=300000, class=java.util.Hashtable$Entry@500000c6)
	key		50000b7e
	value		50000b7d
OBJ 50000b79 (sz=32, trace=300000, class=java.lang.String@500000d6)
	value		50000b7c
OBJ 50000b7a (sz=32, trace=300000, class=java.lang.String@500000d6)
	value		50000b7b
ARR 50000b7b (sz=24, trace=300000, nelems=12, elem type=char[])
ARR 50000b7c (sz=4, trace=300000, nelems=2, elem type=char[])
OBJ 50000b7d (sz=32, trace=300000, class=java.lang.String@500000d6)
	value		50000b80
OBJ 50000b7e (sz=32, trace=300000, class=java.lang.String@500000d6)
	value		50000b7f
ARR 50000b7f (sz=36, trace=300000, nelems=18, elem type=char[])
ARR 50000b80 (sz=28, trace=300000, nelems=14, elem type=char[])
OBJ 50000b81 (sz=32, trace=300000, class=java.util.Hashtable$Entry@500000c6)
	key		50000b87
	value		50000b86
OBJ 50000b82 (sz=32, trace=300000, class=java.lang.String@500000d6)
	value		50000b85
OBJ 50000b83 (sz=32, trace=300000, class=java.lang.String@500000d6)
	value		50000b84
ARR 50000b84 (sz=52, trace=300000, nelems=26, elem type=char[])
ARR 50000b85 (sz=68, trace=300000, nelems=34, elem type=char[])
OBJ 50000b86 (sz=32, trace=300000, class=java.lang.String@500000d6)
	value		50000b89
OBJ 50000b87 (sz=32, trace=300000, class=java.lang.String@500000d6)
	value		50000b88
ARR 50000b88 (sz=16, trace=300000, nelems=8, elem type=char[])
ARR 50000b89 (sz=146, trace=300000, nelems=73, elem type=char[])
OBJ 50000b8a (sz=32, trace=300000, class=java.lang.String@500000d6)
	value		50000b8b
ARR 50000b8b (sz=24, trace=300000, nelems=12, elem type=char[])
OBJ 50000b8c (sz=32, trace=300000, class=java.lang.String@500000d6)
	value		50000b8f
OBJ 50000b8d (sz=32, trace=300000, class=java.lang.String@500000d6)
	value		50000b8e
ARR 50000b8e (sz=40, trace=300000, nelems=20, elem type=char[])
ARR 50000b8f (sz=64, trace=300000, nelems=32, elem type=char[])
OBJ 50000b90 (sz=32, trace=300000, class=java.util.Hashtable$Entry@500000c6)
	key		50000b96
	value		50000b95
OBJ 50000b91 (sz=32, trace=300000, class=java.lang.String@500000d6)
	value		50000b94
OBJ 50000b92 (sz=32, trace=300000, class=java.lang.String@500000d6)
	value		50000b93
ARR 50000b93 (sz=36, trace=300000, nelems=18, elem type=char[])
ARR 50000b94 (sz=100, trace=300000, nelems=50, elem type=char[])
OBJ 50000b95 (sz=32, trace=300000, class=java.lang.String@500000d6)
	value		50000b98
OBJ 50000b96 (sz=32, trace=300000, class=java.lang.String@500000d6)
	value		50000b97
ARR 50000b97 (sz=14, trace=300000, nelems=7, elem type=char[])
ARR 50000b98 (sz=10, trace=300000, nelems=5, elem type=char[])
OBJ 50000b99 (sz=32, trace=300000, class=java.util.Hashtable$Entry@500000c6)
	key		50000b9e
	value		50000b0f
OBJ 50000b9a (sz=32, trace=300000, class=java.lang.String@500000d6)
	value		50000b9d
OBJ 50000b9b (sz=32, trace=300000, class=java.lang.String@500000d6)
	value		50000b9c
ARR 50000b9c (sz=28, trace=300000, nelems=14, elem type=char[])
ARR 50000b9d (sz=70, trace=300000, nelems=35, elem type=char[])
OBJ 50000b9e (sz=32, trace=300000, class=java.lang.String@500000d6)
	value		50000b9f
ARR 50000b9f (sz=28, trace=300000, nelems=14, elem type=char[])
OBJ 50000ba0 (sz=32, trace=300000, class=java.lang.String@500000d6)
	value		50000ba3
OBJ 50000ba1 (sz=32, trace=300000, class=java.lang.String@500000d6)
	value		50000ba2
ARR 50000ba2 (sz=56, trace=300000, nelems=28, elem type=char[])
ARR 50000ba3 (sz=42, trace=300000, nelems=21, elem type=char[])
OBJ 50000ba4 (sz=32, trace=300000, class=java.lang.String@500000d6)
	value		50000ba7
OBJ 50000ba5 (sz=32, trace=300000, class=java.lang.String@500000d6)
	value		50000ba6
ARR 50000ba6 (sz=24, trace=300000, nelems=12, elem type=char[])
ARR 50000ba7 (sz=0, trace=300000, nelems=0, elem type=char[])
OBJ 50000ba8 (sz=32, trace=300000, class=java.lang.String@500000d6)
	value		50000bab
OBJ 50000ba9 (sz=32, trace=300000, class=java.lang.String@500000d6)
	value		50000baa
ARR 50000baa (sz=14, trace=300000, nelems=7, elem type=char[])
ARR 50000bab (sz=18, trace=300000, nelems=9, elem type=char[])
OBJ 50000bac (sz=32, trace=300000, class=java.lang.String@500000d6)
	value		50000bad
ARR 50000bad (sz=32, trace=300000, nelems=16, elem type=char[])
ARR 50000bae (sz=12, trace=300000, nelems=6, elem type=char[])
OBJ 50000baf (sz=32, trace=300000, class=java.lang.String@500000d6)
	value		50000aeb
OBJ 50000bb0 (sz=32, trace=300000, class=java.lang.String@500000d6)
	value		50000bb1
ARR 50000bb1 (sz=34, trace=300000, nelems=17, elem type=char[])
OBJ 50000bb2 (sz=32, trace=300000, class=java.util.Hashtable$Entry@500000c6)
	key		50000bb8
	value		50000bb7
OBJ 50000bb3 (sz=32, trace=300000, class=java.lang.String@500000d6)
	value		50000bb6
OBJ 50000bb4 (sz=32, trace=300000, class=java.lang.String@500000d6)
	value		50000bb5
ARR 50000bb5 (sz=46, trace=300000, nelems=23, elem type=char[])
ARR 50000bb6 (sz=62, trace=300000, nelems=31, elem type=char[])
OBJ 50000bb7 (sz=32, trace=300000, class=java.lang.String@500000d6)
	value		50000bba
OBJ 50000bb8 (sz=32, trace=300000, class=java.lang.String@500000d6)
	value		50000bb9
ARR 50000bb9 (sz=36, trace=300000, nelems=18, elem type=char[])
ARR 50000bba (sz=8, trace=300000, nelems=4, elem type=char[])
OBJ 50000bbb (sz=32, trace=300000, class=java.lang.String@500000d6)
	value		50000bbe
OBJ 50000bbc (sz=32, trace=300000, class=java.lang.String@500000d6)
	value		50000bbd
ARR 50000bbd (sz=46, trace=300000, nelems=23, elem type=char[])
ARR 50000bbe (sz=62, trace=300000, nelems=31, elem type=char[])
OBJ 50000bbf (sz=32, trace=300000, class=java.lang.String@500000d6)
	value		50000bc2
OBJ 50000bc0 (sz=32, trace=300000, class=java.lang.String@500000d6)
	value		50000bc1
ARR 50000bc1 (sz=20, trace=300000, nelems=10, elem type=char[])
ARR 50000bc2 (sz=6, trace=300000, nelems=3, elem type=char[])
OBJ 50000bc3 (sz=32, trace=300000, class=java.lang.String@500000d6)
	value		50000bc4
ARR 50000bc4 (sz=18, trace=300000, nelems=9, elem type=char[])
OBJ 50000bc5 (sz=32, trace=300000, class=java.lang.String@500000d6)
	value		50000bc8
OBJ 50000bc6 (sz=32, trace=300000, class=java.lang.String@500000d6)
	value		50000bc7
ARR 50000bc7 (sz=26, trace=300000, nelems=13, elem type=char[])
ARR 50000bc8 (sz=0, trace=300000, nelems=0, elem type=char[])
OBJ 50000bc9 (sz=32, trace=300000, class=java.lang.String@500000d6)
	value		50000bcc
OBJ 50000bca (sz=32, trace=300000, class=java.lang.String@500000d6)
	value		50000bcb
ARR 50000bcb (sz=38, trace=300000, nelems=19, elem type=char[])
ARR 50000bcc (sz=54, trace=300000, nelems=27, elem type=char[])
OBJ 50000bcd (sz=32, trace=300000, class=java.util.Hashtable$Entry@500000c6)
	key		50000bd1
	value		50000bd0
OBJ 50000bce (sz=32, trace=300000, class=java.lang.String@500000d6)
	value		50000bcf
ARR 50000bcf (sz=26, trace=300000, nelems=13, elem type=char[])
OBJ 50000bd0 (sz=32, trace=300000, class=java.lang.String@500000d6)
	value		50000bd3
OBJ 50000bd1 (sz=32, trace=300000, class=java.lang.String@500000d6)
	value		50000bd2
ARR 50000bd2 (sz=52, trace=300000, nelems=26, elem type=char[])
ARR 50000bd3 (sz=6, trace=300000, nelems=3, elem type=char[])
OBJ 50000bd4 (sz=32, trace=300000, class=java.util.Hashtable$Entry@500000c6)
	key		50000bd9
	value		50000bd8
OBJ 50000bd5 (sz=32, trace=300000, class=java.lang.String@500000d6)
	value		50000433
OBJ 50000bd6 (sz=32, trace=300000, class=java.lang.String@500000d6)
	value		50000bd7
ARR 50000bd7 (sz=30, trace=300000, nelems=15, elem type=char[])
OBJ 50000bd8 (sz=32, trace=300000, class=java.lang.String@500000d6)
	value		50000bdb
OBJ 50000bd9 (sz=32, trace=300000, class=java.lang.String@500000d6)
	value		50000bda
ARR 50000bda (sz=18, trace=300000, nelems=9, elem type=char[])
ARR 50000bdb (sz=12, trace=300000, nelems=6, elem type=char[])
OBJ 50000bdc (sz=32, trace=300000, class=java.lang.String@500000d6)
	value		50000bdf
OBJ 50000bdd (sz=32, trace=300000, class=java.lang.String@500000d6)
	value		50000bde
ARR 50000bde (sz=58, trace=300000, nelems=29, elem type=char[])
ARR 50000bdf (sz=6, trace=300000, nelems=3, elem type=char[])
OBJ 50000be0 (sz=32, trace=300000, class=java.util.Hashtable$Entry@500000c6)
	key		50000be6
	value		50000a77
	next		50000be5
OBJ 50000be1 (sz=32, trace=300000, class=java.lang.String@500000d6)
	value		50000be4
OBJ 50000be2 (sz=32, trace=300000, class=java.lang.String@500000d6)
	value		50000be3
ARR 50000be3 (sz=32, trace=300000, nelems=16, elem type=char[])
ARR 50000be4 (sz=24, trace=300000, nelems=12, elem type=char[])
OBJ 50000be5 (sz=32, trace=300000, class=java.util.Hashtable$Entry@500000c6)
	key		50000be9
	value		50000be8
OBJ 50000be6 (sz=32, trace=300000, class=java.lang.String@500000d6)
	value		50000be7
ARR 50000be7 (sz=18, trace=300000, nelems=9, elem type=char[])
OBJ 50000be8 (sz=32, trace=300000, class=java.lang.String@500000d6)
	value		50000beb
OBJ 50000be9 (sz=32, trace=300000, class=java.lang.String@500000d6)
	value		50000bea
ARR 50000bea (sz=38, trace=300000, nelems=19, elem type=char[])
ARR 50000beb (sz=4, trace=300000, nelems=2, elem type=char[])
OBJ 50000bec (sz=32, trace=300000, class=java.util.Hashtable$Entry@500000c6)
	key		50000bf2
	value		50000bf1
OBJ 50000bed (sz=32, trace=300000, class=java.lang.String@500000d6)
	value		50000bf0
OBJ 50000bee (sz=32, trace=300000, class=java.lang.String@500000d6)
	value		50000bef
ARR 50000bef (sz=26, trace=300000, nelems=13, elem type=char[])
ARR 50000bf0 (sz=4, trace=300000, nelems=2, elem type=char[])
OBJ 50000bf1 (sz=32, trace=300000, class=java.lang.String@500000d6)
	value		50000bf4
OBJ 50000bf2 (sz=32, trace=300000, class=java.lang.String@500000d6)
	value		50000bf3
ARR 50000bf3 (sz=50, trace=300000, nelems=25, elem type=char[])
ARR 50000bf4 (sz=42, trace=300000, nelems=21, elem type=char[])
OBJ 50000bf5 (sz=32, trace=300000, class=java.lang.String@500000d6)
	value		50000bf8
OBJ 50000bf6 (sz=32, trace=300000, class=java.lang.String@500000d6)
	value		50000bf7
ARR 50000bf7 (sz=22, trace=300000, nelems=11, elem type=char[])
ARR 50000bf8 (sz=48, trace=300000, nelems=24, elem type=char[])
OBJ 50000bf9 (sz=32, trace=300000, class=java.lang.String@500000d6)
	value		50000bfc
OBJ 50000bfa (sz=32, trace=300000, class=java.lang.String@500000d6)
	value		50000bfb
ARR 50000bfb (sz=24, trace=300000, nelems=12, elem type=char[])
ARR 50000bfc (sz=20, trace=300000, nelems=10, elem type=char[])
OBJ 50000bfd (sz=32, trace=300000, class=java.lang.String@500000d6)
	value		50000bfe
ARR 50000bfe (sz=24, trace=300000, nelems=12, elem type=char[])
OBJ 50000bff (sz=32, trace=300000, class=java.lang.String@500000d6)
	value		50000440
OBJ 50000c00 (sz=32, trace=300000, class=java.lang.String@500000d6)
	value		50000c01
ARR 50000c01 (sz=26, trace=300000, nelems=13, elem type=char[])
OBJ 50000c02 (sz=32, trace=300000, class=java.lang.String@500000d6)
	value		50000c05
OBJ 50000c03 (sz=32, trace=300000, class=java.lang.String@500000d6)
	value		50000c04
ARR 50000c04 (sz=38, trace=300000, nelems=19, elem type=char[])
ARR 50000c05 (sz=852, trace=300000, nelems=426, elem type=char[])
OBJ 50000c06 (sz=32, trace=300000, class=java.lang.String@500000d6)
	value		50000c09
OBJ 50000c07 (sz=32, trace=300000, class=java.lang.String@500000d6)
	value		50000c08
ARR 50000c08 (sz=22, trace=300000, nelems=11, elem type=char[])
ARR 50000c09 (sz=42, trace=300000, nelems=21, elem type=char[])
OBJ 50000c0a (sz=32, trace=300000, class=java.lang.String@500000d6)
	value		50000c0d
OBJ 50000c0b (sz=32, trace=300000, class=java.lang.String@500000d6)
	value		50000c0c
ARR 50000c0c (sz=28, trace=300000, nelems=14, elem type=char[])
ARR 50000c0d (sz=2, trace=300000, nelems=1, elem type=char[])
OBJ 50000c0e (sz=32, trace=300000, class=java.lang.String@500000d6)
	value		50000c11
OBJ 50000c0f (sz=32, trace=300000, class=java.lang.String@500000d6)
	value		50000c10
ARR 50000c10 (sz=38, trace=300000, nelems=19, elem type=char[])
ARR 50000c11 (sz=82, trace=300000, nelems=41, elem type=char[])
OBJ 50000c12 (sz=32, trace=300000, class=java.util.Hashtable$Entry@500000c6)
	key		50000c18
	value		50000c17
OBJ 50000c13 (sz=32, trace=300000, class=java.lang.String@500000d6)
	value		50000c16
OBJ 50000c14 (sz=32, trace=300000, class=java.lang.String@500000d6)
	value		50000c15
ARR 50000c15 (sz=46, trace=300000, nelems=23, elem type=char[])
ARR 50000c16 (sz=26, trace=300000, nelems=13, elem type=char[])
OBJ 50000c17 (sz=32, trace=300000, class=java.lang.String@500000d6)
	value		50000c1a
OBJ 50000c18 (sz=32, trace=300000, class=java.lang.String@500000d6)
	value		50000c19
ARR 50000c19 (sz=28, trace=300000, nelems=14, elem type=char[])
ARR 50000c1a (sz=12, trace=300000, nelems=6, elem type=char[])
OBJ 50000c1b (sz=32, trace=300000, class=java.lang.String@500000d6)
	value		50000c1e
OBJ 50000c1c (sz=32, trace=300000, class=java.lang.String@500000d6)
	value		50000c1d
ARR 50000c1d (sz=22, trace=300000, nelems=11, elem type=char[])
ARR 50000c1e (sz=14, trace=300000, nelems=7, elem type=char[])
OBJ 50000c1f (sz=32, trace=300000, class=java.lang.String@500000d6)
	value		50000c22
OBJ 50000c20 (sz=32, trace=300000, class=java.lang.String@500000d6)
	value		50000c21
ARR 50000c21 (sz=30, trace=300000, nelems=15, elem type=char[])
ARR 50000c22 (sz=10, trace=300000, nelems=5, elem type=char[])
OBJ 50000c23 (sz=32, trace=300000, class=java.lang.String@500000d6)
	value		50000c24
ARR 50000c24 (sz=72, trace=300000, nelems=36, elem type=char[])
OBJ 50000c25 (sz=32, trace=300000, class=java.lang.String@500000d6)
	value		50000c32
OBJ 50000c26 (sz=32, trace=300000, class=java.lang.String@500000d6)
	value		50000c30
OBJ 50000c27 (sz=16, trace=300000, class=java.lang.Terminator$1@5000008c)
OBJ 50000c28 (sz=24, trace=300000, class=sun.misc.NativeSignalHandler@50000043)
OBJ 50000c29 (sz=24, trace=300000, class=sun.misc.NativeSignalHandler@50000043)
OBJ 50000c2a (sz=48, trace=300000, class=java.util.Hashtable@50000060)
	table		50000c33
OBJ 50000c2b (sz=48, trace=300000, class=java.util.Hashtable@50000060)
	table		50000c2c
ARR 50000c2c (sz=32, trace=300000, nelems=4, elem type=java.util.Hashtable$Entry[]@500000c7)
	[2]		50000c2d
	[3]		50000c2e
OBJ 50000c2d (sz=32, trace=300000, class=java.util.Hashtable$Entry@500000c6)
	key		50000c31
	value		50000c27
OBJ 50000c2e (sz=32, trace=300000, class=java.util.Hashtable$Entry@500000c6)
	key		50000c2f
	value		50000c27
OBJ 50000c2f (sz=24, trace=300000, class=sun.misc.Signal@500000b1)
	name		50000c26
ARR 50000c30 (sz=8, trace=300000, nelems=4, elem type=char[])
OBJ 50000c31 (sz=24, trace=300000, class=sun.misc.Signal@500000b1)
	name		50000c25
ARR 50000c32 (sz=6, trace=300000, nelems=3, elem type=char[])
ARR 50000c33 (sz=32, trace=300000, nelems=4, elem type=java.util.Hashtable$Entry[]@500000c7)
	[2]		50000c34
	[3]		50000c35
OBJ 50000c34 (sz=32, trace=300000, class=java.util.Hashtable$Entry@500000c6)
	key		50000c37
	value		50000c31
OBJ 50000c35 (sz=32, trace=300000, class=java.util.Hashtable$Entry@500000c6)
	key		50000c36
	value		50000c2f
OBJ 50000c36 (sz=16, trace=300000, class=java.lang.Integer@50000044)
OBJ 50000c37 (sz=16, trace=300000, class=java.lang.Integer@50000044)
ARR 50000c38 (sz=6, trace=300000, nelems=3, elem type=char[])
OBJ 50000c39 (sz=32, trace=300000, class=java.lang.String@500000d6)
	value		50000c3c
OBJ 50000c3a (sz=32, trace=300000, class=java.lang.String@500000d6)
	value		50000c3b
ARR 50000c3b (sz=46, trace=300000, nelems=23, elem type=char[])
ARR 50000c3c (sz=60, trace=300000, nelems=30, elem type=char[])
OBJ 50000c3d (sz=32, trace=300000, class=java.lang.String@500000d6)
	value		50000c3e
ARR 50000c3e (sz=40, trace=300000, nelems=20, elem type=char[])
ARR 50000c3f (sz=22, trace=300000, nelems=11, elem type=char[])
OBJ 50000c40 (sz=32, trace=300000, class=java.lang.ref.ReferenceQueue@50000065)
	lock		50000c43
OBJ 50000c41 (sz=48, trace=300000, class=java.util.HashMap@50000052)
	table		50000c42
ARR 50000c42 (sz=80, trace=300000, nelems=0, elem type=java.util.HashMap$Entry[]@500000db)
OBJ 50000c43 (sz=16, trace=300000, class=java.lang.ref.ReferenceQueue$Lock@5000007c)
ARR 50000c44 (sz=4, trace=300000, nelems=2, elem type=char[])
ARR 50000c45 (sz=4, trace=300000, nelems=2, elem type=char[])
ARR 50000c46 (sz=4, trace=300000, nelems=2, elem type=char[])
ARR 50000c47 (sz=32, trace=300000, nelems=16, elem type=char[])
OBJ 50000c48 (sz=16, trace=300000, class=java.lang.Object@50000021)
OBJ 50000c49 (sz=32, trace=300000, class=java.security.AccessControlContext@500000cf)
ARR 50000c4a (sz=34, trace=300000, nelems=17, elem type=char[])
ARR 50000c4b (sz=32, trace=300000, nelems=1, elem type=java.lang.ThreadGroup[]@50000007)
	[0]		500003d7
ARR 50000c4c (sz=32, trace=300000, nelems=4, elem type=java.lang.Thread[]@5000003e)
	[0]		500003bf
	[1]		500003be
	[2]		500003bd
	[3]		500003bc
OBJ 50000c4d (sz=16, trace=300000, class=java.lang.Object@50000021)
OBJ 50000c4e (sz=32, trace=300000, class=java.security.AccessControlContext@500000cf)
ARR 50000c4f (sz=30, trace=300000, nelems=15, elem type=char[])
OBJ 50000c50 (sz=16, trace=300000, class=java.lang.Object@50000021)
OBJ 50000c51 (sz=32, trace=300000, class=java.security.AccessControlContext@500000cf)
ARR 50000c52 (sz=34, trace=300000, nelems=17, elem type=char[])
OBJ 50000c53 (sz=16, trace=300000, class=java.lang.Object@50000021)
OBJ 50000c54 (sz=32, trace=300000, class=java.security.AccessControlContext@500000cf)
ARR 50000c55 (sz=18, trace=300000, nelems=9, elem type=char[])
OBJ 50000c56 (sz=32, trace=300000, class=java.lang.String@500000d6)
	value		50000c61
OBJ 50000c57 (sz=16, trace=300000, class=java.lang.Object@50000021)
OBJ 50000c58 (sz=40, trace=300000, class=java.lang.ref.Finalizer@50000093)
	referent	50000c5a
	queue		500003d9
	next		50000c59
	prev		50000211
OBJ 50000c59 (sz=40, trace=300000, class=java.lang.ref.Finalizer@50000093)
	referent	50000b1f
	queue		500003d9
	next		50000c5e
	prev		50000c58
OBJ 50000c5a (sz=32, trace=300000, class=java.io.FileInputStream@500000ba)
	fd		50000c5c
	closeLock	50000c5b
OBJ 50000c5b (sz=16, trace=300000, class=java.lang.Object@50000021)
OBJ 50000c5c (sz=32, trace=300000, class=java.io.FileDescriptor@50000084)
	useCount	50000c5d
OBJ 50000c5d (sz=16, trace=300000, class=java.util.concurrent.atomic.AtomicInteger@50000094)
OBJ 50000c5e (sz=40, trace=300000, class=java.lang.ref.Finalizer@50000093)
	referent	50000b0c
	queue		500003d9
	next		50000c5f
	prev		50000c59
OBJ 50000c5f (sz=40, trace=300000, class=java.lang.ref.Finalizer@50000093)
	referent	5000040f
	queue		500003d9
	next		50000c60
	prev		50000c5e
OBJ 50000c60 (sz=40, trace=300000, class=java.lang.ref.Finalizer@50000093)
	referent	50000ad7
	queue		500003d9
	prev		50000c5f
ARR 50000c61 (sz=18, trace=300000, nelems=9, elem type=char[])
ARR 50000c62 (sz=32, trace=300000, nelems=1, elem type=java.lang.Thread[]@5000003e)
	[0]		500003c0
OBJ 50000c63 (sz=32, trace=300000, class=java.lang.String@500000d6)
	value		50000c64
ARR 50000c64 (sz=8, trace=300000, nelems=4, elem type=char[])
OBJ 50000c65 (sz=16, trace=300000, class=java.lang.Object@50000021)
OBJ 50000c66 (sz=32, trace=300000, class=java.security.AccessControlContext@500000cf)
ARR 50000c67 (sz=8, trace=300000, nelems=4, elem type=char[])
OBJ 50000c68 (sz=16, trace=300000, class=java.lang.Object@50000021)
ARR 50000c69 (sz=46, trace=300000, nelems=23, elem type=char[])
OBJ 50000c6a (sz=32, trace=300000, class=java.lang.String@500000d6)
	value		50000c6b
ARR 50000c6b (sz=18, trace=300000, nelems=9, elem type=char[])
OBJ 50000c6c (sz=32, trace=300000, class=java.lang.OutOfMemoryError@50000139)
OBJ 50000c6d (sz=32, trace=300000, class=java.lang.OutOfMemoryError@50000139)
OBJ 50000c6e (sz=32, trace=300000, class=java.lang.OutOfMemoryError@50000139)
OBJ 50000c6f (sz=32, trace=300000, class=java.lang.OutOfMemoryError@50000139)
OBJ 50000c70 (sz=32, trace=300000, class=java.lang.String@500000d6)
	value		50000c71
ARR 50000c71 (sz=52, trace=300000, nelems=26, elem type=char[])
OBJ 50000c72 (sz=32, trace=300000, class=java.lang.String@500000d6)
	value		50000c73
ARR 50000c73 (sz=74, trace=300000, nelems=37, elem type=char[])
OBJ 50000c74 (sz=32, trace=300000, class=java.lang.String@500000d6)
	value		50000c75
ARR 50000c75 (sz=26, trace=300000, nelems=13, elem type=char[])
OBJ 50000c76 (sz=32, trace=300000, class=java.lang.String@500000d6)
	value		50000c77
ARR 50000c77 (sz=30, trace=300000, nelems=15, elem type=char[])
ARR 50000c78 (sz=22, trace=300000, nelems=11, elem type=char[])
ARR 50000c79 (sz=8, trace=300000, nelems=4, elem type=char[])
OBJ 50000c7a (sz=32, trace=300000, class=java.lang.String@500000d6)
	value		50000c7f
OBJ 50000c7b (sz=32, trace=300000, class=java.lang.String@500000d6)
	value		50000c7e
OBJ 50000c7c (sz=32, trace=300000, class=java.lang.String@500000d6)
	value		50000c7d
ARR 50000c7d (sz=24, trace=300000, nelems=12, elem type=char[])
ARR 50000c7e (sz=26, trace=300000, nelems=13, elem type=char[])
ARR 50000c7f (sz=14, trace=300000, nelems=7, elem type=char[])
OBJ 50000c80 (sz=32, trace=300000, class=java.lang.String@500000d6)
	value		50000c85
OBJ 50000c81 (sz=32, trace=300000, class=java.lang.String@500000d6)
	value		50000c84
OBJ 50000c82 (sz=32, trace=300000, class=java.lang.String@500000d6)
	value		50000c83
ARR 50000c83 (sz=46, trace=300000, nelems=23, elem type=char[])
ARR 50000c84 (sz=20, trace=300000, nelems=10, elem type=char[])
ARR 50000c85 (sz=70, trace=300000, nelems=35, elem type=char[])
CLS 50000021 (name=java.lang.Object, trace=300000)
	constant pool entry 79	50000030
	constant pool entry 18	50000021
CLS 50000104 (name=java.lang.Throwable, trace=300000)
	super		50000021
	constant pool entry 177	50000030
	constant pool entry 124	50000076
	constant pool entry 121	50000087
	constant pool entry 115	50000070
	constant pool entry 51	50000021
	constant pool entry 50	50000104
	constant pool entry 42	5000012f
	constant pool entry 25	50000aad
	constant pool entry 19	50000aac
	constant pool entry 16	50000023
CLS 50000028 (name=java.lang.Error, trace=300000)
	super		50000104
	constant pool entry 6	50000104
CLS 5000011a (name=java.lang.LinkageError, trace=300000)
	super		50000028
	constant pool entry 4	50000028
CLS 50000001 (name=java.lang.NoClassDefFoundError, trace=300000)
	super		5000011a
	constant pool entry 9	5000011a
CLS 50000002 (name=java.io.FileSystem, trace=300000)
	super		50000021
	constant pool entry 77	50000087
	constant pool entry 75	50000021
	constant pool entry 73	50000002
	constant pool entry 2	50000afd
	constant pool entry 1	50000afc
CLS 50000003 (name=java.util.Hashtable$EmptyEnumerator, trace=300000)
	super		50000021
	constant pool entry 20	50000021
CLS 50000004 (name=java.nio.charset.CoderResult, trace=300000)
	super		50000021
	static names	50000629
	static UNDERFLOW	50000628
	static OVERFLOW	50000627
	static malformedCache	50000626
	static unmappableCache	50000625
	constant pool entry 139	50000030
	constant pool entry 83	50000061
	constant pool entry 82	50000072
	constant pool entry 81	50000004
	constant pool entry 75	500000d6
	constant pool entry 74	50000021
	constant pool entry 73	50000070
	constant pool entry 4	50000624
	constant pool entry 3	50000623
	constant pool entry 2	50000622
	constant pool entry 1	50000621
CLS 500000dc (name=java.io.Writer, trace=300000)
	super		50000021
	constant pool entry 49	500000d6
	constant pool entry 48	50000021
	constant pool entry 44	500000dc
CLS 50000005 (name=java.io.OutputStreamWriter, trace=300000)
	super		500000dc
	constant pool entry 40	500000b2
	constant pool entry 36	500000dc
	constant pool entry 34	50000005
CLS 50000006 (name=java.lang.ThreadGroup, trace=300000)
	super		50000021
	constant pool entry 264	50000030
	constant pool entry 119	50000006
	constant pool entry 116	5000003d
	constant pool entry 115	50000087
	constant pool entry 112	50000021
	constant pool entry 7	50000420
CLS 50000007 (name=java.lang.ThreadGroup[], trace=300000)
	super		50000021
CLS 50000008 (name=java.io.Win32FileSystem, trace=300000)
	super		50000002
	static driveDirCache	5000046b
	constant pool entry 327	50000030
	constant pool entry 158	5000001a
	constant pool entry 157	500000c3
	constant pool entry 156	500000f8
	constant pool entry 155	50000087
	constant pool entry 154	50000023
	constant pool entry 153	5000008d
	constant pool entry 152	500000d6
	constant pool entry 148	50000070
	constant pool entry 146	50000008
	constant pool entry 144	50000002
	constant pool entry 143	50000097
	constant pool entry 142	50000037
	constant pool entry 9	5000046a
	constant pool entry 8	50000469
	constant pool entry 7	50000468
CLS 50000009 (name=java.lang.AbstractStringBuilder, trace=300000)
	super		50000021
	static sizeTable	5000051b
	constant pool entry 309	50000030
	constant pool entry 154	50000066
	constant pool entry 153	50000087
	constant pool entry 149	500000d6
	constant pool entry 148	50000021
	constant pool entry 146	50000044
	constant pool entry 140	50000009
CLS 5000000a (name=java.lang.Iterable, trace=300000)
CLS 5000003d (name=java.lang.Thread, trace=300000)
	super		50000021
	static EMPTY_STACK_TRACE	500003e4
	static SUBCLASS_IMPLEMENTATION_PERMISSION	500003e3
	static subclassAudits	500003e2
	constant pool entry 500	50000030
	constant pool entry 234	5000002b
	constant pool entry 231	500000f8
	constant pool entry 228	50000006
	constant pool entry 223	5000003d
	constant pool entry 222	50000087
	constant pool entry 220	500000d6
	constant pool entry 219	5000012f
	constant pool entry 217	50000126
	constant pool entry 215	50000021
	constant pool entry 9	500003e1
CLS 5000000b (name=java.lang.ref.Finalizer$FinalizerThread, trace=300000)
	super		5000003d
	constant pool entry 22	50000065
	constant pool entry 20	50000093
	constant pool entry 19	5000003d
	constant pool entry 1	50000c56
CLS 5000002e (name=sun.reflect.MagicAccessorImpl, trace=300000)
	super		50000021
	constant pool entry 8	50000021
CLS 5000005d (name=sun.reflect.FieldAccessorImpl, trace=300000)
	super		5000002e
CLS 500000f6 (name=sun.reflect.UnsafeFieldAccessorImpl, trace=300000)
	super		5000005d
CLS 5000000c (name=sun.reflect.UnsafeStaticFieldAccessorImpl, trace=300000)
	super		500000f6
CLS 5000000d (name=java.net.URLStreamHandlerFactory, trace=300000)
CLS 5000006a (name=java.lang.Exception, trace=300000)
	super		50000104
	constant pool entry 16	50000104
CLS 50000082 (name=java.lang.RuntimeException, trace=300000)
	super		5000006a
CLS 5000000e (name=java.lang.ArithmeticException, trace=300000)
	super		50000082
CLS 5000000f (name=java.util.Hashtable$EmptyIterator, trace=300000)
	super		50000021
	constant pool entry 23	50000021
CLS 50000010 (name=java.nio.charset.CodingErrorAction, trace=300000)
	super		50000021
	static IGNORE	5000061d
	static REPLACE	5000061c
	static REPORT	5000061b
	constant pool entry 21	50000010
	constant pool entry 20	50000021
	constant pool entry 3	5000061a
	constant pool entry 2	50000619
	constant pool entry 1	50000618
CLS 50000011 (name=java.lang.Appendable, trace=300000)
CLS 50000012 (name=java.nio.charset.spi.CharsetProvider, trace=300000)
	super		50000021
	constant pool entry 22	50000087
	constant pool entry 19	50000021
CLS 50000013 (name=java.util.concurrent.locks.AbstractOwnableSynchronizer, trace=300000)
	super		50000021
	constant pool entry 19	50000013
	constant pool entry 18	50000021
CLS 50000014 (name=java.lang.ClassCastException, trace=300000)
	super		50000082
CLS 50000015 (name=java.util.concurrent.atomic.AtomicReferenceFieldUpdater, trace=300000)
	super		50000021
	constant pool entry 24	500000ee
	constant pool entry 22	50000021
CLS 500000da (name=java.util.HashMap$Entry, trace=300000)
	super		50000021
	constant pool entry 43	500000da
	constant pool entry 40	50000021
CLS 50000016 (name=java.util.LinkedHashMap$Entry, trace=300000)
	super		500000da
	constant pool entry 27	50000016
	constant pool entry 26	50000020
	constant pool entry 25	500000da
CLS 50000055 (name=java.util.concurrent.locks.AbstractQueuedSynchronizer, trace=300000)
	super		50000013
	static unsafe	500003fe
	constant pool entry 183	50000069
	constant pool entry 181	50000088
	constant pool entry 179	50000055
	constant pool entry 178	50000013
	constant pool entry 164	50000070
	constant pool entry 11	500004bf
	constant pool entry 10	500004be
	constant pool entry 9	500004bd
	constant pool entry 7	500004bc
	constant pool entry 6	500004bb
CLS 50000017 (name=java.util.concurrent.locks.ReentrantLock$Sync, trace=300000)
	super		50000055
	constant pool entry 56	50000017
	constant pool entry 53	50000055
	constant pool entry 52	5000003d
CLS 50000018 (name=java.util.StringTokenizer, trace=300000)
	super		50000021
	constant pool entry 63	50000018
	constant pool entry 60	500000d6
	constant pool entry 59	50000021
	constant pool entry 57	500000e6
CLS 50000019 (name=java.lang.reflect.Modifier, trace=300000)
	super		50000021
	constant pool entry 108	50000113
	constant pool entry 107	500000e9
	constant pool entry 106	500000f8
	constant pool entry 105	5000004a
CLS 5000001a (name=sun.security.action.GetPropertyAction, trace=300000)
	super		50000021
	constant pool entry 23	5000001a
	constant pool entry 21	50000087
	constant pool entry 20	50000021
CLS 5000003a (name=java.util.AbstractMap, trace=300000)
	super		50000021
	constant pool entry 66	5000003a
	constant pool entry 63	50000021
CLS 50000080 (name=sun.util.PreHashedMap, trace=300000)
	super		5000003a
	constant pool entry 93	50000030
	constant pool entry 47	50000080
	constant pool entry 44	5000003a
	constant pool entry 42	500000d6
	constant pool entry 41	50000021
	constant pool entry 40	50000022
CLS 5000001b (name=sun.nio.cs.StandardCharsets$Classes, trace=300000)
	super		50000080
	constant pool entry 192	50000030
	constant pool entry 181	50000080
	constant pool entry 180	5000001b
	constant pool entry 177	50000021
	constant pool entry 76	50000677
	constant pool entry 75	50000669
	constant pool entry 74	5000066d
	constant pool entry 73	500006ab
	constant pool entry 72	500006a3
	constant pool entry 71	500006ce
	constant pool entry 70	500006d2
	constant pool entry 69	500006db
	constant pool entry 68	500006de
	constant pool entry 67	500006e9
	constant pool entry 66	500006ec
	constant pool entry 65	500006bb
	constant pool entry 64	5000065d
	constant pool entry 63	500006e1
	constant pool entry 62	500006f5
	constant pool entry 61	500006f8
	constant pool entry 60	500006ca
	constant pool entry 59	500006d5
	constant pool entry 58	50000690
	constant pool entry 57	50000661
	constant pool entry 56	50000665
	constant pool entry 55	500006a7
	constant pool entry 54	500006ae
	constant pool entry 53	500006b4
	constant pool entry 52	500006b8
	constant pool entry 51	500006c1
	constant pool entry 50	50000685
	constant pool entry 49	5000068d
	constant pool entry 48	500006c4
	constant pool entry 47	500006f2
	constant pool entry 46	50000700
	constant pool entry 45	50000674
	constant pool entry 44	5000067f
	constant pool entry 43	50000696
	constant pool entry 42	5000069f
	constant pool entry 41	50000699
	constant pool entry 40	50000682
	constant pool entry 39	50000671
	constant pool entry 38	500006bc
	constant pool entry 37	50000678
	constant pool entry 36	5000065e
	constant pool entry 35	5000066a
	constant pool entry 34	500006e2
	constant pool entry 33	500006f6
	constant pool entry 32	5000066e
	constant pool entry 31	500006f9
	constant pool entry 30	500006cb
	constant pool entry 29	500006d6
	constant pool entry 28	50000691
	constant pool entry 27	500006cf
	constant pool entry 26	500006d3
	constant pool entry 25	500006dc
	constant pool entry 24	500006df
	constant pool entry 23	500006ea
	constant pool entry 22	500006ed
	constant pool entry 21	50000662
	constant pool entry 20	50000666
	constant pool entry 19	500006a8
	constant pool entry 18	500006af
	constant pool entry 17	500006b5
	constant pool entry 16	500006b9
	constant pool entry 15	500006c2
	constant pool entry 14	50000686
	constant pool entry 13	5000068e
	constant pool entry 12	500006c5
	constant pool entry 11	500006ac
	constant pool entry 10	500006f3
	constant pool entry 9	50000701
	constant pool entry 8	50000672
	constant pool entry 7	50000675
	constant pool entry 6	50000680
	constant pool entry 5	50000697
	constant pool entry 4	500006a0
	constant pool entry 3	5000069a
	constant pool entry 2	500006a4
	constant pool entry 1	50000683
CLS 5000001c (name=java.lang.AssertionStatusDirectives, trace=300000)
	super		50000021
CLS 5000005e (name=java.security.Permission, trace=300000)
	super		50000021
	constant pool entry 56	5000005e
	constant pool entry 49	50000021
CLS 5000001d (name=java.security.BasicPermission, trace=300000)
	super		5000005e
	constant pool entry 73	5000005e
	constant pool entry 72	500002a0
	constant pool entry 71	5000001d
	constant pool entry 70	500000d6
	constant pool entry 4	500003e8
	constant pool entry 3	500003e7
	constant pool entry 2	500003e6
CLS 5000001e (name=java.lang.Class$1, trace=300000)
	super		50000021
	constant pool entry 23	50000050
	constant pool entry 22	50000021
	constant pool entry 21	5000001e
CLS 50000121 (name=java.lang.ref.Reference, trace=300000)
	super		50000021
	static lock	500003b9
	constant pool entry 53	50000065
	constant pool entry 52	5000005c
	constant pool entry 51	50000107
	constant pool entry 49	50000121
	constant pool entry 48	50000006
	constant pool entry 47	5000003d
	constant pool entry 46	50000021
	constant pool entry 1	5000041b
CLS 5000001f (name=java.lang.ref.PhantomReference, trace=300000)
	super		50000121
CLS 50000052 (name=java.util.HashMap, trace=300000)
	super		5000003a
	constant pool entry 322	50000030
	constant pool entry 145	500000da
	constant pool entry 143	50000052
	constant pool entry 142	5000003a
	constant pool entry 140	50000021
	constant pool entry 137	50000047
CLS 50000020 (name=java.util.LinkedHashMap, trace=300000)
	super		50000052
	constant pool entry 71	50000016
	constant pool entry 69	50000020
	constant pool entry 67	50000052
CLS 50000022 (name=java.lang.Object[], trace=300000)
	super		50000021
CLS 50000023 (name=java.lang.StringBuilder, trace=300000)
	super		50000009
	constant pool entry 87	50000023
	constant pool entry 85	500000d6
	constant pool entry 82	50000009
CLS 50000024 (name=java.lang.Readable, trace=300000)
CLS 500000a4 (name=java.util.AbstractCollection, trace=300000)
	super		50000021
	constant pool entry 57	50000021
CLS 5000009d (name=java.util.AbstractList, trace=300000)
	super		500000a4
	constant pool entry 67	5000009d
	constant pool entry 66	500000a4
CLS 500000c5 (name=java.util.Vector, trace=300000)
	super		5000009d
	constant pool entry 238	50000030
	constant pool entry 125	500000c5
	constant pool entry 118	5000009d
	constant pool entry 117	50000087
	constant pool entry 115	50000021
CLS 50000025 (name=java.util.Stack, trace=300000)
	super		500000c5
	constant pool entry 32	500000c5
	constant pool entry 31	50000025
CLS 50000026 (name=java.lang.CharacterDataLatin1, trace=300000)
	super		50000021
	static sharpsMap	50000584
	static A	50000583
	static A_DATA	50000582
	constant pool entry 88	50000030
	constant pool entry 66	500000d6
	constant pool entry 64	50000070
	constant pool entry 63	50000026
	constant pool entry 6	50000582
CLS 50000027 (name=java.lang.System$2, trace=300000)
	super		50000021
	constant pool entry 31	50000021
CLS 50000029 (name=java.lang.Error[], trace=300000)
	super		50000021
CLS 5000002a (name=sun.misc.SignalHandler, trace=300000)
	static SIG_DFL	50000c29
	static SIG_IGN	50000c28
	constant pool entry 16	5000002a
	constant pool entry 15	50000043
CLS 5000002b (name=sun.misc.SoftCache, trace=300000)
	super		5000003a
	constant pool entry 54	5000002b
	constant pool entry 51	50000052
	constant pool entry 50	5000003a
	constant pool entry 49	50000065
CLS 5000002c (name=java.io.InputStream, trace=300000)
	super		50000021
	constant pool entry 44	50000021
CLS 5000009a (name=java.net.URLStreamHandler, trace=300000)
	super		50000021
	constant pool entry 113	5000009a
	constant pool entry 112	500000d2
	constant pool entry 109	50000023
	constant pool entry 108	5000008d
	constant pool entry 107	500000d6
	constant pool entry 105	50000021
	constant pool entry 10	5000059d
	constant pool entry 8	5000059c
	constant pool entry 7	5000059b
	constant pool entry 6	5000059a
	constant pool entry 5	50000599
	constant pool entry 3	50000598
	constant pool entry 1	50000408
CLS 5000002d (name=sun.net.www.protocol.file.Handler, trace=300000)
	super		5000009a
	constant pool entry 62	5000002d
	constant pool entry 61	5000024a
	constant pool entry 60	500000cb
	constant pool entry 59	5000009a
	constant pool entry 58	500000d2
	constant pool entry 56	500000d6
	constant pool entry 54	50000097
	constant pool entry 1	50000408
CLS 5000002f (name=java.nio.charset.Charset, trace=300000)
	super		50000021
	static bugLevel	50000408
	static standardProvider	50000640
	static cache1	5000063f
	static cache2	5000063e
	static gate	5000063d
	static extendedProviderLock	5000063c
	static defaultCharset	5000063b
	constant pool entry 320	50000030
	constant pool entry 158	5000001a
	constant pool entry 156	5000010f
	constant pool entry 155	500000f4
	constant pool entry 149	500000f8
	constant pool entry 148	50000012
	constant pool entry 138	5000002f
	constant pool entry 135	500000d8
	constant pool entry 134	500000d6
	constant pool entry 133	50000021
	constant pool entry 7	5000063a
	constant pool entry 6	50000639
	constant pool entry 2	5000062e
	constant pool entry 1	50000408
CLS 50000030 (name=com.sun.demo.jvmti.hprof.Tracker, trace=300000)
	super		50000021
	constant pool entry 33	5000003d
	constant pool entry 8	50000030
CLS 50000031 (name=java.lang.Cloneable, trace=300000)
CLS 50000032 (name=sun.misc.URLClassPath, trace=300000)
	super		50000021
	static USER_AGENT_JAVA_VERSION	50000a48
	static JAVA_VERSION	50000a49
	constant pool entry 163	5000001a
	constant pool entry 161	5000016c
	constant pool entry 160	50000173
	constant pool entry 157	50000171
	constant pool entry 154	50000032
	constant pool entry 152	50000025
	constant pool entry 151	50000052
	constant pool entry 150	500000b8
	constant pool entry 147	500000f8
	constant pool entry 146	5000000d
	constant pool entry 144	500000d2
	constant pool entry 139	500000d6
	constant pool entry 136	50000021
	constant pool entry 129	50000a48
	constant pool entry 7	50000a47
	constant pool entry 5	50000a46
	constant pool entry 4	500005f1
CLS 50000033 (name=java.lang.ArrayStoreException, trace=300000)
	super		50000082
CLS 50000034 (name=java.security.cert.Certificate, trace=300000)
	super		50000021
CLS 50000035 (name=java.security.cert.Certificate[], trace=300000)
	super		50000021
CLS 50000036 (name=sun.reflect.ReflectionFactory$1, trace=300000)
	super		50000021
	constant pool entry 49	500000e9
	constant pool entry 47	50000087
	constant pool entry 44	50000021
	constant pool entry 3	50000c3a
	constant pool entry 2	50000c39
CLS 50000037 (name=java.io.ExpiringCache, trace=300000)
	super		50000021
	constant pool entry 58	50000086
	constant pool entry 56	50000087
	constant pool entry 54	50000021
	constant pool entry 53	500000ac
	constant pool entry 52	500000dd
	constant pool entry 51	50000037
CLS 50000038 (name=java.util.Iterator, trace=300000)
CLS 50000039 (name=sun.reflect.Reflection, trace=300000)
	super		50000021
	static fieldFilterMap	500003ff
	constant pool entry 74	50000039
	constant pool entry 73	50000086
	constant pool entry 72	50000052
	constant pool entry 71	5000003c
	constant pool entry 70	50000019
	constant pool entry 63	50000070
CLS 50000131 (name=java.io.Reader, trace=300000)
	super		50000021
	constant pool entry 56	50000021
	constant pool entry 52	50000131
CLS 5000003b (name=java.io.InputStreamReader, trace=300000)
	super		50000131
	constant pool entry 40	50000103
	constant pool entry 35	50000131
	constant pool entry 34	5000003b
CLS 5000003c (name=java.util.Collections, trace=300000)
	super		50000021
	static EMPTY_SET	50000407
	static EMPTY_LIST	50000406
	static EMPTY_MAP	50000405
	static REVERSE_ORDER	50000404
	constant pool entry 198	500000f9
	constant pool entry 189	500000a9
	constant pool entry 188	500000ab
	constant pool entry 187	50000046
	constant pool entry 186	5000008f
	constant pool entry 175	5000003c
CLS 5000003e (name=java.lang.Thread[], trace=300000)
	super		50000021
CLS 50000089 (name=java.lang.Number, trace=300000)
	super		50000021
	constant pool entry 28	50000021
CLS 5000003f (name=java.lang.Long, trace=300000)
	super		50000089
	static TYPE	500003c7
	constant pool entry 163	5000003f
	constant pool entry 159	50000070
	constant pool entry 12	5000057f
CLS 50000040 (name=java.nio.charset.CharsetDecoder, trace=300000)
	super		50000021
	static stateNames	50000634
	constant pool entry 275	50000030
	constant pool entry 141	50000010
	constant pool entry 140	50000004
	constant pool entry 138	50000040
	constant pool entry 137	5000002f
	constant pool entry 134	5000007f
	constant pool entry 129	500000d6
	constant pool entry 128	50000021
	constant pool entry 125	50000070
	constant pool entry 15	50000633
	constant pool entry 12	50000632
	constant pool entry 7	50000631
	constant pool entry 4	50000630
	constant pool entry 3	5000062f
	constant pool entry 2	5000062e
CLS 50000041 (name=java.lang.Void, trace=300000)
	super		50000021
CLS 50000042 (name=sun.reflect.ConstructorAccessorImpl, trace=300000)
	super		5000002e
	constant pool entry 20	5000002e
CLS 50000043 (name=sun.misc.NativeSignalHandler, trace=300000)
	super		50000021
	constant pool entry 21	50000043
	constant pool entry 20	50000021
CLS 50000044 (name=java.lang.Integer, trace=300000)
	super		50000089
	static TYPE	500003c1
	static digits	50000523
	static DigitTens	50000522
	static DigitOnes	50000521
	static sizeTable	50000520
	constant pool entry 275	50000030
	constant pool entry 170	500000f4
	constant pool entry 169	50000106
	constant pool entry 168	50000087
	constant pool entry 166	500000d6
	constant pool entry 164	50000089
	constant pool entry 161	50000044
	constant pool entry 158	50000070
	constant pool entry 157	500000e6
	constant pool entry 26	5000051f
	constant pool entry 25	5000051e
CLS 50000045 (name=java.lang.ClassLoader$NativeLibrary, trace=300000)
	super		50000021
	constant pool entry 48	50000025
	constant pool entry 46	50000021
	constant pool entry 45	50000045
	constant pool entry 44	500000f2
CLS 50000046 (name=java.util.Collections$EmptyMap, trace=300000)
	super		5000003a
	constant pool entry 41	50000046
	constant pool entry 38	5000003a
CLS 50000047 (name=java.lang.Float, trace=300000)
	super		50000089
	static TYPE	500003c2
	constant pool entry 104	50000047
	constant pool entry 101	50000070
	constant pool entry 7	50000402
CLS 50000048 (name=sun.reflect.ConstructorAccessor, trace=300000)
CLS 50000049 (name=sun.nio.cs.MS1252, trace=300000)
	super		5000002f
	constant pool entry 39	5000010f
	constant pool entry 38	5000011d
	constant pool entry 37	500000b6
	constant pool entry 34	5000002f
	constant pool entry 3	500006de
CLS 5000004a (name=java.lang.reflect.ReflectAccess, trace=300000)
	super		50000021
	constant pool entry 38	500000e2
	constant pool entry 37	500000cc
	constant pool entry 36	50000050
	constant pool entry 35	50000021
CLS 5000004b (name=java.lang.Compiler$1, trace=300000)
	super		50000021
	constant pool entry 54	50000087
	constant pool entry 53	50000023
	constant pool entry 51	50000021
	constant pool entry 8	50000c7c
	constant pool entry 7	50000c7b
	constant pool entry 4	50000c7a
CLS 5000004c (name=java.lang.IncompatibleClassChangeError, trace=300000)
	super		5000011a
	constant pool entry 10	5000011a
CLS 5000004d (name=java.security.AccessControlContext$1, trace=300000)
	super		50000021
	constant pool entry 20	50000021
CLS 5000004e (name=java.lang.StringValue, trace=300000)
	super		50000021
	constant pool entry 15	50000066
CLS 5000004f (name=java.nio.charset.CharsetEncoder, trace=300000)
	super		50000021
	static stateNames	50000a31
	constant pool entry 344	50000030
	constant pool entry 154	50000010
	constant pool entry 153	50000004
	constant pool entry 151	5000004f
	constant pool entry 150	50000040
	constant pool entry 149	5000002f
	constant pool entry 147	50000117
	constant pool entry 146	5000007f
	constant pool entry 143	500000b3
	constant pool entry 141	500000d6
	constant pool entry 140	50000021
	constant pool entry 137	50000070
	constant pool entry 13	50000632
	constant pool entry 7	50000631
	constant pool entry 4	50000630
	constant pool entry 3	5000062f
	constant pool entry 2	5000062e
CLS 5000006e (name=java.lang.reflect.AccessibleObject, trace=300000)
	super		50000021
	static ACCESS_PERMISSION	500003f7
	static reflectionFactory	500003f0
	constant pool entry 59	50000113
	constant pool entry 58	500000e9
	constant pool entry 57	500000f8
	constant pool entry 56	5000012b
	constant pool entry 55	50000050
	constant pool entry 53	5000006e
	constant pool entry 52	50000087
	constant pool entry 49	50000021
	constant pool entry 48	50000070
	constant pool entry 3	500003f6
CLS 50000050 (name=java.lang.reflect.Constructor, trace=300000)
	super		5000006e
	constant pool entry 168	500000e9
	constant pool entry 166	50000048
	constant pool entry 156	50000050
	constant pool entry 155	5000006e
	constant pool entry 143	50000070
	constant pool entry 140	50000071
CLS 50000051 (name=java.lang.reflect.Constructor[], trace=300000)
	super		50000021
CLS 500000f2 (name=java.lang.ClassLoader, trace=300000)
	super		50000021
	static scl	500003b8
	static loadedLibraryNames	50000534
	static systemNativeLibraries	50000533
	static nativeLibraryContext	50000532
	static usr_paths	50000531
	static sys_paths	50000530
	constant pool entry 775	50000030
	constant pool entry 332	50000039
	constant pool entry 331	500000f4
	constant pool entry 328	500000be
	constant pool entry 325	50000129
	constant pool entry 324	500000c5
	constant pool entry 323	50000025
	constant pool entry 320	50000060
	constant pool entry 319	50000059
	constant pool entry 318	50000052
	constant pool entry 315	50000034
	constant pool entry 314	500000f1
	constant pool entry 312	500000d1
	constant pool entry 311	500000f8
	constant pool entry 308	500000d2
	constant pool entry 304	500000b9
	constant pool entry 303	50000087
	constant pool entry 301	500000d6
	constant pool entry 297	50000021
	constant pool entry 294	5000010c
	constant pool entry 292	5000006c
	constant pool entry 291	50000045
	constant pool entry 290	500000ad
	constant pool entry 287	500000f2
	constant pool entry 286	500000fa
	constant pool entry 285	50000070
	constant pool entry 284	500000fd
	constant pool entry 282	50000122
	constant pool entry 281	50000097
	constant pool entry 21	5000052f
	constant pool entry 18	5000052e
	constant pool entry 17	5000052d
	constant pool entry 1	50000408
CLS 50000053 (name=sun.reflect.DelegatingClassLoader, trace=300000)
	super		500000f2
CLS 50000054 (name=java.security.PrivilegedExceptionAction, trace=300000)
CLS 50000056 (name=sun.misc.PostVMInitHook, trace=300000)
	super		50000021
	constant pool entry 67	50000056
	constant pool entry 64	50000087
	constant pool entry 63	50000023
	constant pool entry 55	50000097
	constant pool entry 9	50000c82
	constant pool entry 5	50000c81
	constant pool entry 4	50000a5e
	constant pool entry 3	50000a68
	constant pool entry 2	50000c80
CLS 50000057 (name=java.lang.Double, trace=300000)
	super		50000089
	static TYPE	500003c3
	constant pool entry 142	50000057
	constant pool entry 140	50000070
	constant pool entry 10	5000051c
CLS 50000058 (name=sun.reflect.MethodAccessorImpl, trace=300000)
	super		5000002e
CLS 50000075 (name=java.util.AbstractSet, trace=300000)
	super		500000a4
	constant pool entry 31	500000a4
CLS 50000059 (name=java.util.HashSet, trace=300000)
	super		50000075
	static PRESENT	5000054b
	constant pool entry 84	50000059
	constant pool entry 83	50000052
	constant pool entry 81	50000075
	constant pool entry 80	50000021
CLS 5000005a (name=sun.net.www.protocol.jar.Handler, trace=300000)
	super		5000009a
	static separator	500005f3
	constant pool entry 78	5000009a
	constant pool entry 71	500005f3
CLS 5000005b (name=java.io.FileReader, trace=300000)
	super		5000003b
	constant pool entry 14	5000003b
	constant pool entry 11	500000ba
CLS 5000005c (name=java.lang.ref.Reference$ReferenceHandler, trace=300000)
	super		5000003d
	constant pool entry 28	50000121
	constant pool entry 27	5000003d
	constant pool entry 26	50000021
CLS 5000005f (name=java.lang.IllegalMonitorStateException, trace=300000)
	super		50000082
CLS 500000f0 (name=java.util.Dictionary, trace=300000)
	super		50000021
	constant pool entry 19	50000021
CLS 50000060 (name=java.util.Hashtable, trace=300000)
	super		500000f0
	static emptyEnumerator	5000052b
	static emptyIterator	5000052a
	constant pool entry 338	50000030
	constant pool entry 156	500000c6
	constant pool entry 155	5000000f
	constant pool entry 154	50000003
	constant pool entry 152	50000060
	constant pool entry 151	500000f0
	constant pool entry 148	50000021
	constant pool entry 143	50000047
CLS 500000c0 (name=java.nio.charset.CoderResult$Cache, trace=300000)
	super		50000021
	constant pool entry 31	500000c0
	constant pool entry 27	50000021
CLS 50000061 (name=java.nio.charset.CoderResult$2, trace=300000)
	super		500000c0
	constant pool entry 16	500000c0
CLS 50000062 (name=java.io.FilterInputStream, trace=300000)
	super		5000002c
	constant pool entry 26	5000002c
	constant pool entry 24	50000062
CLS 50000063 (name=java.util.Map$Entry, trace=300000)
CLS 50000064 (name=java.util.Map$Entry[], trace=300000)
	super		50000021
CLS 50000065 (name=java.lang.ref.ReferenceQueue, trace=300000)
	super		50000021
	static NULL	5000041d
	static ENQUEUED	5000041c
	constant pool entry 49	5000008a
	constant pool entry 48	5000007c
	constant pool entry 46	50000065
	constant pool entry 43	50000021
CLS 50000066 (name=java.util.Arrays, trace=300000)
	super		50000021
	constant pool entry 500	50000030
	constant pool entry 212	5000007e
	constant pool entry 211	50000087
	constant pool entry 207	500000ae
	constant pool entry 202	50000070
	constant pool entry 198	50000022
CLS 50000067 (name=java.lang.VirtualMachineError, trace=300000)
	super		50000028
CLS 50000068 (name=java.lang.VirtualMachineError[], trace=300000)
	super		50000021
CLS 50000069 (name=sun.misc.Unsafe, trace=300000)
	super		50000021
	static theUnsafe	500003fe
	constant pool entry 131	50000039
	constant pool entry 130	50000069
	constant pool entry 126	50000021
	constant pool entry 124	50000070
CLS 5000006b (name=sun.reflect.FieldAccessor, trace=300000)
CLS 5000006c (name=java.lang.ClassNotFoundException, trace=300000)
	super		5000006a
	constant pool entry 20	5000006a
CLS 500000d8 (name=java.lang.ThreadLocal, trace=300000)
	super		50000021
	static nextHashCode	5000041a
	constant pool entry 54	50000094
	constant pool entry 51	5000015a
	constant pool entry 49	500000d8
	constant pool entry 48	5000003d
	constant pool entry 47	50000021
CLS 5000006d (name=sun.jkernel.DownloadManager$1, trace=300000)
	super		500000d8
	constant pool entry 16	500000d8
CLS 5000006f (name=java.lang.reflect.AccessibleObject[], trace=300000)
	super		50000021
CLS 50000070 (name=java.lang.Class, trace=300000)
	super		50000021
	static serialPersistentFields	500003f1
	static reflectionFactory	500003f0
	constant pool entry 954	50000030
	constant pool entry 417	50000113
	constant pool entry 416	500000e9
	constant pool entry 415	50000039
	constant pool entry 402	500000f8
	constant pool entry 398	500000e2
	constant pool entry 394	500000cc
	constant pool entry 393	50000050
	constant pool entry 390	50000091
	constant pool entry 388	50000087
	constant pool entry 386	500000d6
	constant pool entry 371	500000f2
	constant pool entry 366	500000a0
	constant pool entry 364	5000001e
	constant pool entry 363	50000070
	constant pool entry 361	500000ea
	constant pool entry 358	500000cd
CLS 50000071 (name=java.lang.Class[], trace=300000)
	super		50000021
CLS 50000072 (name=java.nio.charset.CoderResult$1, trace=300000)
	super		500000c0
	constant pool entry 14	500000c0
CLS 50000073 (name=java.security.SecureClassLoader, trace=300000)
	super		500000f2
	static defineClassCondMethod	50000aa0
	constant pool entry 184	50000030
	constant pool entry 93	500000c1
	constant pool entry 92	50000052
	constant pool entry 91	50000073
	constant pool entry 90	500000f1
	constant pool entry 89	50000219
	constant pool entry 88	5000007f
	constant pool entry 87	500000e2
	constant pool entry 85	50000087
	constant pool entry 83	500000d6
	constant pool entry 75	500000f2
	constant pool entry 74	50000070
	constant pool entry 73	500000fd
	constant pool entry 6	50000a9f
	constant pool entry 5	50000a9e
CLS 50000074 (name=java.io.BufferedInputStream, trace=300000)
	super		50000062
	static bufUpdater	50000b06
	constant pool entry 122	50000030
	constant pool entry 63	50000015
	constant pool entry 57	50000062
	constant pool entry 56	50000074
	constant pool entry 55	5000013d
	constant pool entry 4	50000b05
CLS 50000138 (name=java.io.OutputStream, trace=300000)
	super		50000021
	constant pool entry 26	50000021
CLS 50000085 (name=java.io.FilterOutputStream, trace=300000)
	super		50000138
	constant pool entry 20	50000138
	constant pool entry 18	50000085
CLS 50000076 (name=java.io.PrintStream, trace=300000)
	super		50000085
	constant pool entry 98	500000d6
	constant pool entry 92	50000076
	constant pool entry 91	50000005
	constant pool entry 90	50000138
	constant pool entry 87	50000085
	constant pool entry 83	50000119
CLS 50000077 (name=sun.reflect.DelegatingConstructorAccessorImpl, trace=300000)
	super		50000042
	constant pool entry 20	50000077
	constant pool entry 19	50000042
CLS 50000078 (name=java.util.Set, trace=300000)
CLS 50000079 (name=sun.io.Win32ErrorMode, trace=300000)
	super		50000021
	constant pool entry 45	500000f4
	constant pool entry 44	50000079
	constant pool entry 43	50000087
	constant pool entry 1	50000527
CLS 5000007a (name=java.util.concurrent.locks.ReentrantLock, trace=300000)
	super		50000021
	constant pool entry 88	50000017
	constant pool entry 87	50000108
	constant pool entry 85	5000007a
	constant pool entry 78	50000021
CLS 5000007b (name=java.util.concurrent.locks.ReentrantLock[], trace=300000)
	super		50000021
CLS 5000007c (name=java.lang.ref.ReferenceQueue$Lock, trace=300000)
	super		50000021
	constant pool entry 14	5000007c
	constant pool entry 11	50000021
CLS 5000007d (name=sun.misc.AtomicLong, trace=300000)
	super		50000021
CLS 5000007e (name=java.lang.reflect.Array, trace=300000)
	super		50000021
	constant pool entry 39	5000007e
CLS 500000c2 (name=java.nio.Buffer, trace=300000)
	super		50000021
	constant pool entry 46	500000c2
	constant pool entry 45	50000021
CLS 5000007f (name=java.nio.ByteBuffer, trace=300000)
	super		500000c2
	constant pool entry 132	5000011f
	constant pool entry 130	500000e1
	constant pool entry 129	5000007f
	constant pool entry 126	500000c2
	constant pool entry 125	500000ef
CLS 50000081 (name=java.lang.Compiler, trace=300000)
	super		50000021
	constant pool entry 26	500000f8
	constant pool entry 24	5000004b
	constant pool entry 23	50000081
CLS 50000083 (name=java.util.concurrent.ConcurrentHashMap, trace=300000)
	super		5000003a
	constant pool entry 133	500000a7
	constant pool entry 126	50000083
	constant pool entry 121	5000003a
	constant pool entry 120	50000021
CLS 50000084 (name=java.io.FileDescriptor, trace=300000)
	super		50000021
	static in	50000411
	static out	50000416
	static err	50000415
	constant pool entry 38	50000094
	constant pool entry 37	50000021
	constant pool entry 35	50000084
CLS 50000086 (name=java.util.Map, trace=300000)
CLS 50000087 (name=java.lang.System, trace=300000)
	super		50000021
	static in	5000040d
	static out	5000040c
	static err	5000040b
	static props	5000040a
	constant pool entry 177	50000039
	constant pool entry 176	50000111
	constant pool entry 175	500000f4
	constant pool entry 174	5000011c
	constant pool entry 171	50000106
	constant pool entry 168	50000006
	constant pool entry 167	5000003d
	constant pool entry 166	50000118
	constant pool entry 165	50000027
	constant pool entry 163	50000087
	constant pool entry 161	500000d6
	constant pool entry 158	5000012e
	constant pool entry 154	50000044
	constant pool entry 150	50000076
	constant pool entry 148	500000f5
	constant pool entry 147	500000ba
	constant pool entry 146	50000084
	constant pool entry 145	500000e7
	constant pool entry 144	50000074
	constant pool entry 10	50000409
	constant pool entry 1	50000408
CLS 50000088 (name=java.util.concurrent.locks.AbstractQueuedSynchronizer$Node, trace=300000)
	super		50000021
CLS 5000008a (name=java.lang.ref.ReferenceQueue$Null, trace=300000)
	super		50000065
	constant pool entry 14	5000008a
	constant pool entry 12	50000065
CLS 5000008b (name=java.lang.ThreadDeath, trace=300000)
	super		50000028
CLS 5000008c (name=java.lang.Terminator$1, trace=300000)
	super		50000021
	constant pool entry 20	50000021
CLS 5000008d (name=java.lang.StringBuffer, trace=300000)
	super		50000009
	static serialPersistentFields	500005a0
	constant pool entry 365	50000030
	constant pool entry 109	5000008d
	constant pool entry 108	500000d6
	constant pool entry 107	50000044
	constant pool entry 104	500000fd
	constant pool entry 103	50000009
	constant pool entry 101	500000ea
	constant pool entry 95	5000013e
	constant pool entry 4	50000413
	constant pool entry 3	5000059f
	constant pool entry 1	5000059e
CLS 5000008e (name=sun.misc.JavaSecurityAccess, trace=300000)
CLS 5000008f (name=java.util.Collections$EmptyList, trace=300000)
	super		5000009d
	constant pool entry 41	5000008f
	constant pool entry 38	5000009d
CLS 50000090 (name=java.lang.Short, trace=300000)
	super		50000089
	static TYPE	500003c8
	constant pool entry 96	50000090
	constant pool entry 91	50000070
	constant pool entry 10	5000057d
CLS 50000091 (name=java.lang.ref.SoftReference, trace=300000)
	super		50000121
	constant pool entry 15	50000091
	constant pool entry 14	50000121
CLS 50000092 (name=sun.nio.cs.SingleByteEncoder, trace=300000)
	super		5000004f
	constant pool entry 71	500000bd
	constant pool entry 70	500000c4
	constant pool entry 69	50000092
	constant pool entry 68	50000004
	constant pool entry 67	5000004f
	constant pool entry 66	50000117
	constant pool entry 65	5000007f
	constant pool entry 64	500000d6
	constant pool entry 63	50000070
CLS 500000ff (name=java.lang.ref.FinalReference, trace=300000)
	super		50000121
	constant pool entry 9	50000121
CLS 50000093 (name=java.lang.ref.Finalizer, trace=300000)
	super		500000ff
	static queue	500003d9
	static unfinalized	50000211
	static lock	50000c57
	constant pool entry 66	50000065
	constant pool entry 65	5000000b
	constant pool entry 61	50000093
	constant pool entry 60	500000ff
	constant pool entry 58	50000006
	constant pool entry 57	5000003d
	constant pool entry 56	50000021
CLS 50000094 (name=java.util.concurrent.atomic.AtomicInteger, trace=300000)
	super		50000089
	static unsafe	500003fe
	constant pool entry 64	50000069
	constant pool entry 63	50000094
	constant pool entry 62	50000089
	constant pool entry 58	50000070
	constant pool entry 1	50000413
CLS 50000095 (name=java.util.Comparator, trace=300000)
CLS 50000096 (name=java.nio.Bits$1, trace=300000)
	super		50000021
	constant pool entry 16	50000021
CLS 50000097 (name=java.io.File, trace=300000)
	super		50000021
	static fs	50000425
	static separator	50000424
	static pathSeparator	50000423
	constant pool entry 262	5000011c
	constant pool entry 254	50000087
	constant pool entry 253	50000023
	constant pool entry 252	500000d6
	constant pool entry 248	50000021
	constant pool entry 240	50000070
	constant pool entry 232	50000002
	constant pool entry 229	500000fc
	constant pool entry 228	50000097
	constant pool entry 1	50000408
CLS 50000098 (name=java.io.File[], trace=300000)
	super		50000021
CLS 50000099 (name=java.security.Guard, trace=300000)
CLS 5000009b (name=sun.reflect.NativeConstructorAccessorImpl, trace=300000)
	super		50000042
	constant pool entry 40	500000e9
	constant pool entry 39	5000009b
	constant pool entry 36	50000042
CLS 5000009c (name=java.net.Parts, trace=300000)
	super		50000021
	constant pool entry 27	5000009c
	constant pool entry 26	500000d6
	constant pool entry 25	50000021
CLS 5000009e (name=java.lang.reflect.AnnotatedElement, trace=300000)
CLS 5000009f (name=java.lang.reflect.AnnotatedElement[], trace=300000)
	super		50000021
CLS 500000a0 (name=java.lang.Class$3, trace=300000)
	super		50000021
	constant pool entry 33	50000087
	constant pool entry 31	50000021
	constant pool entry 29	50000070
	constant pool entry 1	50000c3d
CLS 500000a1 (name=sun.misc.JavaLangAccess, trace=300000)
CLS 500000a2 (name=java.io.Serializable, trace=300000)
CLS 500000a3 (name=java.io.Serializable[], trace=300000)
	super		50000021
CLS 500000a5 (name=sun.misc.JavaNetAccess, trace=300000)
CLS 500000a6 (name=java.lang.Byte, trace=300000)
	super		50000089
	static TYPE	500003c4
	constant pool entry 90	50000070
	constant pool entry 88	500000a6
	constant pool entry 9	50000587
CLS 500000a7 (name=java.util.concurrent.ConcurrentHashMap$Segment, trace=300000)
	super		5000007a
	constant pool entry 121	50000030
	constant pool entry 57	5000007a
	constant pool entry 56	500000a7
	constant pool entry 55	50000133
	constant pool entry 53	50000021
CLS 500000a8 (name=java.util.concurrent.ConcurrentHashMap$Segment[], trace=300000)
	super		50000021
CLS 500000a9 (name=java.util.Collections$ReverseComparator, trace=300000)
	super		50000021
	constant pool entry 29	500000a9
	constant pool entry 26	50000021
CLS 500000aa (name=java.io.ObjectStreamClass, trace=300000)
	super		50000021
	static NO_FIELDS	5000057c
	static serialPersistentFields	5000057c
	static reflFactory	500003f0
	constant pool entry 942	50000030
	constant pool entry 445	50000113
	constant pool entry 444	500000e9
	constant pool entry 435	500000f8
	constant pool entry 421	50000023
	constant pool entry 420	500000d6
	constant pool entry 419	50000090
	constant pool entry 412	5000003f
	constant pool entry 410	50000044
	constant pool entry 407	50000047
	constant pool entry 403	50000057
	constant pool entry 401	50000070
	constant pool entry 400	500000e6
	constant pool entry 399	500000a6
	constant pool entry 398	500000fd
	constant pool entry 396	500000ea
	constant pool entry 382	500000aa
CLS 500000ab (name=java.util.Collections$EmptySet, trace=300000)
	super		50000075
	constant pool entry 30	500000ab
	constant pool entry 27	50000075
CLS 500000ac (name=java.io.ExpiringCache$Entry, trace=300000)
	super		50000021
	constant pool entry 23	50000021
	constant pool entry 22	500000ac
CLS 500000ad (name=java.lang.ClassLoader$3, trace=300000)
	super		50000021
	constant pool entry 25	50000021
	constant pool entry 24	500000ad
	constant pool entry 22	500000fd
	constant pool entry 21	50000097
CLS 500000ae (name=java.lang.Math, trace=300000)
	super		50000021
	constant pool entry 93	500000ae
	constant pool entry 92	50000047
	constant pool entry 91	50000057
CLS 500000af (name=java.lang.reflect.Type, trace=300000)
CLS 500000b0 (name=java.lang.reflect.Type[], trace=300000)
	super		50000021
CLS 500000b1 (name=sun.misc.Signal, trace=300000)
	super		50000021
	static handlers	50000c2b
	static signals	50000c2a
	constant pool entry 78	5000002a
	constant pool entry 76	500000b1
	constant pool entry 75	50000043
	constant pool entry 74	50000060
	constant pool entry 70	50000021
	constant pool entry 69	50000044
CLS 500000b2 (name=sun.nio.cs.StreamEncoder, trace=300000)
	super		500000dc
	constant pool entry 118	500000b2
	constant pool entry 115	50000010
	constant pool entry 114	50000004
	constant pool entry 113	5000004f
	constant pool entry 112	5000002f
	constant pool entry 110	50000117
	constant pool entry 109	5000007f
	constant pool entry 106	50000070
	constant pool entry 104	500000dc
	constant pool entry 102	50000138
CLS 500000b3 (name=java.lang.ref.WeakReference, trace=300000)
	super		50000121
	constant pool entry 9	50000121
CLS 500000b4 (name=sun.misc.JavaNioAccess, trace=300000)
CLS 500000b5 (name=java.util.concurrent.ConcurrentMap, trace=300000)
CLS 50000116 (name=sun.nio.cs.SingleByteDecoder, trace=300000)
	super		50000040
	constant pool entry 50	50000116
	constant pool entry 49	50000004
	constant pool entry 48	50000040
	constant pool entry 47	50000117
	constant pool entry 46	5000007f
	constant pool entry 45	500000d6
	constant pool entry 44	50000070
CLS 500000b6 (name=sun.nio.cs.MS1252$Decoder, trace=300000)
	super		50000116
	static byteToCharTable	50000a39
	constant pool entry 16	50000116
	constant pool entry 1	50000a39
CLS 50000117 (name=java.nio.CharBuffer, trace=300000)
	super		500000c2
	constant pool entry 91	500000b7
	constant pool entry 90	50000117
	constant pool entry 87	500000c2
CLS 500000b7 (name=java.nio.HeapCharBuffer, trace=300000)
	super		50000117
	constant pool entry 131	50000030
	constant pool entry 64	50000117
CLS 500000b8 (name=java.util.ArrayList, trace=300000)
	super		5000009d
	constant pool entry 187	50000030
	constant pool entry 100	50000066
	constant pool entry 99	500000b8
	constant pool entry 98	5000009d
	constant pool entry 95	50000021
	constant pool entry 84	50000022
CLS 500000b9 (name=java.lang.SystemClassLoaderAction, trace=300000)
	super		50000021
	constant pool entry 61	50000030
	constant pool entry 34	500000b9
	constant pool entry 33	50000087
	constant pool entry 32	50000021
	constant pool entry 30	500000f2
	constant pool entry 29	50000070
	constant pool entry 1	50000aee
CLS 500000ba (name=java.io.FileInputStream, trace=300000)
	super		5000002c
	static runningFinalize	50000419
	constant pool entry 71	500000d8
	constant pool entry 70	50000087
	constant pool entry 68	50000021
	constant pool entry 65	5000002c
	constant pool entry 62	500000ba
	constant pool entry 61	50000084
	constant pool entry 60	50000097
CLS 500000bb (name=java.lang.Thread$UncaughtExceptionHandler, trace=300000)
CLS 500000bc (name=java.lang.Thread$UncaughtExceptionHandler[], trace=300000)
	super		50000021
CLS 500000bd (name=sun.nio.cs.Surrogate$Parser, trace=300000)
	super		50000021
	constant pool entry 45	500000bd
	constant pool entry 44	500000c4
	constant pool entry 43	50000004
	constant pool entry 41	50000021
	constant pool entry 40	50000070
CLS 500000be (name=sun.misc.Launcher, trace=300000)
	super		50000021
	static factory	50000a57
	static launcher	50000a56
	constant pool entry 255	50000030
	constant pool entry 134	500000cb
	constant pool entry 132	50000110
	constant pool entry 131	50000137
	constant pool entry 130	500000fe
	constant pool entry 127	500000be
	constant pool entry 123	500000d2
	constant pool entry 121	5000003d
	constant pool entry 120	50000087
	constant pool entry 118	500000d6
	constant pool entry 116	50000021
	constant pool entry 107	50000097
	constant pool entry 7	500005cb
CLS 500000bf (name=java.lang.NoSuchMethodError, trace=300000)
	super		5000004c
	constant pool entry 9	5000004c
CLS 500000c1 (name=sun.security.util.Debug, trace=300000)
	super		50000021
	static hexDigits	500005da
	constant pool entry 165	500000c1
	constant pool entry 164	5000001a
	constant pool entry 161	500000f8
	constant pool entry 156	500000d6
	constant pool entry 38	500005d9
	constant pool entry 37	500005d8
	constant pool entry 16	500005d7
CLS 500000c3 (name=java.util.Locale, trace=300000)
	super		50000021
	static cache	500004a7
	static ENGLISH	500004a6
	static FRENCH	500004a5
	static GERMAN	500004a4
	static ITALIAN	500004a3
	static JAPANESE	500004a2
	static KOREAN	500004a1
	static CHINESE	500004a0
	static SIMPLIFIED_CHINESE	5000049a
	static TRADITIONAL_CHINESE	50000499
	static FRANCE	5000049f
	static GERMANY	5000049e
	static ITALY	5000049d
	static JAPAN	5000049c
	static KOREA	5000049b
	static CHINA	5000049a
	static PRC	5000049a
	static TAIWAN	50000499
	static UK	50000498
	static US	50000494
	static CANADA	50000497
	static CANADA_FRENCH	50000496
	static ROOT	50000495
	static defaultLocale	50000494
	constant pool entry 302	5000001a
	constant pool entry 300	50000083
	constant pool entry 295	500000c3
	constant pool entry 293	500000f8
	constant pool entry 291	50000023
	constant pool entry 289	500000d6
	constant pool entry 287	50000021
	constant pool entry 62	50000493
	constant pool entry 61	50000492
	constant pool entry 60	50000491
	constant pool entry 59	50000490
	constant pool entry 56	5000048f
	constant pool entry 55	5000048e
	constant pool entry 54	5000048d
	constant pool entry 53	5000048c
	constant pool entry 52	5000048b
	constant pool entry 51	5000048a
	constant pool entry 50	50000489
	constant pool entry 48	50000488
	constant pool entry 47	50000487
	constant pool entry 46	50000486
	constant pool entry 44	50000485
	constant pool entry 43	50000484
	constant pool entry 42	50000483
	constant pool entry 38	50000482
	constant pool entry 37	50000481
	constant pool entry 36	50000480
	constant pool entry 35	5000047f
	constant pool entry 34	5000047e
	constant pool entry 33	5000047d
	constant pool entry 32	5000047c
	constant pool entry 31	5000047b
	constant pool entry 30	5000047a
	constant pool entry 29	50000479
	constant pool entry 28	50000478
	constant pool entry 27	50000477
	constant pool entry 25	50000476
	constant pool entry 23	50000475
	constant pool entry 22	50000474
	constant pool entry 17	50000473
	constant pool entry 16	50000472
	constant pool entry 15	50000471
	constant pool entry 14	50000470
	constant pool entry 12	5000046f
	constant pool entry 10	5000046e
	constant pool entry 6	5000046d
	constant pool entry 5	5000046c
	constant pool entry 1	50000408
CLS 500000c4 (name=sun.nio.cs.Surrogate, trace=300000)
	super		50000021
	constant pool entry 48	500000c4
	constant pool entry 46	50000070
CLS 500000c6 (name=java.util.Hashtable$Entry, trace=300000)
	super		50000021
	constant pool entry 45	500000c6
	constant pool entry 42	50000021
CLS 500000c7 (name=java.util.Hashtable$Entry[], trace=300000)
	super		50000021
CLS 500000c8 (name=sun.reflect.LangReflectAccess, trace=300000)
CLS 500000c9 (name=sun.nio.cs.FastCharsetProvider, trace=300000)
	super		50000012
	constant pool entry 131	50000030
	constant pool entry 64	500000c9
	constant pool entry 63	50000086
	constant pool entry 62	50000012
	constant pool entry 61	5000002f
	constant pool entry 60	50000023
	constant pool entry 59	500000d6
	constant pool entry 58	50000021
	constant pool entry 54	50000070
	constant pool entry 2	50000691
	constant pool entry 1	5000058d
CLS 500000ca (name=java.lang.String$CaseInsensitiveComparator, trace=300000)
	super		50000021
	constant pool entry 33	500000ca
	constant pool entry 31	500000d6
	constant pool entry 30	50000021
CLS 500000cb (name=sun.net.www.ParseUtil, trace=300000)
	super		50000021
	static encodedInPath	50000574
	static hexDigits	50000573
	constant pool entry 446	50000030
	constant pool entry 222	500000cb
	constant pool entry 221	5000012a
	constant pool entry 216	500000d2
	constant pool entry 211	50000023
	constant pool entry 209	500000d6
	constant pool entry 206	500000ae
	constant pool entry 205	50000044
	constant pool entry 203	50000070
	constant pool entry 202	500000e6
	constant pool entry 200	50000097
	constant pool entry 24	5000055a
	constant pool entry 19	50000572
	constant pool entry 18	50000571
	constant pool entry 17	50000570
	constant pool entry 16	5000056f
	constant pool entry 7	5000056e
	constant pool entry 6	5000056d
	constant pool entry 5	5000056c
	constant pool entry 4	5000056b
	constant pool entry 3	5000056a
	constant pool entry 2	50000408
CLS 500000cc (name=java.lang.reflect.Field, trace=300000)
	super		5000006e
	constant pool entry 135	500000cc
	constant pool entry 134	5000006e
CLS 500000cd (name=java.lang.reflect.Field[], trace=300000)
	super		50000021
CLS 500000ce (name=java.net.URLClassLoader, trace=300000)
	super		50000073
	static defineClassNoVerifyMethod	50000a9a
	constant pool entry 429	50000030
	constant pool entry 207	50000032
	constant pool entry 206	5000011c
	constant pool entry 205	5000020d
	constant pool entry 201	50000073
	constant pool entry 200	500001d4
	constant pool entry 199	500000d0
	constant pool entry 198	5000005e
	constant pool entry 197	500000d1
	constant pool entry 196	500000f8
	constant pool entry 195	5000007f
	constant pool entry 194	50000248
	constant pool entry 193	5000010a
	constant pool entry 187	50000168
	constant pool entry 186	500000ce
	constant pool entry 185	500000d2
	constant pool entry 182	500000e2
	constant pool entry 180	50000087
	constant pool entry 179	50000023
	constant pool entry 178	500000d6
	constant pool entry 168	5000006c
	constant pool entry 167	50000070
	constant pool entry 165	5000025f
	constant pool entry 164	50000097
	constant pool entry 9	50000560
	constant pool entry 7	50000a99
	constant pool entry 2	5000056b
CLS 500000cf (name=java.security.AccessControlContext, trace=300000)
	super		50000021
	constant pool entry 128	5000011c
	constant pool entry 121	500000f8
	constant pool entry 118	5000004d
	constant pool entry 117	500000cf
	constant pool entry 111	50000021
CLS 500000d0 (name=java.security.PermissionCollection, trace=300000)
	super		50000021
	constant pool entry 42	500000d0
	constant pool entry 40	50000021
CLS 500000d1 (name=java.security.CodeSource, trace=300000)
	super		50000021
	constant pool entry 147	500000d1
	constant pool entry 145	500000d2
	constant pool entry 140	50000021
CLS 500000d2 (name=java.net.URL, trace=300000)
	super		50000021
	static protocolPathProp	5000058f
	static handlers	50000594
	static streamHandlerLock	50000593
	constant pool entry 217	5000001a
	constant pool entry 215	50000018
	constant pool entry 214	50000060
	constant pool entry 213	500000f8
	constant pool entry 211	5000009a
	constant pool entry 209	500000d2
	constant pool entry 204	5000009c
	constant pool entry 200	50000087
	constant pool entry 199	50000023
	constant pool entry 198	500000d6
	constant pool entry 196	50000021
	constant pool entry 190	50000070
	constant pool entry 17	50000592
	constant pool entry 16	50000591
	constant pool entry 14	50000590
	constant pool entry 11	5000058f
	constant pool entry 4	5000056e
	constant pool entry 3	5000058e
	constant pool entry 2	5000058d
	constant pool entry 1	50000408
CLS 500000d3 (name=java.net.URL[], trace=300000)
	super		50000021
CLS 500000d4 (name=java.lang.CharSequence, trace=300000)
CLS 500000d5 (name=java.lang.CharSequence[], trace=300000)
	super		50000021
CLS 500000d6 (name=java.lang.String, trace=300000)
	super		50000021
	static serialPersistentFields	500003e0
	static CASE_INSENSITIVE_ORDER	500003df
	constant pool entry 450	50000030
	constant pool entry 212	500000c3
	constant pool entry 210	50000095
	constant pool entry 209	50000066
	constant pool entry 208	50000087
	constant pool entry 207	5000004e
	constant pool entry 205	50000157
	constant pool entry 202	500000ca
	constant pool entry 200	500000d6
	constant pool entry 199	50000021
	constant pool entry 188	500000e6
	constant pool entry 183	500000ea
	constant pool entry 11	500003de
	constant pool entry 9	500003dd
	constant pool entry 5	500003dc
CLS 500000d7 (name=java.lang.String[], trace=300000)
	super		50000021
CLS 500000d9 (name=sun.misc.AtomicLongCSImpl, trace=300000)
	super		5000007d
CLS 500000db (name=java.util.HashMap$Entry[], trace=300000)
	super		50000021
CLS 500000dd (name=java.io.ExpiringCache$1, trace=300000)
	super		50000020
	constant pool entry 22	50000020
	constant pool entry 21	500000dd
	constant pool entry 20	50000037
CLS 500000de (name=java.lang.Package, trace=300000)
	super		50000021
CLS 500000df (name=java.lang.Package[], trace=300000)
	super		50000021
CLS 500000e0 (name=sun.misc.OSEnvironment, trace=300000)
	super		50000021
	constant pool entry 11	50000079
CLS 500000e1 (name=java.nio.ByteOrder, trace=300000)
	super		50000021
	static BIG_ENDIAN	50000a35
	static LITTLE_ENDIAN	50000a34
	constant pool entry 23	500000e1
	constant pool entry 21	50000021
	constant pool entry 2	50000a33
	constant pool entry 1	50000a32
CLS 500000e2 (name=java.lang.reflect.Method, trace=300000)
	super		5000006e
	constant pool entry 169	500000e2
	constant pool entry 164	5000006e
	constant pool entry 150	50000071
CLS 500000e3 (name=java.lang.reflect.Method[], trace=300000)
	super		50000021
CLS 500000e4 (name=sun.misc.MetaIndex, trace=300000)
	super		50000021
	static jarMap	500005fe
	constant pool entry 149	50000030
	constant pool entry 76	500000e4
	constant pool entry 75	50000086
	constant pool entry 74	500000e8
	constant pool entry 73	50000052
	constant pool entry 72	500000b8
	constant pool entry 71	500000d6
	constant pool entry 70	50000021
	constant pool entry 68	50000070
	constant pool entry 65	5000005b
	constant pool entry 64	50000097
	constant pool entry 63	50000120
	constant pool entry 62	500000d7
	constant pool entry 3	500005fd
	constant pool entry 1	500005fc
CLS 500000e5 (name=sun.misc.Launcher$AppClassLoader$1, trace=300000)
	super		50000021
	constant pool entry 28	500000e5
	constant pool entry 27	500000fe
	constant pool entry 26	500000be
	constant pool entry 23	50000021
CLS 500000e6 (name=java.lang.Character, trace=300000)
	super		50000021
	static TYPE	500003c6
	constant pool entry 255	50000070
	constant pool entry 252	50000026
	constant pool entry 244	500000e6
	constant pool entry 8	50000581
CLS 500000e7 (name=java.io.BufferedOutputStream, trace=300000)
	super		50000085
	constant pool entry 59	50000030
	constant pool entry 32	50000087
	constant pool entry 30	50000138
	constant pool entry 28	50000085
	constant pool entry 27	500000e7
CLS 500000e8 (name=java.util.List, trace=300000)
CLS 500000e9 (name=sun.reflect.ReflectionFactory, trace=300000)
	super		50000021
	static reflectionFactoryAccessPerm	500003f4
	static soleInstance	500003f0
	static langReflectAccess	500003f3
	constant pool entry 109	50000036
	constant pool entry 108	500000e9
	constant pool entry 107	50000039
	constant pool entry 105	5000009b
	constant pool entry 103	500000c8
	constant pool entry 100	50000077
	constant pool entry 99	50000042
	constant pool entry 97	500000f8
	constant pool entry 96	50000019
	constant pool entry 94	50000050
	constant pool entry 93	50000087
	constant pool entry 91	50000126
	constant pool entry 90	50000021
	constant pool entry 89	50000070
	constant pool entry 2	500003f2
CLS 500000ea (name=java.io.ObjectStreamField, trace=300000)
	super		50000021
	constant pool entry 77	500000d6
	constant pool entry 75	50000021
	constant pool entry 63	500000ea
	constant pool entry 62	500000aa
CLS 500000eb (name=java.io.ObjectStreamField[], trace=300000)
	super		50000021
CLS 500000ec (name=java.lang.reflect.GenericDeclaration, trace=300000)
CLS 500000ed (name=java.lang.reflect.GenericDeclaration[], trace=300000)
	super		50000021
CLS 500000ee (name=java.util.concurrent.atomic.AtomicReferenceFieldUpdater$AtomicReferenceFieldUpdaterImpl, trace=300000)
	super		50000015
	static unsafe	500003fe
	constant pool entry 90	50000109
	constant pool entry 89	50000039
	constant pool entry 88	50000069
	constant pool entry 87	500000ee
	constant pool entry 86	50000015
	constant pool entry 85	50000019
	constant pool entry 84	500000cc
	constant pool entry 81	50000021
	constant pool entry 76	50000070
CLS 500000ef (name=java.nio.Bits, trace=300000)
	super		50000021
	static unsafe	500003fe
	static byteOrder	50000a34
	constant pool entry 241	500000f4
	constant pool entry 240	50000069
	constant pool entry 239	5000011c
	constant pool entry 237	500000e1
	constant pool entry 235	50000096
	constant pool entry 234	500000ef
	constant pool entry 224	50000070
CLS 500000f1 (name=java.security.ProtectionDomain, trace=300000)
	super		50000021
	constant pool entry 249	50000030
	constant pool entry 122	500000c1
	constant pool entry 121	5000011c
	constant pool entry 117	500002ca
	constant pool entry 116	500002c7
	constant pool entry 114	500000f1
	constant pool entry 113	500002cc
	constant pool entry 111	50000219
	constant pool entry 110	500000d0
	constant pool entry 102	50000021
	constant pool entry 10	50000aa6
CLS 500000f3 (name=java.io.WinNTFileSystem, trace=300000)
	super		50000008
	constant pool entry 37	500000f3
	constant pool entry 36	50000008
CLS 500000f4 (name=sun.misc.VM, trace=300000)
	super		50000021
	constant pool entry 132	500000f4
	constant pool entry 131	500000e0
	constant pool entry 130	50000106
	constant pool entry 124	50000087
	constant pool entry 122	500000d6
	constant pool entry 121	5000012e
	constant pool entry 6	50000526
	constant pool entry 5	50000525
	constant pool entry 1	50000524
CLS 500000f5 (name=java.io.FileOutputStream, trace=300000)
	super		50000138
	static runningFinalize	50000b0e
	constant pool entry 74	500000d8
	constant pool entry 73	50000087
	constant pool entry 71	50000021
	constant pool entry 68	50000138
	constant pool entry 66	500000f5
	constant pool entry 64	50000084
CLS 500000f7 (name=sun.misc.JavaIOFileAccess, trace=300000)
CLS 500000f8 (name=java.security.AccessController, trace=300000)
	super		50000021
	constant pool entry 67	500000f8
	constant pool entry 65	500000cf
CLS 500000f9 (name=java.util.Collections$SynchronizedMap, trace=300000)
	super		50000021
	constant pool entry 60	50000086
	constant pool entry 58	500000f9
	constant pool entry 55	50000021
CLS 500000fa (name=java.lang.ClassFormatError, trace=300000)
	super		5000011a
CLS 500000fb (name=java.io.Flushable, trace=300000)
CLS 500000fc (name=java.io.File$1, trace=300000)
	super		50000021
	constant pool entry 19	50000021
CLS 500000fd (name=java.lang.Boolean, trace=300000)
	super		50000021
	static TRUE	5000058b
	static FALSE	5000058a
	static TYPE	500003c5
	constant pool entry 61	50000021
	constant pool entry 57	50000070
	constant pool entry 56	500000fd
	constant pool entry 1	50000589
CLS 500000fe (name=sun.misc.Launcher$AppClassLoader, trace=300000)
	super		500000ce
	constant pool entry 87	500000e5
	constant pool entry 86	500000fe
	constant pool entry 85	500000be
	constant pool entry 84	50000129
	constant pool entry 82	500000d0
	constant pool entry 80	500000f8
	constant pool entry 78	500000ce
	constant pool entry 75	50000087
	constant pool entry 74	500000d6
	constant pool entry 72	50000126
	constant pool entry 70	50000070
	constant pool entry 2	50000a58
	constant pool entry 1	500003e6
CLS 50000100 (name=java.util.concurrent.locks.Lock, trace=300000)
CLS 50000101 (name=java.util.concurrent.locks.Lock[], trace=300000)
	super		50000021
CLS 50000102 (name=java.security.PrivilegedAction, trace=300000)
CLS 50000103 (name=sun.nio.cs.StreamDecoder, trace=300000)
	super		50000131
	constant pool entry 131	50000103
	constant pool entry 128	50000010
	constant pool entry 127	50000004
	constant pool entry 126	50000040
	constant pool entry 125	5000002f
	constant pool entry 122	50000117
	constant pool entry 121	5000007f
	constant pool entry 117	50000070
	constant pool entry 114	50000131
	constant pool entry 113	5000002c
CLS 50000105 (name=java.lang.Throwable[], trace=300000)
	super		50000021
CLS 50000106 (name=java.util.Properties, trace=300000)
	super		50000060
	static hexDigit	50000529
	constant pool entry 250	50000030
	constant pool entry 115	50000106
	constant pool entry 113	50000060
	constant pool entry 108	500000d6
CLS 50000107 (name=java.lang.ref.Reference$Lock, trace=300000)
	super		50000021
	constant pool entry 14	50000107
	constant pool entry 11	50000021
CLS 50000108 (name=java.util.concurrent.locks.ReentrantLock$NonfairSync, trace=300000)
	super		50000017
	constant pool entry 29	50000017
	constant pool entry 28	50000108
	constant pool entry 26	5000003d
CLS 50000109 (name=sun.reflect.misc.ReflectUtil, trace=300000)
	super		50000021
	constant pool entry 56	50000109
	constant pool entry 55	50000039
	constant pool entry 54	50000019
	constant pool entry 53	50000087
	constant pool entry 45	50000070
CLS 5000010a (name=java.net.URLClassLoader$7, trace=300000)
	super		50000021
	constant pool entry 15	50000021
CLS 5000010b (name=java.util.RandomAccess, trace=300000)
CLS 5000010c (name=java.lang.IllegalArgumentException, trace=300000)
	super		50000082
CLS 5000010d (name=java.lang.reflect.Member, trace=300000)
CLS 5000010e (name=java.lang.reflect.Member[], trace=300000)
	super		50000021
CLS 5000010f (name=sun.nio.cs.StandardCharsets, trace=300000)
	super		500000c9
	static aliases_US_ASCII	500009ec
	static aliases_UTF_8	500009eb
	static aliases_UTF_16	500009ea
	static aliases_UTF_16BE	500009e9
	static aliases_UTF_16LE	500009e8
	static aliases_UTF_16LE_BOM	500009e7
	static aliases_UTF_32	500009e6
	static aliases_UTF_32LE	500009e5
	static aliases_UTF_32BE	500009e4
	static aliases_UTF_32LE_BOM	500009e3
	static aliases_UTF_32BE_BOM	500009e2
	static aliases_ISO_8859_1	500009e1
	static aliases_ISO_8859_2	500009e0
	static aliases_ISO_8859_4	500009df
	static aliases_ISO_8859_5	500009de
	static aliases_ISO_8859_7	500009dd
	static aliases_ISO_8859_9	500009dc
	static aliases_ISO_8859_13	500009db
	static aliases_ISO_8859_15	500009da
	static aliases_KOI8_R	500009d9
	static aliases_KOI8_U	500009d8
	static aliases_MS1250	500009d7
	static aliases_MS1251	500009d6
	static aliases_MS1252	50000987
	static aliases_MS1253	500009d5
	static aliases_MS1254	500009d4
	static aliases_MS1257	500009d3
	static aliases_IBM437	500009d2
	static aliases_IBM737	500009d1
	static aliases_IBM775	500009d0
	static aliases_IBM850	500009cf
	static aliases_IBM852	500009ce
	static aliases_IBM855	500009cd
	static aliases_IBM857	500009cc
	static aliases_IBM858	500009cb
	static aliases_IBM862	500009ca
	static aliases_IBM866	500009c9
	static aliases_IBM874	500009c8
	constant pool entry 568	50000030
	constant pool entry 478	5000001b
	constant pool entry 477	50000132
	constant pool entry 476	5000012d
	constant pool entry 474	5000010f
	constant pool entry 473	500000c9
	constant pool entry 472	500000d6
	constant pool entry 209	500007e2
	constant pool entry 208	5000085e
	constant pool entry 207	50000822
	constant pool entry 206	5000092f
	constant pool entry 205	50000812
	constant pool entry 204	500007f1
	constant pool entry 203	50000641
	constant pool entry 202	5000087e
	constant pool entry 201	50000880
	constant pool entry 200	50000882
	constant pool entry 199	50000884
	constant pool entry 198	500008b6
	constant pool entry 197	500008ba
	constant pool entry 196	500008c3
	constant pool entry 195	500008c7
	constant pool entry 194	50000927
	constant pool entry 193	50000929
	constant pool entry 192	500008a6
	constant pool entry 191	500008d9
	constant pool entry 190	500007dc
	constant pool entry 189	500008e1
	constant pool entry 188	500008e3
	constant pool entry 187	500008e5
	constant pool entry 186	500008e7
	constant pool entry 185	500008e9
	constant pool entry 184	50000831
	constant pool entry 183	50000802
	constant pool entry 182	50000806
	constant pool entry 181	50000906
	constant pool entry 180	5000085a
	constant pool entry 179	5000085c
	constant pool entry 178	50000872
	constant pool entry 177	5000087c
	constant pool entry 176	5000088a
	constant pool entry 175	5000088c
	constant pool entry 174	500008cb
	constant pool entry 173	500008db
	constant pool entry 172	500008dd
	constant pool entry 171	500008df
	constant pool entry 170	50000854
	constant pool entry 169	500006f2
	constant pool entry 168	50000700
	constant pool entry 167	50000674
	constant pool entry 166	5000067f
	constant pool entry 165	50000696
	constant pool entry 164	5000069f
	constant pool entry 163	5000089c
	constant pool entry 162	50000699
	constant pool entry 161	50000870
	constant pool entry 160	50000682
	constant pool entry 159	500008a0
	constant pool entry 158	500008c9
	constant pool entry 157	500008cd
	constant pool entry 156	500008d0
	constant pool entry 155	50000850
	constant pool entry 154	50000856
	constant pool entry 153	50000858
	constant pool entry 152	50000866
	constant pool entry 151	50000868
	constant pool entry 150	5000086a
	constant pool entry 149	5000086c
	constant pool entry 148	50000892
	constant pool entry 147	50000828
	constant pool entry 146	50000864
	constant pool entry 145	5000081a
	constant pool entry 144	500008d2
	constant pool entry 143	50000810
	constant pool entry 142	5000084c
	constant pool entry 141	500008bd
	constant pool entry 140	500007e4
	constant pool entry 139	50000914
	constant pool entry 138	500007fc
	constant pool entry 137	500007c8
	constant pool entry 136	50000808
	constant pool entry 135	500009c7
	constant pool entry 134	500009c6
	constant pool entry 133	500009c5
	constant pool entry 132	500009c4
	constant pool entry 131	500009c3
	constant pool entry 130	500009c2
	constant pool entry 129	500009c1
	constant pool entry 128	500009c0
	constant pool entry 127	500009bf
	constant pool entry 126	500009be
	constant pool entry 125	500009bd
	constant pool entry 124	500009bc
	constant pool entry 123	500009bb
	constant pool entry 122	5000091d
	constant pool entry 121	5000091f
	constant pool entry 120	50000921
	constant pool entry 119	50000923
	constant pool entry 118	50000925
	constant pool entry 117	5000088e
	constant pool entry 116	50000898
	constant pool entry 115	5000089a
	constant pool entry 114	500008aa
	constant pool entry 113	500008af
	constant pool entry 112	500008b4
	constant pool entry 111	500008b8
	constant pool entry 110	500008bf
	constant pool entry 109	5000090f
	constant pool entry 108	50000912
	constant pool entry 107	50000874
	constant pool entry 106	500008ac
	constant pool entry 105	500007ce
	constant pool entry 104	500007d0
	constant pool entry 103	500007d4
	constant pool entry 102	500007d6
	constant pool entry 101	500007d8
	constant pool entry 100	500007da
	constant pool entry 99	50000860
	constant pool entry 98	5000081e
	constant pool entry 97	50000837
	constant pool entry 96	5000083a
	constant pool entry 95	5000083c
	constant pool entry 94	5000083e
	constant pool entry 93	50000840
	constant pool entry 92	50000842
	constant pool entry 91	50000826
	constant pool entry 90	500007fe
	constant pool entry 89	5000080e
	constant pool entry 88	50000916
	constant pool entry 87	500009ba
	constant pool entry 86	500009b9
	constant pool entry 85	500009b8
	constant pool entry 84	500009b7
	constant pool entry 83	500009b6
	constant pool entry 82	500009b5
	constant pool entry 81	500009b4
	constant pool entry 80	500009b3
	constant pool entry 79	50000678
	constant pool entry 78	5000065e
	constant pool entry 77	5000066a
	constant pool entry 76	500006e2
	constant pool entry 75	500006f6
	constant pool entry 74	500006f9
	constant pool entry 73	500006cb
	constant pool entry 72	500006d6
	constant pool entry 71	500009b2
	constant pool entry 70	500009b1
	constant pool entry 69	500009b0
	constant pool entry 68	500009af
	constant pool entry 67	500009ae
	constant pool entry 66	500009ad
	constant pool entry 65	500009ac
	constant pool entry 64	500006c5
	constant pool entry 63	500009ab
	constant pool entry 62	500009aa
	constant pool entry 61	500009a9
	constant pool entry 60	500009a8
	constant pool entry 59	500009a7
	constant pool entry 58	500009a6
	constant pool entry 57	500009a5
	constant pool entry 56	500009a4
	constant pool entry 55	500009a3
	constant pool entry 54	500009a2
	constant pool entry 53	500009a1
	constant pool entry 52	500009a0
	constant pool entry 51	5000099f
	constant pool entry 50	5000099e
	constant pool entry 49	5000099d
	constant pool entry 48	5000099c
	constant pool entry 47	5000099b
	constant pool entry 46	5000099a
	constant pool entry 45	50000999
	constant pool entry 44	50000998
	constant pool entry 43	50000997
	constant pool entry 42	50000996
	constant pool entry 41	50000995
	constant pool entry 40	50000994
	constant pool entry 39	50000993
	constant pool entry 38	50000992
	constant pool entry 37	50000991
	constant pool entry 36	50000990
	constant pool entry 35	5000098f
	constant pool entry 34	5000098e
	constant pool entry 33	5000098d
	constant pool entry 32	5000098c
	constant pool entry 31	5000098b
	constant pool entry 30	5000098a
	constant pool entry 29	50000989
	constant pool entry 28	50000988
	constant pool entry 27	50000947
	constant pool entry 26	50000949
	constant pool entry 25	5000094b
	constant pool entry 24	5000094d
	constant pool entry 23	5000094f
	constant pool entry 22	50000935
	constant pool entry 21	50000937
	constant pool entry 20	5000093b
	constant pool entry 19	5000093e
	constant pool entry 18	50000940
	constant pool entry 17	50000820
	constant pool entry 16	50000824
	constant pool entry 15	50000944
	constant pool entry 14	500008ef
	constant pool entry 13	500008f9
	constant pool entry 12	500008fb
	constant pool entry 11	500008ff
	constant pool entry 10	50000904
	constant pool entry 9	50000909
	constant pool entry 8	5000090b
	constant pool entry 7	5000090d
	constant pool entry 6	50000931
	constant pool entry 5	50000939
	constant pool entry 4	500008a4
	constant pool entry 3	50000901
	constant pool entry 2	500008d4
	constant pool entry 1	50000888
CLS 50000110 (name=sun.misc.Launcher$Factory, trace=300000)
	super		50000021
	static PREFIX	50000590
	constant pool entry 53	50000110
	constant pool entry 49	5000009a
	constant pool entry 48	50000023
	constant pool entry 47	50000021
	constant pool entry 42	50000070
	constant pool entry 4	50000590
	constant pool entry 2	5000058e
	constant pool entry 1	5000058d
CLS 50000111 (name=sun.misc.Version, trace=300000)
	super		50000021
	static java_version	50000a49
	static java_runtime_name	50000b52
	static java_embedded_runtime_name	50000c23
	static java_runtime_version	50000b8a
	constant pool entry 132	50000111
	constant pool entry 131	50000087
	constant pool entry 122	50000c23
	constant pool entry 13	50000a46
	constant pool entry 12	50000a69
	constant pool entry 11	50000b53
	constant pool entry 7	50000b52
	constant pool entry 6	50000b8a
	constant pool entry 5	50000a49
CLS 50000112 (name=java.lang.NullPointerException, trace=300000)
	super		50000082
CLS 50000113 (name=sun.reflect.ReflectionFactory$GetReflectionFactoryAction, trace=300000)
	super		50000021
	constant pool entry 15	500000e9
	constant pool entry 13	50000021
CLS 50000114 (name=sun.reflect.ConstantPool, trace=300000)
	super		50000021
CLS 50000115 (name=sun.nio.cs.HistoricallyNamedCharset, trace=300000)
CLS 50000118 (name=java.lang.Terminator, trace=300000)
	super		50000021
	static handler	50000c27
	constant pool entry 26	500000b1
	constant pool entry 25	5000008c
	constant pool entry 24	50000118
	constant pool entry 2	50000c26
	constant pool entry 1	50000c25
CLS 50000119 (name=java.io.BufferedWriter, trace=300000)
	super		500000dc
	constant pool entry 111	50000030
	constant pool entry 59	5000001a
	constant pool entry 58	500000f8
	constant pool entry 56	500000d6
	constant pool entry 53	500000dc
	constant pool entry 51	50000119
	constant pool entry 3	50000aae
CLS 5000011b (name=java.util.Collection, trace=300000)
CLS 5000011c (name=sun.misc.SharedSecrets, trace=300000)
	super		50000021
	static unsafe	500003fe
	static javaLangAccess	500003fd
	static javaNetAccess	500003fc
	static javaNioAccess	500003fb
	static javaSecurityProtectionDomainAccess	500002c8
	static javaSecurityAccess	500003fa
	static javaIOFileAccess	500003f9
	constant pool entry 56	50000069
	constant pool entry 55	5000011c
CLS 5000011d (name=sun.nio.cs.MS1252$Encoder, trace=300000)
	super		50000092
	static index2	50000a2e
	static index1	50000a2f
	constant pool entry 33	50000030
	constant pool entry 23	50000092
	constant pool entry 22	5000011d
	constant pool entry 2	50000a2e
CLS 5000011e (name=java.util.Enumeration, trace=300000)
CLS 5000011f (name=java.nio.HeapByteBuffer, trace=300000)
	super		5000007f
	constant pool entry 244	50000030
	constant pool entry 111	5000011f
	constant pool entry 98	5000007f
	constant pool entry 94	50000087
CLS 50000120 (name=java.io.BufferedReader, trace=300000)
	super		50000131
	constant pool entry 151	50000030
	constant pool entry 81	5000008d
	constant pool entry 80	500000d6
	constant pool entry 76	50000131
	constant pool entry 74	50000120
CLS 50000122 (name=java.io.IOException, trace=300000)
	super		5000006a
CLS 50000123 (name=java.lang.StackOverflowError, trace=300000)
	super		50000067
CLS 50000124 (name=java.io.Closeable, trace=300000)
CLS 50000125 (name=sun.jkernel.DownloadManager$2, trace=300000)
	super		50000021
	constant pool entry 72	50000129
	constant pool entry 70	50000087
	constant pool entry 68	500000d6
	constant pool entry 67	50000021
	constant pool entry 64	50000097
	constant pool entry 8	50000a6c
	constant pool entry 7	50000a78
	constant pool entry 6	50000a64
CLS 50000126 (name=java.lang.RuntimePermission, trace=300000)
	super		5000001d
	constant pool entry 15	5000001d
CLS 50000127 (name=java.lang.Comparable, trace=300000)
CLS 50000128 (name=java.lang.Comparable[], trace=300000)
	super		50000021
CLS 50000129 (name=sun.jkernel.DownloadManager, trace=300000)
	super		50000021
	static KERNEL_DOWNLOAD_URL_PROPERTY	50000a5c
	static KERNEL_DOWNLOAD_ENABLED_PROPERTY	50000a6c
	static KERNEL_DOWNLOAD_DIALOG_PROPERTY	50000a6b
	static KERNEL_DEBUG_PROPERTY	50000a6a
	static KERNEL_NOMERGE_PROPERTY	50000a5d
	static KERNEL_SIMULTANEOUS_DOWNLOADS_PROPERTY	50000a6d
	static RESOURCE_URL	50000a67
	static REQUESTED_BUNDLES_PATH	50000a79
	static MUTEX_PREFIX	50000a78
	static JAVA_HOME	50000a77
	static USER_HOME	50000a76
	static JAVA_VERSION	50000a49
	static DEFAULT_DOWNLOAD_URL	50000a75
	static CUSTOM_PREFIX	50000a5a
	static KERNEL_PATH_SUFFIX	50000a60
	static JAR_PATH_PROPERTY	50000a5b
	static SIZE_PROPERTY	50000a6f
	static DEPENDENCIES_PROPERTY	50000a63
	static INSTALL_PROPERTY	50000a66
	static downloading	50000a74
	static additionalBootStrapPaths	50000a73
	static CHECK_VALUES_FILE	50000a62
	static CHECK_VALUES_DIR	50000a70
	static CHECK_VALUES_PATH	50000a72
	constant pool entry 1287	50000030
	constant pool entry 684	50000125
	constant pool entry 683	5000006d
	constant pool entry 682	50000129
	constant pool entry 661	500000f8
	constant pool entry 657	50000087
	constant pool entry 656	50000023
	constant pool entry 655	500000d6
	constant pool entry 634	50000097
	constant pool entry 627	50000a71
	constant pool entry 624	50000a70
	constant pool entry 622	50000a6f
	constant pool entry 621	50000a6e
	constant pool entry 619	50000a6d
	constant pool entry 618	50000a6c
	constant pool entry 617	50000a6b
	constant pool entry 616	50000a6a
	constant pool entry 612	50000a46
	constant pool entry 611	50000a69
	constant pool entry 610	50000a68
	constant pool entry 608	50000a67
	constant pool entry 607	50000a66
	constant pool entry 606	50000a65
	constant pool entry 603	50000a64
	constant pool entry 600	50000a63
	constant pool entry 599	50000a62
	constant pool entry 574	50000a61
	constant pool entry 573	50000a60
	constant pool entry 67	50000a5f
	constant pool entry 58	50000a5e
	constant pool entry 55	50000a5d
	constant pool entry 54	50000a5c
	constant pool entry 50	50000a5b
	constant pool entry 43	50000a5a
	constant pool entry 40	50000a59
CLS 5000012a (name=java.util.BitSet, trace=300000)
	super		50000021
	static serialPersistentFields	50000577
	constant pool entry 262	50000030
	constant pool entry 150	5000012a
	constant pool entry 146	50000021
	constant pool entry 137	50000070
	constant pool entry 134	500000ea
	constant pool entry 128	50000141
	constant pool entry 4	50000576
CLS 5000012b (name=java.lang.reflect.ReflectPermission, trace=300000)
	super		5000001d
	constant pool entry 15	5000001d
CLS 5000012c (name=sun.reflect.MethodAccessor, trace=300000)
CLS 5000012d (name=sun.nio.cs.StandardCharsets$Aliases, trace=300000)
	super		50000080
	constant pool entry 514	50000030
	constant pool entry 503	50000080
	constant pool entry 502	5000012d
	constant pool entry 499	50000021
	constant pool entry 237	50000677
	constant pool entry 236	50000852
	constant pool entry 235	50000669
	constant pool entry 234	500008f7
	constant pool entry 233	5000066d
	constant pool entry 232	5000092d
	constant pool entry 231	500007f5
	constant pool entry 230	500006ab
	constant pool entry 229	500006a3
	constant pool entry 228	500007e2
	constant pool entry 227	500006ce
	constant pool entry 226	500006d2
	constant pool entry 225	500006db
	constant pool entry 224	500006de
	constant pool entry 223	500006e9
	constant pool entry 222	500006ec
	constant pool entry 221	5000091b
	constant pool entry 220	500007cc
	constant pool entry 219	5000082a
	constant pool entry 218	5000082e
	constant pool entry 217	500007c4
	constant pool entry 216	5000086e
	constant pool entry 215	50000919
	constant pool entry 214	500007ca
	constant pool entry 213	500007de
	constant pool entry 212	5000084a
	constant pool entry 211	5000085e
	constant pool entry 210	500006bb
	constant pool entry 209	500007c6
	constant pool entry 208	5000065d
	constant pool entry 207	50000876
	constant pool entry 206	500006e1
	constant pool entry 205	500006f5
	constant pool entry 204	500006f8
	constant pool entry 203	500006ca
	constant pool entry 202	500006d5
	constant pool entry 201	50000690
	constant pool entry 200	50000822
	constant pool entry 199	500008ed
	constant pool entry 198	50000955
	constant pool entry 197	50000862
	constant pool entry 196	500008f3
	constant pool entry 195	5000092f
	constant pool entry 194	50000812
	constant pool entry 193	500007f1
	constant pool entry 192	5000087a
	constant pool entry 191	5000087e
	constant pool entry 190	50000880
	constant pool entry 189	50000882
	constant pool entry 188	50000884
	constant pool entry 187	50000886
	constant pool entry 186	500008b1
	constant pool entry 185	500008b6
	constant pool entry 184	500008ba
	constant pool entry 183	500008c3
	constant pool entry 182	500008c7
	constant pool entry 181	50000927
	constant pool entry 180	50000929
	constant pool entry 179	50000661
	constant pool entry 178	50000665
	constant pool entry 177	500008a6
	constant pool entry 176	500008a8
	constant pool entry 175	500008a2
	constant pool entry 174	500007e6
	constant pool entry 173	50000951
	constant pool entry 172	500007ea
	constant pool entry 171	50000814
	constant pool entry 170	500007ed
	constant pool entry 169	5000084e
	constant pool entry 168	500007ef
	constant pool entry 167	500008f5
	constant pool entry 166	500007f3
	constant pool entry 165	50000933
	constant pool entry 164	500008d7
	constant pool entry 163	500008d9
	constant pool entry 162	500007f8
	constant pool entry 161	500007d2
	constant pool entry 160	500007dc
	constant pool entry 159	500008e1
	constant pool entry 158	500008e3
	constant pool entry 157	500008e5
	constant pool entry 156	500008e7
	constant pool entry 155	500008e9
	constant pool entry 154	500008f1
	constant pool entry 153	5000082c
	constant pool entry 152	50000831
	constant pool entry 151	500008eb
	constant pool entry 150	50000800
	constant pool entry 149	50000802
	constant pool entry 148	50000804
	constant pool entry 147	50000806
	constant pool entry 146	5000080a
	constant pool entry 145	50000816
	constant pool entry 144	50000818
	constant pool entry 143	5000080c
	constant pool entry 142	50000953
	constant pool entry 141	50000906
	constant pool entry 140	5000085a
	constant pool entry 139	5000085c
	constant pool entry 138	50000872
	constant pool entry 137	5000087c
	constant pool entry 136	5000088a
	constant pool entry 135	5000088c
	constant pool entry 134	500006a7
	constant pool entry 133	500006ae
	constant pool entry 132	500006b4
	constant pool entry 131	500006b8
	constant pool entry 130	500006c1
	constant pool entry 129	50000685
	constant pool entry 128	5000068d
	constant pool entry 127	500006c4
	constant pool entry 126	5000081c
	constant pool entry 125	500008c1
	constant pool entry 124	500008cb
	constant pool entry 123	500008db
	constant pool entry 122	500008dd
	constant pool entry 121	500008df
	constant pool entry 120	50000854
	constant pool entry 119	500006f2
	constant pool entry 118	50000700
	constant pool entry 117	50000674
	constant pool entry 116	5000067f
	constant pool entry 115	50000696
	constant pool entry 114	5000069f
	constant pool entry 113	50000896
	constant pool entry 112	5000089c
	constant pool entry 111	50000699
	constant pool entry 110	50000870
	constant pool entry 109	50000682
	constant pool entry 108	500007fa
	constant pool entry 107	50000671
	constant pool entry 106	5000089e
	constant pool entry 105	500008a0
	constant pool entry 104	500008c9
	constant pool entry 103	500008cd
	constant pool entry 102	500008d0
	constant pool entry 101	50000850
	constant pool entry 100	50000856
	constant pool entry 99	50000858
	constant pool entry 98	50000866
	constant pool entry 97	50000868
	constant pool entry 96	5000086a
	constant pool entry 95	5000086c
	constant pool entry 94	50000890
	constant pool entry 93	50000892
	constant pool entry 92	50000828
	constant pool entry 91	50000864
	constant pool entry 90	5000081a
	constant pool entry 89	500008d2
	constant pool entry 88	50000810
	constant pool entry 87	50000848
	constant pool entry 86	5000092b
	constant pool entry 85	5000084c
	constant pool entry 84	500008bd
	constant pool entry 83	500007e4
	constant pool entry 82	500007e8
	constant pool entry 81	50000914
	constant pool entry 80	500007fc
	constant pool entry 79	500007c8
	constant pool entry 78	50000808
	constant pool entry 77	50000846
	constant pool entry 76	50000942
	constant pool entry 75	50000957
	constant pool entry 74	50000959
	constant pool entry 73	5000095b
	constant pool entry 72	5000095d
	constant pool entry 71	5000095f
	constant pool entry 70	50000961
	constant pool entry 69	50000833
	constant pool entry 68	50000835
	constant pool entry 67	50000844
	constant pool entry 66	500008fd
	constant pool entry 65	5000091d
	constant pool entry 64	5000091f
	constant pool entry 63	50000921
	constant pool entry 62	50000923
	constant pool entry 61	50000925
	constant pool entry 60	5000088e
	constant pool entry 59	50000898
	constant pool entry 58	5000089a
	constant pool entry 57	500008aa
	constant pool entry 56	500008af
	constant pool entry 55	500008b4
	constant pool entry 54	500008b8
	constant pool entry 53	500008bf
	constant pool entry 52	5000090f
	constant pool entry 51	50000912
	constant pool entry 50	50000874
	constant pool entry 49	500008ac
	constant pool entry 48	500007ce
	constant pool entry 47	500007d0
	constant pool entry 46	500007d4
	constant pool entry 45	500007d6
	constant pool entry 44	500007d8
	constant pool entry 43	500007da
	constant pool entry 42	50000860
	constant pool entry 41	5000081e
	constant pool entry 40	50000837
	constant pool entry 39	5000083a
	constant pool entry 38	5000083c
	constant pool entry 37	5000083e
	constant pool entry 36	50000840
	constant pool entry 35	50000842
	constant pool entry 34	50000826
	constant pool entry 33	500007fe
	constant pool entry 32	5000080e
	constant pool entry 31	500007e0
	constant pool entry 30	50000878
	constant pool entry 29	50000894
	constant pool entry 28	50000916
	constant pool entry 27	50000947
	constant pool entry 26	50000949
	constant pool entry 25	5000094b
	constant pool entry 24	5000094d
	constant pool entry 23	5000094f
	constant pool entry 22	50000935
	constant pool entry 21	50000937
	constant pool entry 20	5000093b
	constant pool entry 19	5000093e
	constant pool entry 18	50000940
	constant pool entry 17	50000820
	constant pool entry 16	50000824
	constant pool entry 15	50000944
	constant pool entry 14	500008ef
	constant pool entry 13	500008f9
	constant pool entry 12	500008fb
	constant pool entry 11	500008ff
	constant pool entry 10	50000904
	constant pool entry 9	50000909
	constant pool entry 8	5000090b
	constant pool entry 7	5000090d
	constant pool entry 6	50000931
	constant pool entry 5	50000939
	constant pool entry 4	500008a4
	constant pool entry 3	50000901
	constant pool entry 2	500008d4
	constant pool entry 1	50000888
CLS 5000012e (name=java.lang.Runtime, trace=300000)
	super		50000021
	static currentRuntime	5000052c
	constant pool entry 102	50000087
	constant pool entry 100	500000d6
	constant pool entry 95	5000012e
	constant pool entry 93	50000021
	constant pool entry 91	500000f2
	constant pool entry 88	50000097
CLS 5000012f (name=java.lang.StackTraceElement, trace=300000)
	super		50000021
	constant pool entry 59	50000023
	constant pool entry 57	5000012f
	constant pool entry 6	5000059d
	constant pool entry 5	5000058d
	constant pool entry 4	50000ab2
	constant pool entry 2	50000ab1
	constant pool entry 1	50000ab0
CLS 50000130 (name=java.lang.StackTraceElement[], trace=300000)
	super		50000021
CLS 50000132 (name=sun.nio.cs.StandardCharsets$Cache, trace=300000)
	super		50000080
	constant pool entry 116	50000030
	constant pool entry 105	50000080
	constant pool entry 104	50000132
	constant pool entry 101	50000021
	constant pool entry 38	50000677
	constant pool entry 37	50000669
	constant pool entry 36	5000066d
	constant pool entry 35	500006ab
	constant pool entry 34	500006a3
	constant pool entry 33	500006ce
	constant pool entry 32	500006d2
	constant pool entry 31	500006db
	constant pool entry 30	500006de
	constant pool entry 29	500006e9
	constant pool entry 28	500006ec
	constant pool entry 27	500006bb
	constant pool entry 26	5000065d
	constant pool entry 25	500006e1
	constant pool entry 24	500006f5
	constant pool entry 23	500006f8
	constant pool entry 22	500006ca
	constant pool entry 21	500006d5
	constant pool entry 20	50000690
	constant pool entry 19	50000661
	constant pool entry 18	50000665
	constant pool entry 17	500006a7
	constant pool entry 16	500006ae
	constant pool entry 15	500006b4
	constant pool entry 14	500006b8
	constant pool entry 13	500006c1
	constant pool entry 12	50000685
	constant pool entry 11	5000068d
	constant pool entry 10	500006c4
	constant pool entry 9	500006f2
	constant pool entry 8	50000700
	constant pool entry 7	50000674
	constant pool entry 6	5000067f
	constant pool entry 5	50000696
	constant pool entry 4	5000069f
	constant pool entry 3	50000699
	constant pool entry 2	50000682
	constant pool entry 1	50000671
CLS 50000133 (name=java.util.concurrent.ConcurrentHashMap$HashEntry, trace=300000)
	super		50000021
	constant pool entry 43	50000030
	constant pool entry 22	50000133
	constant pool entry 20	50000021
CLS 50000134 (name=java.util.concurrent.ConcurrentHashMap$HashEntry[], trace=300000)
	super		50000021
CLS 50000135 (name=java.lang.Runnable, trace=300000)
CLS 50000136 (name=java.lang.Runnable[], trace=300000)
	super		50000021
CLS 50000137 (name=sun.misc.Launcher$ExtClassLoader, trace=300000)
	super		500000ce
	constant pool entry 177	50000030
	constant pool entry 90	5000013b
	constant pool entry 89	50000137
	constant pool entry 88	500000be
	constant pool entry 87	50000129
	constant pool entry 86	500000c5
	constant pool entry 85	50000018
	constant pool entry 81	500000f8
	constant pool entry 79	500000ce
	constant pool entry 78	500000d2
	constant pool entry 77	50000087
	constant pool entry 76	500000d6
	constant pool entry 73	50000097
	constant pool entry 2	500005fd
	constant pool entry 1	50000a55
CLS 50000139 (name=java.lang.OutOfMemoryError, trace=300000)
	super		50000067
CLS 5000013a (name=java.lang.OutOfMemoryError[], trace=300000)
	super		50000021
CLS 5000013b (name=sun.misc.Launcher$ExtClassLoader$1, trace=300000)
	super		50000021
	constant pool entry 28	500000e4
	constant pool entry 27	5000013b
	constant pool entry 26	50000137
	constant pool entry 23	50000021
CLS 5000013c (name=boolean[], trace=300000)
	super		50000021
CLS 5000013d (name=byte[], trace=300000)
	super		50000021
CLS 5000013e (name=char[], trace=300000)
	super		50000021
CLS 5000013f (name=int[], trace=300000)
	super		50000021
CLS 50000140 (name=short[], trace=300000)
	super		50000021
CLS 50000141 (name=long[], trace=300000)
	super		50000021
CLS 50000142 (name=float[], trace=300000)
	super		50000021
CLS 50000143 (name=double[], trace=300000)
	super		50000021
CLS 50000157 (name=java.lang.StringCoding, trace=300011)
	super		50000021
	static decoder	50000158
	static encoder	50000159
	constant pool entry 89	5000002f
	constant pool entry 88	50000091
	constant pool entry 87	500000d8
	constant pool entry 86	50000087
	constant pool entry 84	50000160
	constant pool entry 82	50000157
CLS 5000015a (name=java.lang.ThreadLocal$ThreadLocalMap, trace=300014)
	super		50000021
	constant pool entry 116	50000030
	constant pool entry 50	5000015c
	constant pool entry 49	5000015a
	constant pool entry 47	500000d8
	constant pool entry 46	50000021
CLS 5000015c (name=java.lang.ThreadLocal$ThreadLocalMap$Entry, trace=300016)
	super		500000b3
	constant pool entry 17	500000b3
	constant pool entry 16	5000015c
CLS 5000015d (name=java.lang.ThreadLocal$ThreadLocalMap$Entry[], trace=300017)
	super		50000021
CLS 50000160 (name=java.lang.StringCoding$StringDecoder, trace=300019)
	super		50000021
	constant pool entry 122	50000030
	constant pool entry 59	50000010
	constant pool entry 58	50000004
	constant pool entry 57	50000040
	constant pool entry 56	5000002f
	constant pool entry 54	50000117
	constant pool entry 53	5000007f
	constant pool entry 52	50000160
	constant pool entry 50	50000157
	constant pool entry 49	50000021
CLS 50000168 (name=java.net.URLClassLoader$1, trace=300027)
	super		50000021
	constant pool entry 40	50000032
	constant pool entry 38	50000168
	constant pool entry 37	500000ce
	constant pool entry 36	500000d6
	constant pool entry 35	50000021
	constant pool entry 34	5000006c
	constant pool entry 33	50000122
	constant pool entry 1	50000ab8
CLS 5000016c (name=sun.net.util.URLUtil, trace=300031)
	super		50000021
	constant pool entry 30	500000d2
	constant pool entry 29	50000023
	constant pool entry 28	500000d6
	constant pool entry 2	50000a4c
CLS 50000171 (name=sun.misc.URLClassPath$3, trace=300036)
	super		50000021
	constant pool entry 44	50000174
	constant pool entry 43	500001de
	constant pool entry 42	50000171
	constant pool entry 41	50000032
	constant pool entry 39	500000d2
	constant pool entry 38	500000d6
	constant pool entry 37	50000021
	constant pool entry 2	5000055a
	constant pool entry 1	5000056e
CLS 50000173 (name=sun.misc.URLClassPath$Loader, trace=300038)
	super		50000021
	constant pool entry 51	50000173
	constant pool entry 45	50000021
CLS 50000174 (name=sun.misc.URLClassPath$JarLoader, trace=300038)
	super		50000173
	constant pool entry 183	500000cb
	constant pool entry 181	50000173
	constant pool entry 177	50000174
	constant pool entry 173	500000e4
	constant pool entry 152	500000d2
	constant pool entry 149	50000023
	constant pool entry 148	500000d6
	constant pool entry 144	50000097
	constant pool entry 7	500005f1
	constant pool entry 6	5000055a
	constant pool entry 2	500005f3
	constant pool entry 1	50000408
CLS 500001d4 (name=java.security.PrivilegedActionException, trace=300065)
	super		5000006a
	constant pool entry 33	500001d4
	constant pool entry 29	5000006a
CLS 500001de (name=sun.misc.URLClassPath$FileLoader, trace=300068)
	super		50000173
	constant pool entry 64	500000cb
	constant pool entry 63	50000173
	constant pool entry 62	5000020e
	constant pool entry 61	500001de
	constant pool entry 58	500000d2
	constant pool entry 57	500000d6
	constant pool entry 53	50000097
	constant pool entry 3	5000055a
	constant pool entry 2	50000a4e
	constant pool entry 1	5000058d
CLS 5000020d (name=sun.misc.Resource, trace=300100)
	super		50000021
	constant pool entry 95	50000030
	constant pool entry 56	50000215
	constant pool entry 55	5000020d
	constant pool entry 54	50000066
	constant pool entry 53	5000003d
	constant pool entry 52	50000021
	constant pool entry 51	500000ae
	constant pool entry 49	5000002c
CLS 5000020e (name=sun.misc.URLClassPath$FileLoader$1, trace=300100)
	super		5000020d
	constant pool entry 38	5000020e
	constant pool entry 37	500001de
	constant pool entry 35	5000020d
	constant pool entry 33	500000ba
	constant pool entry 32	50000097
CLS 50000215 (name=sun.nio.ByteBuffered, trace=300107)
CLS 50000219 (name=java.security.Permissions, trace=300111)
	super		500000d0
	static serialPersistentFields	5000021a
	constant pool entry 207	50000030
	constant pool entry 104	50000086
	constant pool entry 102	50000060
	constant pool entry 101	50000052
	constant pool entry 96	5000029e
	constant pool entry 93	50000219
	constant pool entry 92	500000d0
	constant pool entry 91	5000005e
	constant pool entry 90	5000029d
	constant pool entry 88	50000021
	constant pool entry 84	500000ea
	constant pool entry 3	500005e1
	constant pool entry 1	500005e0
CLS 50000248 (name=java.net.URLConnection, trace=300134)
	super		50000021
	static handlers	5000024b
	static UnknownContentHandlerP	5000024f
	static contentClassPrefix	50000567
	static contentPathProp	50000566
	constant pool entry 287	50000060
	constant pool entry 282	5000024e
	constant pool entry 280	50000248
	constant pool entry 272	50000021
	constant pool entry 29	50000567
	constant pool entry 23	50000566
CLS 50000249 (name=sun.net.www.URLConnection, trace=300134)
	super		50000248
	static proxiedHosts	50000250
	constant pool entry 114	50000249
	constant pool entry 113	50000253
	constant pool entry 111	50000052
	constant pool entry 109	50000248
CLS 5000024a (name=sun.net.www.protocol.file.FileURLConnection, trace=300134)
	super		50000249
	static CONTENT_LENGTH	5000055d
	static CONTENT_TYPE	5000055e
	static TEXT_PLAIN	50000561
	static LAST_MODIFIED	5000055f
	constant pool entry 148	5000024a
	constant pool entry 147	50000249
	constant pool entry 146	500000cb
	constant pool entry 132	500000d2
	constant pool entry 129	500000d6
	constant pool entry 127	5000025f
	constant pool entry 124	50000097
	constant pool entry 9	50000561
	constant pool entry 8	50000560
	constant pool entry 7	5000055f
	constant pool entry 6	5000055e
	constant pool entry 5	5000055d
CLS 5000024d (name=java.net.ContentHandler, trace=300137)
	super		50000021
	constant pool entry 16	50000021
CLS 5000024e (name=java.net.UnknownContentHandler, trace=300137)
	super		5000024d
	constant pool entry 15	5000024d
CLS 50000253 (name=sun.net.www.MessageHeader, trace=300142)
	super		50000021
	constant pool entry 214	50000030
	constant pool entry 110	50000253
	constant pool entry 99	500000d6
	constant pool entry 98	50000021
CLS 5000025f (name=java.io.FilePermission, trace=300149)
	super		5000005e
	constant pool entry 124	5000005e
	constant pool entry 123	500000f8
	constant pool entry 121	500000d6
	constant pool entry 113	5000028a
	constant pool entry 112	50000263
	constant pool entry 111	5000025f
	constant pool entry 110	50000097
	constant pool entry 8	50000560
	constant pool entry 2	500005c0
CLS 50000263 (name=java.io.FilePermission$1, trace=300153)
	super		50000021
	constant pool entry 29	50000266
	constant pool entry 27	50000021
	constant pool entry 25	50000263
	constant pool entry 24	5000025f
CLS 50000265 (name=java.security.Policy, trace=300155)
	super		50000021
	static UNSUPPORTED_EMPTY_COLLECTION	50000268
	static policy	50000271
	constant pool entry 139	500000c1
	constant pool entry 135	5000026c
	constant pool entry 128	50000267
	constant pool entry 127	5000026f
	constant pool entry 121	50000265
	constant pool entry 4	500005cd
CLS 50000266 (name=sun.security.provider.PolicyFile, trace=300155)
	super		50000265
	static NONE	500005c9
	static P11KEYSTORE	500005ca
	static SELF	500005c4
	static X500PRINCIPAL	500005cc
	static POLICY	500005c7
	static SECURITY_MANAGER	500005cb
	static POLICY_URL	500005c8
	static AUTH_POLICY	500005c6
	static AUTH_POLICY_URL	500005c5
	static PARAMS0	50000272
	static PARAMS1	50000273
	static PARAMS2	50000274
	constant pool entry 1020	50000030
	constant pool entry 525	500000c1
	constant pool entry 504	50000266
	constant pool entry 456	500000d6
	constant pool entry 446	50000070
	constant pool entry 440	50000097
	constant pool entry 432	500005cd
	constant pool entry 430	500005cc
	constant pool entry 429	500005cb
	constant pool entry 424	500005ca
	constant pool entry 420	500005c9
	constant pool entry 413	500003e9
	constant pool entry 40	500005c8
	constant pool entry 33	500005c7
	constant pool entry 32	500005c6
	constant pool entry 22	500005c5
	constant pool entry 11	500005c4
CLS 50000267 (name=java.security.Policy$UnsupportedEmptyCollection, trace=300156)
	super		500000d0
	constant pool entry 20	50000267
	constant pool entry 18	50000219
	constant pool entry 17	500000d0
CLS 5000026c (name=java.util.concurrent.atomic.AtomicReference, trace=300160)
	super		50000021
	static unsafe	500003fe
	constant pool entry 53	50000069
	constant pool entry 52	5000026c
	constant pool entry 50	50000021
	constant pool entry 47	50000070
	constant pool entry 1	50000413
CLS 5000026f (name=java.security.Policy$PolicyInfo, trace=300163)
	super		50000021
	constant pool entry 15	5000026f
	constant pool entry 13	50000021
CLS 5000028a (name=java.io.FilePermissionCollection, trace=300177)
	super		500000d0
	static serialPersistentFields	5000028b
	constant pool entry 154	50000030
	constant pool entry 83	500000c5
	constant pool entry 82	500000e8
	constant pool entry 80	500000b8
	constant pool entry 79	500000d0
	constant pool entry 73	500000ea
	constant pool entry 67	5000028a
	constant pool entry 66	5000025f
	constant pool entry 3	500003ec
CLS 5000029d (name=java.security.AllPermission, trace=300184)
	super		5000005e
CLS 5000029e (name=java.security.UnresolvedPermission, trace=300185)
	super		5000005e
CLS 500002a0 (name=java.security.BasicPermissionCollection, trace=300187)
	super		500000d0
	static serialPersistentFields	500002a1
	constant pool entry 218	50000030
	constant pool entry 115	50000086
	constant pool entry 114	50000060
	constant pool entry 113	50000052
	constant pool entry 110	500000d0
	constant pool entry 108	500002a0
	constant pool entry 107	5000001d
	constant pool entry 105	500000d6
	constant pool entry 103	50000021
	constant pool entry 100	50000070
	constant pool entry 99	500000fd
	constant pool entry 97	500000ea
	constant pool entry 7	500003ec
	constant pool entry 6	500003eb
	constant pool entry 3	500003ea
	constant pool entry 1	500003e9
CLS 500002c6 (name=sun.misc.JavaSecurityProtectionDomainAccess, trace=300196)
CLS 500002c7 (name=java.security.ProtectionDomain$2, trace=300196)
	super		50000021
	constant pool entry 15	50000021
CLS 500002ca (name=java.security.ProtectionDomain$Key, trace=300199)
	super		50000021
	constant pool entry 14	500002ca
	constant pool entry 12	50000021
CLS 500002cc (name=java.security.Principal, trace=300201)
CLS 500002cd (name=java.security.Principal[], trace=300202)
	super		50000021
CLS 500003af (name=java.lang.Shutdown, trace=300000)
	super		50000021
	static hooks	500003b0
	static lock	500003b2
	static haltLock	500003b3
	constant pool entry 111	50000030
	constant pool entry 63	500003b1
	constant pool entry 61	500003af
	constant pool entry 60	50000135
CLS 500003b1 (name=java.lang.Shutdown$Lock, trace=300226)
	super		50000021
	constant pool entry 14	500003b1
	constant pool entry 11	50000021
CLS 500003b4 (name=java.lang.ref.WeakReference[], trace=300000)
	super		50000021
CLS 500003b5 (name=java.lang.ref.Reference[], trace=300000)
	super		50000021
HEAP DUMP END
SITES BEGIN (ordered by live bytes) Thu Sep 13 14:08:14 2012
          percent          live          alloc'ed  stack class
 rank   self  accum     bytes objs     bytes  objs trace name
    1 15.70% 15.70%     72736  731     72736   731 300000 char[]
    2  5.55% 21.25%     25712    9     25712     9 300000 byte[]
    3  5.27% 26.52%     24416  741     24416   741 300000 java.lang.String
    4  2.83% 29.34%     13104  303     13104   303 300000 java.lang.Object[]
    5  2.15% 31.49%      9952   71      9952    71 300006 char[]
    6  0.57% 32.06%      2648   17      2648    17 300053 char[]
    7  0.57% 32.63%      2640   48      2640    48 300000 java.lang.String[]
    8  0.56% 33.19%      2592   59      2592    59 300000 java.util.Hashtable$Entry
    9  0.49% 33.68%      2256   11      2256    11 300000 java.lang.Class
   10  0.41% 34.09%      1904    5      1904     5 300000 int[]
   11  0.38% 34.47%      1776   14      1776    14 300000 java.util.HashMap$Entry[]
   12  0.37% 34.84%      1712   12      1712    12 300219 char[]
   13  0.35% 35.19%      1616   12      1616    12 300217 char[]
   14  0.30% 35.50%      1408    7      1408     7 300000 java.lang.Thread
   15  0.30% 35.80%      1392    7      1392     7 300000 java.util.Hashtable$Entry[]
   16  0.30% 36.09%      1376   17      1376    17 300000 java.util.concurrent.ConcurrentHashMap$Segment
   17  0.29% 36.38%      1344   20      1344    20 300000 java.util.concurrent.ConcurrentHashMap$HashEntry
   18  0.29% 36.67%      1344   20      1344    20 300000 java.util.Locale
   19  0.28% 36.95%      1296   27      1296    27 300026 java.nio.HeapCharBuffer
   20  0.28% 37.23%      1280    3      1280     3 300000 short[]
   21  0.27% 37.50%      1264   12      1264    12 300000 java.util.HashMap
   22  0.27% 37.77%      1248   17      1248    17 300000 java.util.concurrent.locks.ReentrantLock$NonfairSync
   23  0.26% 38.03%      1216   13      1216    13 300000 java.util.LinkedHashMap$Entry
   24  0.25% 38.28%      1152   17      1152    17 300000 java.util.concurrent.ConcurrentHashMap$HashEntry[]
   25  0.23% 38.52%      1088    5      1088     5 300000 java.lang.reflect.Method
   26  0.23% 38.75%      1088    4      1088     4 300033 char[]
   27  0.23% 38.99%      1088    7      1088     7 300060 char[]
   28  0.23% 39.22%      1056    6      1056     6 300000 java.net.URL
   29  0.21% 39.43%       992    9       992     9 300000 java.lang.OutOfMemoryError
   30  0.21% 39.64%       976   11       976    11 300000 java.io.ExpiringCache$Entry
   31  0.21% 39.85%       976    6       976     6 300000 java.util.Hashtable
   32  0.21% 40.06%       960    8       960     8 300000 java.security.AccessControlContext
   33  0.21% 40.27%       960   15       960    15 300000 java.lang.Object
   34  0.20% 40.47%       936    6       936     6 300000 java.lang.ref.Finalizer
   35  0.20% 40.67%       928    7       928     7 300000 java.util.Vector
   36  0.20% 40.87%       928    6       928     6 300055 char[]
   37  0.19% 41.06%       896    5       896     5 300000 java.io.ObjectStreamField
   38  0.19% 41.25%       880    3       880     3 300000 sun.nio.cs.MS1252$Encoder
   39  0.19% 41.44%       864    5       864     5 300000 java.io.FileDescriptor
   40  0.18% 41.62%       856    6       856     6 300000 java.io.File
   41  0.18% 41.81%       848    2       848     2 300000 java.lang.ref.Reference$ReferenceHandler
   42  0.18% 41.99%       848    3       848     3 300000 java.io.ExpiringCache$1
   43  0.18% 42.17%       848    3       848     3 300000 sun.nio.cs.StreamEncoder
   44  0.18% 42.35%       848    2       848     2 300000 java.lang.ref.Finalizer$FinalizerThread
   45  0.18% 42.54%       840    5       840     5 300000 java.lang.Class[]
   46  0.18% 42.72%       840    6       840     6 300000 java.io.ObjectStreamField[]
   47  0.18% 42.90%       832    4       832     4 300000 java.util.HashMap$Entry
   48  0.18% 43.08%       832    3       832     3 300000 java.lang.ThreadGroup
   49  0.18% 43.26%       832    3       832     3 300000 java.io.BufferedWriter
   50  0.18% 43.44%       832    4       832     4 300000 java.util.Stack
   51  0.18% 43.62%       832    3       832     3 300000 java.nio.HeapByteBuffer
   52  0.18% 43.79%       832    3       832     3 300000 sun.nio.cs.MS1252$Decoder
   53  0.18% 43.97%       832    5       832     5 300000 java.util.ArrayList
   54  0.18% 44.15%       816    6       816     6 300000 java.util.concurrent.atomic.AtomicInteger
   55  0.18% 44.33%       816    3       816     3 300000 java.io.ExpiringCache
   56  0.18% 44.50%       816    2       816     2 300000 sun.misc.Launcher$ExtClassLoader
   57  0.18% 44.68%       816    2       816     2 300000 java.util.concurrent.ConcurrentHashMap$Segment[]
   58  0.18% 44.85%       816    2       816     2 300017 java.lang.ThreadLocal$ThreadLocalMap$Entry[]
   59  0.17% 45.03%       808    2       808     2 300000 sun.misc.Launcher$AppClassLoader
   60  0.17% 45.20%       808    4       808     4 300000 sun.misc.MetaIndex
   61  0.17% 45.38%       800    3       800     3 300000 java.lang.Thread[]
   62  0.17% 45.55%       800    3       800     3 300000 java.lang.ref.WeakReference
   63  0.17% 45.72%       800    3       800     3 300000 java.lang.ref.ReferenceQueue
   64  0.17% 45.89%       800    3       800     3 300000 java.io.OutputStreamWriter
   65  0.17% 46.07%       800    3       800     3 300000 sun.misc.URLClassPath
   66  0.17% 46.24%       800    5       800     5 300000 java.lang.ref.ReferenceQueue$Lock
   67  0.17% 46.41%       800    3       800     3 300000 java.io.PrintStream
   68  0.17% 46.58%       800    3       800     3 300000 java.io.FileInputStream
   69  0.17% 46.76%       800    3       800     3 300000 java.lang.ref.ReferenceQueue$Null
   70  0.17% 46.93%       800    3       800     3 300000 java.io.FileOutputStream
   71  0.17% 47.10%       784    3       784     3 300000 sun.misc.NativeSignalHandler
   72  0.17% 47.27%       784    2       784     2 300000 java.util.Properties
   73  0.17% 47.44%       784    4       784     4 300000 java.nio.charset.CodingErrorAction
   74  0.17% 47.61%       784    3       784     3 300000 java.nio.charset.CoderResult
   75  0.17% 47.78%       784    4       784     4 300000 java.lang.ThreadLocal
   76  0.17% 47.95%       784    3       784     3 300000 java.io.BufferedOutputStream
   77  0.17% 48.11%       784    3       784     3 300000 sun.misc.Signal
   78  0.17% 48.28%       784    3       784     3 300000 java.lang.RuntimePermission
   79  0.17% 48.45%       784    3       784     3 300000 sun.nio.cs.Surrogate$Parser
   80  0.17% 48.62%       784    2       784     2 300000 long[]
   81  0.17% 48.79%       784    2       784     2 300000 java.util.concurrent.ConcurrentHashMap
   82  0.17% 48.96%       776    2       776     2 300000 sun.nio.cs.StandardCharsets$Aliases
   83  0.17% 49.13%       776    3       776     3 300000 java.io.File[]
   84  0.17% 49.29%       776    2       776     2 300000 sun.nio.cs.StandardCharsets$Classes
   85  0.17% 49.46%       776    2       776     2 300000 sun.nio.cs.StandardCharsets$Cache
   86  0.17% 49.63%       776    2       776     2 300000 java.io.BufferedInputStream
   87  0.17% 49.79%       768    3       768     3 300000 java.lang.Boolean
   88  0.17% 49.96%       768    2       768     2 300000 java.lang.ClassLoader$NativeLibrary
   89  0.17% 50.13%       768    3       768     3 300000 java.util.HashSet
   90  0.17% 50.29%       768    2       768     2 300000 java.util.Collections$SynchronizedMap
   91  0.17% 50.46%       768    3       768     3 300000 java.nio.ByteOrder
   92  0.17% 50.62%       768    3       768     3 300000 java.lang.Integer
   93  0.17% 50.79%       768    2       768     2 300000 java.lang.ArithmeticException
   94  0.17% 50.95%       768    2       768     2 300000 sun.misc.SoftCache
   95  0.17% 51.12%       768    2       768     2 300000 sun.nio.cs.StandardCharsets
   96  0.17% 51.29%       768    2       768     2 300000 java.lang.ThreadGroup[]
   97  0.17% 51.45%       768    2       768     2 300000 java.lang.NullPointerException
   98  0.17% 51.62%       768    2       768     2 300000 java.util.concurrent.atomic.AtomicReferenceFieldUpdater$AtomicReferenceFieldUpdaterImpl
   99  0.17% 51.78%       768    3       768     3 300000 sun.net.www.protocol.jar.Handler
  100  0.17% 51.95%       768    2       768     2 300000 java.lang.VirtualMachineError
  101  0.17% 52.12%       768    2       768     2 300000 java.io.WinNTFileSystem
  102  0.17% 52.28%       768    2       768     2 300000 java.lang.OutOfMemoryError[]
  103  0.16% 52.44%       760    2       760     2 300000 java.util.BitSet
  104  0.16% 52.61%       760    2       760     2 300000 java.util.Collections$EmptyMap
  105  0.16% 52.77%       760    2       760     2 300000 sun.nio.cs.MS1252
  106  0.16% 52.94%       760    2       760     2 300000 java.lang.reflect.ReflectPermission
  107  0.16% 53.10%       752    2       752     2 300000 java.util.Hashtable$EmptyIterator
  108  0.16% 53.26%       752    2       752     2 300000 sun.reflect.ReflectionFactory
  109  0.16% 53.42%       752    2       752     2 300000 sun.jkernel.DownloadManager$1
  110  0.16% 53.59%       752    2       752     2 300000 java.io.File$1
  111  0.16% 53.75%       752    2       752     2 300000 java.lang.System$2
  112  0.16% 53.91%       752    2       752     2 300000 java.security.AccessControlContext$1
  113  0.16% 54.07%       752    2       752     2 300000 java.lang.reflect.ReflectAccess
  114  0.16% 54.24%       752    2       752     2 300000 java.nio.charset.CoderResult$2
  115  0.16% 54.40%       752    2       752     2 300000 java.util.Collections$EmptySet
  116  0.16% 54.56%       752    2       752     2 300000 sun.misc.Unsafe
  117  0.16% 54.72%       752    2       752     2 300000 java.util.Collections$ReverseComparator
  118  0.16% 54.88%       752    2       752     2 300000 java.lang.ref.Reference$Lock
  119  0.16% 55.05%       752    2       752     2 300000 java.lang.String$CaseInsensitiveComparator
  120  0.16% 55.21%       752    2       752     2 300000 java.net.URLClassLoader$7
  121  0.16% 55.37%       752    2       752     2 300000 sun.misc.Launcher$Factory
  122  0.16% 55.53%       752    2       752     2 300000 sun.net.www.protocol.file.Handler
  123  0.16% 55.70%       752    2       752     2 300000 java.nio.Bits$1
  124  0.16% 55.86%       752    2       752     2 300000 java.util.Hashtable$EmptyEnumerator
  125  0.16% 56.02%       752    2       752     2 300000 java.nio.charset.CoderResult$1
  126  0.16% 56.18%       752    2       752     2 300202 java.security.Principal[]
  127  0.16% 56.35%       752    2       752     2 300000 java.util.Collections$EmptyList
  128  0.16% 56.51%       752    2       752     2 300000 java.lang.Terminator$1
  129  0.16% 56.67%       752    2       752     2 300000 java.lang.Runtime
  130  0.16% 56.83%       752    2       752     2 300000 java.lang.StackTraceElement[]
  131  0.16% 56.99%       752    2       752     2 300000 sun.misc.Launcher
  132  0.16% 57.15%       736    1       736     1 300000 java.lang.RuntimeException
  133  0.16% 57.31%       736    1       736     1 300000 java.io.FilterOutputStream
  134  0.16% 57.47%       736    1       736     1 300000 java.util.Map
  135  0.16% 57.63%       736    1       736     1 300000 java.lang.System
  136  0.16% 57.79%       736    1       736     1 300000 java.util.concurrent.locks.AbstractQueuedSynchronizer$Node
  137  0.16% 57.95%       736    1       736     1 300000 java.lang.Number
  138  0.16% 58.11%       736    1       736     1 300000 java.lang.Compiler
  139  0.16% 58.27%       736    1       736     1 300000 java.lang.ThreadDeath
  140  0.16% 58.42%       736    1       736     1 300000 sun.util.PreHashedMap
  141  0.16% 58.58%       736    1       736     1 300000 java.lang.StringBuffer
  142  0.16% 58.74%       736    1       736     1 300000 sun.misc.JavaSecurityAccess
  143  0.16% 58.90%       736    1       736     1 300000 java.nio.ByteBuffer
  144  0.16% 59.06%       736    1       736     1 300000 java.lang.Short
  145  0.16% 59.22%       736    1       736     1 300000 java.lang.ref.SoftReference
  146  0.16% 59.38%       736    1       736     1 300000 sun.nio.cs.SingleByteEncoder
  147  0.16% 59.54%       736    1       736     1 300000 java.lang.reflect.Array
  148  0.16% 59.69%       736    1       736     1 300000 sun.misc.AtomicLong
  149  0.16% 59.85%       736    1       736     1 300000 java.util.Comparator
  150  0.16% 60.01%       736    1       736     1 300000 java.util.concurrent.locks.ReentrantLock[]
  151  0.16% 60.17%       736    1       736     1 300000 java.util.concurrent.locks.ReentrantLock
  152  0.16% 60.33%       736    1       736     1 300000 sun.io.Win32ErrorMode
  153  0.16% 60.49%       736    1       736     1 300000 java.security.Guard
  154  0.16% 60.65%       736    1       736     1 300000 java.net.URLStreamHandler
  155  0.16% 60.81%       736    1       736     1 300000 sun.reflect.NativeConstructorAccessorImpl
  156  0.16% 60.97%       736    1       736     1 300000 java.net.Parts
  157  0.16% 61.12%       736    1       736     1 300000 java.util.AbstractList
  158  0.16% 61.28%       736    1       736     1 300000 java.lang.reflect.AnnotatedElement
  159  0.16% 61.44%       736    1       736     1 300000 java.lang.reflect.AnnotatedElement[]
  160  0.16% 61.60%       736    1       736     1 300000 java.lang.Class$3
  161  0.16% 61.76%       736    1       736     1 300000 sun.misc.JavaLangAccess
  162  0.16% 61.92%       736    1       736     1 300000 java.io.Serializable
  163  0.16% 62.08%       736    1       736     1 300000 java.io.Serializable[]
  164  0.16% 62.24%       736    1       736     1 300000 java.util.AbstractCollection
  165  0.16% 62.40%       736    1       736     1 300000 sun.misc.JavaNetAccess
  166  0.16% 62.55%       736    1       736     1 300000 java.lang.Byte
  167  0.16% 62.71%       736    1       736     1 300000 java.util.Set
  168  0.16% 62.87%       736    1       736     1 300000 sun.reflect.DelegatingConstructorAccessorImpl
  169  0.16% 63.03%       736    1       736     1 300000 java.util.AbstractSet
  170  0.16% 63.19%       736    1       736     1 300000 java.io.ObjectStreamClass
  171  0.16% 63.35%       736    1       736     1 300000 java.security.SecureClassLoader
  172  0.16% 63.51%       736    1       736     1 300000 sun.security.action.GetPropertyAction
  173  0.16% 63.67%       736    1       736     1 300000 java.lang.ClassLoader$3
  174  0.16% 63.82%       736    1       736     1 300000 java.lang.Math
  175  0.16% 63.98%       736    1       736     1 300000 java.lang.reflect.Type
  176  0.16% 64.14%       736    1       736     1 300000 java.lang.reflect.Type[]
  177  0.16% 64.30%       736    1       736     1 300000 java.lang.AssertionStatusDirectives
  178  0.16% 64.46%       736    1       736     1 300000 java.lang.reflect.AccessibleObject[]
  179  0.16% 64.62%       736    1       736     1 300000 java.lang.reflect.AccessibleObject
  180  0.16% 64.78%       736    1       736     1 300000 sun.misc.JavaNioAccess
  181  0.16% 64.94%       736    1       736     1 300000 java.util.concurrent.ConcurrentMap
  182  0.16% 65.10%       736    1       736     1 300000 java.lang.ClassNotFoundException
  183  0.16% 65.25%       736    1       736     1 300000 java.nio.HeapCharBuffer
  184  0.16% 65.41%       736    1       736     1 300000 sun.reflect.FieldAccessor
  185  0.16% 65.57%       736    1       736     1 300000 java.lang.SystemClassLoaderAction
  186  0.16% 65.73%       736    1       736     1 300000 java.lang.Exception
  187  0.16% 65.89%       736    1       736     1 300000 java.lang.reflect.Modifier
  188  0.16% 66.05%       736    1       736     1 300000 java.lang.Thread$UncaughtExceptionHandler[]
  189  0.16% 66.21%       736    1       736     1 300000 java.lang.VirtualMachineError[]
  190  0.16% 66.37%       736    1       736     1 300000 java.util.Arrays
  191  0.16% 66.53%       736    1       736     1 300000 java.lang.NoSuchMethodError
  192  0.16% 66.68%       736    1       736     1 300000 java.util.Map$Entry[]
  193  0.16% 66.84%       736    1       736     1 300000 sun.security.util.Debug
  194  0.16% 67.00%       736    1       736     1 300000 java.nio.Buffer
  195  0.16% 67.16%       736    1       736     1 300000 java.util.StringTokenizer
  196  0.16% 67.32%       736    1       736     1 300000 sun.nio.cs.Surrogate
  197  0.16% 67.48%       736    1       736     1 300000 java.util.Map$Entry
  198  0.16% 67.64%       736    1       736     1 300000 java.util.concurrent.locks.ReentrantLock$Sync
  199  0.16% 67.80%       736    1       736     1 300000 java.util.concurrent.atomic.AtomicReferenceFieldUpdater
  200  0.16% 67.95%       736    1       736     1 300000 sun.reflect.LangReflectAccess
  201  0.16% 68.11%       736    1       736     1 300000 sun.nio.cs.FastCharsetProvider
  202  0.16% 68.27%       736    1       736     1 300000 java.io.FilterInputStream
  203  0.16% 68.43%       736    1       736     1 300000 sun.net.www.ParseUtil
  204  0.16% 68.59%       736    1       736     1 300000 java.lang.reflect.Field
  205  0.16% 68.75%       736    1       736     1 300000 java.lang.reflect.Field[]
  206  0.16% 68.91%       736    1       736     1 300000 java.net.URLClassLoader
  207  0.16% 69.07%       736    1       736     1 300000 java.lang.ClassCastException
  208  0.16% 69.23%       736    1       736     1 300000 java.security.PermissionCollection
  209  0.16% 69.38%       736    1       736     1 300000 java.security.CodeSource
  210  0.16% 69.54%       736    1       736     1 300000 java.util.concurrent.locks.AbstractOwnableSynchronizer
  211  0.16% 69.70%       736    1       736     1 300000 java.net.URL[]
  212  0.16% 69.86%       736    1       736     1 300000 java.lang.CharSequence
  213  0.16% 70.02%       736    1       736     1 300000 java.lang.CharSequence[]
  214  0.16% 70.18%       736    1       736     1 300000 java.nio.charset.spi.CharsetProvider
  215  0.16% 70.34%       736    1       736     1 300000 java.lang.Appendable
  216  0.16% 70.50%       736    1       736     1 300000 java.security.BasicPermission
  217  0.16% 70.66%       736    1       736     1 300000 sun.misc.AtomicLongCSImpl
  218  0.16% 70.81%       736    1       736     1 300000 java.lang.IllegalMonitorStateException
  219  0.16% 70.97%       736    1       736     1 300000 java.security.Permission
  220  0.16% 71.13%       736    1       736     1 300000 java.io.Writer
  221  0.16% 71.29%       736    1       736     1 300000 sun.reflect.FieldAccessorImpl
  222  0.16% 71.45%       736    1       736     1 300000 java.lang.Package
  223  0.16% 71.61%       736    1       736     1 300000 java.lang.Package[]
  224  0.16% 71.77%       736    1       736     1 300000 sun.misc.OSEnvironment
  225  0.16% 71.93%       736    1       736     1 300000 java.io.FileReader
  226  0.16% 72.08%       736    1       736     1 300000 sun.reflect.MethodAccessorImpl
  227  0.16% 72.24%       736    1       736     1 300000 java.lang.reflect.Method[]
  228  0.16% 72.40%       736    1       736     1 300000 java.lang.Double
  229  0.16% 72.56%       736    1       736     1 300000 sun.misc.Launcher$AppClassLoader$1
  230  0.16% 72.72%       736    1       736     1 300000 java.lang.Character
  231  0.16% 72.88%       736    1       736     1 300000 sun.misc.PostVMInitHook
  232  0.16% 73.04%       736    1       736     1 300000 java.util.List
  233  0.16% 73.20%       736    1       736     1 300000 java.util.concurrent.locks.AbstractQueuedSynchronizer
  234  0.16% 73.36%       736    1       736     1 300000 java.security.PrivilegedExceptionAction
  235  0.16% 73.51%       736    1       736     1 300000 sun.reflect.DelegatingClassLoader
  236  0.16% 73.67%       736    1       736     1 300000 java.lang.reflect.GenericDeclaration
  237  0.16% 73.83%       736    1       736     1 300000 java.lang.reflect.GenericDeclaration[]
  238  0.16% 73.99%       736    1       736     1 300000 java.lang.Class$1
  239  0.16% 74.15%       736    1       736     1 300000 java.nio.Bits
  240  0.16% 74.31%       736    1       736     1 300000 java.util.Dictionary
  241  0.16% 74.47%       736    1       736     1 300000 java.security.ProtectionDomain
  242  0.16% 74.63%       736    1       736     1 300000 java.lang.ClassLoader
  243  0.16% 74.79%       736    1       736     1 300000 java.lang.reflect.Constructor[]
  244  0.16% 74.94%       736    1       736     1 300000 sun.misc.VM
  245  0.16% 75.10%       736    1       736     1 300000 java.lang.reflect.Constructor
  246  0.16% 75.26%       736    1       736     1 300000 sun.reflect.UnsafeFieldAccessorImpl
  247  0.16% 75.42%       736    1       736     1 300000 sun.misc.JavaIOFileAccess
  248  0.16% 75.58%       736    1       736     1 300000 java.security.AccessController
  249  0.16% 75.74%       736    1       736     1 300000 java.nio.charset.CharsetEncoder
  250  0.16% 75.90%       736    1       736     1 300000 java.lang.ClassFormatError
  251  0.16% 76.06%       736    1       736     1 300000 java.io.Flushable
  252  0.16% 76.21%       736    1       736     1 300000 java.lang.StringValue
  253  0.16% 76.37%       736    1       736     1 300000 java.lang.IncompatibleClassChangeError
  254  0.16% 76.53%       736    1       736     1 300000 java.lang.Compiler$1
  255  0.16% 76.69%       736    1       736     1 300000 java.lang.ref.FinalReference
  256  0.16% 76.85%       736    1       736     1 300000 java.util.concurrent.locks.Lock
  257  0.16% 77.01%       736    1       736     1 300000 java.util.concurrent.locks.Lock[]
  258  0.16% 77.17%       736    1       736     1 300000 java.security.PrivilegedAction
  259  0.16% 77.33%       736    1       736     1 300000 sun.nio.cs.StreamDecoder
  260  0.16% 77.49%       736    1       736     1 300000 java.lang.Throwable
  261  0.16% 77.64%       736    1       736     1 300000 java.lang.Throwable[]
  262  0.16% 77.80%       736    1       736     1 300000 sun.reflect.ConstructorAccessor
  263  0.16% 77.96%       736    1       736     1 300000 java.lang.Float
  264  0.16% 78.12%       736    1       736     1 300000 sun.reflect.ConstructorAccessorImpl
  265  0.16% 78.28%       736    1       736     1 300000 sun.reflect.misc.ReflectUtil
  266  0.16% 78.44%       736    1       736     1 300000 java.lang.Void
  267  0.16% 78.60%       736    1       736     1 300000 java.util.RandomAccess
  268  0.16% 78.76%       736    1       736     1 300000 java.lang.IllegalArgumentException
  269  0.16% 78.92%       736    1       736     1 300000 java.lang.reflect.Member
  270  0.16% 79.07%       736    1       736     1 300000 java.lang.reflect.Member[]
  271  0.16% 79.23%       736    1       736     1 300000 java.nio.charset.CharsetDecoder
  272  0.16% 79.39%       736    1       736     1 300000 java.lang.Long
  273  0.16% 79.55%       736    1       736     1 300000 sun.misc.Version
  274  0.16% 79.71%       736    1       736     1 300000 java.lang.ref.PhantomReference
  275  0.16% 79.87%       736    1       736     1 300000 sun.reflect.ReflectionFactory$GetReflectionFactoryAction
  276  0.16% 80.03%       736    1       736     1 300000 sun.reflect.ConstantPool
  277  0.16% 80.19%       736    1       736     1 300000 sun.nio.cs.HistoricallyNamedCharset
  278  0.16% 80.34%       736    1       736     1 300000 sun.nio.cs.SingleByteDecoder
  279  0.16% 80.50%       736    1       736     1 300000 java.nio.CharBuffer
  280  0.16% 80.66%       736    1       736     1 300000 java.lang.Terminator
  281  0.16% 80.82%       736    1       736     1 300000 java.util.Collections
  282  0.16% 80.98%       736    1       736     1 300000 java.lang.LinkageError
  283  0.16% 81.14%       736    1       736     1 300000 java.util.Collection
  284  0.16% 81.30%       736    1       736     1 300000 sun.misc.SharedSecrets
  285  0.16% 81.46%       736    1       736     1 300000 java.io.InputStreamReader
  286  0.16% 81.62%       736    1       736     1 300000 java.util.Enumeration
  287  0.16% 81.77%       736    1       736     1 300000 java.util.AbstractMap
  288  0.16% 81.93%       736    1       736     1 300000 java.io.BufferedReader
  289  0.16% 82.09%       736    1       736     1 300000 java.lang.ref.Reference
  290  0.16% 82.25%       736    1       736     1 300000 java.io.IOException
  291  0.16% 82.41%       736    1       736     1 300000 java.lang.StackOverflowError
  292  0.16% 82.57%       736    1       736     1 300000 java.io.Closeable
  293  0.16% 82.73%       736    1       736     1 300000 sun.jkernel.DownloadManager$2
  294  0.16% 82.89%       736    1       736     1 300000 sun.reflect.Reflection
  295  0.16% 83.04%       736    1       736     1 300000 java.lang.Comparable
  296  0.16% 83.20%       736    1       736     1 300000 java.lang.Comparable[]
  297  0.16% 83.36%       736    1       736     1 300000 sun.jkernel.DownloadManager
  298  0.16% 83.52%       736    1       736     1 300000 java.util.Iterator
  299  0.16% 83.68%       736    1       736     1 300000 sun.reflect.ReflectionFactory$1
  300  0.16% 83.84%       736    1       736     1 300000 sun.reflect.MethodAccessor
  301  0.16% 84.00%       736    1       736     1 300000 java.security.cert.Certificate[]
  302  0.16% 84.16%       736    1       736     1 300000 java.security.cert.Certificate
  303  0.16% 84.32%       736    1       736     1 300000 java.lang.StackTraceElement
  304  0.16% 84.47%       736    1       736     1 300000 java.lang.ArrayStoreException
  305  0.16% 84.63%       736    1       736     1 300000 java.io.Reader
  306  0.16% 84.79%       736    1       736     1 300000 java.lang.Cloneable
  307  0.16% 84.95%       736    1       736     1 300000 java.net.URLStreamHandlerFactory
  308  0.16% 85.11%       736    1       736     1 300000 sun.reflect.UnsafeStaticFieldAccessorImpl
  309  0.16% 85.27%       736    1       736     1 300000 java.lang.Runnable
  310  0.16% 85.43%       736    1       736     1 300000 java.lang.Runnable[]
  311  0.16% 85.59%       736    1       736     1 300000 com.sun.demo.jvmti.hprof.Tracker
  312  0.16% 85.75%       736    1       736     1 300000 java.io.OutputStream
  313  0.16% 85.90%       736    1       736     1 300000 java.nio.charset.Charset
  314  0.16% 86.06%       736    1       736     1 300000 sun.reflect.MagicAccessorImpl
  315  0.16% 86.22%       736    1       736     1 300000 sun.misc.Launcher$ExtClassLoader$1
  316  0.16% 86.38%       736    1       736     1 300000 boolean[]
  317  0.16% 86.54%       736    1       736     1 300000 java.lang.Iterable
  318  0.16% 86.70%       736    1       736     1 300000 java.lang.AbstractStringBuilder
  319  0.16% 86.86%       736    1       736     1 300000 java.io.Win32FileSystem
  320  0.16% 87.02%       736    1       736     1 300000 java.io.InputStream
  321  0.16% 87.17%       736    1       736     1 300000 sun.misc.SignalHandler
  322  0.16% 87.33%       736    1       736     1 300000 float[]
  323  0.16% 87.49%       736    1       736     1 300000 double[]
  324  0.16% 87.65%       736    1       736     1 300000 java.lang.ref.WeakReference[]
  325  0.16% 87.81%       736    1       736     1 300226 java.lang.Shutdown$Lock
  326  0.16% 87.97%       736    1       736     1 300000 java.lang.Shutdown
  327  0.16% 88.13%       736    1       736     1 300000 java.lang.Error[]
  328  0.16% 88.29%       736    1       736     1 300000 java.lang.Error
  329  0.16% 88.45%       736    1       736     1 300000 java.lang.CharacterDataLatin1
  330  0.16% 88.60%       736    1       736     1 300000 java.lang.Readable
  331  0.16% 88.76%       736    1       736     1 300201 java.security.Principal
  332  0.16% 88.92%       736    1       736     1 300199 java.security.ProtectionDomain$Key
  333  0.16% 89.08%       736    1       736     1 300196 java.security.ProtectionDomain$2
  334  0.16% 89.24%       736    1       736     1 300011 java.lang.StringCoding
  335  0.16% 89.40%       736    1       736     1 300196 sun.misc.JavaSecurityProtectionDomainAccess
  336  0.16% 89.56%       736    1       736     1 300187 java.security.BasicPermissionCollection
  337  0.16% 89.72%       736    1       736     1 300014 java.lang.ThreadLocal$ThreadLocalMap
  338  0.16% 89.88%       736    1       736     1 300185 java.security.UnresolvedPermission
  339  0.16% 90.03%       736    1       736     1 300016 java.lang.ThreadLocal$ThreadLocalMap$Entry
  340  0.16% 90.19%       736    1       736     1 300000 java.lang.StringBuilder
  341  0.16% 90.35%       736    1       736     1 300184 java.security.AllPermission
  342  0.16% 90.51%       736    1       736     1 300019 java.lang.StringCoding$StringDecoder
  343  0.16% 90.67%       736    1       736     1 300177 java.io.FilePermissionCollection
  344  0.16% 90.83%       736    1       736     1 300163 java.security.Policy$PolicyInfo
  345  0.16% 90.99%       736    1       736     1 300160 java.util.concurrent.atomic.AtomicReference
  346  0.16% 91.15%       736    1       736     1 300156 java.security.Policy$UnsupportedEmptyCollection
  347  0.16% 91.30%       736    1       736     1 300155 sun.security.provider.PolicyFile
  348  0.16% 91.46%       736    1       736     1 300155 java.security.Policy
  349  0.16% 91.62%       736    1       736     1 300000 java.nio.charset.CoderResult$Cache
  350  0.16% 91.78%       736    1       736     1 300027 java.net.URLClassLoader$1
  351  0.16% 91.94%       736    1       736     1 300153 java.io.FilePermission$1
  352  0.16% 92.10%       736    1       736     1 300149 java.io.FilePermission
  353  0.16% 92.26%       736    1       736     1 300142 sun.net.www.MessageHeader
  354  0.16% 92.42%       736    1       736     1 300031 sun.net.util.URLUtil
  355  0.16% 92.58%       736    1       736     1 300137 java.net.UnknownContentHandler
  356  0.16% 92.73%       736    1       736     1 300000 java.io.FileSystem
  357  0.16% 92.89%       736    1       736     1 300137 java.net.ContentHandler
  358  0.16% 93.05%       736    1       736     1 300134 sun.net.www.protocol.file.FileURLConnection
  359  0.16% 93.21%       736    1       736     1 300036 sun.misc.URLClassPath$3
  360  0.16% 93.37%       736    1       736     1 300134 sun.net.www.URLConnection
  361  0.16% 93.53%       736    1       736     1 300038 sun.misc.URLClassPath$Loader
  362  0.16% 93.69%       736    1       736     1 300038 sun.misc.URLClassPath$JarLoader
  363  0.16% 93.85%       736    1       736     1 300134 java.net.URLConnection
  364  0.16% 94.01%       736    1       736     1 300111 java.security.Permissions
  365  0.16% 94.16%       736    1       736     1 300107 sun.nio.ByteBuffered
  366  0.16% 94.32%       736    1       736     1 300100 sun.misc.URLClassPath$FileLoader$1
  367  0.16% 94.48%       736    1       736     1 300100 sun.misc.Resource
  368  0.16% 94.64%       736    1       736     1 300068 sun.misc.URLClassPath$FileLoader
  369  0.16% 94.80%       736    1       736     1 300065 java.security.PrivilegedActionException
  370  0.16% 94.96%       736    1       736     1 300000 java.lang.NoClassDefFoundError
  371  0.16% 95.12%       736    1       736     1 300000 java.util.LinkedHashMap
  372  0.16% 95.28%       736    1       736     1 300000 java.lang.Thread$UncaughtExceptionHandler
  373  0.16% 95.43%       736    1       736     1 300000 java.lang.ref.Reference[]
  374  0.15% 95.58%       672    4       672     4 300077 char[]
  375  0.14% 95.72%       664    4       664     4 300035 char[]
  376  0.14% 95.87%       664   10       664    10 300223 char[]
  377  0.14% 96.01%       648    4       648     4 300044 char[]
  378  0.14% 96.15%       648    4       648     4 300042 char[]
  379  0.12% 96.27%       576   12       576    12 300215 char[]
  380  0.12% 96.39%       576   12       576    12 300213 char[]
  381  0.11% 96.51%       528    1       528     1 300022 char[]
  382  0.11% 96.62%       512    1       512     1 300109 byte[]
  383  0.10% 96.72%       480    3       480     3 300046 char[]
  384  0.10% 96.83%       480   10       480    10 300221 char[]
  385  0.09% 96.92%       424    3       424     3 300058 char[]
  386  0.09% 97.01%       416    3       416     3 300061 char[]
  387  0.08% 97.09%       384   12       384    12 300216 java.lang.String
  388  0.08% 97.17%       384   12       384    12 300218 java.lang.String
  389  0.08% 97.26%       384    2       384     2 300089 char[]
  390  0.08% 97.33%       352    6       352     6 300123 char[]
  391  0.07% 97.40%       336    3       336     3 300001 java.lang.Thread
  392  0.07% 97.48%       328    5       328     5 300121 char[]
  393  0.07% 97.54%       320   10       320    10 300222 java.lang.String
  394  0.06% 97.61%       296    5       296     5 300118 char[]
  395  0.06% 97.67%       288   12       288    12 300214 java.lang.StringBuilder
  396  0.06% 97.73%       288    6       288     6 300115 char[]
  397  0.06% 97.80%       288   12       288    12 300212 java.lang.StringBuilder
  398  0.05% 97.85%       240   10       240    10 300220 java.lang.StringBuilder
  399  0.05% 97.90%       240    5       240     5 300117 char[]
  400  0.04% 97.94%       200    1       200     1 300097 char[]
  401  0.04% 97.99%       200    1       200     1 300099 char[]
  402  0.04% 98.03%       192    6       192     6 300052 java.lang.String
  403  0.04% 98.07%       192    6       192     6 300122 java.lang.String
  404  0.04% 98.11%       192    3       192     3 300047 java.net.URL
  405  0.04% 98.15%       184    1       184     1 300210 char[]
  406  0.04% 98.19%       176    1       176     1 300070 char[]
  407  0.04% 98.22%       168    1       168     1 300131 char[]
  408  0.04% 98.26%       168    1       168     1 300150 char[]
  409  0.04% 98.30%       168    1       168     1 300173 char[]
  410  0.04% 98.33%       168    3       168     3 300003 char[]
  411  0.04% 98.37%       168    1       168     1 300008 char[]
  412  0.03% 98.40%       160    5       160     5 300120 java.lang.String
  413  0.03% 98.44%       160    5       160     5 300119 java.lang.String
  414  0.03% 98.47%       144    6       144     6 300114 java.lang.StringBuilder
  415  0.03% 98.50%       144    3       144     3 300051 char[]
  416  0.03% 98.53%       144    3       144     3 300040 char[]
  417  0.03% 98.56%       128    4       128     4 300078 java.lang.String
  418  0.03% 98.59%       128    4       128     4 300043 java.lang.String
  419  0.03% 98.61%       128    4       128     4 300063 java.util.HashMap$Entry
  420  0.03% 98.64%       128    4       128     4 300034 java.lang.String
  421  0.03% 98.67%       120    3       120     3 300049 sun.misc.URLClassPath$JarLoader
  422  0.03% 98.69%       120    5       120     5 300116 java.lang.StringBuilder
  423  0.03% 98.72%       120    1       120     1 300091 char[]
  424  0.02% 98.74%       112    2       112     2 300029 char[]
  425  0.02% 98.77%       104    1       104     1 300141 sun.net.www.protocol.file.FileURLConnection
  426  0.02% 98.79%        96    2        96     2 300126 java.util.HashMap
  427  0.02% 98.81%        96    3        96     3 300059 java.lang.String
  428  0.02% 98.83%        96    3        96     3 300045 java.lang.String
  429  0.02% 98.85%        96    4        96     4 300076 java.lang.StringBuffer
  430  0.02% 98.87%        96    3        96     3 300062 java.lang.String
  431  0.02% 98.89%        96    4        96     4 300032 java.lang.StringBuilder
  432  0.02% 98.91%        96    4        96     4 300041 java.lang.StringBuffer
  433  0.02% 98.93%        96    2        96     2 300087 char[]
  434  0.02% 98.95%        96    4        96     4 300037 sun.misc.URLClassPath$3
  435  0.02% 98.97%        96    3        96     3 300054 java.lang.String
  436  0.02% 98.99%        88    1        88     1 300224 char[]
  437  0.02% 99.01%        80    1        80     1 300159 java.util.HashMap$Entry[]
  438  0.02% 99.03%        80    1        80     1 300140 java.util.HashMap$Entry[]
  439  0.02% 99.04%        80    2        80     2 300081 java.util.LinkedHashMap$Entry
  440  0.02% 99.06%        80    1        80     1 300127 java.util.HashMap$Entry[]
  441  0.02% 99.08%        80    1        80     1 300194 java.util.HashMap$Entry[]
  442  0.02% 99.09%        72    3        72     3 300048 java.net.Parts
  443  0.02% 99.11%        72    3        72     3 300050 java.lang.StringBuilder
  444  0.02% 99.12%        72    1        72     1 300162 java.lang.reflect.Field
  445  0.02% 99.14%        72    3        72     3 300039 java.lang.StringBuilder
  446  0.02% 99.16%        72    3        72     3 300057 java.lang.StringBuffer
  447  0.02% 99.17%        72    3        72     3 300056 java.io.File
  448  0.01% 99.19%        64    1        64     1 300085 java.net.URL
  449  0.01% 99.20%        64    1        64     1 300211 java.lang.StackTraceElement[]
  450  0.01% 99.21%        64    1        64     1 300136 java.util.Hashtable$Entry[]
  451  0.01% 99.23%        64    1        64     1 300095 java.net.URL
  452  0.01% 99.24%        64    2        64     2 300088 java.lang.String
  453  0.01% 99.25%        64    2        64     2 300183 java.util.HashMap$Entry
  454  0.01% 99.27%        64    2        64     2 300030 java.lang.String
  455  0.01% 99.28%        56    1        56     1 300225 java.lang.Runnable[]
  456  0.01% 99.29%        56    1        56     1 300182 java.lang.Object[]
  457  0.01% 99.30%        56    1        56     1 300092 char[]
  458  0.01% 99.32%        56    1        56     1 300094 char[]
  459  0.01% 99.33%        48    1        48     1 300073 char[]
  460  0.01% 99.34%        48    2        48     2 300080 java.io.ExpiringCache$Entry
  461  0.01% 99.35%        48    1        48     1 300135 java.util.Hashtable
  462  0.01% 99.36%        48    1        48     1 300021 sun.nio.cs.MS1252$Decoder
  463  0.01% 99.37%        48    2        48     2 300169 java.io.File
  464  0.01% 99.38%        48    2        48     2 300086 java.lang.StringBuilder
  465  0.01% 99.39%        48    1        48     1 300171 char[]
  466  0.01% 99.40%        48    1        48     1 300193 java.util.HashMap
  467  0.01% 99.41%        48    1        48     1 300139 java.util.HashMap
  468  0.01% 99.42%        48    3        48     3 300002 java.lang.Object
  469  0.01% 99.43%        48    1        48     1 300147 char[]
  470  0.01% 99.44%        48    1        48     1 300129 char[]
  471  0.01% 99.45%        48    1        48     1 300005 char[]
  472  0.01% 99.46%        48    1        48     1 300208 char[]
  473  0.01% 99.47%        48    1        48     1 300025 java.nio.HeapByteBuffer
SITES END
