HEAP DUMP BEGIN (5671 objects, 491872 bytes) Tue Sep 18 13:09:35 2012
ROOT 0 (kind=<thread>, id=200000, trace=300000)
ROOT 500000d6 (kind=<JNI global ref>, id=1, trace=300000)
ROOT 500000bf (kind=<JNI global ref>, id=2, trace=300000)
ROOT 50000001 (kind=<JNI global ref>, id=3, trace=300000)
ROOT 5000011a (kind=<JNI global ref>, id=4, trace=300000)
ROOT 50000002 (kind=<JNI global ref>, id=5, trace=300000)
ROOT 50000021 (kind=<JNI global ref>, id=6, trace=300000)
ROOT 50000003 (kind=<JNI global ref>, id=7, trace=300000)
ROOT 50000004 (kind=<JNI global ref>, id=8, trace=300000)
ROOT 50000005 (kind=<JNI global ref>, id=9, trace=300000)
ROOT 500000dc (kind=<JNI global ref>, id=a, trace=300000)
ROOT 50000006 (kind=<JNI global ref>, id=b, trace=300000)
ROOT 50000007 (kind=<JNI global ref>, id=c, trace=300000)
ROOT 50000008 (kind=<JNI global ref>, id=d, trace=300000)
ROOT 50000009 (kind=<JNI global ref>, id=e, trace=300000)
ROOT 5000000a (kind=<JNI global ref>, id=f, trace=300000)
ROOT 5000000b (kind=<JNI global ref>, id=10, trace=300000)
ROOT 5000003d (kind=<JNI global ref>, id=11, trace=300000)
ROOT 5000000c (kind=<JNI global ref>, id=12, trace=300000)
ROOT 500000f6 (kind=<JNI global ref>, id=13, trace=300000)
ROOT 5000000d (kind=<JNI global ref>, id=14, trace=300000)
ROOT 5000000e (kind=<JNI global ref>, id=15, trace=300000)
ROOT 50000082 (kind=<JNI global ref>, id=16, trace=300000)
ROOT 5000000f (kind=<JNI global ref>, id=17, trace=300000)
ROOT 50000010 (kind=<JNI global ref>, id=18, trace=300000)
ROOT 50000011 (kind=<JNI global ref>, id=19, trace=300000)
ROOT 50000012 (kind=<JNI global ref>, id=1a, trace=300000)
ROOT 50000013 (kind=<JNI global ref>, id=1b, trace=300000)
ROOT 50000014 (kind=<JNI global ref>, id=1c, trace=300000)
ROOT 50000015 (kind=<JNI global ref>, id=1d, trace=300000)
ROOT 50000016 (kind=<JNI global ref>, id=1e, trace=300000)
ROOT 500000da (kind=<JNI global ref>, id=1f, trace=300000)
ROOT 50000017 (kind=<JNI global ref>, id=20, trace=300000)
ROOT 50000055 (kind=<JNI global ref>, id=21, trace=300000)
ROOT 50000018 (kind=<JNI global ref>, id=22, trace=300000)
ROOT 50000019 (kind=<JNI global ref>, id=23, trace=300000)
ROOT 5000001a (kind=<JNI global ref>, id=24, trace=300000)
ROOT 5000001b (kind=<JNI global ref>, id=25, trace=300000)
ROOT 50000080 (kind=<JNI global ref>, id=26, trace=300000)
ROOT 5000001c (kind=<JNI global ref>, id=27, trace=300000)
ROOT 5000001d (kind=<JNI global ref>, id=28, trace=300000)
ROOT 5000005e (kind=<JNI global ref>, id=29, trace=300000)
ROOT 5000001e (kind=<JNI global ref>, id=2a, trace=300000)
ROOT 5000001f (kind=<JNI global ref>, id=2b, trace=300000)
ROOT 50000121 (kind=<JNI global ref>, id=2c, trace=300000)
ROOT 50000020 (kind=<JNI global ref>, id=2d, trace=300000)
ROOT 50000052 (kind=<JNI global ref>, id=2e, trace=300000)
ROOT 50000022 (kind=<JNI global ref>, id=2f, trace=300000)
ROOT 50000023 (kind=<JNI global ref>, id=30, trace=300000)
ROOT 50000024 (kind=<JNI global ref>, id=31, trace=300000)
ROOT 50000025 (kind=<JNI global ref>, id=32, trace=300000)
ROOT 500000c5 (kind=<JNI global ref>, id=33, trace=300000)
ROOT 50000026 (kind=<JNI global ref>, id=34, trace=300000)
ROOT 50000027 (kind=<JNI global ref>, id=35, trace=300000)
ROOT 50000028 (kind=<JNI global ref>, id=36, trace=300000)
ROOT 50000104 (kind=<JNI global ref>, id=37, trace=300000)
ROOT 50000029 (kind=<JNI global ref>, id=38, trace=300000)
ROOT 5000002a (kind=<JNI global ref>, id=39, trace=300000)
ROOT 5000002b (kind=<JNI global ref>, id=3a, trace=300000)
ROOT 5000003a (kind=<JNI global ref>, id=3b, trace=300000)
ROOT 5000002c (kind=<JNI global ref>, id=3c, trace=300000)
ROOT 5000002d (kind=<JNI global ref>, id=3d, trace=300000)
ROOT 5000009a (kind=<JNI global ref>, id=3e, trace=300000)
ROOT 5000002e (kind=<JNI global ref>, id=3f, trace=300000)
ROOT 5000002f (kind=<JNI global ref>, id=40, trace=300000)
ROOT 50000030 (kind=<JNI global ref>, id=41, trace=300000)
ROOT 50000031 (kind=<JNI global ref>, id=42, trace=300000)
ROOT 50000032 (kind=<JNI global ref>, id=43, trace=300000)
ROOT 50000033 (kind=<JNI global ref>, id=44, trace=300000)
ROOT 50000034 (kind=<JNI global ref>, id=45, trace=300000)
ROOT 50000035 (kind=<JNI global ref>, id=46, trace=300000)
ROOT 50000036 (kind=<JNI global ref>, id=47, trace=300000)
ROOT 50000037 (kind=<JNI global ref>, id=48, trace=300000)
ROOT 50000038 (kind=<JNI global ref>, id=49, trace=300000)
ROOT 50000039 (kind=<JNI global ref>, id=4a, trace=300000)
ROOT 5000003b (kind=<JNI global ref>, id=4b, trace=300000)
ROOT 50000131 (kind=<JNI global ref>, id=4c, trace=300000)
ROOT 5000003c (kind=<JNI global ref>, id=4d, trace=300000)
ROOT 5000003e (kind=<JNI global ref>, id=4e, trace=300000)
ROOT 5000003f (kind=<JNI global ref>, id=4f, trace=300000)
ROOT 50000089 (kind=<JNI global ref>, id=50, trace=300000)
ROOT 50000040 (kind=<JNI global ref>, id=51, trace=300000)
ROOT 50000041 (kind=<JNI global ref>, id=52, trace=300000)
ROOT 50000042 (kind=<JNI global ref>, id=53, trace=300000)
ROOT 50000043 (kind=<JNI global ref>, id=54, trace=300000)
ROOT 50000044 (kind=<JNI global ref>, id=55, trace=300000)
ROOT 50000045 (kind=<JNI global ref>, id=56, trace=300000)
ROOT 50000046 (kind=<JNI global ref>, id=57, trace=300000)
ROOT 50000047 (kind=<JNI global ref>, id=58, trace=300000)
ROOT 50000048 (kind=<JNI global ref>, id=59, trace=300000)
ROOT 50000049 (kind=<JNI global ref>, id=5a, trace=300000)
ROOT 5000004a (kind=<JNI global ref>, id=5b, trace=300000)
ROOT 5000004b (kind=<JNI global ref>, id=5c, trace=300000)
ROOT 5000004c (kind=<JNI global ref>, id=5d, trace=300000)
ROOT 5000004d (kind=<JNI global ref>, id=5e, trace=300000)
ROOT 5000004e (kind=<JNI global ref>, id=5f, trace=300000)
ROOT 5000004f (kind=<JNI global ref>, id=60, trace=300000)
ROOT 50000050 (kind=<JNI global ref>, id=61, trace=300000)
ROOT 5000006e (kind=<JNI global ref>, id=62, trace=300000)
ROOT 50000051 (kind=<JNI global ref>, id=63, trace=300000)
ROOT 50000053 (kind=<JNI global ref>, id=64, trace=300000)
ROOT 500000f2 (kind=<JNI global ref>, id=65, trace=300000)
ROOT 50000054 (kind=<JNI global ref>, id=66, trace=300000)
ROOT 50000056 (kind=<JNI global ref>, id=67, trace=300000)
ROOT 50000057 (kind=<JNI global ref>, id=68, trace=300000)
ROOT 50000058 (kind=<JNI global ref>, id=69, trace=300000)
ROOT 50000059 (kind=<JNI global ref>, id=6a, trace=300000)
ROOT 50000075 (kind=<JNI global ref>, id=6b, trace=300000)
ROOT 5000005a (kind=<JNI global ref>, id=6c, trace=300000)
ROOT 5000005b (kind=<JNI global ref>, id=6d, trace=300000)
ROOT 5000005c (kind=<JNI global ref>, id=6e, trace=300000)
ROOT 5000005d (kind=<JNI global ref>, id=6f, trace=300000)
ROOT 5000005f (kind=<JNI global ref>, id=70, trace=300000)
ROOT 50000060 (kind=<JNI global ref>, id=71, trace=300000)
ROOT 500000f0 (kind=<JNI global ref>, id=72, trace=300000)
ROOT 50000061 (kind=<JNI global ref>, id=73, trace=300000)
ROOT 500000c0 (kind=<JNI global ref>, id=74, trace=300000)
ROOT 50000062 (kind=<JNI global ref>, id=75, trace=300000)
ROOT 50000063 (kind=<JNI global ref>, id=76, trace=300000)
ROOT 50000064 (kind=<JNI global ref>, id=77, trace=300000)
ROOT 50000065 (kind=<JNI global ref>, id=78, trace=300000)
ROOT 50000066 (kind=<JNI global ref>, id=79, trace=300000)
ROOT 50000067 (kind=<JNI global ref>, id=7a, trace=300000)
ROOT 50000068 (kind=<JNI global ref>, id=7b, trace=300000)
ROOT 50000069 (kind=<JNI global ref>, id=7c, trace=300000)
ROOT 5000006a (kind=<JNI global ref>, id=7d, trace=300000)
ROOT 5000006b (kind=<JNI global ref>, id=7e, trace=300000)
ROOT 5000006c (kind=<JNI global ref>, id=7f, trace=300000)
ROOT 5000006d (kind=<JNI global ref>, id=80, trace=300000)
ROOT 500000d8 (kind=<JNI global ref>, id=81, trace=300000)
ROOT 5000006f (kind=<JNI global ref>, id=82, trace=300000)
ROOT 50000070 (kind=<JNI global ref>, id=83, trace=300000)
ROOT 50000071 (kind=<JNI global ref>, id=84, trace=300000)
ROOT 50000072 (kind=<JNI global ref>, id=85, trace=300000)
ROOT 50000073 (kind=<JNI global ref>, id=86, trace=300000)
ROOT 50000074 (kind=<JNI global ref>, id=87, trace=300000)
ROOT 500000a4 (kind=<JNI global ref>, id=88, trace=300000)
ROOT 50000076 (kind=<JNI global ref>, id=89, trace=300000)
ROOT 50000085 (kind=<JNI global ref>, id=8a, trace=300000)
ROOT 50000077 (kind=<JNI global ref>, id=8b, trace=300000)
ROOT 50000078 (kind=<JNI global ref>, id=8c, trace=300000)
ROOT 50000079 (kind=<JNI global ref>, id=8d, trace=300000)
ROOT 5000007a (kind=<JNI global ref>, id=8e, trace=300000)
ROOT 5000007b (kind=<JNI global ref>, id=8f, trace=300000)
ROOT 5000007c (kind=<JNI global ref>, id=90, trace=300000)
ROOT 5000007d (kind=<JNI global ref>, id=91, trace=300000)
ROOT 5000007e (kind=<JNI global ref>, id=92, trace=300000)
ROOT 5000007f (kind=<JNI global ref>, id=93, trace=300000)
ROOT 500000c2 (kind=<JNI global ref>, id=94, trace=300000)
ROOT 50000081 (kind=<JNI global ref>, id=95, trace=300000)
ROOT 50000083 (kind=<JNI global ref>, id=96, trace=300000)
ROOT 50000084 (kind=<JNI global ref>, id=97, trace=300000)
ROOT 50000138 (kind=<JNI global ref>, id=98, trace=300000)
ROOT 50000086 (kind=<JNI global ref>, id=99, trace=300000)
ROOT 50000087 (kind=<JNI global ref>, id=9a, trace=300000)
ROOT 50000088 (kind=<JNI global ref>, id=9b, trace=300000)
ROOT 5000008a (kind=<JNI global ref>, id=9c, trace=300000)
ROOT 5000008b (kind=<JNI global ref>, id=9d, trace=300000)
ROOT 5000008c (kind=<JNI global ref>, id=9e, trace=300000)
ROOT 5000008d (kind=<JNI global ref>, id=9f, trace=300000)
ROOT 5000008e (kind=<JNI global ref>, id=a0, trace=300000)
ROOT 5000008f (kind=<JNI global ref>, id=a1, trace=300000)
ROOT 5000009d (kind=<JNI global ref>, id=a2, trace=300000)
ROOT 50000090 (kind=<JNI global ref>, id=a3, trace=300000)
ROOT 50000091 (kind=<JNI global ref>, id=a4, trace=300000)
ROOT 50000092 (kind=<JNI global ref>, id=a5, trace=300000)
ROOT 50000093 (kind=<JNI global ref>, id=a6, trace=300000)
ROOT 500000ff (kind=<JNI global ref>, id=a7, trace=300000)
ROOT 50000094 (kind=<JNI global ref>, id=a8, trace=300000)
ROOT 50000095 (kind=<JNI global ref>, id=a9, trace=300000)
ROOT 50000096 (kind=<JNI global ref>, id=aa, trace=300000)
ROOT 50000097 (kind=<JNI global ref>, id=ab, trace=300000)
ROOT 50000098 (kind=<JNI global ref>, id=ac, trace=300000)
ROOT 50000099 (kind=<JNI global ref>, id=ad, trace=300000)
ROOT 5000009b (kind=<JNI global ref>, id=ae, trace=300000)
ROOT 5000009c (kind=<JNI global ref>, id=af, trace=300000)
ROOT 5000009e (kind=<JNI global ref>, id=b0, trace=300000)
ROOT 5000009f (kind=<JNI global ref>, id=b1, trace=300000)
ROOT 500000a0 (kind=<JNI global ref>, id=b2, trace=300000)
ROOT 500000a1 (kind=<JNI global ref>, id=b3, trace=300000)
ROOT 500000a2 (kind=<JNI global ref>, id=b4, trace=300000)
ROOT 500000a3 (kind=<JNI global ref>, id=b5, trace=300000)
ROOT 500000a5 (kind=<JNI global ref>, id=b6, trace=300000)
ROOT 500000a6 (kind=<JNI global ref>, id=b7, trace=300000)
ROOT 500000a7 (kind=<JNI global ref>, id=b8, trace=300000)
ROOT 500000a8 (kind=<JNI global ref>, id=b9, trace=300000)
ROOT 500000a9 (kind=<JNI global ref>, id=ba, trace=300000)
ROOT 500000aa (kind=<JNI global ref>, id=bb, trace=300000)
ROOT 500000ab (kind=<JNI global ref>, id=bc, trace=300000)
ROOT 500000ac (kind=<JNI global ref>, id=bd, trace=300000)
ROOT 500000ad (kind=<JNI global ref>, id=be, trace=300000)
ROOT 500000ae (kind=<JNI global ref>, id=bf, trace=300000)
ROOT 500000af (kind=<JNI global ref>, id=c0, trace=300000)
ROOT 500000b0 (kind=<JNI global ref>, id=c1, trace=300000)
ROOT 500000b1 (kind=<JNI global ref>, id=c2, trace=300000)
ROOT 500000b2 (kind=<JNI global ref>, id=c3, trace=300000)
ROOT 500000b3 (kind=<JNI global ref>, id=c4, trace=300000)
ROOT 500000b4 (kind=<JNI global ref>, id=c5, trace=300000)
ROOT 500000b5 (kind=<JNI global ref>, id=c6, trace=300000)
ROOT 500000b6 (kind=<JNI global ref>, id=c7, trace=300000)
ROOT 50000116 (kind=<JNI global ref>, id=c8, trace=300000)
ROOT 500000b7 (kind=<JNI global ref>, id=c9, trace=300000)
ROOT 50000117 (kind=<JNI global ref>, id=ca, trace=300000)
ROOT 500000b8 (kind=<JNI global ref>, id=cb, trace=300000)
ROOT 500000b9 (kind=<JNI global ref>, id=cc, trace=300000)
ROOT 500000ba (kind=<JNI global ref>, id=cd, trace=300000)
ROOT 500000bb (kind=<JNI global ref>, id=ce, trace=300000)
ROOT 500000bc (kind=<JNI global ref>, id=cf, trace=300000)
ROOT 500000bd (kind=<JNI global ref>, id=d0, trace=300000)
ROOT 500000be (kind=<JNI global ref>, id=d1, trace=300000)
ROOT 500000bf (kind=<JNI global ref>, id=d2, trace=300000)
ROOT 500000c1 (kind=<JNI global ref>, id=d3, trace=300000)
ROOT 500000c3 (kind=<JNI global ref>, id=d4, trace=300000)
ROOT 500000c4 (kind=<JNI global ref>, id=d5, trace=300000)
ROOT 500000c6 (kind=<JNI global ref>, id=d6, trace=300000)
ROOT 500000c7 (kind=<JNI global ref>, id=d7, trace=300000)
ROOT 500000c8 (kind=<JNI global ref>, id=d8, trace=300000)
ROOT 500000c9 (kind=<JNI global ref>, id=d9, trace=300000)
ROOT 500000ca (kind=<JNI global ref>, id=da, trace=300000)
ROOT 500000cb (kind=<JNI global ref>, id=db, trace=300000)
ROOT 500000cc (kind=<JNI global ref>, id=dc, trace=300000)
ROOT 500000cd (kind=<JNI global ref>, id=dd, trace=300000)
ROOT 500000ce (kind=<JNI global ref>, id=de, trace=300000)
ROOT 500000cf (kind=<JNI global ref>, id=df, trace=300000)
ROOT 500000d0 (kind=<JNI global ref>, id=e0, trace=300000)
ROOT 500000d1 (kind=<JNI global ref>, id=e1, trace=300000)
ROOT 500000d2 (kind=<JNI global ref>, id=e2, trace=300000)
ROOT 500000d3 (kind=<JNI global ref>, id=e3, trace=300000)
ROOT 500000d4 (kind=<JNI global ref>, id=e4, trace=300000)
ROOT 500000d5 (kind=<JNI global ref>, id=e5, trace=300000)
ROOT 500000d6 (kind=<JNI global ref>, id=e6, trace=300000)
ROOT 500000d7 (kind=<JNI global ref>, id=e7, trace=300000)
ROOT 500000d9 (kind=<JNI global ref>, id=e8, trace=300000)
ROOT 500000db (kind=<JNI global ref>, id=e9, trace=300000)
ROOT 500000dd (kind=<JNI global ref>, id=ea, trace=300000)
ROOT 500000de (kind=<JNI global ref>, id=eb, trace=300000)
ROOT 500000df (kind=<JNI global ref>, id=ec, trace=300000)
ROOT 500000e0 (kind=<JNI global ref>, id=ed, trace=300000)
ROOT 500000e1 (kind=<JNI global ref>, id=ee, trace=300000)
ROOT 500000e2 (kind=<JNI global ref>, id=ef, trace=300000)
ROOT 500000e3 (kind=<JNI global ref>, id=f0, trace=300000)
ROOT 500000e4 (kind=<JNI global ref>, id=f1, trace=300000)
ROOT 500000e5 (kind=<JNI global ref>, id=f2, trace=300000)
ROOT 500000e6 (kind=<JNI global ref>, id=f3, trace=300000)
ROOT 500000e7 (kind=<JNI global ref>, id=f4, trace=300000)
ROOT 500000e8 (kind=<JNI global ref>, id=f5, trace=300000)
ROOT 500000e9 (kind=<JNI global ref>, id=f6, trace=300000)
ROOT 500000ea (kind=<JNI global ref>, id=f7, trace=300000)
ROOT 500000eb (kind=<JNI global ref>, id=f8, trace=300000)
ROOT 500000ec (kind=<JNI global ref>, id=f9, trace=300000)
ROOT 500000ed (kind=<JNI global ref>, id=fa, trace=300000)
ROOT 500000ee (kind=<JNI global ref>, id=fb, trace=300000)
ROOT 500000ef (kind=<JNI global ref>, id=fc, trace=300000)
ROOT 500000f1 (kind=<JNI global ref>, id=fd, trace=300000)
ROOT 500000f3 (kind=<JNI global ref>, id=fe, trace=300000)
ROOT 500000f4 (kind=<JNI global ref>, id=ff, trace=300000)
ROOT 500000f5 (kind=<JNI global ref>, id=100, trace=300000)
ROOT 500000f7 (kind=<JNI global ref>, id=101, trace=300000)
ROOT 500000f8 (kind=<JNI global ref>, id=102, trace=300000)
ROOT 500000f9 (kind=<JNI global ref>, id=103, trace=300000)
ROOT 500000fa (kind=<JNI global ref>, id=104, trace=300000)
ROOT 500000fb (kind=<JNI global ref>, id=105, trace=300000)
ROOT 500000fc (kind=<JNI global ref>, id=106, trace=300000)
ROOT 500000fd (kind=<JNI global ref>, id=107, trace=300000)
ROOT 500000fe (kind=<JNI global ref>, id=108, trace=300000)
ROOT 50000100 (kind=<JNI global ref>, id=109, trace=300000)
ROOT 50000101 (kind=<JNI global ref>, id=10a, trace=300000)
ROOT 50000102 (kind=<JNI global ref>, id=10b, trace=300000)
ROOT 50000103 (kind=<JNI global ref>, id=10c, trace=300000)
ROOT 50000105 (kind=<JNI global ref>, id=10d, trace=300000)
ROOT 50000106 (kind=<JNI global ref>, id=10e, trace=300000)
ROOT 50000107 (kind=<JNI global ref>, id=10f, trace=300000)
ROOT 50000108 (kind=<JNI global ref>, id=110, trace=300000)
ROOT 50000109 (kind=<JNI global ref>, id=111, trace=300000)
ROOT 5000010a (kind=<JNI global ref>, id=112, trace=300000)
ROOT 5000010b (kind=<JNI global ref>, id=113, trace=300000)
ROOT 5000010c (kind=<JNI global ref>, id=114, trace=300000)
ROOT 5000010d (kind=<JNI global ref>, id=115, trace=300000)
ROOT 5000010e (kind=<JNI global ref>, id=116, trace=300000)
ROOT 5000010f (kind=<JNI global ref>, id=117, trace=300000)
ROOT 50000110 (kind=<JNI global ref>, id=118, trace=300000)
ROOT 50000111 (kind=<JNI global ref>, id=119, trace=300000)
ROOT 50000112 (kind=<JNI global ref>, id=11a, trace=300000)
ROOT 50000113 (kind=<JNI global ref>, id=11b, trace=300000)
ROOT 50000114 (kind=<JNI global ref>, id=11c, trace=300000)
ROOT 50000115 (kind=<JNI global ref>, id=11d, trace=300000)
ROOT 50000118 (kind=<JNI global ref>, id=11e, trace=300000)
ROOT 50000119 (kind=<JNI global ref>, id=11f, trace=300000)
ROOT 5000011b (kind=<JNI global ref>, id=120, trace=300000)
ROOT 5000011c (kind=<JNI global ref>, id=121, trace=300000)
ROOT 5000011d (kind=<JNI global ref>, id=122, trace=300000)
ROOT 5000011e (kind=<JNI global ref>, id=123, trace=300000)
ROOT 5000011f (kind=<JNI global ref>, id=124, trace=300000)
ROOT 50000120 (kind=<JNI global ref>, id=125, trace=300000)
ROOT 50000122 (kind=<JNI global ref>, id=126, trace=300000)
ROOT 50000123 (kind=<JNI global ref>, id=127, trace=300000)
ROOT 50000124 (kind=<JNI global ref>, id=128, trace=300000)
ROOT 50000125 (kind=<JNI global ref>, id=129, trace=300000)
ROOT 50000126 (kind=<JNI global ref>, id=12a, trace=300000)
ROOT 50000127 (kind=<JNI global ref>, id=12b, trace=300000)
ROOT 50000128 (kind=<JNI global ref>, id=12c, trace=300000)
ROOT 50000129 (kind=<JNI global ref>, id=12d, trace=300000)
ROOT 5000012a (kind=<JNI global ref>, id=12e, trace=300000)
ROOT 5000012b (kind=<JNI global ref>, id=12f, trace=300000)
ROOT 5000012c (kind=<JNI global ref>, id=130, trace=300000)
ROOT 5000012d (kind=<JNI global ref>, id=131, trace=300000)
ROOT 5000012e (kind=<JNI global ref>, id=132, trace=300000)
ROOT 5000012f (kind=<JNI global ref>, id=133, trace=300000)
ROOT 50000130 (kind=<JNI global ref>, id=134, trace=300000)
ROOT 50000132 (kind=<JNI global ref>, id=135, trace=300000)
ROOT 50000133 (kind=<JNI global ref>, id=136, trace=300000)
ROOT 50000134 (kind=<JNI global ref>, id=137, trace=300000)
ROOT 50000135 (kind=<JNI global ref>, id=138, trace=300000)
ROOT 50000136 (kind=<JNI global ref>, id=139, trace=300000)
ROOT 50000137 (kind=<JNI global ref>, id=13a, trace=300000)
ROOT 50000139 (kind=<JNI global ref>, id=13b, trace=300000)
ROOT 5000013a (kind=<JNI global ref>, id=13c, trace=300000)
ROOT 5000013b (kind=<JNI global ref>, id=13d, trace=300000)
ROOT 5000013c (kind=<JNI global ref>, id=13e, trace=300000)
ROOT 5000013d (kind=<JNI global ref>, id=13f, trace=300000)
ROOT 5000013e (kind=<JNI global ref>, id=140, trace=300000)
ROOT 5000013f (kind=<JNI global ref>, id=141, trace=300000)
ROOT 50000140 (kind=<JNI global ref>, id=142, trace=300000)
ROOT 50000141 (kind=<JNI global ref>, id=143, trace=300000)
ROOT 50000142 (kind=<JNI global ref>, id=144, trace=300000)
ROOT 50000143 (kind=<JNI global ref>, id=145, trace=300000)
ROOT 50001628 (kind=<JNI global ref>, id=146, trace=300000)
ROOT 50001629 (kind=<JNI global ref>, id=147, trace=300000)
ROOT 50000021 (kind=<JNI global ref>, id=148, trace=300000)
ROOT 50000021 (kind=<JNI global ref>, id=149, trace=300000)
ROOT 500000d6 (kind=<JNI global ref>, id=14a, trace=300000)
ROOT 500000d6 (kind=<JNI global ref>, id=14b, trace=300000)
ROOT 50000070 (kind=<JNI global ref>, id=14c, trace=300000)
ROOT 50000070 (kind=<JNI global ref>, id=14d, trace=300000)
ROOT 50000031 (kind=<JNI global ref>, id=14e, trace=300000)
ROOT 50000031 (kind=<JNI global ref>, id=14f, trace=300000)
ROOT 500000f2 (kind=<JNI global ref>, id=150, trace=300000)
ROOT 500000f2 (kind=<JNI global ref>, id=151, trace=300000)
ROOT 500000a2 (kind=<JNI global ref>, id=152, trace=300000)
ROOT 500000a2 (kind=<JNI global ref>, id=153, trace=300000)
ROOT 50000087 (kind=<JNI global ref>, id=154, trace=300000)
ROOT 50000087 (kind=<JNI global ref>, id=155, trace=300000)
ROOT 50000104 (kind=<JNI global ref>, id=156, trace=300000)
ROOT 50000104 (kind=<JNI global ref>, id=157, trace=300000)
ROOT 50000028 (kind=<JNI global ref>, id=158, trace=300000)
ROOT 50000028 (kind=<JNI global ref>, id=159, trace=300000)
ROOT 5000008b (kind=<JNI global ref>, id=15a, trace=300000)
ROOT 5000008b (kind=<JNI global ref>, id=15b, trace=300000)
ROOT 5000006a (kind=<JNI global ref>, id=15c, trace=300000)
ROOT 5000006a (kind=<JNI global ref>, id=15d, trace=300000)
ROOT 50000082 (kind=<JNI global ref>, id=15e, trace=300000)
ROOT 50000082 (kind=<JNI global ref>, id=15f, trace=300000)
ROOT 500000f1 (kind=<JNI global ref>, id=160, trace=300000)
ROOT 500000f1 (kind=<JNI global ref>, id=161, trace=300000)
ROOT 500000cf (kind=<JNI global ref>, id=162, trace=300000)
ROOT 500000cf (kind=<JNI global ref>, id=163, trace=300000)
ROOT 5000006c (kind=<JNI global ref>, id=164, trace=300000)
ROOT 5000006c (kind=<JNI global ref>, id=165, trace=300000)
ROOT 50000001 (kind=<JNI global ref>, id=166, trace=300000)
ROOT 5000011a (kind=<JNI global ref>, id=167, trace=300000)
ROOT 5000011a (kind=<JNI global ref>, id=168, trace=300000)
ROOT 50000001 (kind=<JNI global ref>, id=169, trace=300000)
ROOT 50000014 (kind=<JNI global ref>, id=16a, trace=300000)
ROOT 50000014 (kind=<JNI global ref>, id=16b, trace=300000)
ROOT 50000033 (kind=<JNI global ref>, id=16c, trace=300000)
ROOT 50000033 (kind=<JNI global ref>, id=16d, trace=300000)
ROOT 50000067 (kind=<JNI global ref>, id=16e, trace=300000)
ROOT 50000067 (kind=<JNI global ref>, id=16f, trace=300000)
ROOT 50000139 (kind=<JNI global ref>, id=170, trace=300000)
ROOT 50000139 (kind=<JNI global ref>, id=171, trace=300000)
ROOT 50000123 (kind=<JNI global ref>, id=172, trace=300000)
ROOT 50000123 (kind=<JNI global ref>, id=173, trace=300000)
ROOT 5000005f (kind=<JNI global ref>, id=174, trace=300000)
ROOT 5000005f (kind=<JNI global ref>, id=175, trace=300000)
ROOT 50000121 (kind=<JNI global ref>, id=176, trace=300000)
ROOT 50000121 (kind=<JNI global ref>, id=177, trace=300000)
ROOT 50000091 (kind=<JNI global ref>, id=178, trace=300000)
ROOT 50000091 (kind=<JNI global ref>, id=179, trace=300000)
ROOT 500000b3 (kind=<JNI global ref>, id=17a, trace=300000)
ROOT 500000b3 (kind=<JNI global ref>, id=17b, trace=300000)
ROOT 500000ff (kind=<JNI global ref>, id=17c, trace=300000)
ROOT 500000ff (kind=<JNI global ref>, id=17d, trace=300000)
ROOT 5000001f (kind=<JNI global ref>, id=17e, trace=300000)
ROOT 5000001f (kind=<JNI global ref>, id=17f, trace=300000)
ROOT 50000093 (kind=<JNI global ref>, id=180, trace=300000)
ROOT 50000093 (kind=<JNI global ref>, id=181, trace=300000)
ROOT 5000003d (kind=<JNI global ref>, id=182, trace=300000)
ROOT 5000003d (kind=<JNI global ref>, id=183, trace=300000)
ROOT 50000006 (kind=<JNI global ref>, id=184, trace=300000)
ROOT 50000006 (kind=<JNI global ref>, id=185, trace=300000)
ROOT 50000106 (kind=<JNI global ref>, id=186, trace=300000)
ROOT 50000060 (kind=<JNI global ref>, id=187, trace=300000)
ROOT 500000f0 (kind=<JNI global ref>, id=188, trace=300000)
ROOT 500000f0 (kind=<JNI global ref>, id=189, trace=300000)
ROOT 50000060 (kind=<JNI global ref>, id=18a, trace=300000)
ROOT 50000106 (kind=<JNI global ref>, id=18b, trace=300000)
ROOT 5000006e (kind=<JNI global ref>, id=18c, trace=300000)
ROOT 5000006e (kind=<JNI global ref>, id=18d, trace=300000)
ROOT 500000cc (kind=<JNI global ref>, id=18e, trace=300000)
ROOT 500000cc (kind=<JNI global ref>, id=18f, trace=300000)
ROOT 500000e2 (kind=<JNI global ref>, id=190, trace=300000)
ROOT 500000e2 (kind=<JNI global ref>, id=191, trace=300000)
ROOT 50000050 (kind=<JNI global ref>, id=192, trace=300000)
ROOT 50000050 (kind=<JNI global ref>, id=193, trace=300000)
ROOT 5000002e (kind=<JNI global ref>, id=194, trace=300000)
ROOT 5000002e (kind=<JNI global ref>, id=195, trace=300000)
ROOT 50000058 (kind=<JNI global ref>, id=196, trace=300000)
ROOT 50000058 (kind=<JNI global ref>, id=197, trace=300000)
ROOT 50000042 (kind=<JNI global ref>, id=198, trace=300000)
ROOT 50000042 (kind=<JNI global ref>, id=199, trace=300000)
ROOT 50000053 (kind=<JNI global ref>, id=19a, trace=300000)
ROOT 50000053 (kind=<JNI global ref>, id=19b, trace=300000)
ROOT 50000114 (kind=<JNI global ref>, id=19c, trace=300000)
ROOT 50000114 (kind=<JNI global ref>, id=19d, trace=300000)
ROOT 5000000c (kind=<JNI global ref>, id=19e, trace=300000)
ROOT 500000f6 (kind=<JNI global ref>, id=19f, trace=300000)
ROOT 5000005d (kind=<JNI global ref>, id=1a0, trace=300000)
ROOT 5000005d (kind=<JNI global ref>, id=1a1, trace=300000)
ROOT 500000f6 (kind=<JNI global ref>, id=1a2, trace=300000)
ROOT 5000000c (kind=<JNI global ref>, id=1a3, trace=300000)
ROOT 5000008d (kind=<JNI global ref>, id=1a4, trace=300000)
ROOT 50000009 (kind=<JNI global ref>, id=1a5, trace=300000)
ROOT 50000009 (kind=<JNI global ref>, id=1a6, trace=300000)
ROOT 5000008d (kind=<JNI global ref>, id=1a7, trace=300000)
ROOT 50000023 (kind=<JNI global ref>, id=1a8, trace=300000)
ROOT 50000023 (kind=<JNI global ref>, id=1a9, trace=300000)
ROOT 5000012f (kind=<JNI global ref>, id=1aa, trace=300000)
ROOT 5000012f (kind=<JNI global ref>, id=1ab, trace=300000)
ROOT 500000c2 (kind=<JNI global ref>, id=1ac, trace=300000)
ROOT 500000c2 (kind=<JNI global ref>, id=1ad, trace=300000)
ROOT 500000d9 (kind=<JNI global ref>, id=1ae, trace=300000)
ROOT 5000007d (kind=<JNI global ref>, id=1af, trace=300000)
ROOT 5000007d (kind=<JNI global ref>, id=1b0, trace=300000)
ROOT 500000d9 (kind=<JNI global ref>, id=1b1, trace=300000)
ROOT 50000056 (kind=<JNI global ref>, id=1b2, trace=300000)
ROOT 50000056 (kind=<JNI global ref>, id=1b3, trace=300000)
ROOT 500000fd (kind=<JNI global ref>, id=1b4, trace=300000)
ROOT 500000fd (kind=<JNI global ref>, id=1b5, trace=300000)
ROOT 500000e6 (kind=<JNI global ref>, id=1b6, trace=300000)
ROOT 500000e6 (kind=<JNI global ref>, id=1b7, trace=300000)
ROOT 50000047 (kind=<JNI global ref>, id=1b8, trace=300000)
ROOT 50000089 (kind=<JNI global ref>, id=1b9, trace=300000)
ROOT 50000089 (kind=<JNI global ref>, id=1ba, trace=300000)
ROOT 50000047 (kind=<JNI global ref>, id=1bb, trace=300000)
ROOT 50000057 (kind=<JNI global ref>, id=1bc, trace=300000)
ROOT 50000057 (kind=<JNI global ref>, id=1bd, trace=300000)
ROOT 500000a6 (kind=<JNI global ref>, id=1be, trace=300000)
ROOT 500000a6 (kind=<JNI global ref>, id=1bf, trace=300000)
ROOT 50000090 (kind=<JNI global ref>, id=1c0, trace=300000)
ROOT 50000090 (kind=<JNI global ref>, id=1c1, trace=300000)
ROOT 50000044 (kind=<JNI global ref>, id=1c2, trace=300000)
ROOT 50000044 (kind=<JNI global ref>, id=1c3, trace=300000)
ROOT 5000003f (kind=<JNI global ref>, id=1c4, trace=300000)
ROOT 5000003f (kind=<JNI global ref>, id=1c5, trace=300000)
ROOT 5000013c (kind=<JNI global ref>, id=1c6, trace=300000)
ROOT 5000013e (kind=<JNI global ref>, id=1c7, trace=300000)
ROOT 50000142 (kind=<JNI global ref>, id=1c8, trace=300000)
ROOT 50000143 (kind=<JNI global ref>, id=1c9, trace=300000)
ROOT 5000013d (kind=<JNI global ref>, id=1ca, trace=300000)
ROOT 50000140 (kind=<JNI global ref>, id=1cb, trace=300000)
ROOT 5000013f (kind=<JNI global ref>, id=1cc, trace=300000)
ROOT 50000141 (kind=<JNI global ref>, id=1cd, trace=300000)
ROOT 50000157 (kind=<JNI global ref>, id=1ce, trace=300011)
ROOT 5000015a (kind=<JNI global ref>, id=1cf, trace=300014)
ROOT 5000015c (kind=<JNI global ref>, id=1d0, trace=300016)
ROOT 5000015d (kind=<JNI global ref>, id=1d1, trace=300017)
ROOT 50000160 (kind=<JNI global ref>, id=1d2, trace=300019)
ROOT 50000168 (kind=<JNI global ref>, id=1d3, trace=300027)
ROOT 5000016c (kind=<JNI global ref>, id=1d4, trace=300031)
ROOT 50000171 (kind=<JNI global ref>, id=1d5, trace=300036)
ROOT 50000173 (kind=<JNI global ref>, id=1d6, trace=300038)
ROOT 50000174 (kind=<JNI global ref>, id=1d7, trace=300038)
ROOT 500001d4 (kind=<JNI global ref>, id=1d8, trace=300065)
ROOT 500001de (kind=<JNI global ref>, id=1d9, trace=300068)
ROOT 5000020c (kind=<JNI global ref>, id=1da, trace=300100)
ROOT 5000020d (kind=<JNI global ref>, id=1db, trace=300100)
ROOT 50000214 (kind=<JNI global ref>, id=1dc, trace=300107)
ROOT 50000218 (kind=<JNI global ref>, id=1dd, trace=300111)
ROOT 50000246 (kind=<JNI global ref>, id=1de, trace=300134)
ROOT 50000247 (kind=<JNI global ref>, id=1df, trace=300134)
ROOT 50000248 (kind=<JNI global ref>, id=1e0, trace=300134)
ROOT 5000024b (kind=<JNI global ref>, id=1e1, trace=300137)
ROOT 5000024c (kind=<JNI global ref>, id=1e2, trace=300137)
ROOT 50000251 (kind=<JNI global ref>, id=1e3, trace=300142)
ROOT 5000025c (kind=<JNI global ref>, id=1e4, trace=300149)
ROOT 50000260 (kind=<JNI global ref>, id=1e5, trace=300153)
ROOT 50000262 (kind=<JNI global ref>, id=1e6, trace=300155)
ROOT 50000263 (kind=<JNI global ref>, id=1e7, trace=300155)
ROOT 50000264 (kind=<JNI global ref>, id=1e8, trace=300156)
ROOT 50000269 (kind=<JNI global ref>, id=1e9, trace=300160)
ROOT 5000026c (kind=<JNI global ref>, id=1ea, trace=300163)
ROOT 50000287 (kind=<JNI global ref>, id=1eb, trace=300177)
ROOT 5000029a (kind=<JNI global ref>, id=1ec, trace=300184)
ROOT 5000029b (kind=<JNI global ref>, id=1ed, trace=300185)
ROOT 5000029d (kind=<JNI global ref>, id=1ee, trace=300187)
ROOT 500002c3 (kind=<JNI global ref>, id=1ef, trace=300196)
ROOT 500002c4 (kind=<JNI global ref>, id=1f0, trace=300196)
ROOT 500002c7 (kind=<JNI global ref>, id=1f1, trace=300199)
ROOT 500002c9 (kind=<JNI global ref>, id=1f2, trace=300201)
ROOT 500002ca (kind=<JNI global ref>, id=1f3, trace=300202)
ROOT 500002d4 (kind=<JNI global ref>, id=1f4, trace=300207)
ROOT 50001621 (kind=<JNI global ref>, id=1f5, trace=300000)
ROOT 50001623 (kind=<JNI global ref>, id=1f6, trace=300212)
ROOT 50001626 (kind=<JNI global ref>, id=1f7, trace=300000)
ROOT 50001627 (kind=<JNI global ref>, id=1f8, trace=300000)
ROOT 5000162a (kind=<unknown>)
ROOT 50000021 (kind=<system class>, name=java.lang.Object)
ROOT 500000d6 (kind=<system class>, name=java.lang.String)
ROOT 50000070 (kind=<system class>, name=java.lang.Class)
ROOT 50000031 (kind=<system class>, name=java.lang.Cloneable)
ROOT 500000f2 (kind=<system class>, name=java.lang.ClassLoader)
ROOT 500000a2 (kind=<system class>, name=java.io.Serializable)
ROOT 50000087 (kind=<system class>, name=java.lang.System)
ROOT 50000104 (kind=<system class>, name=java.lang.Throwable)
ROOT 50000028 (kind=<system class>, name=java.lang.Error)
ROOT 5000008b (kind=<system class>, name=java.lang.ThreadDeath)
ROOT 5000006a (kind=<system class>, name=java.lang.Exception)
ROOT 50000082 (kind=<system class>, name=java.lang.RuntimeException)
ROOT 500000f1 (kind=<system class>, name=java.security.ProtectionDomain)
ROOT 500000cf (kind=<system class>, name=java.security.AccessControlContext)
ROOT 5000006c (kind=<system class>, name=java.lang.ClassNotFoundException)
ROOT 50000001 (kind=<system class>, name=java.lang.NoClassDefFoundError)
ROOT 5000011a (kind=<system class>, name=java.lang.LinkageError)
ROOT 50000014 (kind=<system class>, name=java.lang.ClassCastException)
ROOT 50000033 (kind=<system class>, name=java.lang.ArrayStoreException)
ROOT 50000067 (kind=<system class>, name=java.lang.VirtualMachineError)
ROOT 50000139 (kind=<system class>, name=java.lang.OutOfMemoryError)
ROOT 50000123 (kind=<system class>, name=java.lang.StackOverflowError)
ROOT 5000005f (kind=<system class>, name=java.lang.IllegalMonitorStateException)
ROOT 50000121 (kind=<system class>, name=java.lang.ref.Reference)
ROOT 50000091 (kind=<system class>, name=java.lang.ref.SoftReference)
ROOT 500000b3 (kind=<system class>, name=java.lang.ref.WeakReference)
ROOT 500000ff (kind=<system class>, name=java.lang.ref.FinalReference)
ROOT 5000001f (kind=<system class>, name=java.lang.ref.PhantomReference)
ROOT 50000093 (kind=<system class>, name=java.lang.ref.Finalizer)
ROOT 5000003d (kind=<system class>, name=java.lang.Thread)
ROOT 50000006 (kind=<system class>, name=java.lang.ThreadGroup)
ROOT 50000106 (kind=<system class>, name=java.util.Properties)
ROOT 5000006e (kind=<system class>, name=java.lang.reflect.AccessibleObject)
ROOT 500000cc (kind=<system class>, name=java.lang.reflect.Field)
ROOT 500000e2 (kind=<system class>, name=java.lang.reflect.Method)
ROOT 50000050 (kind=<system class>, name=java.lang.reflect.Constructor)
ROOT 5000002e (kind=<system class>, name=sun.reflect.MagicAccessorImpl)
ROOT 50000058 (kind=<system class>, name=sun.reflect.MethodAccessorImpl)
ROOT 50000042 (kind=<system class>, name=sun.reflect.ConstructorAccessorImpl)
ROOT 50000053 (kind=<system class>, name=sun.reflect.DelegatingClassLoader)
ROOT 50000114 (kind=<system class>, name=sun.reflect.ConstantPool)
ROOT 5000000c (kind=<system class>, name=sun.reflect.UnsafeStaticFieldAccessorImpl)
ROOT 5000008d (kind=<system class>, name=java.lang.StringBuffer)
ROOT 50000023 (kind=<system class>, name=java.lang.StringBuilder)
ROOT 5000012f (kind=<system class>, name=java.lang.StackTraceElement)
ROOT 500000c2 (kind=<system class>, name=java.nio.Buffer)
ROOT 500000d9 (kind=<system class>, name=sun.misc.AtomicLongCSImpl)
ROOT 50000056 (kind=<system class>, name=sun.misc.PostVMInitHook)
ROOT 500000fd (kind=<system class>, name=java.lang.Boolean)
ROOT 500000e6 (kind=<system class>, name=java.lang.Character)
ROOT 50000047 (kind=<system class>, name=java.lang.Float)
ROOT 50000057 (kind=<system class>, name=java.lang.Double)
ROOT 500000a6 (kind=<system class>, name=java.lang.Byte)
ROOT 50000090 (kind=<system class>, name=java.lang.Short)
ROOT 50000044 (kind=<system class>, name=java.lang.Integer)
ROOT 5000003f (kind=<system class>, name=java.lang.Long)
ROOT 500000fd (kind=<system class>, name=java.lang.Boolean)
ROOT 500000e6 (kind=<system class>, name=java.lang.Character)
ROOT 50000047 (kind=<system class>, name=java.lang.Float)
ROOT 50000057 (kind=<system class>, name=java.lang.Double)
ROOT 500000a6 (kind=<system class>, name=java.lang.Byte)
ROOT 50000090 (kind=<system class>, name=java.lang.Short)
ROOT 50000044 (kind=<system class>, name=java.lang.Integer)
ROOT 5000003f (kind=<system class>, name=java.lang.Long)
ROOT 50000104 (kind=<system class>, name=java.lang.Throwable)
ROOT 50000114 (kind=<system class>, name=sun.reflect.ConstantPool)
ROOT 5000000c (kind=<system class>, name=sun.reflect.UnsafeStaticFieldAccessorImpl)
ROOT 50000001 (kind=<system class>, name=java.lang.NoClassDefFoundError)
ROOT 50000002 (kind=<system class>, name=java.io.FileSystem)
ROOT 50000003 (kind=<system class>, name=java.util.Hashtable$EmptyEnumerator)
ROOT 50000004 (kind=<system class>, name=java.nio.charset.CoderResult)
ROOT 50000005 (kind=<system class>, name=java.io.OutputStreamWriter)
ROOT 50000006 (kind=<system class>, name=java.lang.ThreadGroup)
ROOT 50000008 (kind=<system class>, name=java.io.Win32FileSystem)
ROOT 50000009 (kind=<system class>, name=java.lang.AbstractStringBuilder)
ROOT 5000000a (kind=<system class>, name=java.lang.Iterable)
ROOT 5000000b (kind=<system class>, name=java.lang.ref.Finalizer$FinalizerThread)
ROOT 5000029d (kind=<system class>, name=java.security.BasicPermissionCollection)
ROOT 5000000c (kind=<system class>, name=sun.reflect.UnsafeStaticFieldAccessorImpl)
ROOT 5000000d (kind=<system class>, name=java.net.URLStreamHandlerFactory)
ROOT 5000000e (kind=<system class>, name=java.lang.ArithmeticException)
ROOT 5000000f (kind=<system class>, name=java.util.Hashtable$EmptyIterator)
ROOT 50000010 (kind=<system class>, name=java.nio.charset.CodingErrorAction)
ROOT 50000011 (kind=<system class>, name=java.lang.Appendable)
ROOT 50000287 (kind=<system class>, name=java.io.FilePermissionCollection)
ROOT 50000012 (kind=<system class>, name=java.nio.charset.spi.CharsetProvider)
ROOT 50000013 (kind=<system class>, name=java.util.concurrent.locks.AbstractOwnableSynchronizer)
ROOT 50000014 (kind=<system class>, name=java.lang.ClassCastException)
ROOT 50000015 (kind=<system class>, name=java.util.concurrent.atomic.AtomicReferenceFieldUpdater)
ROOT 50000016 (kind=<system class>, name=java.util.LinkedHashMap$Entry)
ROOT 5000015a (kind=<system class>, name=java.lang.ThreadLocal$ThreadLocalMap)
ROOT 50000017 (kind=<system class>, name=java.util.concurrent.locks.ReentrantLock$Sync)
ROOT 50000018 (kind=<system class>, name=java.util.StringTokenizer)
ROOT 50000019 (kind=<system class>, name=java.lang.reflect.Modifier)
ROOT 500002c7 (kind=<system class>, name=java.security.ProtectionDomain$Key)
ROOT 5000001a (kind=<system class>, name=sun.security.action.GetPropertyAction)
ROOT 5000001b (kind=<system class>, name=sun.nio.cs.StandardCharsets$Classes)
ROOT 5000001c (kind=<system class>, name=java.lang.AssertionStatusDirectives)
ROOT 50001623 (kind=<system class>, name=java.lang.Shutdown$Lock)
ROOT 50000173 (kind=<system class>, name=sun.misc.URLClassPath$Loader)
ROOT 5000001d (kind=<system class>, name=java.security.BasicPermission)
ROOT 5000001e (kind=<system class>, name=java.lang.Class$1)
ROOT 5000001f (kind=<system class>, name=java.lang.ref.PhantomReference)
ROOT 50000020 (kind=<system class>, name=java.util.LinkedHashMap)
ROOT 50000021 (kind=<system class>, name=java.lang.Object)
ROOT 50000023 (kind=<system class>, name=java.lang.StringBuilder)
ROOT 50000024 (kind=<system class>, name=java.lang.Readable)
ROOT 50000025 (kind=<system class>, name=java.util.Stack)
ROOT 500001d4 (kind=<system class>, name=java.security.PrivilegedActionException)
ROOT 50000026 (kind=<system class>, name=java.lang.CharacterDataLatin1)
ROOT 50000027 (kind=<system class>, name=java.lang.System$2)
ROOT 50000028 (kind=<system class>, name=java.lang.Error)
ROOT 5000002a (kind=<system class>, name=sun.misc.SignalHandler)
ROOT 5000002b (kind=<system class>, name=sun.misc.SoftCache)
ROOT 5000002c (kind=<system class>, name=java.io.InputStream)
ROOT 5000002d (kind=<system class>, name=sun.net.www.protocol.file.Handler)
ROOT 5000002e (kind=<system class>, name=sun.reflect.MagicAccessorImpl)
ROOT 5000002f (kind=<system class>, name=java.nio.charset.Charset)
ROOT 50000030 (kind=<system class>, name=com.sun.demo.jvmti.hprof.Tracker)
ROOT 50000031 (kind=<system class>, name=java.lang.Cloneable)
ROOT 50000032 (kind=<system class>, name=sun.misc.URLClassPath)
ROOT 50000033 (kind=<system class>, name=java.lang.ArrayStoreException)
ROOT 50000034 (kind=<system class>, name=java.security.cert.Certificate)
ROOT 50000036 (kind=<system class>, name=sun.reflect.ReflectionFactory$1)
ROOT 50000037 (kind=<system class>, name=java.io.ExpiringCache)
ROOT 50000038 (kind=<system class>, name=java.util.Iterator)
ROOT 50000039 (kind=<system class>, name=sun.reflect.Reflection)
ROOT 5000003a (kind=<system class>, name=java.util.AbstractMap)
ROOT 5000003b (kind=<system class>, name=java.io.InputStreamReader)
ROOT 5000003c (kind=<system class>, name=java.util.Collections)
ROOT 5000003d (kind=<system class>, name=java.lang.Thread)
ROOT 5000003f (kind=<system class>, name=java.lang.Long)
ROOT 50000040 (kind=<system class>, name=java.nio.charset.CharsetDecoder)
ROOT 50000041 (kind=<system class>, name=java.lang.Void)
ROOT 50000042 (kind=<system class>, name=sun.reflect.ConstructorAccessorImpl)
ROOT 50000043 (kind=<system class>, name=sun.misc.NativeSignalHandler)
ROOT 50000044 (kind=<system class>, name=java.lang.Integer)
ROOT 50000045 (kind=<system class>, name=java.lang.ClassLoader$NativeLibrary)
ROOT 50000046 (kind=<system class>, name=java.util.Collections$EmptyMap)
ROOT 50000047 (kind=<system class>, name=java.lang.Float)
ROOT 50000048 (kind=<system class>, name=sun.reflect.ConstructorAccessor)
ROOT 50000049 (kind=<system class>, name=sun.nio.cs.MS1252)
ROOT 50000269 (kind=<system class>, name=java.util.concurrent.atomic.AtomicReference)
ROOT 5000004a (kind=<system class>, name=java.lang.reflect.ReflectAccess)
ROOT 5000004b (kind=<system class>, name=java.lang.Compiler$1)
ROOT 5000004c (kind=<system class>, name=java.lang.IncompatibleClassChangeError)
ROOT 5000004d (kind=<system class>, name=java.security.AccessControlContext$1)
ROOT 5000004e (kind=<system class>, name=java.lang.StringValue)
ROOT 5000004f (kind=<system class>, name=java.nio.charset.CharsetEncoder)
ROOT 50000050 (kind=<system class>, name=java.lang.reflect.Constructor)
ROOT 50000052 (kind=<system class>, name=java.util.HashMap)
ROOT 50000053 (kind=<system class>, name=sun.reflect.DelegatingClassLoader)
ROOT 50000054 (kind=<system class>, name=java.security.PrivilegedExceptionAction)
ROOT 50000055 (kind=<system class>, name=java.util.concurrent.locks.AbstractQueuedSynchronizer)
ROOT 50000056 (kind=<system class>, name=sun.misc.PostVMInitHook)
ROOT 5000029b (kind=<system class>, name=java.security.UnresolvedPermission)
ROOT 50000057 (kind=<system class>, name=java.lang.Double)
ROOT 50000058 (kind=<system class>, name=sun.reflect.MethodAccessorImpl)
ROOT 50000059 (kind=<system class>, name=java.util.HashSet)
ROOT 5000005a (kind=<system class>, name=sun.net.www.protocol.jar.Handler)
ROOT 5000005b (kind=<system class>, name=java.io.FileReader)
ROOT 5000005c (kind=<system class>, name=java.lang.ref.Reference$ReferenceHandler)
ROOT 5000005d (kind=<system class>, name=sun.reflect.FieldAccessorImpl)
ROOT 5000005e (kind=<system class>, name=java.security.Permission)
ROOT 5000005f (kind=<system class>, name=java.lang.IllegalMonitorStateException)
ROOT 50000060 (kind=<system class>, name=java.util.Hashtable)
ROOT 50000061 (kind=<system class>, name=java.nio.charset.CoderResult$2)
ROOT 50000062 (kind=<system class>, name=java.io.FilterInputStream)
ROOT 50000063 (kind=<system class>, name=java.util.Map$Entry)
ROOT 50000065 (kind=<system class>, name=java.lang.ref.ReferenceQueue)
ROOT 50000066 (kind=<system class>, name=java.util.Arrays)
ROOT 50000067 (kind=<system class>, name=java.lang.VirtualMachineError)
ROOT 50000069 (kind=<system class>, name=sun.misc.Unsafe)
ROOT 5000029a (kind=<system class>, name=java.security.AllPermission)
ROOT 5000006a (kind=<system class>, name=java.lang.Exception)
ROOT 5000006b (kind=<system class>, name=sun.reflect.FieldAccessor)
ROOT 5000020c (kind=<system class>, name=sun.misc.Resource)
ROOT 5000006c (kind=<system class>, name=java.lang.ClassNotFoundException)
ROOT 5000006d (kind=<system class>, name=sun.jkernel.DownloadManager$1)
ROOT 5000006e (kind=<system class>, name=java.lang.reflect.AccessibleObject)
ROOT 50000070 (kind=<system class>, name=java.lang.Class)
ROOT 50000072 (kind=<system class>, name=java.nio.charset.CoderResult$1)
ROOT 50000073 (kind=<system class>, name=java.security.SecureClassLoader)
ROOT 50000074 (kind=<system class>, name=java.io.BufferedInputStream)
ROOT 50000075 (kind=<system class>, name=java.util.AbstractSet)
ROOT 50000076 (kind=<system class>, name=java.io.PrintStream)
ROOT 50000077 (kind=<system class>, name=sun.reflect.DelegatingConstructorAccessorImpl)
ROOT 50000078 (kind=<system class>, name=java.util.Set)
ROOT 50000079 (kind=<system class>, name=sun.io.Win32ErrorMode)
ROOT 5000007a (kind=<system class>, name=java.util.concurrent.locks.ReentrantLock)
ROOT 5000007c (kind=<system class>, name=java.lang.ref.ReferenceQueue$Lock)
ROOT 5000007d (kind=<system class>, name=sun.misc.AtomicLong)
ROOT 5000007e (kind=<system class>, name=java.lang.reflect.Array)
ROOT 5000007f (kind=<system class>, name=java.nio.ByteBuffer)
ROOT 50000080 (kind=<system class>, name=sun.util.PreHashedMap)
ROOT 50000247 (kind=<system class>, name=sun.net.www.URLConnection)
ROOT 50000081 (kind=<system class>, name=java.lang.Compiler)
ROOT 50000082 (kind=<system class>, name=java.lang.RuntimeException)
ROOT 50000083 (kind=<system class>, name=java.util.concurrent.ConcurrentHashMap)
ROOT 50000084 (kind=<system class>, name=java.io.FileDescriptor)
ROOT 50000085 (kind=<system class>, name=java.io.FilterOutputStream)
ROOT 50000086 (kind=<system class>, name=java.util.Map)
ROOT 50000087 (kind=<system class>, name=java.lang.System)
ROOT 5000024b (kind=<system class>, name=java.net.ContentHandler)
ROOT 50000088 (kind=<system class>, name=java.util.concurrent.locks.AbstractQueuedSynchronizer$Node)
ROOT 50000089 (kind=<system class>, name=java.lang.Number)
ROOT 5000008a (kind=<system class>, name=java.lang.ref.ReferenceQueue$Null)
ROOT 5000008b (kind=<system class>, name=java.lang.ThreadDeath)
ROOT 5000008c (kind=<system class>, name=java.lang.Terminator$1)
ROOT 5000008d (kind=<system class>, name=java.lang.StringBuffer)
ROOT 5000008e (kind=<system class>, name=sun.misc.JavaSecurityAccess)
ROOT 5000008f (kind=<system class>, name=java.util.Collections$EmptyList)
ROOT 50000090 (kind=<system class>, name=java.lang.Short)
ROOT 50000091 (kind=<system class>, name=java.lang.ref.SoftReference)
ROOT 50000092 (kind=<system class>, name=sun.nio.cs.SingleByteEncoder)
ROOT 50000093 (kind=<system class>, name=java.lang.ref.Finalizer)
ROOT 50000094 (kind=<system class>, name=java.util.concurrent.atomic.AtomicInteger)
ROOT 50000095 (kind=<system class>, name=java.util.Comparator)
ROOT 50000096 (kind=<system class>, name=java.nio.Bits$1)
ROOT 50000097 (kind=<system class>, name=java.io.File)
ROOT 50000099 (kind=<system class>, name=java.security.Guard)
ROOT 5000009a (kind=<system class>, name=java.net.URLStreamHandler)
ROOT 5000009b (kind=<system class>, name=sun.reflect.NativeConstructorAccessorImpl)
ROOT 5000009c (kind=<system class>, name=java.net.Parts)
ROOT 5000009d (kind=<system class>, name=java.util.AbstractList)
ROOT 5000020d (kind=<system class>, name=sun.misc.URLClassPath$FileLoader$1)
ROOT 50000263 (kind=<system class>, name=sun.security.provider.PolicyFile)
ROOT 5000009e (kind=<system class>, name=java.lang.reflect.AnnotatedElement)
ROOT 500000a0 (kind=<system class>, name=java.lang.Class$3)
ROOT 500000a1 (kind=<system class>, name=sun.misc.JavaLangAccess)
ROOT 500000a2 (kind=<system class>, name=java.io.Serializable)
ROOT 500000a4 (kind=<system class>, name=java.util.AbstractCollection)
ROOT 500000a5 (kind=<system class>, name=sun.misc.JavaNetAccess)
ROOT 500000a6 (kind=<system class>, name=java.lang.Byte)
ROOT 500000a7 (kind=<system class>, name=java.util.concurrent.ConcurrentHashMap$Segment)
ROOT 500000a9 (kind=<system class>, name=java.util.Collections$ReverseComparator)
ROOT 50000214 (kind=<system class>, name=sun.nio.ByteBuffered)
ROOT 500000aa (kind=<system class>, name=java.io.ObjectStreamClass)
ROOT 500000ab (kind=<system class>, name=java.util.Collections$EmptySet)
ROOT 500000ac (kind=<system class>, name=java.io.ExpiringCache$Entry)
ROOT 500000ad (kind=<system class>, name=java.lang.ClassLoader$3)
ROOT 500000ae (kind=<system class>, name=java.lang.Math)
ROOT 500000af (kind=<system class>, name=java.lang.reflect.Type)
ROOT 50000168 (kind=<system class>, name=java.net.URLClassLoader$1)
ROOT 500000b1 (kind=<system class>, name=sun.misc.Signal)
ROOT 500000b2 (kind=<system class>, name=sun.nio.cs.StreamEncoder)
ROOT 500000b3 (kind=<system class>, name=java.lang.ref.WeakReference)
ROOT 500000b4 (kind=<system class>, name=sun.misc.JavaNioAccess)
ROOT 500000b5 (kind=<system class>, name=java.util.concurrent.ConcurrentMap)
ROOT 500000b6 (kind=<system class>, name=sun.nio.cs.MS1252$Decoder)
ROOT 50000251 (kind=<system class>, name=sun.net.www.MessageHeader)
ROOT 500000b7 (kind=<system class>, name=java.nio.HeapCharBuffer)
ROOT 500000b8 (kind=<system class>, name=java.util.ArrayList)
ROOT 500000b9 (kind=<system class>, name=java.lang.SystemClassLoaderAction)
ROOT 500000ba (kind=<system class>, name=java.io.FileInputStream)
ROOT 500000bb (kind=<system class>, name=java.lang.Thread$UncaughtExceptionHandler)
ROOT 500000bd (kind=<system class>, name=sun.nio.cs.Surrogate$Parser)
ROOT 500000be (kind=<system class>, name=sun.misc.Launcher)
ROOT 500000bf (kind=<system class>, name=java.lang.NoSuchMethodError)
ROOT 500000c0 (kind=<system class>, name=java.nio.charset.CoderResult$Cache)
ROOT 500000c1 (kind=<system class>, name=sun.security.util.Debug)
ROOT 500000c2 (kind=<system class>, name=java.nio.Buffer)
ROOT 500000c3 (kind=<system class>, name=java.util.Locale)
ROOT 50000174 (kind=<system class>, name=sun.misc.URLClassPath$JarLoader)
ROOT 500000c4 (kind=<system class>, name=sun.nio.cs.Surrogate)
ROOT 500000c5 (kind=<system class>, name=java.util.Vector)
ROOT 500000c6 (kind=<system class>, name=java.util.Hashtable$Entry)
ROOT 500000c8 (kind=<system class>, name=sun.reflect.LangReflectAccess)
ROOT 500000c9 (kind=<system class>, name=sun.nio.cs.FastCharsetProvider)
ROOT 5000015c (kind=<system class>, name=java.lang.ThreadLocal$ThreadLocalMap$Entry)
ROOT 500000ca (kind=<system class>, name=java.lang.String$CaseInsensitiveComparator)
ROOT 5000025c (kind=<system class>, name=java.io.FilePermission)
ROOT 500000cb (kind=<system class>, name=sun.net.www.ParseUtil)
ROOT 500000cc (kind=<system class>, name=java.lang.reflect.Field)
ROOT 50000246 (kind=<system class>, name=java.net.URLConnection)
ROOT 500000ce (kind=<system class>, name=java.net.URLClassLoader)
ROOT 500000cf (kind=<system class>, name=java.security.AccessControlContext)
ROOT 500000d0 (kind=<system class>, name=java.security.PermissionCollection)
ROOT 500000d1 (kind=<system class>, name=java.security.CodeSource)
ROOT 500000d2 (kind=<system class>, name=java.net.URL)
ROOT 500000d4 (kind=<system class>, name=java.lang.CharSequence)
ROOT 500000d6 (kind=<system class>, name=java.lang.String)
ROOT 500000d8 (kind=<system class>, name=java.lang.ThreadLocal)
ROOT 500000d9 (kind=<system class>, name=sun.misc.AtomicLongCSImpl)
ROOT 500000da (kind=<system class>, name=java.util.HashMap$Entry)
ROOT 500000dc (kind=<system class>, name=java.io.Writer)
ROOT 500000dd (kind=<system class>, name=java.io.ExpiringCache$1)
ROOT 500000de (kind=<system class>, name=java.lang.Package)
ROOT 500000e0 (kind=<system class>, name=sun.misc.OSEnvironment)
ROOT 500000e1 (kind=<system class>, name=java.nio.ByteOrder)
ROOT 500000e2 (kind=<system class>, name=java.lang.reflect.Method)
ROOT 50000171 (kind=<system class>, name=sun.misc.URLClassPath$3)
ROOT 500002c3 (kind=<system class>, name=sun.misc.JavaSecurityProtectionDomainAccess)
ROOT 500000e4 (kind=<system class>, name=sun.misc.MetaIndex)
ROOT 500000e5 (kind=<system class>, name=sun.misc.Launcher$AppClassLoader$1)
ROOT 500000e6 (kind=<system class>, name=java.lang.Character)
ROOT 500000e7 (kind=<system class>, name=java.io.BufferedOutputStream)
ROOT 500000e8 (kind=<system class>, name=java.util.List)
ROOT 50000260 (kind=<system class>, name=java.io.FilePermission$1)
ROOT 500000e9 (kind=<system class>, name=sun.reflect.ReflectionFactory)
ROOT 500000ea (kind=<system class>, name=java.io.ObjectStreamField)
ROOT 500000ec (kind=<system class>, name=java.lang.reflect.GenericDeclaration)
ROOT 50000157 (kind=<system class>, name=java.lang.StringCoding)
ROOT 500000ee (kind=<system class>, name=java.util.concurrent.atomic.AtomicReferenceFieldUpdater$AtomicReferenceFieldUpdaterImpl)
ROOT 500000ef (kind=<system class>, name=java.nio.Bits)
ROOT 500000f0 (kind=<system class>, name=java.util.Dictionary)
ROOT 500000f1 (kind=<system class>, name=java.security.ProtectionDomain)
ROOT 500000f2 (kind=<system class>, name=java.lang.ClassLoader)
ROOT 500000f3 (kind=<system class>, name=java.io.WinNTFileSystem)
ROOT 500000f4 (kind=<system class>, name=sun.misc.VM)
ROOT 500001de (kind=<system class>, name=sun.misc.URLClassPath$FileLoader)
ROOT 500000f5 (kind=<system class>, name=java.io.FileOutputStream)
ROOT 500000f6 (kind=<system class>, name=sun.reflect.UnsafeFieldAccessorImpl)
ROOT 500000f7 (kind=<system class>, name=sun.misc.JavaIOFileAccess)
ROOT 500000f8 (kind=<system class>, name=java.security.AccessController)
ROOT 500000f9 (kind=<system class>, name=java.util.Collections$SynchronizedMap)
ROOT 500000fa (kind=<system class>, name=java.lang.ClassFormatError)
ROOT 500000fb (kind=<system class>, name=java.io.Flushable)
ROOT 500000fc (kind=<system class>, name=java.io.File$1)
ROOT 500000fd (kind=<system class>, name=java.lang.Boolean)
ROOT 500000fe (kind=<system class>, name=sun.misc.Launcher$AppClassLoader)
ROOT 500000ff (kind=<system class>, name=java.lang.ref.FinalReference)
ROOT 50000100 (kind=<system class>, name=java.util.concurrent.locks.Lock)
ROOT 50000102 (kind=<system class>, name=java.security.PrivilegedAction)
ROOT 50000103 (kind=<system class>, name=sun.nio.cs.StreamDecoder)
ROOT 5000026c (kind=<system class>, name=java.security.Policy$PolicyInfo)
ROOT 50000104 (kind=<system class>, name=java.lang.Throwable)
ROOT 50000106 (kind=<system class>, name=java.util.Properties)
ROOT 50000107 (kind=<system class>, name=java.lang.ref.Reference$Lock)
ROOT 50000108 (kind=<system class>, name=java.util.concurrent.locks.ReentrantLock$NonfairSync)
ROOT 50000109 (kind=<system class>, name=sun.reflect.misc.ReflectUtil)
ROOT 5000010a (kind=<system class>, name=java.net.URLClassLoader$7)
ROOT 5000010b (kind=<system class>, name=java.util.RandomAccess)
ROOT 5000010c (kind=<system class>, name=java.lang.IllegalArgumentException)
ROOT 5000010d (kind=<system class>, name=java.lang.reflect.Member)
ROOT 50000160 (kind=<system class>, name=java.lang.StringCoding$StringDecoder)
ROOT 5000010f (kind=<system class>, name=sun.nio.cs.StandardCharsets)
ROOT 50000110 (kind=<system class>, name=sun.misc.Launcher$Factory)
ROOT 50000111 (kind=<system class>, name=sun.misc.Version)
ROOT 50000112 (kind=<system class>, name=java.lang.NullPointerException)
ROOT 500002c9 (kind=<system class>, name=java.security.Principal)
ROOT 50000113 (kind=<system class>, name=sun.reflect.ReflectionFactory$GetReflectionFactoryAction)
ROOT 50000114 (kind=<system class>, name=sun.reflect.ConstantPool)
ROOT 5000024c (kind=<system class>, name=java.net.UnknownContentHandler)
ROOT 50000115 (kind=<system class>, name=sun.nio.cs.HistoricallyNamedCharset)
ROOT 5000016c (kind=<system class>, name=sun.net.util.URLUtil)
ROOT 50000116 (kind=<system class>, name=sun.nio.cs.SingleByteDecoder)
ROOT 500002c4 (kind=<system class>, name=java.security.ProtectionDomain$2)
ROOT 50000117 (kind=<system class>, name=java.nio.CharBuffer)
ROOT 50000118 (kind=<system class>, name=java.lang.Terminator)
ROOT 50000119 (kind=<system class>, name=java.io.BufferedWriter)
ROOT 5000011a (kind=<system class>, name=java.lang.LinkageError)
ROOT 50000262 (kind=<system class>, name=java.security.Policy)
ROOT 5000011b (kind=<system class>, name=java.util.Collection)
ROOT 5000011c (kind=<system class>, name=sun.misc.SharedSecrets)
ROOT 5000011d (kind=<system class>, name=sun.nio.cs.MS1252$Encoder)
ROOT 5000011e (kind=<system class>, name=java.util.Enumeration)
ROOT 50001621 (kind=<system class>, name=java.lang.Shutdown)
ROOT 50000248 (kind=<system class>, name=sun.net.www.protocol.file.FileURLConnection)
ROOT 5000011f (kind=<system class>, name=java.nio.HeapByteBuffer)
ROOT 50000120 (kind=<system class>, name=java.io.BufferedReader)
ROOT 50000121 (kind=<system class>, name=java.lang.ref.Reference)
ROOT 50000122 (kind=<system class>, name=java.io.IOException)
ROOT 50000123 (kind=<system class>, name=java.lang.StackOverflowError)
ROOT 50000218 (kind=<system class>, name=java.security.Permissions)
ROOT 50000124 (kind=<system class>, name=java.io.Closeable)
ROOT 50000125 (kind=<system class>, name=sun.jkernel.DownloadManager$2)
ROOT 50000126 (kind=<system class>, name=java.lang.RuntimePermission)
ROOT 50000127 (kind=<system class>, name=java.lang.Comparable)
ROOT 50000129 (kind=<system class>, name=sun.jkernel.DownloadManager)
ROOT 5000012a (kind=<system class>, name=java.util.BitSet)
ROOT 5000012b (kind=<system class>, name=java.lang.reflect.ReflectPermission)
ROOT 5000012c (kind=<system class>, name=sun.reflect.MethodAccessor)
ROOT 5000012d (kind=<system class>, name=sun.nio.cs.StandardCharsets$Aliases)
ROOT 5000012e (kind=<system class>, name=java.lang.Runtime)
ROOT 5000012f (kind=<system class>, name=java.lang.StackTraceElement)
ROOT 50000264 (kind=<system class>, name=java.security.Policy$UnsupportedEmptyCollection)
ROOT 50000131 (kind=<system class>, name=java.io.Reader)
ROOT 50000132 (kind=<system class>, name=sun.nio.cs.StandardCharsets$Cache)
ROOT 50000133 (kind=<system class>, name=java.util.concurrent.ConcurrentHashMap$HashEntry)
ROOT 50000135 (kind=<system class>, name=java.lang.Runnable)
ROOT 50000137 (kind=<system class>, name=sun.misc.Launcher$ExtClassLoader)
ROOT 50000138 (kind=<system class>, name=java.io.OutputStream)
ROOT 50000139 (kind=<system class>, name=java.lang.OutOfMemoryError)
ROOT 5000013b (kind=<system class>, name=sun.misc.Launcher$ExtClassLoader$1)
ROOT 5000162b (kind=<busy monitor>)
ROOT 5000162c (kind=<busy monitor>)
ROOT 5000161e (kind=<thread>, id=200003, trace=300001)
ROOT 5000161e (kind=<thread block>, thread=200003)
ROOT 5000162d (kind=<thread>, id=200004, trace=300000)
ROOT 5000162d (kind=<thread block>, thread=200004)
ROOT 5000162e (kind=<thread>, id=200005, trace=300000)
ROOT 5000162e (kind=<thread block>, thread=200005)
ROOT 5000162f (kind=<thread>, id=200006, trace=300000)
ROOT 5000162f (kind=<thread block>, thread=200006)
ROOT 50001630 (kind=<thread>, id=200007, trace=300000)
ROOT 50001630 (kind=<thread block>, thread=200007)
ROOT 50001631 (kind=<unknown>)
ROOT 50001632 (kind=<unknown>)
ROOT 50001633 (kind=<unknown>)
ROOT 50001634 (kind=<unknown>)
ROOT 50001635 (kind=<unknown>)
ROOT 50001636 (kind=<unknown>)
ROOT 50001637 (kind=<unknown>)
ROOT 50001638 (kind=<unknown>)
ROOT 50001639 (kind=<unknown>)
ROOT 50001635 (kind=<unknown>)
ROOT 50001636 (kind=<unknown>)
ROOT 50001632 (kind=<unknown>)
ROOT 50001633 (kind=<unknown>)
ROOT 50001634 (kind=<unknown>)
ROOT 50001638 (kind=<unknown>)
ROOT 50001631 (kind=<unknown>)
ROOT 50001637 (kind=<unknown>)
ROOT 50001639 (kind=<unknown>)
ROOT 5000013c (kind=<unknown>)
ROOT 5000013d (kind=<unknown>)
ROOT 5000013e (kind=<unknown>)
ROOT 5000013f (kind=<unknown>)
ROOT 50000140 (kind=<unknown>)
ROOT 50000141 (kind=<unknown>)
ROOT 50000142 (kind=<unknown>)
ROOT 50000143 (kind=<unknown>)
ROOT 50000022 (kind=<unknown>)
ROOT 5000013c (kind=<unknown>)
ROOT 5000013e (kind=<unknown>)
ROOT 50000142 (kind=<unknown>)
ROOT 50000143 (kind=<unknown>)
ROOT 5000013d (kind=<unknown>)
ROOT 50000140 (kind=<unknown>)
ROOT 5000013f (kind=<unknown>)
ROOT 50000141 (kind=<unknown>)
ROOT 5000163a (kind=<unknown>)
ROOT 5000163b (kind=<unknown>)
ROOT 5000163c (kind=<unknown>)
ROOT 5000163d (kind=<unknown>)
ROOT 5000163e (kind=<unknown>)
ROOT 5000163f (kind=<unknown>)
ROOT 50001640 (kind=<unknown>)
ROOT 50000093 (kind=<unknown>)
ROOT 500000f2 (kind=<unknown>)
ROOT 500000e2 (kind=<unknown>)
ROOT 50001641 (kind=<unknown>)
ROOT 50001642 (kind=<unknown>)
ROOT 50001643 (kind=<unknown>)
ROOT 50001644 (kind=<unknown>)
ROOT 50001645 (kind=<unknown>)
ROOT 50001628 (kind=<unknown>)
ROOT 50001629 (kind=<unknown>)
ROOT 50001646 (kind=<unknown>)
ROOT 50001647 (kind=<unknown>)
ROOT 50001648 (kind=<unknown>)
ROOT 50001649 (kind=<Java stack>, thread=200000, frame=1)
ROOT 5000162c (kind=<Java stack>, thread=200000, frame=1)
ROOT 50001649 (kind=<Java stack>, thread=200000, frame=2)
ROOT 5000162f (kind=<Java stack>, thread=200000, frame=3)
ROOT 5000162b (kind=<Java stack>, thread=200000, frame=1)
ROOT 50001630 (kind=<Java stack>, thread=200000, frame=2)
ROOT 5000162b (kind=<Java stack>, thread=200000, frame=2)
OBJ 50000144 (sz=112, trace=300000, class=java.lang.Thread@5000003d)
OBJ 50000145 (sz=112, trace=300001, class=java.lang.Thread@5000003d)
OBJ 50000146 (sz=16, trace=300002, class=java.lang.Object@50000021)
ARR 50000147 (sz=56, trace=300003, nelems=0, elem type=char[])
OBJ 50000148 (sz=112, trace=300001, class=java.lang.Thread@5000003d)
OBJ 50000149 (sz=16, trace=300002, class=java.lang.Object@50000021)
ARR 5000014a (sz=56, trace=300003, nelems=0, elem type=char[])
OBJ 5000014b (sz=112, trace=300001, class=java.lang.Thread@5000003d)
OBJ 5000014c (sz=16, trace=300002, class=java.lang.Object@50000021)
ARR 5000014d (sz=56, trace=300003, nelems=0, elem type=char[])
OBJ 5000014e (sz=24, trace=300004, class=java.lang.StringBuilder@50000023)
ARR 5000014f (sz=48, trace=300005, nelems=0, elem type=char[])
ARR 50000150 (sz=96, trace=300006, nelems=0, elem type=char[])
ARR 50000151 (sz=168, trace=300006, nelems=0, elem type=char[])
OBJ 50000152 (sz=32, trace=300007, class=java.lang.String@500000d6)
ARR 50000153 (sz=168, trace=300008, nelems=0, elem type=char[])
OBJ 50000154 (sz=24, trace=300009, class=java.io.File@50000097)
OBJ 50000155 (sz=112, trace=300000, class=java.lang.Thread@5000003d)
OBJ 50000156 (sz=32, trace=300010, class=java.lang.String@500000d6)
OBJ 50000158 (sz=16, trace=300012, class=java.lang.ThreadLocal@500000d8)
OBJ 50000159 (sz=16, trace=300013, class=java.lang.ThreadLocal@500000d8)
OBJ 5000015b (sz=24, trace=300015, class=java.lang.ThreadLocal$ThreadLocalMap@5000015a)
ARR 5000015e (sz=80, trace=300017, nelems=0, elem type=java.lang.ThreadLocal$ThreadLocalMap$Entry[]@5000015d)
OBJ 5000015f (sz=32, trace=300018, class=java.lang.ThreadLocal$ThreadLocalMap$Entry@5000015c)
OBJ 50000161 (sz=24, trace=300020, class=java.lang.StringCoding$StringDecoder@50000160)
OBJ 50000162 (sz=48, trace=300021, class=sun.nio.cs.MS1252$Decoder@500000b6)
ARR 50000163 (sz=528, trace=300022, nelems=0, elem type=char[])
OBJ 50000164 (sz=40, trace=300023, class=java.lang.ref.SoftReference@50000091)
ARR 50000165 (sz=40, trace=300024, nelems=0, elem type=char[])
OBJ 50000166 (sz=48, trace=300025, class=java.nio.HeapByteBuffer@5000011f)
OBJ 50000167 (sz=48, trace=300026, class=java.nio.HeapCharBuffer@500000b7)
OBJ 50000169 (sz=24, trace=300028, class=java.net.URLClassLoader$1@50000168)
ARR 5000016a (sz=56, trace=300029, nelems=0, elem type=char[])
OBJ 5000016b (sz=32, trace=300030, class=java.lang.String@500000d6)
OBJ 5000016d (sz=24, trace=300032, class=java.lang.StringBuilder@50000023)
ARR 5000016e (sz=272, trace=300033, nelems=0, elem type=char[])
OBJ 5000016f (sz=32, trace=300034, class=java.lang.String@500000d6)
	value		50000170
ARR 50000170 (sz=130, trace=300035, nelems=65, elem type=char[])
OBJ 50000172 (sz=24, trace=300037, class=sun.misc.URLClassPath$3@50000171)
OBJ 50000175 (sz=24, trace=300039, class=java.lang.StringBuilder@50000023)
ARR 50000176 (sz=48, trace=300040, nelems=0, elem type=char[])
OBJ 50000177 (sz=24, trace=300041, class=java.lang.StringBuffer@5000008d)
ARR 50000178 (sz=144, trace=300042, nelems=0, elem type=char[])
OBJ 50000179 (sz=32, trace=300043, class=java.lang.String@500000d6)
ARR 5000017a (sz=144, trace=300044, nelems=0, elem type=char[])
ARR 5000017b (sz=144, trace=300006, nelems=0, elem type=char[])
ARR 5000017c (sz=272, trace=300006, nelems=0, elem type=char[])
OBJ 5000017d (sz=32, trace=300045, class=java.lang.String@500000d6)
	value		5000017e
ARR 5000017e (sz=130, trace=300046, nelems=65, elem type=char[])
OBJ 5000017f (sz=64, trace=300047, class=java.net.URL@500000d2)
	protocol	500017f7
	host		50001658
	file		5000017d
	authority	50001658
	path		5000017d
	handler		5000176b
OBJ 50000180 (sz=24, trace=300048, class=java.net.Parts@5000009c)
OBJ 50000181 (sz=40, trace=300049, class=sun.misc.URLClassPath$JarLoader@50000174)
	base		5000017f
	csu		50001771
	metaIndex	50001809
	handler		5000176b
	lmap		5000176c
OBJ 50000182 (sz=24, trace=300050, class=java.lang.StringBuilder@50000023)
ARR 50000183 (sz=48, trace=300051, nelems=0, elem type=char[])
OBJ 50000184 (sz=32, trace=300052, class=java.lang.String@500000d6)
ARR 50000185 (sz=88, trace=300053, nelems=0, elem type=char[])
ARR 50000186 (sz=160, trace=300053, nelems=0, elem type=char[])
OBJ 50000187 (sz=32, trace=300054, class=java.lang.String@500000d6)
ARR 50000188 (sz=128, trace=300055, nelems=0, elem type=char[])
OBJ 50000189 (sz=24, trace=300056, class=java.io.File@50000097)
OBJ 5000018a (sz=24, trace=300057, class=java.lang.StringBuffer@5000008d)
ARR 5000018b (sz=128, trace=300058, nelems=0, elem type=char[])
OBJ 5000018c (sz=32, trace=300059, class=java.lang.String@500000d6)
ARR 5000018d (sz=128, trace=300060, nelems=0, elem type=char[])
ARR 5000018e (sz=128, trace=300061, nelems=0, elem type=char[])
OBJ 5000018f (sz=32, trace=300062, class=java.lang.String@500000d6)
OBJ 50000190 (sz=32, trace=300063, class=java.util.HashMap$Entry@500000da)
	key		5000016f
	value		50000181
OBJ 50000191 (sz=24, trace=300032, class=java.lang.StringBuilder@50000023)
ARR 50000192 (sz=272, trace=300033, nelems=0, elem type=char[])
OBJ 50000193 (sz=32, trace=300034, class=java.lang.String@500000d6)
	value		50000194
ARR 50000194 (sz=140, trace=300035, nelems=70, elem type=char[])
OBJ 50000195 (sz=24, trace=300037, class=sun.misc.URLClassPath$3@50000171)
OBJ 50000196 (sz=24, trace=300039, class=java.lang.StringBuilder@50000023)
ARR 50000197 (sz=48, trace=300040, nelems=0, elem type=char[])
OBJ 50000198 (sz=24, trace=300041, class=java.lang.StringBuffer@5000008d)
ARR 50000199 (sz=152, trace=300042, nelems=0, elem type=char[])
OBJ 5000019a (sz=32, trace=300043, class=java.lang.String@500000d6)
ARR 5000019b (sz=152, trace=300044, nelems=0, elem type=char[])
ARR 5000019c (sz=152, trace=300006, nelems=0, elem type=char[])
ARR 5000019d (sz=296, trace=300006, nelems=0, elem type=char[])
OBJ 5000019e (sz=32, trace=300045, class=java.lang.String@500000d6)
	value		5000019f
ARR 5000019f (sz=140, trace=300046, nelems=70, elem type=char[])
OBJ 500001a0 (sz=64, trace=300047, class=java.net.URL@500000d2)
	protocol	500017f7
	host		50001658
	file		5000019e
	authority	50001658
	path		5000019e
	handler		5000176b
OBJ 500001a1 (sz=24, trace=300048, class=java.net.Parts@5000009c)
OBJ 500001a2 (sz=40, trace=300049, class=sun.misc.URLClassPath$JarLoader@50000174)
	base		500001a0
	csu		50001772
	metaIndex	50001815
	handler		5000176b
	lmap		5000176c
OBJ 500001a3 (sz=24, trace=300050, class=java.lang.StringBuilder@50000023)
ARR 500001a4 (sz=48, trace=300051, nelems=0, elem type=char[])
OBJ 500001a5 (sz=32, trace=300052, class=java.lang.String@500000d6)
ARR 500001a6 (sz=88, trace=300053, nelems=0, elem type=char[])
ARR 500001a7 (sz=160, trace=300053, nelems=0, elem type=char[])
OBJ 500001a8 (sz=32, trace=300054, class=java.lang.String@500000d6)
ARR 500001a9 (sz=144, trace=300055, nelems=0, elem type=char[])
OBJ 500001aa (sz=24, trace=300056, class=java.io.File@50000097)
OBJ 500001ab (sz=24, trace=300057, class=java.lang.StringBuffer@5000008d)
ARR 500001ac (sz=144, trace=300058, nelems=0, elem type=char[])
OBJ 500001ad (sz=32, trace=300059, class=java.lang.String@500000d6)
ARR 500001ae (sz=136, trace=300060, nelems=0, elem type=char[])
ARR 500001af (sz=136, trace=300061, nelems=0, elem type=char[])
OBJ 500001b0 (sz=32, trace=300062, class=java.lang.String@500000d6)
OBJ 500001b1 (sz=32, trace=300063, class=java.util.HashMap$Entry@500000da)
	key		50000193
	value		500001a2
OBJ 500001b2 (sz=24, trace=300032, class=java.lang.StringBuilder@50000023)
ARR 500001b3 (sz=272, trace=300033, nelems=0, elem type=char[])
OBJ 500001b4 (sz=32, trace=300034, class=java.lang.String@500000d6)
	value		500001b5
ARR 500001b5 (sz=150, trace=300035, nelems=75, elem type=char[])
OBJ 500001b6 (sz=24, trace=300037, class=sun.misc.URLClassPath$3@50000171)
OBJ 500001b7 (sz=24, trace=300039, class=java.lang.StringBuilder@50000023)
ARR 500001b8 (sz=48, trace=300040, nelems=0, elem type=char[])
OBJ 500001b9 (sz=24, trace=300041, class=java.lang.StringBuffer@5000008d)
ARR 500001ba (sz=168, trace=300042, nelems=0, elem type=char[])
OBJ 500001bb (sz=32, trace=300043, class=java.lang.String@500000d6)
ARR 500001bc (sz=168, trace=300044, nelems=0, elem type=char[])
ARR 500001bd (sz=168, trace=300006, nelems=0, elem type=char[])
ARR 500001be (sz=312, trace=300006, nelems=0, elem type=char[])
OBJ 500001bf (sz=32, trace=300045, class=java.lang.String@500000d6)
	value		500001c0
ARR 500001c0 (sz=150, trace=300046, nelems=75, elem type=char[])
OBJ 500001c1 (sz=64, trace=300047, class=java.net.URL@500000d2)
	protocol	500017f7
	host		50001658
	file		500001bf
	authority	50001658
	path		500001bf
	handler		5000176b
OBJ 500001c2 (sz=24, trace=300048, class=java.net.Parts@5000009c)
OBJ 500001c3 (sz=40, trace=300049, class=sun.misc.URLClassPath$JarLoader@50000174)
	base		500001c1
	csu		50001773
	metaIndex	500017f6
	handler		5000176b
	lmap		5000176c
OBJ 500001c4 (sz=24, trace=300050, class=java.lang.StringBuilder@50000023)
ARR 500001c5 (sz=48, trace=300051, nelems=0, elem type=char[])
OBJ 500001c6 (sz=32, trace=300052, class=java.lang.String@500000d6)
ARR 500001c7 (sz=88, trace=300053, nelems=0, elem type=char[])
ARR 500001c8 (sz=160, trace=300053, nelems=0, elem type=char[])
OBJ 500001c9 (sz=32, trace=300054, class=java.lang.String@500000d6)
ARR 500001ca (sz=152, trace=300055, nelems=0, elem type=char[])
OBJ 500001cb (sz=24, trace=300056, class=java.io.File@50000097)
OBJ 500001cc (sz=24, trace=300057, class=java.lang.StringBuffer@5000008d)
ARR 500001cd (sz=152, trace=300058, nelems=0, elem type=char[])
OBJ 500001ce (sz=32, trace=300059, class=java.lang.String@500000d6)
ARR 500001cf (sz=152, trace=300060, nelems=0, elem type=char[])
ARR 500001d0 (sz=152, trace=300061, nelems=0, elem type=char[])
OBJ 500001d1 (sz=32, trace=300062, class=java.lang.String@500000d6)
OBJ 500001d2 (sz=32, trace=300063, class=java.util.HashMap$Entry@500000da)
	key		500001b4
	value		500001c3
OBJ 500001d3 (sz=32, trace=300064, class=java.lang.ClassNotFoundException@5000006c)
OBJ 500001d5 (sz=32, trace=300066, class=java.security.PrivilegedActionException@500001d4)
OBJ 500001d6 (sz=24, trace=300067, class=java.net.URLClassLoader$1@50000168)
ARR 500001d7 (sz=56, trace=300029, nelems=0, elem type=char[])
OBJ 500001d8 (sz=32, trace=300030, class=java.lang.String@500000d6)
OBJ 500001d9 (sz=24, trace=300032, class=java.lang.StringBuilder@50000023)
ARR 500001da (sz=272, trace=300033, nelems=0, elem type=char[])
OBJ 500001db (sz=32, trace=300034, class=java.lang.String@500000d6)
	value		500001dc
ARR 500001dc (sz=142, trace=300035, nelems=71, elem type=char[])
OBJ 500001dd (sz=24, trace=300037, class=sun.misc.URLClassPath$3@50000171)
OBJ 500001df (sz=24, trace=300069, class=sun.misc.URLClassPath$FileLoader@500001de)
	base		50001cc0
	dir		500001f3
ARR 500001e0 (sz=144, trace=300070, nelems=0, elem type=char[])
OBJ 500001e1 (sz=32, trace=300071, class=java.lang.String@500000d6)
OBJ 500001e2 (sz=24, trace=300072, class=java.lang.StringBuilder@50000023)
ARR 500001e3 (sz=48, trace=300073, nelems=0, elem type=char[])
ARR 500001e4 (sz=88, trace=300053, nelems=0, elem type=char[])
OBJ 500001e5 (sz=32, trace=300052, class=java.lang.String@500000d6)
ARR 500001e6 (sz=160, trace=300053, nelems=0, elem type=char[])
OBJ 500001e7 (sz=32, trace=300074, class=java.lang.String@500000d6)
ARR 500001e8 (sz=144, trace=300055, nelems=0, elem type=char[])
OBJ 500001e9 (sz=24, trace=300075, class=java.io.File@50000097)
OBJ 500001ea (sz=24, trace=300076, class=java.lang.StringBuffer@5000008d)
ARR 500001eb (sz=144, trace=300077, nelems=0, elem type=char[])
OBJ 500001ec (sz=32, trace=300078, class=java.lang.String@500000d6)
	value		500001ed
ARR 500001ed (sz=120, trace=300060, nelems=60, elem type=char[])
OBJ 500001ee (sz=32, trace=300079, class=java.lang.String@500000d6)
OBJ 500001ef (sz=24, trace=300080, class=java.io.ExpiringCache$Entry@500000ac)
	val		500016fe
OBJ 500001f0 (sz=40, trace=300081, class=java.util.LinkedHashMap$Entry@50000016)
	key		500001ec
	value		500001ef
	next		500016fd
	before		500016ef
	after		50000285
OBJ 500001f1 (sz=32, trace=300082, class=java.lang.String@500000d6)
OBJ 500001f2 (sz=24, trace=300083, class=java.io.File@50000097)
OBJ 500001f3 (sz=24, trace=300084, class=java.io.File@50000097)
	path		500016fe
OBJ 500001f4 (sz=32, trace=300063, class=java.util.HashMap$Entry@500000da)
	key		500001db
	value		500001df
OBJ 500001f5 (sz=64, trace=300085, class=java.net.URL@500000d2)
OBJ 500001f6 (sz=24, trace=300086, class=java.lang.StringBuilder@50000023)
ARR 500001f7 (sz=48, trace=300087, nelems=0, elem type=char[])
ARR 500001f8 (sz=144, trace=300006, nelems=0, elem type=char[])
ARR 500001f9 (sz=280, trace=300006, nelems=0, elem type=char[])
OBJ 500001fa (sz=32, trace=300088, class=java.lang.String@500000d6)
ARR 500001fb (sz=152, trace=300089, nelems=0, elem type=char[])
OBJ 500001fc (sz=32, trace=300090, class=java.lang.String@500000d6)
ARR 500001fd (sz=120, trace=300091, nelems=0, elem type=char[])
ARR 500001fe (sz=56, trace=300092, nelems=0, elem type=char[])
OBJ 500001ff (sz=32, trace=300093, class=java.lang.String@500000d6)
ARR 50000200 (sz=56, trace=300094, nelems=0, elem type=char[])
OBJ 50000201 (sz=64, trace=300095, class=java.net.URL@500000d2)
OBJ 50000202 (sz=24, trace=300086, class=java.lang.StringBuilder@50000023)
ARR 50000203 (sz=48, trace=300087, nelems=0, elem type=char[])
ARR 50000204 (sz=144, trace=300006, nelems=0, elem type=char[])
ARR 50000205 (sz=280, trace=300006, nelems=0, elem type=char[])
OBJ 50000206 (sz=32, trace=300088, class=java.lang.String@500000d6)
ARR 50000207 (sz=184, trace=300089, nelems=0, elem type=char[])
OBJ 50000208 (sz=24, trace=300096, class=java.io.File@50000097)
ARR 50000209 (sz=176, trace=300097, nelems=0, elem type=char[])
OBJ 5000020a (sz=32, trace=300098, class=java.lang.String@500000d6)
ARR 5000020b (sz=176, trace=300099, nelems=0, elem type=char[])
OBJ 5000020e (sz=32, trace=300101, class=sun.misc.URLClassPath$FileLoader$1@5000020d)
OBJ 5000020f (sz=32, trace=300102, class=java.io.FileInputStream@500000ba)
	fd		50000212
	closeLock	50000211
OBJ 50000210 (sz=40, trace=300103, class=java.lang.ref.Finalizer@50000093)
	referent	5000020f
	queue		50001649
	next		50001ec1
OBJ 50000211 (sz=16, trace=300104, class=java.lang.Object@50000021)
OBJ 50000212 (sz=32, trace=300105, class=java.io.FileDescriptor@50000084)
	useCount	50000213
OBJ 50000213 (sz=16, trace=300106, class=java.util.concurrent.atomic.AtomicInteger@50000094)
ARR 50000215 (sz=16, trace=300108, nelems=0, elem type=byte[])
ARR 50000216 (sz=552, trace=300109, nelems=0, elem type=byte[])
OBJ 50000217 (sz=32, trace=300110, class=java.security.CodeSource@500000d1)
	location	50001cc0
ARR 50000219 (sz=24, trace=300112, nelems=2, elem type=java.io.ObjectStreamField[]@500000eb)
	[0]		5000021a
	[1]		50000227
OBJ 5000021a (sz=40, trace=300113, class=java.io.ObjectStreamField@500000ea)
	name		500017e7
	signature	500017eb
	type		50000060
OBJ 5000021b (sz=24, trace=300114, class=java.lang.StringBuilder@50000023)
ARR 5000021c (sz=48, trace=300115, nelems=0, elem type=char[])
OBJ 5000021d (sz=24, trace=300116, class=java.lang.StringBuilder@50000023)
ARR 5000021e (sz=48, trace=300117, nelems=0, elem type=char[])
ARR 5000021f (sz=56, trace=300118, nelems=0, elem type=char[])
OBJ 50000220 (sz=32, trace=300119, class=java.lang.String@500000d6)
ARR 50000221 (sz=88, trace=300006, nelems=0, elem type=char[])
OBJ 50000222 (sz=32, trace=300120, class=java.lang.String@500000d6)
ARR 50000223 (sz=64, trace=300121, nelems=0, elem type=char[])
ARR 50000224 (sz=88, trace=300006, nelems=0, elem type=char[])
OBJ 50000225 (sz=32, trace=300122, class=java.lang.String@500000d6)
ARR 50000226 (sz=64, trace=300123, nelems=0, elem type=char[])
OBJ 50000227 (sz=40, trace=300124, class=java.io.ObjectStreamField@500000ea)
	name		500017e6
	signature	500017e8
	type		500000d0
OBJ 50000228 (sz=24, trace=300114, class=java.lang.StringBuilder@50000023)
ARR 50000229 (sz=48, trace=300115, nelems=0, elem type=char[])
OBJ 5000022a (sz=24, trace=300116, class=java.lang.StringBuilder@50000023)
ARR 5000022b (sz=48, trace=300117, nelems=0, elem type=char[])
ARR 5000022c (sz=88, trace=300118, nelems=0, elem type=char[])
OBJ 5000022d (sz=32, trace=300119, class=java.lang.String@500000d6)
ARR 5000022e (sz=88, trace=300006, nelems=0, elem type=char[])
ARR 5000022f (sz=160, trace=300053, nelems=0, elem type=char[])
OBJ 50000230 (sz=32, trace=300120, class=java.lang.String@500000d6)
ARR 50000231 (sz=88, trace=300121, nelems=0, elem type=char[])
ARR 50000232 (sz=88, trace=300006, nelems=0, elem type=char[])
OBJ 50000233 (sz=32, trace=300122, class=java.lang.String@500000d6)
ARR 50000234 (sz=88, trace=300123, nelems=0, elem type=char[])
OBJ 50000235 (sz=32, trace=300125, class=java.security.Permissions@50000218)
	permsMap	50000236
OBJ 50000236 (sz=48, trace=300126, class=java.util.HashMap@50000052)
	table		50000237
ARR 50000237 (sz=80, trace=300127, nelems=16, elem type=java.util.HashMap$Entry[]@500000db)
	[7]		500002c1
	[15]		50000299
OBJ 50000238 (sz=24, trace=300128, class=java.lang.StringBuilder@50000023)
ARR 50000239 (sz=48, trace=300129, nelems=0, elem type=char[])
ARR 5000023a (sz=88, trace=300053, nelems=0, elem type=char[])
OBJ 5000023b (sz=32, trace=300052, class=java.lang.String@500000d6)
ARR 5000023c (sz=160, trace=300053, nelems=0, elem type=char[])
OBJ 5000023d (sz=32, trace=300130, class=java.lang.String@500000d6)
ARR 5000023e (sz=144, trace=300055, nelems=0, elem type=char[])
ARR 5000023f (sz=144, trace=300131, nelems=0, elem type=char[])
OBJ 50000240 (sz=32, trace=300132, class=java.lang.String@500000d6)
OBJ 50000241 (sz=24, trace=300133, class=java.io.File@50000097)
OBJ 50000242 (sz=24, trace=300076, class=java.lang.StringBuffer@5000008d)
ARR 50000243 (sz=144, trace=300077, nelems=0, elem type=char[])
OBJ 50000244 (sz=32, trace=300078, class=java.lang.String@500000d6)
ARR 50000245 (sz=136, trace=300060, nelems=0, elem type=char[])
OBJ 50000249 (sz=48, trace=300135, class=java.util.Hashtable@50000060)
	table		5000024a
ARR 5000024a (sz=64, trace=300136, nelems=0, elem type=java.util.Hashtable$Entry[]@500000c7)
OBJ 5000024d (sz=16, trace=300138, class=java.net.UnknownContentHandler@5000024c)
OBJ 5000024e (sz=48, trace=300139, class=java.util.HashMap@50000052)
	table		5000024f
ARR 5000024f (sz=80, trace=300140, nelems=0, elem type=java.util.HashMap$Entry[]@500000db)
OBJ 50000250 (sz=104, trace=300141, class=sun.net.www.protocol.file.FileURLConnection@50000248)
OBJ 50000252 (sz=24, trace=300143, class=sun.net.www.MessageHeader@50000251)
ARR 50000253 (sz=32, trace=300144, nelems=0, elem type=java.lang.String[]@500000d7)
ARR 50000254 (sz=32, trace=300145, nelems=0, elem type=java.lang.String[]@500000d7)
OBJ 50000255 (sz=24, trace=300146, class=java.lang.StringBuilder@50000023)
ARR 50000256 (sz=48, trace=300147, nelems=0, elem type=char[])
ARR 50000257 (sz=88, trace=300053, nelems=0, elem type=char[])
OBJ 50000258 (sz=32, trace=300052, class=java.lang.String@500000d6)
ARR 50000259 (sz=160, trace=300053, nelems=0, elem type=char[])
OBJ 5000025a (sz=32, trace=300148, class=java.lang.String@500000d6)
ARR 5000025b (sz=144, trace=300055, nelems=0, elem type=char[])
ARR 5000025d (sz=144, trace=300150, nelems=0, elem type=char[])
OBJ 5000025e (sz=32, trace=300151, class=java.lang.String@500000d6)
OBJ 5000025f (sz=32, trace=300152, class=java.io.FilePermission@5000025c)
OBJ 50000261 (sz=16, trace=300154, class=java.io.FilePermission$1@50000260)
OBJ 50000265 (sz=24, trace=300157, class=java.security.Policy$UnsupportedEmptyCollection@50000264)
	perms		50000266
OBJ 50000266 (sz=32, trace=300158, class=java.security.Permissions@50000218)
	permsMap	50000267
OBJ 50000267 (sz=48, trace=300126, class=java.util.HashMap@50000052)
	table		50000268
ARR 50000268 (sz=80, trace=300159, nelems=0, elem type=java.util.HashMap$Entry[]@500000db)
OBJ 5000026a (sz=40, trace=300161, class=java.lang.ref.SoftReference@50000091)
OBJ 5000026b (sz=72, trace=300162, class=java.lang.reflect.Field@500000cc)
OBJ 5000026d (sz=24, trace=300164, class=java.security.Policy$PolicyInfo@5000026c)
OBJ 5000026e (sz=16, trace=300165, class=java.util.concurrent.atomic.AtomicReference@50000269)
	value		5000026d
ARR 5000026f (sz=16, trace=300166, nelems=0, elem type=java.lang.Class[]@50000071)
ARR 50000270 (sz=24, trace=300167, nelems=1, elem type=java.lang.Class[]@50000071)
	[0]		500000d6
ARR 50000271 (sz=24, trace=300168, nelems=2, elem type=java.lang.Class[]@50000071)
	[0]		500000d6
	[1]		500000d6
OBJ 50000272 (sz=24, trace=300169, class=java.io.File@50000097)
OBJ 50000273 (sz=24, trace=300076, class=java.lang.StringBuffer@5000008d)
ARR 50000274 (sz=144, trace=300077, nelems=0, elem type=char[])
OBJ 50000275 (sz=32, trace=300078, class=java.lang.String@500000d6)
ARR 50000276 (sz=136, trace=300060, nelems=0, elem type=char[])
OBJ 50000277 (sz=24, trace=300170, class=java.lang.StringBuilder@50000023)
ARR 50000278 (sz=48, trace=300171, nelems=0, elem type=char[])
ARR 50000279 (sz=144, trace=300006, nelems=0, elem type=char[])
ARR 5000027a (sz=272, trace=300006, nelems=0, elem type=char[])
OBJ 5000027b (sz=32, trace=300172, class=java.lang.String@500000d6)
	value		5000027c
ARR 5000027c (sz=126, trace=300173, nelems=63, elem type=char[])
OBJ 5000027d (sz=32, trace=300174, class=java.io.FilePermission@5000025c)
	name		5000027b
	cpath		50000286
OBJ 5000027e (sz=16, trace=300175, class=java.io.FilePermission$1@50000260)
OBJ 5000027f (sz=24, trace=300169, class=java.io.File@50000097)
OBJ 50000280 (sz=24, trace=300076, class=java.lang.StringBuffer@5000008d)
ARR 50000281 (sz=144, trace=300077, nelems=0, elem type=char[])
OBJ 50000282 (sz=32, trace=300078, class=java.lang.String@500000d6)
	value		50000283
ARR 50000283 (sz=124, trace=300060, nelems=62, elem type=char[])
OBJ 50000284 (sz=24, trace=300080, class=java.io.ExpiringCache$Entry@500000ac)
	val		500016fb
OBJ 50000285 (sz=40, trace=300081, class=java.util.LinkedHashMap$Entry@50000016)
	key		50000282
	value		50000284
	before		500001f0
	after		500016e9
OBJ 50000286 (sz=32, trace=300176, class=java.lang.String@500000d6)
	value		500016fc
ARR 50000288 (sz=24, trace=300178, nelems=1, elem type=java.io.ObjectStreamField[]@500000eb)
	[0]		50000289
OBJ 50000289 (sz=40, trace=300179, class=java.io.ObjectStreamField@500000ea)
	name		500016be
	signature	500017c7
	type		500000c5
OBJ 5000028a (sz=24, trace=300114, class=java.lang.StringBuilder@50000023)
ARR 5000028b (sz=48, trace=300115, nelems=0, elem type=char[])
OBJ 5000028c (sz=24, trace=300116, class=java.lang.StringBuilder@50000023)
ARR 5000028d (sz=48, trace=300117, nelems=0, elem type=char[])
ARR 5000028e (sz=48, trace=300118, nelems=0, elem type=char[])
OBJ 5000028f (sz=32, trace=300119, class=java.lang.String@500000d6)
ARR 50000290 (sz=88, trace=300006, nelems=0, elem type=char[])
OBJ 50000291 (sz=32, trace=300120, class=java.lang.String@500000d6)
ARR 50000292 (sz=56, trace=300121, nelems=0, elem type=char[])
ARR 50000293 (sz=88, trace=300006, nelems=0, elem type=char[])
OBJ 50000294 (sz=32, trace=300122, class=java.lang.String@500000d6)
ARR 50000295 (sz=56, trace=300123, nelems=0, elem type=char[])
OBJ 50000296 (sz=24, trace=300180, class=java.io.FilePermissionCollection@50000287)
	perms		50000297
OBJ 50000297 (sz=24, trace=300181, class=java.util.ArrayList@500000b8)
	elementData	50000298
ARR 50000298 (sz=56, trace=300182, nelems=1, elem type=java.lang.Object[]@50000022)
	[0]		5000027d
OBJ 50000299 (sz=32, trace=300183, class=java.util.HashMap$Entry@500000da)
	key		5000025c
	value		50000296
OBJ 5000029c (sz=24, trace=300186, class=java.lang.RuntimePermission@50000126)
	name		500016b8
	path		500016b9
ARR 5000029e (sz=32, trace=300188, nelems=3, elem type=java.io.ObjectStreamField[]@500000eb)
	[0]		5000029f
	[1]		500002ac
	[2]		500002b1
OBJ 5000029f (sz=40, trace=300189, class=java.io.ObjectStreamField@500000ea)
	name		500016be
	signature	500017eb
	type		50000060
OBJ 500002a0 (sz=24, trace=300114, class=java.lang.StringBuilder@50000023)
ARR 500002a1 (sz=48, trace=300115, nelems=0, elem type=char[])
OBJ 500002a2 (sz=24, trace=300116, class=java.lang.StringBuilder@50000023)
ARR 500002a3 (sz=48, trace=300117, nelems=0, elem type=char[])
ARR 500002a4 (sz=56, trace=300118, nelems=0, elem type=char[])
OBJ 500002a5 (sz=32, trace=300119, class=java.lang.String@500000d6)
ARR 500002a6 (sz=88, trace=300006, nelems=0, elem type=char[])
OBJ 500002a7 (sz=32, trace=300120, class=java.lang.String@500000d6)
ARR 500002a8 (sz=64, trace=300121, nelems=0, elem type=char[])
ARR 500002a9 (sz=88, trace=300006, nelems=0, elem type=char[])
OBJ 500002aa (sz=32, trace=300122, class=java.lang.String@500000d6)
ARR 500002ab (sz=64, trace=300123, nelems=0, elem type=char[])
OBJ 500002ac (sz=40, trace=300190, class=java.io.ObjectStreamField@500000ea)
	name		500016bc
	signature	50001732
	type		50001635
OBJ 500002ad (sz=24, trace=300114, class=java.lang.StringBuilder@50000023)
ARR 500002ae (sz=48, trace=300115, nelems=0, elem type=char[])
OBJ 500002af (sz=32, trace=300122, class=java.lang.String@500000d6)
ARR 500002b0 (sz=24, trace=300123, nelems=0, elem type=char[])
OBJ 500002b1 (sz=40, trace=300191, class=java.io.ObjectStreamField@500000ea)
	name		500016bd
	signature	500016bf
	type		50000070
OBJ 500002b2 (sz=24, trace=300114, class=java.lang.StringBuilder@50000023)
ARR 500002b3 (sz=48, trace=300115, nelems=0, elem type=char[])
OBJ 500002b4 (sz=24, trace=300116, class=java.lang.StringBuilder@50000023)
ARR 500002b5 (sz=48, trace=300117, nelems=0, elem type=char[])
ARR 500002b6 (sz=48, trace=300118, nelems=0, elem type=char[])
OBJ 500002b7 (sz=32, trace=300119, class=java.lang.String@500000d6)
ARR 500002b8 (sz=88, trace=300053, nelems=0, elem type=char[])
OBJ 500002b9 (sz=32, trace=300120, class=java.lang.String@500000d6)
ARR 500002ba (sz=56, trace=300121, nelems=0, elem type=char[])
ARR 500002bb (sz=88, trace=300006, nelems=0, elem type=char[])
OBJ 500002bc (sz=32, trace=300122, class=java.lang.String@500000d6)
ARR 500002bd (sz=56, trace=300123, nelems=0, elem type=char[])
OBJ 500002be (sz=32, trace=300192, class=java.security.BasicPermissionCollection@5000029d)
	perms		500002bf
	permClass	50000126
OBJ 500002bf (sz=48, trace=300193, class=java.util.HashMap@50000052)
	table		500002c0
ARR 500002c0 (sz=80, trace=300194, nelems=14, elem type=java.util.HashMap$Entry[]@500000db)
	[13]		500002c2
OBJ 500002c1 (sz=32, trace=300183, class=java.util.HashMap$Entry@500000da)
	key		50000126
	value		500002be
OBJ 500002c2 (sz=32, trace=300195, class=java.util.HashMap$Entry@500000da)
	key		500016ba
	value		5000029c
OBJ 500002c5 (sz=16, trace=300197, class=java.security.ProtectionDomain$2@500002c4)
OBJ 500002c6 (sz=40, trace=300198, class=java.security.ProtectionDomain@500000f1)
	codesource	50000217
	classloader	5000162a
	principals	500002cb
	permissions	50000235
	key		500002c8
OBJ 500002c8 (sz=16, trace=300200, class=java.security.ProtectionDomain$Key@500002c7)
	this$0		500002c6
ARR 500002cb (sz=16, trace=300202, nelems=0, elem type=java.security.Principal[]@500002ca)
OBJ 500002cc (sz=32, trace=300203, class=java.util.HashMap$Entry@500000da)
	key		50000217
	value		500002c6
ARR 500002cd (sz=16, trace=300204, nelems=0, elem type=java.security.cert.Certificate[]@50000035)
OBJ 500002ce (sz=32, trace=300205, class=java.util.Hashtable$Entry@500000c6)
	key		50001658
	value		500002cd
OBJ 500002cf (sz=24, trace=300041, class=java.lang.StringBuffer@5000008d)
ARR 500002d0 (sz=160, trace=300042, nelems=0, elem type=char[])
OBJ 500002d1 (sz=32, trace=300043, class=java.lang.String@500000d6)
ARR 500002d2 (sz=160, trace=300044, nelems=0, elem type=char[])
OBJ 500002d3 (sz=32, trace=300206, class=java.util.HashMap$Entry@500000da)
	key		500002c6
	value		50001767
OBJ 500002d5 (sz=16, trace=300208, class=SingleObject@500002d4)
ARR 500002d6 (sz=32, trace=300209, nelems=0, elem type=char[])
OBJ 500002d7 (sz=32, trace=300210, class=java.lang.String@500000d6)
OBJ 500002d8 (sz=48, trace=300026, class=java.nio.HeapCharBuffer@500000b7)
OBJ 500002d9 (sz=48, trace=300026, class=java.nio.HeapCharBuffer@500000b7)
ARR 500002da (sz=32, trace=300209, nelems=0, elem type=char[])
OBJ 500002db (sz=32, trace=300210, class=java.lang.String@500000d6)
OBJ 500002dc (sz=48, trace=300026, class=java.nio.HeapCharBuffer@500000b7)
OBJ 500002dd (sz=48, trace=300026, class=java.nio.HeapCharBuffer@500000b7)
ARR 500002de (sz=32, trace=300209, nelems=0, elem type=char[])
OBJ 500002df (sz=32, trace=300210, class=java.lang.String@500000d6)
OBJ 500002e0 (sz=48, trace=300026, class=java.nio.HeapCharBuffer@500000b7)
OBJ 500002e1 (sz=48, trace=300026, class=java.nio.HeapCharBuffer@500000b7)
ARR 500002e2 (sz=32, trace=300209, nelems=0, elem type=char[])
OBJ 500002e3 (sz=32, trace=300210, class=java.lang.String@500000d6)
OBJ 500002e4 (sz=48, trace=300026, class=java.nio.HeapCharBuffer@500000b7)
OBJ 500002e5 (sz=48, trace=300026, class=java.nio.HeapCharBuffer@500000b7)
ARR 500002e6 (sz=32, trace=300209, nelems=0, elem type=char[])
OBJ 500002e7 (sz=32, trace=300210, class=java.lang.String@500000d6)
OBJ 500002e8 (sz=48, trace=300026, class=java.nio.HeapCharBuffer@500000b7)
OBJ 500002e9 (sz=48, trace=300026, class=java.nio.HeapCharBuffer@500000b7)
ARR 500002ea (sz=32, trace=300209, nelems=0, elem type=char[])
OBJ 500002eb (sz=32, trace=300210, class=java.lang.String@500000d6)
OBJ 500002ec (sz=48, trace=300026, class=java.nio.HeapCharBuffer@500000b7)
OBJ 500002ed (sz=48, trace=300026, class=java.nio.HeapCharBuffer@500000b7)
ARR 500002ee (sz=32, trace=300209, nelems=0, elem type=char[])
OBJ 500002ef (sz=32, trace=300210, class=java.lang.String@500000d6)
OBJ 500002f0 (sz=48, trace=300026, class=java.nio.HeapCharBuffer@500000b7)
OBJ 500002f1 (sz=48, trace=300026, class=java.nio.HeapCharBuffer@500000b7)
ARR 500002f2 (sz=32, trace=300209, nelems=0, elem type=char[])
OBJ 500002f3 (sz=32, trace=300210, class=java.lang.String@500000d6)
OBJ 500002f4 (sz=48, trace=300026, class=java.nio.HeapCharBuffer@500000b7)
OBJ 500002f5 (sz=48, trace=300026, class=java.nio.HeapCharBuffer@500000b7)
ARR 500002f6 (sz=32, trace=300209, nelems=0, elem type=char[])
OBJ 500002f7 (sz=32, trace=300210, class=java.lang.String@500000d6)
OBJ 500002f8 (sz=48, trace=300026, class=java.nio.HeapCharBuffer@500000b7)
OBJ 500002f9 (sz=48, trace=300026, class=java.nio.HeapCharBuffer@500000b7)
ARR 500002fa (sz=32, trace=300209, nelems=0, elem type=char[])
OBJ 500002fb (sz=32, trace=300210, class=java.lang.String@500000d6)
OBJ 500002fc (sz=48, trace=300026, class=java.nio.HeapCharBuffer@500000b7)
OBJ 500002fd (sz=48, trace=300026, class=java.nio.HeapCharBuffer@500000b7)
ARR 500002fe (sz=32, trace=300209, nelems=0, elem type=char[])
OBJ 500002ff (sz=32, trace=300210, class=java.lang.String@500000d6)
OBJ 50000300 (sz=48, trace=300026, class=java.nio.HeapCharBuffer@500000b7)
OBJ 50000301 (sz=48, trace=300026, class=java.nio.HeapCharBuffer@500000b7)
ARR 50000302 (sz=32, trace=300209, nelems=0, elem type=char[])
OBJ 50000303 (sz=32, trace=300210, class=java.lang.String@500000d6)
OBJ 50000304 (sz=48, trace=300026, class=java.nio.HeapCharBuffer@500000b7)
OBJ 50000305 (sz=48, trace=300026, class=java.nio.HeapCharBuffer@500000b7)
ARR 50000306 (sz=32, trace=300209, nelems=0, elem type=char[])
OBJ 50000307 (sz=32, trace=300210, class=java.lang.String@500000d6)
OBJ 50000308 (sz=48, trace=300026, class=java.nio.HeapCharBuffer@500000b7)
OBJ 50000309 (sz=48, trace=300026, class=java.nio.HeapCharBuffer@500000b7)
ARR 5000030a (sz=32, trace=300209, nelems=0, elem type=char[])
OBJ 5000030b (sz=32, trace=300210, class=java.lang.String@500000d6)
OBJ 5000030c (sz=48, trace=300026, class=java.nio.HeapCharBuffer@500000b7)
OBJ 5000030d (sz=48, trace=300026, class=java.nio.HeapCharBuffer@500000b7)
ARR 5000030e (sz=32, trace=300209, nelems=0, elem type=char[])
OBJ 5000030f (sz=32, trace=300210, class=java.lang.String@500000d6)
OBJ 50000310 (sz=48, trace=300026, class=java.nio.HeapCharBuffer@500000b7)
OBJ 50000311 (sz=48, trace=300026, class=java.nio.HeapCharBuffer@500000b7)
ARR 50000312 (sz=32, trace=300209, nelems=0, elem type=char[])
OBJ 50000313 (sz=32, trace=300210, class=java.lang.String@500000d6)
OBJ 50000314 (sz=48, trace=300026, class=java.nio.HeapCharBuffer@500000b7)
OBJ 50000315 (sz=48, trace=300026, class=java.nio.HeapCharBuffer@500000b7)
ARR 50000316 (sz=32, trace=300209, nelems=0, elem type=char[])
OBJ 50000317 (sz=32, trace=300210, class=java.lang.String@500000d6)
OBJ 50000318 (sz=48, trace=300026, class=java.nio.HeapCharBuffer@500000b7)
OBJ 50000319 (sz=48, trace=300026, class=java.nio.HeapCharBuffer@500000b7)
ARR 5000031a (sz=32, trace=300209, nelems=0, elem type=char[])
OBJ 5000031b (sz=32, trace=300210, class=java.lang.String@500000d6)
OBJ 5000031c (sz=48, trace=300026, class=java.nio.HeapCharBuffer@500000b7)
OBJ 5000031d (sz=48, trace=300026, class=java.nio.HeapCharBuffer@500000b7)
ARR 5000031e (sz=32, trace=300209, nelems=0, elem type=char[])
OBJ 5000031f (sz=32, trace=300210, class=java.lang.String@500000d6)
OBJ 50000320 (sz=48, trace=300026, class=java.nio.HeapCharBuffer@500000b7)
OBJ 50000321 (sz=48, trace=300026, class=java.nio.HeapCharBuffer@500000b7)
ARR 50000322 (sz=32, trace=300209, nelems=0, elem type=char[])
OBJ 50000323 (sz=32, trace=300210, class=java.lang.String@500000d6)
OBJ 50000324 (sz=48, trace=300026, class=java.nio.HeapCharBuffer@500000b7)
OBJ 50000325 (sz=48, trace=300026, class=java.nio.HeapCharBuffer@500000b7)
ARR 50000326 (sz=32, trace=300209, nelems=0, elem type=char[])
OBJ 50000327 (sz=32, trace=300210, class=java.lang.String@500000d6)
OBJ 50000328 (sz=48, trace=300026, class=java.nio.HeapCharBuffer@500000b7)
OBJ 50000329 (sz=48, trace=300026, class=java.nio.HeapCharBuffer@500000b7)
ARR 5000032a (sz=32, trace=300209, nelems=0, elem type=char[])
OBJ 5000032b (sz=32, trace=300210, class=java.lang.String@500000d6)
OBJ 5000032c (sz=48, trace=300026, class=java.nio.HeapCharBuffer@500000b7)
OBJ 5000032d (sz=48, trace=300026, class=java.nio.HeapCharBuffer@500000b7)
ARR 5000032e (sz=32, trace=300209, nelems=0, elem type=char[])
OBJ 5000032f (sz=32, trace=300210, class=java.lang.String@500000d6)
OBJ 50000330 (sz=48, trace=300026, class=java.nio.HeapCharBuffer@500000b7)
OBJ 50000331 (sz=48, trace=300026, class=java.nio.HeapCharBuffer@500000b7)
ARR 50000332 (sz=32, trace=300209, nelems=0, elem type=char[])
OBJ 50000333 (sz=32, trace=300210, class=java.lang.String@500000d6)
OBJ 50000334 (sz=48, trace=300026, class=java.nio.HeapCharBuffer@500000b7)
OBJ 50000335 (sz=48, trace=300026, class=java.nio.HeapCharBuffer@500000b7)
ARR 50000336 (sz=32, trace=300209, nelems=0, elem type=char[])
OBJ 50000337 (sz=32, trace=300210, class=java.lang.String@500000d6)
OBJ 50000338 (sz=48, trace=300026, class=java.nio.HeapCharBuffer@500000b7)
OBJ 50000339 (sz=48, trace=300026, class=java.nio.HeapCharBuffer@500000b7)
ARR 5000033a (sz=32, trace=300209, nelems=0, elem type=char[])
OBJ 5000033b (sz=32, trace=300210, class=java.lang.String@500000d6)
OBJ 5000033c (sz=48, trace=300026, class=java.nio.HeapCharBuffer@500000b7)
OBJ 5000033d (sz=48, trace=300026, class=java.nio.HeapCharBuffer@500000b7)
ARR 5000033e (sz=32, trace=300209, nelems=0, elem type=char[])
OBJ 5000033f (sz=32, trace=300210, class=java.lang.String@500000d6)
OBJ 50000340 (sz=48, trace=300026, class=java.nio.HeapCharBuffer@500000b7)
OBJ 50000341 (sz=48, trace=300026, class=java.nio.HeapCharBuffer@500000b7)
ARR 50000342 (sz=32, trace=300209, nelems=0, elem type=char[])
OBJ 50000343 (sz=32, trace=300210, class=java.lang.String@500000d6)
OBJ 50000344 (sz=48, trace=300026, class=java.nio.HeapCharBuffer@500000b7)
OBJ 50000345 (sz=48, trace=300026, class=java.nio.HeapCharBuffer@500000b7)
ARR 50000346 (sz=32, trace=300209, nelems=0, elem type=char[])
OBJ 50000347 (sz=32, trace=300210, class=java.lang.String@500000d6)
OBJ 50000348 (sz=48, trace=300026, class=java.nio.HeapCharBuffer@500000b7)
OBJ 50000349 (sz=48, trace=300026, class=java.nio.HeapCharBuffer@500000b7)
ARR 5000034a (sz=32, trace=300209, nelems=0, elem type=char[])
OBJ 5000034b (sz=32, trace=300210, class=java.lang.String@500000d6)
OBJ 5000034c (sz=48, trace=300026, class=java.nio.HeapCharBuffer@500000b7)
OBJ 5000034d (sz=48, trace=300026, class=java.nio.HeapCharBuffer@500000b7)
ARR 5000034e (sz=32, trace=300209, nelems=0, elem type=char[])
OBJ 5000034f (sz=32, trace=300210, class=java.lang.String@500000d6)
OBJ 50000350 (sz=48, trace=300026, class=java.nio.HeapCharBuffer@500000b7)
OBJ 50000351 (sz=48, trace=300026, class=java.nio.HeapCharBuffer@500000b7)
ARR 50000352 (sz=32, trace=300209, nelems=0, elem type=char[])
OBJ 50000353 (sz=32, trace=300210, class=java.lang.String@500000d6)
OBJ 50000354 (sz=48, trace=300026, class=java.nio.HeapCharBuffer@500000b7)
OBJ 50000355 (sz=48, trace=300026, class=java.nio.HeapCharBuffer@500000b7)
ARR 50000356 (sz=32, trace=300209, nelems=0, elem type=char[])
OBJ 50000357 (sz=32, trace=300210, class=java.lang.String@500000d6)
OBJ 50000358 (sz=48, trace=300026, class=java.nio.HeapCharBuffer@500000b7)
OBJ 50000359 (sz=48, trace=300026, class=java.nio.HeapCharBuffer@500000b7)
ARR 5000035a (sz=32, trace=300209, nelems=0, elem type=char[])
OBJ 5000035b (sz=32, trace=300210, class=java.lang.String@500000d6)
OBJ 5000035c (sz=48, trace=300026, class=java.nio.HeapCharBuffer@500000b7)
OBJ 5000035d (sz=48, trace=300026, class=java.nio.HeapCharBuffer@500000b7)
ARR 5000035e (sz=32, trace=300209, nelems=0, elem type=char[])
OBJ 5000035f (sz=32, trace=300210, class=java.lang.String@500000d6)
OBJ 50000360 (sz=48, trace=300026, class=java.nio.HeapCharBuffer@500000b7)
OBJ 50000361 (sz=48, trace=300026, class=java.nio.HeapCharBuffer@500000b7)
ARR 50000362 (sz=32, trace=300209, nelems=0, elem type=char[])
OBJ 50000363 (sz=32, trace=300210, class=java.lang.String@500000d6)
OBJ 50000364 (sz=48, trace=300026, class=java.nio.HeapCharBuffer@500000b7)
OBJ 50000365 (sz=48, trace=300026, class=java.nio.HeapCharBuffer@500000b7)
ARR 50000366 (sz=32, trace=300209, nelems=0, elem type=char[])
OBJ 50000367 (sz=32, trace=300210, class=java.lang.String@500000d6)
OBJ 50000368 (sz=48, trace=300026, class=java.nio.HeapCharBuffer@500000b7)
OBJ 50000369 (sz=48, trace=300026, class=java.nio.HeapCharBuffer@500000b7)
ARR 5000036a (sz=32, trace=300209, nelems=0, elem type=char[])
OBJ 5000036b (sz=32, trace=300210, class=java.lang.String@500000d6)
OBJ 5000036c (sz=48, trace=300026, class=java.nio.HeapCharBuffer@500000b7)
OBJ 5000036d (sz=48, trace=300026, class=java.nio.HeapCharBuffer@500000b7)
ARR 5000036e (sz=32, trace=300209, nelems=0, elem type=char[])
OBJ 5000036f (sz=32, trace=300210, class=java.lang.String@500000d6)
OBJ 50000370 (sz=48, trace=300026, class=java.nio.HeapCharBuffer@500000b7)
OBJ 50000371 (sz=48, trace=300026, class=java.nio.HeapCharBuffer@500000b7)
ARR 50000372 (sz=32, trace=300209, nelems=0, elem type=char[])
OBJ 50000373 (sz=32, trace=300210, class=java.lang.String@500000d6)
OBJ 50000374 (sz=48, trace=300026, class=java.nio.HeapCharBuffer@500000b7)
OBJ 50000375 (sz=48, trace=300026, class=java.nio.HeapCharBuffer@500000b7)
ARR 50000376 (sz=32, trace=300209, nelems=0, elem type=char[])
OBJ 50000377 (sz=32, trace=300210, class=java.lang.String@500000d6)
OBJ 50000378 (sz=48, trace=300026, class=java.nio.HeapCharBuffer@500000b7)
OBJ 50000379 (sz=48, trace=300026, class=java.nio.HeapCharBuffer@500000b7)
ARR 5000037a (sz=32, trace=300209, nelems=0, elem type=char[])
OBJ 5000037b (sz=32, trace=300210, class=java.lang.String@500000d6)
OBJ 5000037c (sz=48, trace=300026, class=java.nio.HeapCharBuffer@500000b7)
OBJ 5000037d (sz=48, trace=300026, class=java.nio.HeapCharBuffer@500000b7)
ARR 5000037e (sz=32, trace=300209, nelems=0, elem type=char[])
OBJ 5000037f (sz=32, trace=300210, class=java.lang.String@500000d6)
OBJ 50000380 (sz=48, trace=300026, class=java.nio.HeapCharBuffer@500000b7)
OBJ 50000381 (sz=48, trace=300026, class=java.nio.HeapCharBuffer@500000b7)
ARR 50000382 (sz=32, trace=300209, nelems=0, elem type=char[])
OBJ 50000383 (sz=32, trace=300210, class=java.lang.String@500000d6)
OBJ 50000384 (sz=48, trace=300026, class=java.nio.HeapCharBuffer@500000b7)
OBJ 50000385 (sz=48, trace=300026, class=java.nio.HeapCharBuffer@500000b7)
ARR 50000386 (sz=32, trace=300209, nelems=0, elem type=char[])
OBJ 50000387 (sz=32, trace=300210, class=java.lang.String@500000d6)
OBJ 50000388 (sz=48, trace=300026, class=java.nio.HeapCharBuffer@500000b7)
OBJ 50000389 (sz=48, trace=300026, class=java.nio.HeapCharBuffer@500000b7)
ARR 5000038a (sz=32, trace=300209, nelems=0, elem type=char[])
OBJ 5000038b (sz=32, trace=300210, class=java.lang.String@500000d6)
OBJ 5000038c (sz=48, trace=300026, class=java.nio.HeapCharBuffer@500000b7)
OBJ 5000038d (sz=48, trace=300026, class=java.nio.HeapCharBuffer@500000b7)
ARR 5000038e (sz=32, trace=300209, nelems=0, elem type=char[])
OBJ 5000038f (sz=32, trace=300210, class=java.lang.String@500000d6)
OBJ 50000390 (sz=48, trace=300026, class=java.nio.HeapCharBuffer@500000b7)
OBJ 50000391 (sz=48, trace=300026, class=java.nio.HeapCharBuffer@500000b7)
ARR 50000392 (sz=32, trace=300209, nelems=0, elem type=char[])
OBJ 50000393 (sz=32, trace=300210, class=java.lang.String@500000d6)
OBJ 50000394 (sz=48, trace=300026, class=java.nio.HeapCharBuffer@500000b7)
OBJ 50000395 (sz=48, trace=300026, class=java.nio.HeapCharBuffer@500000b7)
ARR 50000396 (sz=32, trace=300209, nelems=0, elem type=char[])
OBJ 50000397 (sz=32, trace=300210, class=java.lang.String@500000d6)
OBJ 50000398 (sz=48, trace=300026, class=java.nio.HeapCharBuffer@500000b7)
OBJ 50000399 (sz=48, trace=300026, class=java.nio.HeapCharBuffer@500000b7)
ARR 5000039a (sz=32, trace=300209, nelems=0, elem type=char[])
OBJ 5000039b (sz=32, trace=300210, class=java.lang.String@500000d6)
OBJ 5000039c (sz=48, trace=300026, class=java.nio.HeapCharBuffer@500000b7)
OBJ 5000039d (sz=48, trace=300026, class=java.nio.HeapCharBuffer@500000b7)
ARR 5000039e (sz=32, trace=300209, nelems=0, elem type=char[])
OBJ 5000039f (sz=32, trace=300210, class=java.lang.String@500000d6)
OBJ 500003a0 (sz=48, trace=300026, class=java.nio.HeapCharBuffer@500000b7)
OBJ 500003a1 (sz=48, trace=300026, class=java.nio.HeapCharBuffer@500000b7)
ARR 500003a2 (sz=32, trace=300209, nelems=0, elem type=char[])
OBJ 500003a3 (sz=32, trace=300210, class=java.lang.String@500000d6)
OBJ 500003a4 (sz=48, trace=300026, class=java.nio.HeapCharBuffer@500000b7)
OBJ 500003a5 (sz=48, trace=300026, class=java.nio.HeapCharBuffer@500000b7)
ARR 500003a6 (sz=32, trace=300209, nelems=0, elem type=char[])
OBJ 500003a7 (sz=32, trace=300210, class=java.lang.String@500000d6)
OBJ 500003a8 (sz=48, trace=300026, class=java.nio.HeapCharBuffer@500000b7)
OBJ 500003a9 (sz=48, trace=300026, class=java.nio.HeapCharBuffer@500000b7)
ARR 500003aa (sz=32, trace=300209, nelems=0, elem type=char[])
OBJ 500003ab (sz=32, trace=300210, class=java.lang.String@500000d6)
OBJ 500003ac (sz=48, trace=300026, class=java.nio.HeapCharBuffer@500000b7)
OBJ 500003ad (sz=48, trace=300026, class=java.nio.HeapCharBuffer@500000b7)
ARR 500003ae (sz=32, trace=300209, nelems=0, elem type=char[])
OBJ 500003af (sz=32, trace=300210, class=java.lang.String@500000d6)
OBJ 500003b0 (sz=48, trace=300026, class=java.nio.HeapCharBuffer@500000b7)
OBJ 500003b1 (sz=48, trace=300026, class=java.nio.HeapCharBuffer@500000b7)
ARR 500003b2 (sz=32, trace=300209, nelems=0, elem type=char[])
OBJ 500003b3 (sz=32, trace=300210, class=java.lang.String@500000d6)
OBJ 500003b4 (sz=48, trace=300026, class=java.nio.HeapCharBuffer@500000b7)
OBJ 500003b5 (sz=48, trace=300026, class=java.nio.HeapCharBuffer@500000b7)
ARR 500003b6 (sz=32, trace=300209, nelems=0, elem type=char[])
OBJ 500003b7 (sz=32, trace=300210, class=java.lang.String@500000d6)
OBJ 500003b8 (sz=48, trace=300026, class=java.nio.HeapCharBuffer@500000b7)
OBJ 500003b9 (sz=48, trace=300026, class=java.nio.HeapCharBuffer@500000b7)
ARR 500003ba (sz=32, trace=300209, nelems=0, elem type=char[])
OBJ 500003bb (sz=32, trace=300210, class=java.lang.String@500000d6)
OBJ 500003bc (sz=48, trace=300026, class=java.nio.HeapCharBuffer@500000b7)
OBJ 500003bd (sz=48, trace=300026, class=java.nio.HeapCharBuffer@500000b7)
ARR 500003be (sz=32, trace=300209, nelems=0, elem type=char[])
OBJ 500003bf (sz=32, trace=300210, class=java.lang.String@500000d6)
OBJ 500003c0 (sz=48, trace=300026, class=java.nio.HeapCharBuffer@500000b7)
OBJ 500003c1 (sz=48, trace=300026, class=java.nio.HeapCharBuffer@500000b7)
ARR 500003c2 (sz=32, trace=300209, nelems=0, elem type=char[])
OBJ 500003c3 (sz=32, trace=300210, class=java.lang.String@500000d6)
OBJ 500003c4 (sz=48, trace=300026, class=java.nio.HeapCharBuffer@500000b7)
OBJ 500003c5 (sz=48, trace=300026, class=java.nio.HeapCharBuffer@500000b7)
ARR 500003c6 (sz=32, trace=300209, nelems=0, elem type=char[])
OBJ 500003c7 (sz=32, trace=300210, class=java.lang.String@500000d6)
OBJ 500003c8 (sz=48, trace=300026, class=java.nio.HeapCharBuffer@500000b7)
OBJ 500003c9 (sz=48, trace=300026, class=java.nio.HeapCharBuffer@500000b7)
ARR 500003ca (sz=32, trace=300209, nelems=0, elem type=char[])
OBJ 500003cb (sz=32, trace=300210, class=java.lang.String@500000d6)
OBJ 500003cc (sz=48, trace=300026, class=java.nio.HeapCharBuffer@500000b7)
OBJ 500003cd (sz=48, trace=300026, class=java.nio.HeapCharBuffer@500000b7)
ARR 500003ce (sz=32, trace=300209, nelems=0, elem type=char[])
OBJ 500003cf (sz=32, trace=300210, class=java.lang.String@500000d6)
OBJ 500003d0 (sz=48, trace=300026, class=java.nio.HeapCharBuffer@500000b7)
OBJ 500003d1 (sz=48, trace=300026, class=java.nio.HeapCharBuffer@500000b7)
ARR 500003d2 (sz=32, trace=300209, nelems=0, elem type=char[])
OBJ 500003d3 (sz=32, trace=300210, class=java.lang.String@500000d6)
OBJ 500003d4 (sz=48, trace=300026, class=java.nio.HeapCharBuffer@500000b7)
OBJ 500003d5 (sz=48, trace=300026, class=java.nio.HeapCharBuffer@500000b7)
ARR 500003d6 (sz=32, trace=300209, nelems=0, elem type=char[])
OBJ 500003d7 (sz=32, trace=300210, class=java.lang.String@500000d6)
OBJ 500003d8 (sz=48, trace=300026, class=java.nio.HeapCharBuffer@500000b7)
OBJ 500003d9 (sz=48, trace=300026, class=java.nio.HeapCharBuffer@500000b7)
ARR 500003da (sz=32, trace=300209, nelems=0, elem type=char[])
OBJ 500003db (sz=32, trace=300210, class=java.lang.String@500000d6)
OBJ 500003dc (sz=48, trace=300026, class=java.nio.HeapCharBuffer@500000b7)
OBJ 500003dd (sz=48, trace=300026, class=java.nio.HeapCharBuffer@500000b7)
ARR 500003de (sz=32, trace=300209, nelems=0, elem type=char[])
OBJ 500003df (sz=32, trace=300210, class=java.lang.String@500000d6)
OBJ 500003e0 (sz=48, trace=300026, class=java.nio.HeapCharBuffer@500000b7)
OBJ 500003e1 (sz=48, trace=300026, class=java.nio.HeapCharBuffer@500000b7)
ARR 500003e2 (sz=32, trace=300209, nelems=0, elem type=char[])
OBJ 500003e3 (sz=32, trace=300210, class=java.lang.String@500000d6)
OBJ 500003e4 (sz=48, trace=300026, class=java.nio.HeapCharBuffer@500000b7)
OBJ 500003e5 (sz=48, trace=300026, class=java.nio.HeapCharBuffer@500000b7)
ARR 500003e6 (sz=32, trace=300209, nelems=0, elem type=char[])
OBJ 500003e7 (sz=32, trace=300210, class=java.lang.String@500000d6)
OBJ 500003e8 (sz=48, trace=300026, class=java.nio.HeapCharBuffer@500000b7)
OBJ 500003e9 (sz=48, trace=300026, class=java.nio.HeapCharBuffer@500000b7)
ARR 500003ea (sz=32, trace=300209, nelems=0, elem type=char[])
OBJ 500003eb (sz=32, trace=300210, class=java.lang.String@500000d6)
OBJ 500003ec (sz=48, trace=300026, class=java.nio.HeapCharBuffer@500000b7)
OBJ 500003ed (sz=48, trace=300026, class=java.nio.HeapCharBuffer@500000b7)
ARR 500003ee (sz=32, trace=300209, nelems=0, elem type=char[])
OBJ 500003ef (sz=32, trace=300210, class=java.lang.String@500000d6)
OBJ 500003f0 (sz=48, trace=300026, class=java.nio.HeapCharBuffer@500000b7)
OBJ 500003f1 (sz=48, trace=300026, class=java.nio.HeapCharBuffer@500000b7)
ARR 500003f2 (sz=32, trace=300209, nelems=0, elem type=char[])
OBJ 500003f3 (sz=32, trace=300210, class=java.lang.String@500000d6)
OBJ 500003f4 (sz=48, trace=300026, class=java.nio.HeapCharBuffer@500000b7)
OBJ 500003f5 (sz=48, trace=300026, class=java.nio.HeapCharBuffer@500000b7)
ARR 500003f6 (sz=32, trace=300209, nelems=0, elem type=char[])
OBJ 500003f7 (sz=32, trace=300210, class=java.lang.String@500000d6)
OBJ 500003f8 (sz=48, trace=300026, class=java.nio.HeapCharBuffer@500000b7)
OBJ 500003f9 (sz=48, trace=300026, class=java.nio.HeapCharBuffer@500000b7)
ARR 500003fa (sz=32, trace=300209, nelems=0, elem type=char[])
OBJ 500003fb (sz=32, trace=300210, class=java.lang.String@500000d6)
OBJ 500003fc (sz=48, trace=300026, class=java.nio.HeapCharBuffer@500000b7)
OBJ 500003fd (sz=48, trace=300026, class=java.nio.HeapCharBuffer@500000b7)
ARR 500003fe (sz=32, trace=300209, nelems=0, elem type=char[])
OBJ 500003ff (sz=32, trace=300210, class=java.lang.String@500000d6)
OBJ 50000400 (sz=48, trace=300026, class=java.nio.HeapCharBuffer@500000b7)
OBJ 50000401 (sz=48, trace=300026, class=java.nio.HeapCharBuffer@500000b7)
ARR 50000402 (sz=32, trace=300209, nelems=0, elem type=char[])
OBJ 50000403 (sz=32, trace=300210, class=java.lang.String@500000d6)
OBJ 50000404 (sz=48, trace=300026, class=java.nio.HeapCharBuffer@500000b7)
OBJ 50000405 (sz=48, trace=300026, class=java.nio.HeapCharBuffer@500000b7)
ARR 50000406 (sz=32, trace=300209, nelems=0, elem type=char[])
OBJ 50000407 (sz=32, trace=300210, class=java.lang.String@500000d6)
OBJ 50000408 (sz=48, trace=300026, class=java.nio.HeapCharBuffer@500000b7)
OBJ 50000409 (sz=48, trace=300026, class=java.nio.HeapCharBuffer@500000b7)
ARR 5000040a (sz=32, trace=300209, nelems=0, elem type=char[])
OBJ 5000040b (sz=32, trace=300210, class=java.lang.String@500000d6)
OBJ 5000040c (sz=48, trace=300026, class=java.nio.HeapCharBuffer@500000b7)
OBJ 5000040d (sz=48, trace=300026, class=java.nio.HeapCharBuffer@500000b7)
ARR 5000040e (sz=32, trace=300209, nelems=0, elem type=char[])
OBJ 5000040f (sz=32, trace=300210, class=java.lang.String@500000d6)
OBJ 50000410 (sz=48, trace=300026, class=java.nio.HeapCharBuffer@500000b7)
OBJ 50000411 (sz=48, trace=300026, class=java.nio.HeapCharBuffer@500000b7)
ARR 50000412 (sz=32, trace=300209, nelems=0, elem type=char[])
OBJ 50000413 (sz=32, trace=300210, class=java.lang.String@500000d6)
OBJ 50000414 (sz=48, trace=300026, class=java.nio.HeapCharBuffer@500000b7)
OBJ 50000415 (sz=48, trace=300026, class=java.nio.HeapCharBuffer@500000b7)
ARR 50000416 (sz=32, trace=300209, nelems=0, elem type=char[])
OBJ 50000417 (sz=32, trace=300210, class=java.lang.String@500000d6)
OBJ 50000418 (sz=48, trace=300026, class=java.nio.HeapCharBuffer@500000b7)
OBJ 50000419 (sz=48, trace=300026, class=java.nio.HeapCharBuffer@500000b7)
ARR 5000041a (sz=32, trace=300209, nelems=0, elem type=char[])
OBJ 5000041b (sz=32, trace=300210, class=java.lang.String@500000d6)
OBJ 5000041c (sz=48, trace=300026, class=java.nio.HeapCharBuffer@500000b7)
OBJ 5000041d (sz=48, trace=300026, class=java.nio.HeapCharBuffer@500000b7)
ARR 5000041e (sz=32, trace=300209, nelems=0, elem type=char[])
OBJ 5000041f (sz=32, trace=300210, class=java.lang.String@500000d6)
OBJ 50000420 (sz=48, trace=300026, class=java.nio.HeapCharBuffer@500000b7)
OBJ 50000421 (sz=48, trace=300026, class=java.nio.HeapCharBuffer@500000b7)
ARR 50000422 (sz=32, trace=300209, nelems=0, elem type=char[])
OBJ 50000423 (sz=32, trace=300210, class=java.lang.String@500000d6)
OBJ 50000424 (sz=48, trace=300026, class=java.nio.HeapCharBuffer@500000b7)
OBJ 50000425 (sz=48, trace=300026, class=java.nio.HeapCharBuffer@500000b7)
ARR 50000426 (sz=32, trace=300209, nelems=0, elem type=char[])
OBJ 50000427 (sz=32, trace=300210, class=java.lang.String@500000d6)
OBJ 50000428 (sz=48, trace=300026, class=java.nio.HeapCharBuffer@500000b7)
OBJ 50000429 (sz=48, trace=300026, class=java.nio.HeapCharBuffer@500000b7)
ARR 5000042a (sz=32, trace=300209, nelems=0, elem type=char[])
OBJ 5000042b (sz=32, trace=300210, class=java.lang.String@500000d6)
OBJ 5000042c (sz=48, trace=300026, class=java.nio.HeapCharBuffer@500000b7)
OBJ 5000042d (sz=48, trace=300026, class=java.nio.HeapCharBuffer@500000b7)
ARR 5000042e (sz=32, trace=300209, nelems=0, elem type=char[])
OBJ 5000042f (sz=32, trace=300210, class=java.lang.String@500000d6)
OBJ 50000430 (sz=48, trace=300026, class=java.nio.HeapCharBuffer@500000b7)
OBJ 50000431 (sz=48, trace=300026, class=java.nio.HeapCharBuffer@500000b7)
ARR 50000432 (sz=32, trace=300209, nelems=0, elem type=char[])
OBJ 50000433 (sz=32, trace=300210, class=java.lang.String@500000d6)
OBJ 50000434 (sz=48, trace=300026, class=java.nio.HeapCharBuffer@500000b7)
OBJ 50000435 (sz=48, trace=300026, class=java.nio.HeapCharBuffer@500000b7)
ARR 50000436 (sz=32, trace=300209, nelems=0, elem type=char[])
OBJ 50000437 (sz=32, trace=300210, class=java.lang.String@500000d6)
OBJ 50000438 (sz=48, trace=300026, class=java.nio.HeapCharBuffer@500000b7)
OBJ 50000439 (sz=48, trace=300026, class=java.nio.HeapCharBuffer@500000b7)
ARR 5000043a (sz=32, trace=300209, nelems=0, elem type=char[])
OBJ 5000043b (sz=32, trace=300210, class=java.lang.String@500000d6)
OBJ 5000043c (sz=48, trace=300026, class=java.nio.HeapCharBuffer@500000b7)
OBJ 5000043d (sz=48, trace=300026, class=java.nio.HeapCharBuffer@500000b7)
ARR 5000043e (sz=32, trace=300209, nelems=0, elem type=char[])
OBJ 5000043f (sz=32, trace=300210, class=java.lang.String@500000d6)
OBJ 50000440 (sz=48, trace=300026, class=java.nio.HeapCharBuffer@500000b7)
OBJ 50000441 (sz=48, trace=300026, class=java.nio.HeapCharBuffer@500000b7)
ARR 50000442 (sz=32, trace=300209, nelems=0, elem type=char[])
OBJ 50000443 (sz=32, trace=300210, class=java.lang.String@500000d6)
OBJ 50000444 (sz=48, trace=300026, class=java.nio.HeapCharBuffer@500000b7)
OBJ 50000445 (sz=48, trace=300026, class=java.nio.HeapCharBuffer@500000b7)
ARR 50000446 (sz=32, trace=300209, nelems=0, elem type=char[])
OBJ 50000447 (sz=32, trace=300210, class=java.lang.String@500000d6)
OBJ 50000448 (sz=48, trace=300026, class=java.nio.HeapCharBuffer@500000b7)
OBJ 50000449 (sz=48, trace=300026, class=java.nio.HeapCharBuffer@500000b7)
ARR 5000044a (sz=32, trace=300209, nelems=0, elem type=char[])
OBJ 5000044b (sz=32, trace=300210, class=java.lang.String@500000d6)
OBJ 5000044c (sz=48, trace=300026, class=java.nio.HeapCharBuffer@500000b7)
OBJ 5000044d (sz=48, trace=300026, class=java.nio.HeapCharBuffer@500000b7)
ARR 5000044e (sz=32, trace=300209, nelems=0, elem type=char[])
OBJ 5000044f (sz=32, trace=300210, class=java.lang.String@500000d6)
OBJ 50000450 (sz=48, trace=300026, class=java.nio.HeapCharBuffer@500000b7)
OBJ 50000451 (sz=48, trace=300026, class=java.nio.HeapCharBuffer@500000b7)
ARR 50000452 (sz=32, trace=300209, nelems=0, elem type=char[])
OBJ 50000453 (sz=32, trace=300210, class=java.lang.String@500000d6)
OBJ 50000454 (sz=48, trace=300026, class=java.nio.HeapCharBuffer@500000b7)
OBJ 50000455 (sz=48, trace=300026, class=java.nio.HeapCharBuffer@500000b7)
ARR 50000456 (sz=32, trace=300209, nelems=0, elem type=char[])
OBJ 50000457 (sz=32, trace=300210, class=java.lang.String@500000d6)
OBJ 50000458 (sz=48, trace=300026, class=java.nio.HeapCharBuffer@500000b7)
OBJ 50000459 (sz=48, trace=300026, class=java.nio.HeapCharBuffer@500000b7)
ARR 5000045a (sz=32, trace=300209, nelems=0, elem type=char[])
OBJ 5000045b (sz=32, trace=300210, class=java.lang.String@500000d6)
OBJ 5000045c (sz=48, trace=300026, class=java.nio.HeapCharBuffer@500000b7)
OBJ 5000045d (sz=48, trace=300026, class=java.nio.HeapCharBuffer@500000b7)
ARR 5000045e (sz=32, trace=300209, nelems=0, elem type=char[])
OBJ 5000045f (sz=32, trace=300210, class=java.lang.String@500000d6)
OBJ 50000460 (sz=48, trace=300026, class=java.nio.HeapCharBuffer@500000b7)
OBJ 50000461 (sz=48, trace=300026, class=java.nio.HeapCharBuffer@500000b7)
ARR 50000462 (sz=32, trace=300209, nelems=0, elem type=char[])
OBJ 50000463 (sz=32, trace=300210, class=java.lang.String@500000d6)
OBJ 50000464 (sz=48, trace=300026, class=java.nio.HeapCharBuffer@500000b7)
OBJ 50000465 (sz=48, trace=300026, class=java.nio.HeapCharBuffer@500000b7)
ARR 50000466 (sz=32, trace=300209, nelems=0, elem type=char[])
OBJ 50000467 (sz=32, trace=300210, class=java.lang.String@500000d6)
OBJ 50000468 (sz=48, trace=300026, class=java.nio.HeapCharBuffer@500000b7)
OBJ 50000469 (sz=48, trace=300026, class=java.nio.HeapCharBuffer@500000b7)
ARR 5000046a (sz=32, trace=300209, nelems=0, elem type=char[])
OBJ 5000046b (sz=32, trace=300210, class=java.lang.String@500000d6)
OBJ 5000046c (sz=48, trace=300026, class=java.nio.HeapCharBuffer@500000b7)
OBJ 5000046d (sz=48, trace=300026, class=java.nio.HeapCharBuffer@500000b7)
ARR 5000046e (sz=32, trace=300209, nelems=0, elem type=char[])
OBJ 5000046f (sz=32, trace=300210, class=java.lang.String@500000d6)
OBJ 50000470 (sz=48, trace=300026, class=java.nio.HeapCharBuffer@500000b7)
OBJ 50000471 (sz=48, trace=300026, class=java.nio.HeapCharBuffer@500000b7)
ARR 50000472 (sz=32, trace=300209, nelems=0, elem type=char[])
OBJ 50000473 (sz=32, trace=300210, class=java.lang.String@500000d6)
OBJ 50000474 (sz=48, trace=300026, class=java.nio.HeapCharBuffer@500000b7)
OBJ 50000475 (sz=48, trace=300026, class=java.nio.HeapCharBuffer@500000b7)
ARR 50000476 (sz=32, trace=300209, nelems=0, elem type=char[])
OBJ 50000477 (sz=32, trace=300210, class=java.lang.String@500000d6)
OBJ 50000478 (sz=48, trace=300026, class=java.nio.HeapCharBuffer@500000b7)
OBJ 50000479 (sz=48, trace=300026, class=java.nio.HeapCharBuffer@500000b7)
ARR 5000047a (sz=32, trace=300209, nelems=0, elem type=char[])
OBJ 5000047b (sz=32, trace=300210, class=java.lang.String@500000d6)
OBJ 5000047c (sz=48, trace=300026, class=java.nio.HeapCharBuffer@500000b7)
OBJ 5000047d (sz=48, trace=300026, class=java.nio.HeapCharBuffer@500000b7)
ARR 5000047e (sz=32, trace=300209, nelems=0, elem type=char[])
OBJ 5000047f (sz=32, trace=300210, class=java.lang.String@500000d6)
OBJ 50000480 (sz=48, trace=300026, class=java.nio.HeapCharBuffer@500000b7)
OBJ 50000481 (sz=48, trace=300026, class=java.nio.HeapCharBuffer@500000b7)
ARR 50000482 (sz=32, trace=300209, nelems=0, elem type=char[])
OBJ 50000483 (sz=32, trace=300210, class=java.lang.String@500000d6)
OBJ 50000484 (sz=48, trace=300026, class=java.nio.HeapCharBuffer@500000b7)
OBJ 50000485 (sz=48, trace=300026, class=java.nio.HeapCharBuffer@500000b7)
ARR 50000486 (sz=32, trace=300209, nelems=0, elem type=char[])
OBJ 50000487 (sz=32, trace=300210, class=java.lang.String@500000d6)
OBJ 50000488 (sz=48, trace=300026, class=java.nio.HeapCharBuffer@500000b7)
OBJ 50000489 (sz=48, trace=300026, class=java.nio.HeapCharBuffer@500000b7)
ARR 5000048a (sz=32, trace=300209, nelems=0, elem type=char[])
OBJ 5000048b (sz=32, trace=300210, class=java.lang.String@500000d6)
OBJ 5000048c (sz=48, trace=300026, class=java.nio.HeapCharBuffer@500000b7)
OBJ 5000048d (sz=48, trace=300026, class=java.nio.HeapCharBuffer@500000b7)
ARR 5000048e (sz=32, trace=300209, nelems=0, elem type=char[])
OBJ 5000048f (sz=32, trace=300210, class=java.lang.String@500000d6)
OBJ 50000490 (sz=48, trace=300026, class=java.nio.HeapCharBuffer@500000b7)
OBJ 50000491 (sz=48, trace=300026, class=java.nio.HeapCharBuffer@500000b7)
ARR 50000492 (sz=32, trace=300209, nelems=0, elem type=char[])
OBJ 50000493 (sz=32, trace=300210, class=java.lang.String@500000d6)
OBJ 50000494 (sz=48, trace=300026, class=java.nio.HeapCharBuffer@500000b7)
OBJ 50000495 (sz=48, trace=300026, class=java.nio.HeapCharBuffer@500000b7)
ARR 50000496 (sz=32, trace=300209, nelems=0, elem type=char[])
OBJ 50000497 (sz=32, trace=300210, class=java.lang.String@500000d6)
OBJ 50000498 (sz=48, trace=300026, class=java.nio.HeapCharBuffer@500000b7)
OBJ 50000499 (sz=48, trace=300026, class=java.nio.HeapCharBuffer@500000b7)
ARR 5000049a (sz=32, trace=300209, nelems=0, elem type=char[])
OBJ 5000049b (sz=32, trace=300210, class=java.lang.String@500000d6)
OBJ 5000049c (sz=48, trace=300026, class=java.nio.HeapCharBuffer@500000b7)
OBJ 5000049d (sz=48, trace=300026, class=java.nio.HeapCharBuffer@500000b7)
ARR 5000049e (sz=32, trace=300209, nelems=0, elem type=char[])
OBJ 5000049f (sz=32, trace=300210, class=java.lang.String@500000d6)
OBJ 500004a0 (sz=48, trace=300026, class=java.nio.HeapCharBuffer@500000b7)
OBJ 500004a1 (sz=48, trace=300026, class=java.nio.HeapCharBuffer@500000b7)
ARR 500004a2 (sz=32, trace=300209, nelems=0, elem type=char[])
OBJ 500004a3 (sz=32, trace=300210, class=java.lang.String@500000d6)
OBJ 500004a4 (sz=48, trace=300026, class=java.nio.HeapCharBuffer@500000b7)
OBJ 500004a5 (sz=48, trace=300026, class=java.nio.HeapCharBuffer@500000b7)
ARR 500004a6 (sz=32, trace=300209, nelems=0, elem type=char[])
OBJ 500004a7 (sz=32, trace=300210, class=java.lang.String@500000d6)
OBJ 500004a8 (sz=48, trace=300026, class=java.nio.HeapCharBuffer@500000b7)
OBJ 500004a9 (sz=48, trace=300026, class=java.nio.HeapCharBuffer@500000b7)
ARR 500004aa (sz=32, trace=300209, nelems=0, elem type=char[])
OBJ 500004ab (sz=32, trace=300210, class=java.lang.String@500000d6)
OBJ 500004ac (sz=48, trace=300026, class=java.nio.HeapCharBuffer@500000b7)
OBJ 500004ad (sz=48, trace=300026, class=java.nio.HeapCharBuffer@500000b7)
ARR 500004ae (sz=32, trace=300209, nelems=0, elem type=char[])
OBJ 500004af (sz=32, trace=300210, class=java.lang.String@500000d6)
OBJ 500004b0 (sz=48, trace=300026, class=java.nio.HeapCharBuffer@500000b7)
OBJ 500004b1 (sz=48, trace=300026, class=java.nio.HeapCharBuffer@500000b7)
ARR 500004b2 (sz=32, trace=300209, nelems=0, elem type=char[])
OBJ 500004b3 (sz=32, trace=300210, class=java.lang.String@500000d6)
OBJ 500004b4 (sz=48, trace=300026, class=java.nio.HeapCharBuffer@500000b7)
OBJ 500004b5 (sz=48, trace=300026, class=java.nio.HeapCharBuffer@500000b7)
ARR 500004b6 (sz=32, trace=300209, nelems=0, elem type=char[])
OBJ 500004b7 (sz=32, trace=300210, class=java.lang.String@500000d6)
OBJ 500004b8 (sz=48, trace=300026, class=java.nio.HeapCharBuffer@500000b7)
OBJ 500004b9 (sz=48, trace=300026, class=java.nio.HeapCharBuffer@500000b7)
ARR 500004ba (sz=32, trace=300209, nelems=0, elem type=char[])
OBJ 500004bb (sz=32, trace=300210, class=java.lang.String@500000d6)
OBJ 500004bc (sz=48, trace=300026, class=java.nio.HeapCharBuffer@500000b7)
OBJ 500004bd (sz=48, trace=300026, class=java.nio.HeapCharBuffer@500000b7)
ARR 500004be (sz=32, trace=300209, nelems=0, elem type=char[])
OBJ 500004bf (sz=32, trace=300210, class=java.lang.String@500000d6)
OBJ 500004c0 (sz=48, trace=300026, class=java.nio.HeapCharBuffer@500000b7)
OBJ 500004c1 (sz=48, trace=300026, class=java.nio.HeapCharBuffer@500000b7)
ARR 500004c2 (sz=32, trace=300209, nelems=0, elem type=char[])
OBJ 500004c3 (sz=32, trace=300210, class=java.lang.String@500000d6)
OBJ 500004c4 (sz=48, trace=300026, class=java.nio.HeapCharBuffer@500000b7)
OBJ 500004c5 (sz=48, trace=300026, class=java.nio.HeapCharBuffer@500000b7)
ARR 500004c6 (sz=32, trace=300209, nelems=0, elem type=char[])
OBJ 500004c7 (sz=32, trace=300210, class=java.lang.String@500000d6)
OBJ 500004c8 (sz=48, trace=300026, class=java.nio.HeapCharBuffer@500000b7)
OBJ 500004c9 (sz=48, trace=300026, class=java.nio.HeapCharBuffer@500000b7)
ARR 500004ca (sz=32, trace=300209, nelems=0, elem type=char[])
OBJ 500004cb (sz=32, trace=300210, class=java.lang.String@500000d6)
OBJ 500004cc (sz=48, trace=300026, class=java.nio.HeapCharBuffer@500000b7)
OBJ 500004cd (sz=48, trace=300026, class=java.nio.HeapCharBuffer@500000b7)
ARR 500004ce (sz=32, trace=300209, nelems=0, elem type=char[])
OBJ 500004cf (sz=32, trace=300210, class=java.lang.String@500000d6)
OBJ 500004d0 (sz=48, trace=300026, class=java.nio.HeapCharBuffer@500000b7)
OBJ 500004d1 (sz=48, trace=300026, class=java.nio.HeapCharBuffer@500000b7)
ARR 500004d2 (sz=32, trace=300209, nelems=0, elem type=char[])
OBJ 500004d3 (sz=32, trace=300210, class=java.lang.String@500000d6)
OBJ 500004d4 (sz=48, trace=300026, class=java.nio.HeapCharBuffer@500000b7)
OBJ 500004d5 (sz=48, trace=300026, class=java.nio.HeapCharBuffer@500000b7)
ARR 500004d6 (sz=32, trace=300209, nelems=0, elem type=char[])
OBJ 500004d7 (sz=32, trace=300210, class=java.lang.String@500000d6)
OBJ 500004d8 (sz=48, trace=300026, class=java.nio.HeapCharBuffer@500000b7)
OBJ 500004d9 (sz=48, trace=300026, class=java.nio.HeapCharBuffer@500000b7)
ARR 500004da (sz=32, trace=300209, nelems=0, elem type=char[])
OBJ 500004db (sz=32, trace=300210, class=java.lang.String@500000d6)
OBJ 500004dc (sz=48, trace=300026, class=java.nio.HeapCharBuffer@500000b7)
OBJ 500004dd (sz=48, trace=300026, class=java.nio.HeapCharBuffer@500000b7)
ARR 500004de (sz=32, trace=300209, nelems=0, elem type=char[])
OBJ 500004df (sz=32, trace=300210, class=java.lang.String@500000d6)
OBJ 500004e0 (sz=48, trace=300026, class=java.nio.HeapCharBuffer@500000b7)
OBJ 500004e1 (sz=48, trace=300026, class=java.nio.HeapCharBuffer@500000b7)
ARR 500004e2 (sz=32, trace=300209, nelems=0, elem type=char[])
OBJ 500004e3 (sz=32, trace=300210, class=java.lang.String@500000d6)
OBJ 500004e4 (sz=48, trace=300026, class=java.nio.HeapCharBuffer@500000b7)
OBJ 500004e5 (sz=48, trace=300026, class=java.nio.HeapCharBuffer@500000b7)
ARR 500004e6 (sz=32, trace=300209, nelems=0, elem type=char[])
OBJ 500004e7 (sz=32, trace=300210, class=java.lang.String@500000d6)
OBJ 500004e8 (sz=48, trace=300026, class=java.nio.HeapCharBuffer@500000b7)
OBJ 500004e9 (sz=48, trace=300026, class=java.nio.HeapCharBuffer@500000b7)
ARR 500004ea (sz=32, trace=300209, nelems=0, elem type=char[])
OBJ 500004eb (sz=32, trace=300210, class=java.lang.String@500000d6)
OBJ 500004ec (sz=48, trace=300026, class=java.nio.HeapCharBuffer@500000b7)
OBJ 500004ed (sz=48, trace=300026, class=java.nio.HeapCharBuffer@500000b7)
ARR 500004ee (sz=32, trace=300209, nelems=0, elem type=char[])
OBJ 500004ef (sz=32, trace=300210, class=java.lang.String@500000d6)
OBJ 500004f0 (sz=48, trace=300026, class=java.nio.HeapCharBuffer@500000b7)
OBJ 500004f1 (sz=48, trace=300026, class=java.nio.HeapCharBuffer@500000b7)
ARR 500004f2 (sz=32, trace=300209, nelems=0, elem type=char[])
OBJ 500004f3 (sz=32, trace=300210, class=java.lang.String@500000d6)
OBJ 500004f4 (sz=48, trace=300026, class=java.nio.HeapCharBuffer@500000b7)
OBJ 500004f5 (sz=48, trace=300026, class=java.nio.HeapCharBuffer@500000b7)
ARR 500004f6 (sz=32, trace=300209, nelems=0, elem type=char[])
OBJ 500004f7 (sz=32, trace=300210, class=java.lang.String@500000d6)
OBJ 500004f8 (sz=48, trace=300026, class=java.nio.HeapCharBuffer@500000b7)
OBJ 500004f9 (sz=48, trace=300026, class=java.nio.HeapCharBuffer@500000b7)
ARR 500004fa (sz=32, trace=300209, nelems=0, elem type=char[])
OBJ 500004fb (sz=32, trace=300210, class=java.lang.String@500000d6)
OBJ 500004fc (sz=48, trace=300026, class=java.nio.HeapCharBuffer@500000b7)
OBJ 500004fd (sz=48, trace=300026, class=java.nio.HeapCharBuffer@500000b7)
ARR 500004fe (sz=32, trace=300209, nelems=0, elem type=char[])
OBJ 500004ff (sz=32, trace=300210, class=java.lang.String@500000d6)
OBJ 50000500 (sz=48, trace=300026, class=java.nio.HeapCharBuffer@500000b7)
OBJ 50000501 (sz=48, trace=300026, class=java.nio.HeapCharBuffer@500000b7)
ARR 50000502 (sz=32, trace=300209, nelems=0, elem type=char[])
OBJ 50000503 (sz=32, trace=300210, class=java.lang.String@500000d6)
OBJ 50000504 (sz=48, trace=300026, class=java.nio.HeapCharBuffer@500000b7)
OBJ 50000505 (sz=48, trace=300026, class=java.nio.HeapCharBuffer@500000b7)
ARR 50000506 (sz=32, trace=300209, nelems=0, elem type=char[])
OBJ 50000507 (sz=32, trace=300210, class=java.lang.String@500000d6)
OBJ 50000508 (sz=48, trace=300026, class=java.nio.HeapCharBuffer@500000b7)
OBJ 50000509 (sz=48, trace=300026, class=java.nio.HeapCharBuffer@500000b7)
ARR 5000050a (sz=32, trace=300209, nelems=0, elem type=char[])
OBJ 5000050b (sz=32, trace=300210, class=java.lang.String@500000d6)
OBJ 5000050c (sz=48, trace=300026, class=java.nio.HeapCharBuffer@500000b7)
OBJ 5000050d (sz=48, trace=300026, class=java.nio.HeapCharBuffer@500000b7)
ARR 5000050e (sz=32, trace=300209, nelems=0, elem type=char[])
OBJ 5000050f (sz=32, trace=300210, class=java.lang.String@500000d6)
OBJ 50000510 (sz=48, trace=300026, class=java.nio.HeapCharBuffer@500000b7)
OBJ 50000511 (sz=48, trace=300026, class=java.nio.HeapCharBuffer@500000b7)
ARR 50000512 (sz=32, trace=300209, nelems=0, elem type=char[])
OBJ 50000513 (sz=32, trace=300210, class=java.lang.String@500000d6)
OBJ 50000514 (sz=48, trace=300026, class=java.nio.HeapCharBuffer@500000b7)
OBJ 50000515 (sz=48, trace=300026, class=java.nio.HeapCharBuffer@500000b7)
ARR 50000516 (sz=32, trace=300209, nelems=0, elem type=char[])
OBJ 50000517 (sz=32, trace=300210, class=java.lang.String@500000d6)
OBJ 50000518 (sz=48, trace=300026, class=java.nio.HeapCharBuffer@500000b7)
OBJ 50000519 (sz=48, trace=300026, class=java.nio.HeapCharBuffer@500000b7)
ARR 5000051a (sz=32, trace=300209, nelems=0, elem type=char[])
OBJ 5000051b (sz=32, trace=300210, class=java.lang.String@500000d6)
OBJ 5000051c (sz=48, trace=300026, class=java.nio.HeapCharBuffer@500000b7)
OBJ 5000051d (sz=48, trace=300026, class=java.nio.HeapCharBuffer@500000b7)
ARR 5000051e (sz=32, trace=300209, nelems=0, elem type=char[])
OBJ 5000051f (sz=32, trace=300210, class=java.lang.String@500000d6)
OBJ 50000520 (sz=48, trace=300026, class=java.nio.HeapCharBuffer@500000b7)
OBJ 50000521 (sz=48, trace=300026, class=java.nio.HeapCharBuffer@500000b7)
ARR 50000522 (sz=32, trace=300209, nelems=0, elem type=char[])
OBJ 50000523 (sz=32, trace=300210, class=java.lang.String@500000d6)
OBJ 50000524 (sz=48, trace=300026, class=java.nio.HeapCharBuffer@500000b7)
OBJ 50000525 (sz=48, trace=300026, class=java.nio.HeapCharBuffer@500000b7)
ARR 50000526 (sz=32, trace=300209, nelems=0, elem type=char[])
OBJ 50000527 (sz=32, trace=300210, class=java.lang.String@500000d6)
OBJ 50000528 (sz=48, trace=300026, class=java.nio.HeapCharBuffer@500000b7)
OBJ 50000529 (sz=48, trace=300026, class=java.nio.HeapCharBuffer@500000b7)
ARR 5000052a (sz=32, trace=300209, nelems=0, elem type=char[])
OBJ 5000052b (sz=32, trace=300210, class=java.lang.String@500000d6)
OBJ 5000052c (sz=48, trace=300026, class=java.nio.HeapCharBuffer@500000b7)
OBJ 5000052d (sz=48, trace=300026, class=java.nio.HeapCharBuffer@500000b7)
ARR 5000052e (sz=32, trace=300209, nelems=0, elem type=char[])
OBJ 5000052f (sz=32, trace=300210, class=java.lang.String@500000d6)
OBJ 50000530 (sz=48, trace=300026, class=java.nio.HeapCharBuffer@500000b7)
OBJ 50000531 (sz=48, trace=300026, class=java.nio.HeapCharBuffer@500000b7)
ARR 50000532 (sz=32, trace=300209, nelems=0, elem type=char[])
OBJ 50000533 (sz=32, trace=300210, class=java.lang.String@500000d6)
OBJ 50000534 (sz=48, trace=300026, class=java.nio.HeapCharBuffer@500000b7)
OBJ 50000535 (sz=48, trace=300026, class=java.nio.HeapCharBuffer@500000b7)
ARR 50000536 (sz=32, trace=300209, nelems=0, elem type=char[])
OBJ 50000537 (sz=32, trace=300210, class=java.lang.String@500000d6)
OBJ 50000538 (sz=48, trace=300026, class=java.nio.HeapCharBuffer@500000b7)
OBJ 50000539 (sz=48, trace=300026, class=java.nio.HeapCharBuffer@500000b7)
ARR 5000053a (sz=32, trace=300209, nelems=0, elem type=char[])
OBJ 5000053b (sz=32, trace=300210, class=java.lang.String@500000d6)
OBJ 5000053c (sz=48, trace=300026, class=java.nio.HeapCharBuffer@500000b7)
OBJ 5000053d (sz=48, trace=300026, class=java.nio.HeapCharBuffer@500000b7)
ARR 5000053e (sz=32, trace=300209, nelems=0, elem type=char[])
OBJ 5000053f (sz=32, trace=300210, class=java.lang.String@500000d6)
OBJ 50000540 (sz=48, trace=300026, class=java.nio.HeapCharBuffer@500000b7)
OBJ 50000541 (sz=48, trace=300026, class=java.nio.HeapCharBuffer@500000b7)
ARR 50000542 (sz=32, trace=300209, nelems=0, elem type=char[])
OBJ 50000543 (sz=32, trace=300210, class=java.lang.String@500000d6)
OBJ 50000544 (sz=48, trace=300026, class=java.nio.HeapCharBuffer@500000b7)
OBJ 50000545 (sz=48, trace=300026, class=java.nio.HeapCharBuffer@500000b7)
ARR 50000546 (sz=32, trace=300209, nelems=0, elem type=char[])
OBJ 50000547 (sz=32, trace=300210, class=java.lang.String@500000d6)
OBJ 50000548 (sz=48, trace=300026, class=java.nio.HeapCharBuffer@500000b7)
OBJ 50000549 (sz=48, trace=300026, class=java.nio.HeapCharBuffer@500000b7)
ARR 5000054a (sz=32, trace=300209, nelems=0, elem type=char[])
OBJ 5000054b (sz=32, trace=300210, class=java.lang.String@500000d6)
OBJ 5000054c (sz=48, trace=300026, class=java.nio.HeapCharBuffer@500000b7)
OBJ 5000054d (sz=48, trace=300026, class=java.nio.HeapCharBuffer@500000b7)
ARR 5000054e (sz=32, trace=300209, nelems=0, elem type=char[])
OBJ 5000054f (sz=32, trace=300210, class=java.lang.String@500000d6)
OBJ 50000550 (sz=48, trace=300026, class=java.nio.HeapCharBuffer@500000b7)
OBJ 50000551 (sz=48, trace=300026, class=java.nio.HeapCharBuffer@500000b7)
ARR 50000552 (sz=32, trace=300209, nelems=0, elem type=char[])
OBJ 50000553 (sz=32, trace=300210, class=java.lang.String@500000d6)
OBJ 50000554 (sz=48, trace=300026, class=java.nio.HeapCharBuffer@500000b7)
OBJ 50000555 (sz=48, trace=300026, class=java.nio.HeapCharBuffer@500000b7)
ARR 50000556 (sz=32, trace=300209, nelems=0, elem type=char[])
OBJ 50000557 (sz=32, trace=300210, class=java.lang.String@500000d6)
OBJ 50000558 (sz=48, trace=300026, class=java.nio.HeapCharBuffer@500000b7)
OBJ 50000559 (sz=48, trace=300026, class=java.nio.HeapCharBuffer@500000b7)
ARR 5000055a (sz=32, trace=300209, nelems=0, elem type=char[])
OBJ 5000055b (sz=32, trace=300210, class=java.lang.String@500000d6)
OBJ 5000055c (sz=48, trace=300026, class=java.nio.HeapCharBuffer@500000b7)
OBJ 5000055d (sz=48, trace=300026, class=java.nio.HeapCharBuffer@500000b7)
ARR 5000055e (sz=32, trace=300209, nelems=0, elem type=char[])
OBJ 5000055f (sz=32, trace=300210, class=java.lang.String@500000d6)
OBJ 50000560 (sz=48, trace=300026, class=java.nio.HeapCharBuffer@500000b7)
OBJ 50000561 (sz=48, trace=300026, class=java.nio.HeapCharBuffer@500000b7)
ARR 50000562 (sz=32, trace=300209, nelems=0, elem type=char[])
OBJ 50000563 (sz=32, trace=300210, class=java.lang.String@500000d6)
OBJ 50000564 (sz=48, trace=300026, class=java.nio.HeapCharBuffer@500000b7)
OBJ 50000565 (sz=48, trace=300026, class=java.nio.HeapCharBuffer@500000b7)
ARR 50000566 (sz=32, trace=300209, nelems=0, elem type=char[])
OBJ 50000567 (sz=32, trace=300210, class=java.lang.String@500000d6)
OBJ 50000568 (sz=48, trace=300026, class=java.nio.HeapCharBuffer@500000b7)
OBJ 50000569 (sz=48, trace=300026, class=java.nio.HeapCharBuffer@500000b7)
ARR 5000056a (sz=32, trace=300209, nelems=0, elem type=char[])
OBJ 5000056b (sz=32, trace=300210, class=java.lang.String@500000d6)
OBJ 5000056c (sz=48, trace=300026, class=java.nio.HeapCharBuffer@500000b7)
OBJ 5000056d (sz=48, trace=300026, class=java.nio.HeapCharBuffer@500000b7)
ARR 5000056e (sz=32, trace=300209, nelems=0, elem type=char[])
OBJ 5000056f (sz=32, trace=300210, class=java.lang.String@500000d6)
OBJ 50000570 (sz=48, trace=300026, class=java.nio.HeapCharBuffer@500000b7)
OBJ 50000571 (sz=48, trace=300026, class=java.nio.HeapCharBuffer@500000b7)
ARR 50000572 (sz=32, trace=300209, nelems=0, elem type=char[])
OBJ 50000573 (sz=32, trace=300210, class=java.lang.String@500000d6)
OBJ 50000574 (sz=48, trace=300026, class=java.nio.HeapCharBuffer@500000b7)
OBJ 50000575 (sz=48, trace=300026, class=java.nio.HeapCharBuffer@500000b7)
ARR 50000576 (sz=32, trace=300209, nelems=0, elem type=char[])
OBJ 50000577 (sz=32, trace=300210, class=java.lang.String@500000d6)
OBJ 50000578 (sz=48, trace=300026, class=java.nio.HeapCharBuffer@500000b7)
OBJ 50000579 (sz=48, trace=300026, class=java.nio.HeapCharBuffer@500000b7)
ARR 5000057a (sz=32, trace=300209, nelems=0, elem type=char[])
OBJ 5000057b (sz=32, trace=300210, class=java.lang.String@500000d6)
OBJ 5000057c (sz=48, trace=300026, class=java.nio.HeapCharBuffer@500000b7)
OBJ 5000057d (sz=48, trace=300026, class=java.nio.HeapCharBuffer@500000b7)
ARR 5000057e (sz=32, trace=300209, nelems=0, elem type=char[])
OBJ 5000057f (sz=32, trace=300210, class=java.lang.String@500000d6)
OBJ 50000580 (sz=48, trace=300026, class=java.nio.HeapCharBuffer@500000b7)
OBJ 50000581 (sz=48, trace=300026, class=java.nio.HeapCharBuffer@500000b7)
ARR 50000582 (sz=32, trace=300209, nelems=0, elem type=char[])
OBJ 50000583 (sz=32, trace=300210, class=java.lang.String@500000d6)
OBJ 50000584 (sz=48, trace=300026, class=java.nio.HeapCharBuffer@500000b7)
OBJ 50000585 (sz=48, trace=300026, class=java.nio.HeapCharBuffer@500000b7)
ARR 50000586 (sz=32, trace=300209, nelems=0, elem type=char[])
OBJ 50000587 (sz=32, trace=300210, class=java.lang.String@500000d6)
OBJ 50000588 (sz=48, trace=300026, class=java.nio.HeapCharBuffer@500000b7)
OBJ 50000589 (sz=48, trace=300026, class=java.nio.HeapCharBuffer@500000b7)
ARR 5000058a (sz=32, trace=300209, nelems=0, elem type=char[])
OBJ 5000058b (sz=32, trace=300210, class=java.lang.String@500000d6)
OBJ 5000058c (sz=48, trace=300026, class=java.nio.HeapCharBuffer@500000b7)
OBJ 5000058d (sz=48, trace=300026, class=java.nio.HeapCharBuffer@500000b7)
ARR 5000058e (sz=32, trace=300209, nelems=0, elem type=char[])
OBJ 5000058f (sz=32, trace=300210, class=java.lang.String@500000d6)
OBJ 50000590 (sz=48, trace=300026, class=java.nio.HeapCharBuffer@500000b7)
OBJ 50000591 (sz=48, trace=300026, class=java.nio.HeapCharBuffer@500000b7)
ARR 50000592 (sz=32, trace=300209, nelems=0, elem type=char[])
OBJ 50000593 (sz=32, trace=300210, class=java.lang.String@500000d6)
OBJ 50000594 (sz=48, trace=300026, class=java.nio.HeapCharBuffer@500000b7)
OBJ 50000595 (sz=48, trace=300026, class=java.nio.HeapCharBuffer@500000b7)
ARR 50000596 (sz=32, trace=300209, nelems=0, elem type=char[])
OBJ 50000597 (sz=32, trace=300210, class=java.lang.String@500000d6)
OBJ 50000598 (sz=48, trace=300026, class=java.nio.HeapCharBuffer@500000b7)
OBJ 50000599 (sz=48, trace=300026, class=java.nio.HeapCharBuffer@500000b7)
ARR 5000059a (sz=32, trace=300209, nelems=0, elem type=char[])
OBJ 5000059b (sz=32, trace=300210, class=java.lang.String@500000d6)
OBJ 5000059c (sz=48, trace=300026, class=java.nio.HeapCharBuffer@500000b7)
OBJ 5000059d (sz=48, trace=300026, class=java.nio.HeapCharBuffer@500000b7)
ARR 5000059e (sz=32, trace=300209, nelems=0, elem type=char[])
OBJ 5000059f (sz=32, trace=300210, class=java.lang.String@500000d6)
OBJ 500005a0 (sz=48, trace=300026, class=java.nio.HeapCharBuffer@500000b7)
OBJ 500005a1 (sz=48, trace=300026, class=java.nio.HeapCharBuffer@500000b7)
ARR 500005a2 (sz=32, trace=300209, nelems=0, elem type=char[])
OBJ 500005a3 (sz=32, trace=300210, class=java.lang.String@500000d6)
OBJ 500005a4 (sz=48, trace=300026, class=java.nio.HeapCharBuffer@500000b7)
OBJ 500005a5 (sz=48, trace=300026, class=java.nio.HeapCharBuffer@500000b7)
ARR 500005a6 (sz=32, trace=300209, nelems=0, elem type=char[])
OBJ 500005a7 (sz=32, trace=300210, class=java.lang.String@500000d6)
OBJ 500005a8 (sz=48, trace=300026, class=java.nio.HeapCharBuffer@500000b7)
OBJ 500005a9 (sz=48, trace=300026, class=java.nio.HeapCharBuffer@500000b7)
ARR 500005aa (sz=32, trace=300209, nelems=0, elem type=char[])
OBJ 500005ab (sz=32, trace=300210, class=java.lang.String@500000d6)
OBJ 500005ac (sz=48, trace=300026, class=java.nio.HeapCharBuffer@500000b7)
OBJ 500005ad (sz=48, trace=300026, class=java.nio.HeapCharBuffer@500000b7)
ARR 500005ae (sz=32, trace=300209, nelems=0, elem type=char[])
OBJ 500005af (sz=32, trace=300210, class=java.lang.String@500000d6)
OBJ 500005b0 (sz=48, trace=300026, class=java.nio.HeapCharBuffer@500000b7)
OBJ 500005b1 (sz=48, trace=300026, class=java.nio.HeapCharBuffer@500000b7)
ARR 500005b2 (sz=32, trace=300209, nelems=0, elem type=char[])
OBJ 500005b3 (sz=32, trace=300210, class=java.lang.String@500000d6)
OBJ 500005b4 (sz=48, trace=300026, class=java.nio.HeapCharBuffer@500000b7)
OBJ 500005b5 (sz=48, trace=300026, class=java.nio.HeapCharBuffer@500000b7)
ARR 500005b6 (sz=32, trace=300209, nelems=0, elem type=char[])
OBJ 500005b7 (sz=32, trace=300210, class=java.lang.String@500000d6)
OBJ 500005b8 (sz=48, trace=300026, class=java.nio.HeapCharBuffer@500000b7)
OBJ 500005b9 (sz=48, trace=300026, class=java.nio.HeapCharBuffer@500000b7)
ARR 500005ba (sz=32, trace=300209, nelems=0, elem type=char[])
OBJ 500005bb (sz=32, trace=300210, class=java.lang.String@500000d6)
OBJ 500005bc (sz=48, trace=300026, class=java.nio.HeapCharBuffer@500000b7)
OBJ 500005bd (sz=48, trace=300026, class=java.nio.HeapCharBuffer@500000b7)
ARR 500005be (sz=32, trace=300209, nelems=0, elem type=char[])
OBJ 500005bf (sz=32, trace=300210, class=java.lang.String@500000d6)
OBJ 500005c0 (sz=48, trace=300026, class=java.nio.HeapCharBuffer@500000b7)
OBJ 500005c1 (sz=48, trace=300026, class=java.nio.HeapCharBuffer@500000b7)
ARR 500005c2 (sz=32, trace=300209, nelems=0, elem type=char[])
OBJ 500005c3 (sz=32, trace=300210, class=java.lang.String@500000d6)
OBJ 500005c4 (sz=48, trace=300026, class=java.nio.HeapCharBuffer@500000b7)
OBJ 500005c5 (sz=48, trace=300026, class=java.nio.HeapCharBuffer@500000b7)
ARR 500005c6 (sz=32, trace=300209, nelems=0, elem type=char[])
OBJ 500005c7 (sz=32, trace=300210, class=java.lang.String@500000d6)
OBJ 500005c8 (sz=48, trace=300026, class=java.nio.HeapCharBuffer@500000b7)
OBJ 500005c9 (sz=48, trace=300026, class=java.nio.HeapCharBuffer@500000b7)
ARR 500005ca (sz=32, trace=300209, nelems=0, elem type=char[])
OBJ 500005cb (sz=32, trace=300210, class=java.lang.String@500000d6)
OBJ 500005cc (sz=48, trace=300026, class=java.nio.HeapCharBuffer@500000b7)
OBJ 500005cd (sz=48, trace=300026, class=java.nio.HeapCharBuffer@500000b7)
ARR 500005ce (sz=32, trace=300209, nelems=0, elem type=char[])
OBJ 500005cf (sz=32, trace=300210, class=java.lang.String@500000d6)
OBJ 500005d0 (sz=48, trace=300026, class=java.nio.HeapCharBuffer@500000b7)
OBJ 500005d1 (sz=48, trace=300026, class=java.nio.HeapCharBuffer@500000b7)
ARR 500005d2 (sz=32, trace=300209, nelems=0, elem type=char[])
OBJ 500005d3 (sz=32, trace=300210, class=java.lang.String@500000d6)
OBJ 500005d4 (sz=48, trace=300026, class=java.nio.HeapCharBuffer@500000b7)
OBJ 500005d5 (sz=48, trace=300026, class=java.nio.HeapCharBuffer@500000b7)
ARR 500005d6 (sz=32, trace=300209, nelems=0, elem type=char[])
OBJ 500005d7 (sz=32, trace=300210, class=java.lang.String@500000d6)
OBJ 500005d8 (sz=48, trace=300026, class=java.nio.HeapCharBuffer@500000b7)
OBJ 500005d9 (sz=48, trace=300026, class=java.nio.HeapCharBuffer@500000b7)
ARR 500005da (sz=32, trace=300209, nelems=0, elem type=char[])
OBJ 500005db (sz=32, trace=300210, class=java.lang.String@500000d6)
OBJ 500005dc (sz=48, trace=300026, class=java.nio.HeapCharBuffer@500000b7)
OBJ 500005dd (sz=48, trace=300026, class=java.nio.HeapCharBuffer@500000b7)
ARR 500005de (sz=32, trace=300209, nelems=0, elem type=char[])
OBJ 500005df (sz=32, trace=300210, class=java.lang.String@500000d6)
OBJ 500005e0 (sz=48, trace=300026, class=java.nio.HeapCharBuffer@500000b7)
OBJ 500005e1 (sz=48, trace=300026, class=java.nio.HeapCharBuffer@500000b7)
ARR 500005e2 (sz=32, trace=300209, nelems=0, elem type=char[])
OBJ 500005e3 (sz=32, trace=300210, class=java.lang.String@500000d6)
OBJ 500005e4 (sz=48, trace=300026, class=java.nio.HeapCharBuffer@500000b7)
OBJ 500005e5 (sz=48, trace=300026, class=java.nio.HeapCharBuffer@500000b7)
ARR 500005e6 (sz=32, trace=300209, nelems=0, elem type=char[])
OBJ 500005e7 (sz=32, trace=300210, class=java.lang.String@500000d6)
OBJ 500005e8 (sz=48, trace=300026, class=java.nio.HeapCharBuffer@500000b7)
OBJ 500005e9 (sz=48, trace=300026, class=java.nio.HeapCharBuffer@500000b7)
ARR 500005ea (sz=32, trace=300209, nelems=0, elem type=char[])
OBJ 500005eb (sz=32, trace=300210, class=java.lang.String@500000d6)
OBJ 500005ec (sz=48, trace=300026, class=java.nio.HeapCharBuffer@500000b7)
OBJ 500005ed (sz=48, trace=300026, class=java.nio.HeapCharBuffer@500000b7)
ARR 500005ee (sz=32, trace=300209, nelems=0, elem type=char[])
OBJ 500005ef (sz=32, trace=300210, class=java.lang.String@500000d6)
OBJ 500005f0 (sz=48, trace=300026, class=java.nio.HeapCharBuffer@500000b7)
OBJ 500005f1 (sz=48, trace=300026, class=java.nio.HeapCharBuffer@500000b7)
ARR 500005f2 (sz=32, trace=300209, nelems=0, elem type=char[])
OBJ 500005f3 (sz=32, trace=300210, class=java.lang.String@500000d6)
OBJ 500005f4 (sz=48, trace=300026, class=java.nio.HeapCharBuffer@500000b7)
OBJ 500005f5 (sz=48, trace=300026, class=java.nio.HeapCharBuffer@500000b7)
ARR 500005f6 (sz=32, trace=300209, nelems=0, elem type=char[])
OBJ 500005f7 (sz=32, trace=300210, class=java.lang.String@500000d6)
OBJ 500005f8 (sz=48, trace=300026, class=java.nio.HeapCharBuffer@500000b7)
OBJ 500005f9 (sz=48, trace=300026, class=java.nio.HeapCharBuffer@500000b7)
ARR 500005fa (sz=32, trace=300209, nelems=0, elem type=char[])
OBJ 500005fb (sz=32, trace=300210, class=java.lang.String@500000d6)
OBJ 500005fc (sz=48, trace=300026, class=java.nio.HeapCharBuffer@500000b7)
OBJ 500005fd (sz=48, trace=300026, class=java.nio.HeapCharBuffer@500000b7)
ARR 500005fe (sz=32, trace=300209, nelems=0, elem type=char[])
OBJ 500005ff (sz=32, trace=300210, class=java.lang.String@500000d6)
OBJ 50000600 (sz=48, trace=300026, class=java.nio.HeapCharBuffer@500000b7)
OBJ 50000601 (sz=48, trace=300026, class=java.nio.HeapCharBuffer@500000b7)
ARR 50000602 (sz=32, trace=300209, nelems=0, elem type=char[])
OBJ 50000603 (sz=32, trace=300210, class=java.lang.String@500000d6)
OBJ 50000604 (sz=48, trace=300026, class=java.nio.HeapCharBuffer@500000b7)
OBJ 50000605 (sz=48, trace=300026, class=java.nio.HeapCharBuffer@500000b7)
ARR 50000606 (sz=32, trace=300209, nelems=0, elem type=char[])
OBJ 50000607 (sz=32, trace=300210, class=java.lang.String@500000d6)
OBJ 50000608 (sz=48, trace=300026, class=java.nio.HeapCharBuffer@500000b7)
OBJ 50000609 (sz=48, trace=300026, class=java.nio.HeapCharBuffer@500000b7)
ARR 5000060a (sz=32, trace=300209, nelems=0, elem type=char[])
OBJ 5000060b (sz=32, trace=300210, class=java.lang.String@500000d6)
OBJ 5000060c (sz=48, trace=300026, class=java.nio.HeapCharBuffer@500000b7)
OBJ 5000060d (sz=48, trace=300026, class=java.nio.HeapCharBuffer@500000b7)
ARR 5000060e (sz=32, trace=300209, nelems=0, elem type=char[])
OBJ 5000060f (sz=32, trace=300210, class=java.lang.String@500000d6)
OBJ 50000610 (sz=48, trace=300026, class=java.nio.HeapCharBuffer@500000b7)
OBJ 50000611 (sz=48, trace=300026, class=java.nio.HeapCharBuffer@500000b7)
ARR 50000612 (sz=32, trace=300209, nelems=0, elem type=char[])
OBJ 50000613 (sz=32, trace=300210, class=java.lang.String@500000d6)
OBJ 50000614 (sz=48, trace=300026, class=java.nio.HeapCharBuffer@500000b7)
OBJ 50000615 (sz=48, trace=300026, class=java.nio.HeapCharBuffer@500000b7)
ARR 50000616 (sz=32, trace=300209, nelems=0, elem type=char[])
OBJ 50000617 (sz=32, trace=300210, class=java.lang.String@500000d6)
OBJ 50000618 (sz=48, trace=300026, class=java.nio.HeapCharBuffer@500000b7)
OBJ 50000619 (sz=48, trace=300026, class=java.nio.HeapCharBuffer@500000b7)
ARR 5000061a (sz=32, trace=300209, nelems=0, elem type=char[])
OBJ 5000061b (sz=32, trace=300210, class=java.lang.String@500000d6)
OBJ 5000061c (sz=48, trace=300026, class=java.nio.HeapCharBuffer@500000b7)
OBJ 5000061d (sz=48, trace=300026, class=java.nio.HeapCharBuffer@500000b7)
ARR 5000061e (sz=32, trace=300209, nelems=0, elem type=char[])
OBJ 5000061f (sz=32, trace=300210, class=java.lang.String@500000d6)
OBJ 50000620 (sz=48, trace=300026, class=java.nio.HeapCharBuffer@500000b7)
OBJ 50000621 (sz=48, trace=300026, class=java.nio.HeapCharBuffer@500000b7)
ARR 50000622 (sz=32, trace=300209, nelems=0, elem type=char[])
OBJ 50000623 (sz=32, trace=300210, class=java.lang.String@500000d6)
OBJ 50000624 (sz=48, trace=300026, class=java.nio.HeapCharBuffer@500000b7)
OBJ 50000625 (sz=48, trace=300026, class=java.nio.HeapCharBuffer@500000b7)
ARR 50000626 (sz=32, trace=300209, nelems=0, elem type=char[])
OBJ 50000627 (sz=32, trace=300210, class=java.lang.String@500000d6)
OBJ 50000628 (sz=48, trace=300026, class=java.nio.HeapCharBuffer@500000b7)
OBJ 50000629 (sz=48, trace=300026, class=java.nio.HeapCharBuffer@500000b7)
ARR 5000062a (sz=32, trace=300209, nelems=0, elem type=char[])
OBJ 5000062b (sz=32, trace=300210, class=java.lang.String@500000d6)
OBJ 5000062c (sz=48, trace=300026, class=java.nio.HeapCharBuffer@500000b7)
OBJ 5000062d (sz=48, trace=300026, class=java.nio.HeapCharBuffer@500000b7)
ARR 5000062e (sz=32, trace=300209, nelems=0, elem type=char[])
OBJ 5000062f (sz=32, trace=300210, class=java.lang.String@500000d6)
OBJ 50000630 (sz=48, trace=300026, class=java.nio.HeapCharBuffer@500000b7)
OBJ 50000631 (sz=48, trace=300026, class=java.nio.HeapCharBuffer@500000b7)
ARR 50000632 (sz=32, trace=300209, nelems=0, elem type=char[])
OBJ 50000633 (sz=32, trace=300210, class=java.lang.String@500000d6)
OBJ 50000634 (sz=48, trace=300026, class=java.nio.HeapCharBuffer@500000b7)
OBJ 50000635 (sz=48, trace=300026, class=java.nio.HeapCharBuffer@500000b7)
ARR 50000636 (sz=32, trace=300209, nelems=0, elem type=char[])
OBJ 50000637 (sz=32, trace=300210, class=java.lang.String@500000d6)
OBJ 50000638 (sz=48, trace=300026, class=java.nio.HeapCharBuffer@500000b7)
OBJ 50000639 (sz=48, trace=300026, class=java.nio.HeapCharBuffer@500000b7)
ARR 5000063a (sz=32, trace=300209, nelems=0, elem type=char[])
OBJ 5000063b (sz=32, trace=300210, class=java.lang.String@500000d6)
OBJ 5000063c (sz=48, trace=300026, class=java.nio.HeapCharBuffer@500000b7)
OBJ 5000063d (sz=48, trace=300026, class=java.nio.HeapCharBuffer@500000b7)
ARR 5000063e (sz=32, trace=300209, nelems=0, elem type=char[])
OBJ 5000063f (sz=32, trace=300210, class=java.lang.String@500000d6)
OBJ 50000640 (sz=48, trace=300026, class=java.nio.HeapCharBuffer@500000b7)
OBJ 50000641 (sz=48, trace=300026, class=java.nio.HeapCharBuffer@500000b7)
ARR 50000642 (sz=32, trace=300209, nelems=0, elem type=char[])
OBJ 50000643 (sz=32, trace=300210, class=java.lang.String@500000d6)
OBJ 50000644 (sz=48, trace=300026, class=java.nio.HeapCharBuffer@500000b7)
OBJ 50000645 (sz=48, trace=300026, class=java.nio.HeapCharBuffer@500000b7)
ARR 50000646 (sz=32, trace=300209, nelems=0, elem type=char[])
OBJ 50000647 (sz=32, trace=300210, class=java.lang.String@500000d6)
OBJ 50000648 (sz=48, trace=300026, class=java.nio.HeapCharBuffer@500000b7)
OBJ 50000649 (sz=48, trace=300026, class=java.nio.HeapCharBuffer@500000b7)
ARR 5000064a (sz=32, trace=300209, nelems=0, elem type=char[])
OBJ 5000064b (sz=32, trace=300210, class=java.lang.String@500000d6)
OBJ 5000064c (sz=48, trace=300026, class=java.nio.HeapCharBuffer@500000b7)
OBJ 5000064d (sz=48, trace=300026, class=java.nio.HeapCharBuffer@500000b7)
ARR 5000064e (sz=32, trace=300209, nelems=0, elem type=char[])
OBJ 5000064f (sz=32, trace=300210, class=java.lang.String@500000d6)
OBJ 50000650 (sz=48, trace=300026, class=java.nio.HeapCharBuffer@500000b7)
OBJ 50000651 (sz=48, trace=300026, class=java.nio.HeapCharBuffer@500000b7)
ARR 50000652 (sz=32, trace=300209, nelems=0, elem type=char[])
OBJ 50000653 (sz=32, trace=300210, class=java.lang.String@500000d6)
OBJ 50000654 (sz=48, trace=300026, class=java.nio.HeapCharBuffer@500000b7)
OBJ 50000655 (sz=48, trace=300026, class=java.nio.HeapCharBuffer@500000b7)
ARR 50000656 (sz=32, trace=300209, nelems=0, elem type=char[])
OBJ 50000657 (sz=32, trace=300210, class=java.lang.String@500000d6)
OBJ 50000658 (sz=48, trace=300026, class=java.nio.HeapCharBuffer@500000b7)
OBJ 50000659 (sz=48, trace=300026, class=java.nio.HeapCharBuffer@500000b7)
ARR 5000065a (sz=32, trace=300209, nelems=0, elem type=char[])
OBJ 5000065b (sz=32, trace=300210, class=java.lang.String@500000d6)
OBJ 5000065c (sz=48, trace=300026, class=java.nio.HeapCharBuffer@500000b7)
OBJ 5000065d (sz=48, trace=300026, class=java.nio.HeapCharBuffer@500000b7)
ARR 5000065e (sz=32, trace=300209, nelems=0, elem type=char[])
OBJ 5000065f (sz=32, trace=300210, class=java.lang.String@500000d6)
OBJ 50000660 (sz=48, trace=300026, class=java.nio.HeapCharBuffer@500000b7)
OBJ 50000661 (sz=48, trace=300026, class=java.nio.HeapCharBuffer@500000b7)
ARR 50000662 (sz=32, trace=300209, nelems=0, elem type=char[])
OBJ 50000663 (sz=32, trace=300210, class=java.lang.String@500000d6)
OBJ 50000664 (sz=48, trace=300026, class=java.nio.HeapCharBuffer@500000b7)
OBJ 50000665 (sz=48, trace=300026, class=java.nio.HeapCharBuffer@500000b7)
ARR 50000666 (sz=32, trace=300209, nelems=0, elem type=char[])
OBJ 50000667 (sz=32, trace=300210, class=java.lang.String@500000d6)
OBJ 50000668 (sz=48, trace=300026, class=java.nio.HeapCharBuffer@500000b7)
OBJ 50000669 (sz=48, trace=300026, class=java.nio.HeapCharBuffer@500000b7)
ARR 5000066a (sz=32, trace=300209, nelems=0, elem type=char[])
OBJ 5000066b (sz=32, trace=300210, class=java.lang.String@500000d6)
OBJ 5000066c (sz=48, trace=300026, class=java.nio.HeapCharBuffer@500000b7)
OBJ 5000066d (sz=48, trace=300026, class=java.nio.HeapCharBuffer@500000b7)
ARR 5000066e (sz=32, trace=300209, nelems=0, elem type=char[])
OBJ 5000066f (sz=32, trace=300210, class=java.lang.String@500000d6)
OBJ 50000670 (sz=48, trace=300026, class=java.nio.HeapCharBuffer@500000b7)
OBJ 50000671 (sz=48, trace=300026, class=java.nio.HeapCharBuffer@500000b7)
ARR 50000672 (sz=32, trace=300209, nelems=0, elem type=char[])
OBJ 50000673 (sz=32, trace=300210, class=java.lang.String@500000d6)
OBJ 50000674 (sz=48, trace=300026, class=java.nio.HeapCharBuffer@500000b7)
OBJ 50000675 (sz=48, trace=300026, class=java.nio.HeapCharBuffer@500000b7)
ARR 50000676 (sz=32, trace=300209, nelems=0, elem type=char[])
OBJ 50000677 (sz=32, trace=300210, class=java.lang.String@500000d6)
OBJ 50000678 (sz=48, trace=300026, class=java.nio.HeapCharBuffer@500000b7)
OBJ 50000679 (sz=48, trace=300026, class=java.nio.HeapCharBuffer@500000b7)
ARR 5000067a (sz=32, trace=300209, nelems=0, elem type=char[])
OBJ 5000067b (sz=32, trace=300210, class=java.lang.String@500000d6)
OBJ 5000067c (sz=48, trace=300026, class=java.nio.HeapCharBuffer@500000b7)
OBJ 5000067d (sz=48, trace=300026, class=java.nio.HeapCharBuffer@500000b7)
ARR 5000067e (sz=32, trace=300209, nelems=0, elem type=char[])
OBJ 5000067f (sz=32, trace=300210, class=java.lang.String@500000d6)
OBJ 50000680 (sz=48, trace=300026, class=java.nio.HeapCharBuffer@500000b7)
OBJ 50000681 (sz=48, trace=300026, class=java.nio.HeapCharBuffer@500000b7)
ARR 50000682 (sz=32, trace=300209, nelems=0, elem type=char[])
OBJ 50000683 (sz=32, trace=300210, class=java.lang.String@500000d6)
OBJ 50000684 (sz=48, trace=300026, class=java.nio.HeapCharBuffer@500000b7)
OBJ 50000685 (sz=48, trace=300026, class=java.nio.HeapCharBuffer@500000b7)
ARR 50000686 (sz=32, trace=300209, nelems=0, elem type=char[])
OBJ 50000687 (sz=32, trace=300210, class=java.lang.String@500000d6)
OBJ 50000688 (sz=48, trace=300026, class=java.nio.HeapCharBuffer@500000b7)
OBJ 50000689 (sz=48, trace=300026, class=java.nio.HeapCharBuffer@500000b7)
ARR 5000068a (sz=32, trace=300209, nelems=0, elem type=char[])
OBJ 5000068b (sz=32, trace=300210, class=java.lang.String@500000d6)
OBJ 5000068c (sz=48, trace=300026, class=java.nio.HeapCharBuffer@500000b7)
OBJ 5000068d (sz=48, trace=300026, class=java.nio.HeapCharBuffer@500000b7)
ARR 5000068e (sz=32, trace=300209, nelems=0, elem type=char[])
OBJ 5000068f (sz=32, trace=300210, class=java.lang.String@500000d6)
OBJ 50000690 (sz=48, trace=300026, class=java.nio.HeapCharBuffer@500000b7)
OBJ 50000691 (sz=48, trace=300026, class=java.nio.HeapCharBuffer@500000b7)
ARR 50000692 (sz=32, trace=300209, nelems=0, elem type=char[])
OBJ 50000693 (sz=32, trace=300210, class=java.lang.String@500000d6)
OBJ 50000694 (sz=48, trace=300026, class=java.nio.HeapCharBuffer@500000b7)
OBJ 50000695 (sz=48, trace=300026, class=java.nio.HeapCharBuffer@500000b7)
ARR 50000696 (sz=32, trace=300209, nelems=0, elem type=char[])
OBJ 50000697 (sz=32, trace=300210, class=java.lang.String@500000d6)
OBJ 50000698 (sz=48, trace=300026, class=java.nio.HeapCharBuffer@500000b7)
OBJ 50000699 (sz=48, trace=300026, class=java.nio.HeapCharBuffer@500000b7)
ARR 5000069a (sz=32, trace=300209, nelems=0, elem type=char[])
OBJ 5000069b (sz=32, trace=300210, class=java.lang.String@500000d6)
OBJ 5000069c (sz=48, trace=300026, class=java.nio.HeapCharBuffer@500000b7)
OBJ 5000069d (sz=48, trace=300026, class=java.nio.HeapCharBuffer@500000b7)
ARR 5000069e (sz=32, trace=300209, nelems=0, elem type=char[])
OBJ 5000069f (sz=32, trace=300210, class=java.lang.String@500000d6)
OBJ 500006a0 (sz=48, trace=300026, class=java.nio.HeapCharBuffer@500000b7)
OBJ 500006a1 (sz=48, trace=300026, class=java.nio.HeapCharBuffer@500000b7)
ARR 500006a2 (sz=32, trace=300209, nelems=0, elem type=char[])
OBJ 500006a3 (sz=32, trace=300210, class=java.lang.String@500000d6)
OBJ 500006a4 (sz=48, trace=300026, class=java.nio.HeapCharBuffer@500000b7)
OBJ 500006a5 (sz=48, trace=300026, class=java.nio.HeapCharBuffer@500000b7)
ARR 500006a6 (sz=32, trace=300209, nelems=0, elem type=char[])
OBJ 500006a7 (sz=32, trace=300210, class=java.lang.String@500000d6)
OBJ 500006a8 (sz=48, trace=300026, class=java.nio.HeapCharBuffer@500000b7)
OBJ 500006a9 (sz=48, trace=300026, class=java.nio.HeapCharBuffer@500000b7)
ARR 500006aa (sz=32, trace=300209, nelems=0, elem type=char[])
OBJ 500006ab (sz=32, trace=300210, class=java.lang.String@500000d6)
OBJ 500006ac (sz=48, trace=300026, class=java.nio.HeapCharBuffer@500000b7)
OBJ 500006ad (sz=48, trace=300026, class=java.nio.HeapCharBuffer@500000b7)
ARR 500006ae (sz=32, trace=300209, nelems=0, elem type=char[])
OBJ 500006af (sz=32, trace=300210, class=java.lang.String@500000d6)
OBJ 500006b0 (sz=48, trace=300026, class=java.nio.HeapCharBuffer@500000b7)
OBJ 500006b1 (sz=48, trace=300026, class=java.nio.HeapCharBuffer@500000b7)
ARR 500006b2 (sz=32, trace=300209, nelems=0, elem type=char[])
OBJ 500006b3 (sz=32, trace=300210, class=java.lang.String@500000d6)
OBJ 500006b4 (sz=48, trace=300026, class=java.nio.HeapCharBuffer@500000b7)
OBJ 500006b5 (sz=48, trace=300026, class=java.nio.HeapCharBuffer@500000b7)
ARR 500006b6 (sz=32, trace=300209, nelems=0, elem type=char[])
OBJ 500006b7 (sz=32, trace=300210, class=java.lang.String@500000d6)
OBJ 500006b8 (sz=48, trace=300026, class=java.nio.HeapCharBuffer@500000b7)
OBJ 500006b9 (sz=48, trace=300026, class=java.nio.HeapCharBuffer@500000b7)
ARR 500006ba (sz=32, trace=300209, nelems=0, elem type=char[])
OBJ 500006bb (sz=32, trace=300210, class=java.lang.String@500000d6)
OBJ 500006bc (sz=48, trace=300026, class=java.nio.HeapCharBuffer@500000b7)
OBJ 500006bd (sz=48, trace=300026, class=java.nio.HeapCharBuffer@500000b7)
ARR 500006be (sz=32, trace=300209, nelems=0, elem type=char[])
OBJ 500006bf (sz=32, trace=300210, class=java.lang.String@500000d6)
OBJ 500006c0 (sz=48, trace=300026, class=java.nio.HeapCharBuffer@500000b7)
OBJ 500006c1 (sz=48, trace=300026, class=java.nio.HeapCharBuffer@500000b7)
ARR 500006c2 (sz=32, trace=300209, nelems=0, elem type=char[])
OBJ 500006c3 (sz=32, trace=300210, class=java.lang.String@500000d6)
OBJ 500006c4 (sz=48, trace=300026, class=java.nio.HeapCharBuffer@500000b7)
OBJ 500006c5 (sz=48, trace=300026, class=java.nio.HeapCharBuffer@500000b7)
ARR 500006c6 (sz=32, trace=300209, nelems=0, elem type=char[])
OBJ 500006c7 (sz=32, trace=300210, class=java.lang.String@500000d6)
OBJ 500006c8 (sz=48, trace=300026, class=java.nio.HeapCharBuffer@500000b7)
OBJ 500006c9 (sz=48, trace=300026, class=java.nio.HeapCharBuffer@500000b7)
ARR 500006ca (sz=32, trace=300209, nelems=0, elem type=char[])
OBJ 500006cb (sz=32, trace=300210, class=java.lang.String@500000d6)
OBJ 500006cc (sz=48, trace=300026, class=java.nio.HeapCharBuffer@500000b7)
OBJ 500006cd (sz=48, trace=300026, class=java.nio.HeapCharBuffer@500000b7)
ARR 500006ce (sz=32, trace=300209, nelems=0, elem type=char[])
OBJ 500006cf (sz=32, trace=300210, class=java.lang.String@500000d6)
OBJ 500006d0 (sz=48, trace=300026, class=java.nio.HeapCharBuffer@500000b7)
OBJ 500006d1 (sz=48, trace=300026, class=java.nio.HeapCharBuffer@500000b7)
ARR 500006d2 (sz=32, trace=300209, nelems=0, elem type=char[])
OBJ 500006d3 (sz=32, trace=300210, class=java.lang.String@500000d6)
OBJ 500006d4 (sz=48, trace=300026, class=java.nio.HeapCharBuffer@500000b7)
OBJ 500006d5 (sz=48, trace=300026, class=java.nio.HeapCharBuffer@500000b7)
ARR 500006d6 (sz=32, trace=300209, nelems=0, elem type=char[])
OBJ 500006d7 (sz=32, trace=300210, class=java.lang.String@500000d6)
OBJ 500006d8 (sz=48, trace=300026, class=java.nio.HeapCharBuffer@500000b7)
OBJ 500006d9 (sz=48, trace=300026, class=java.nio.HeapCharBuffer@500000b7)
ARR 500006da (sz=32, trace=300209, nelems=0, elem type=char[])
OBJ 500006db (sz=32, trace=300210, class=java.lang.String@500000d6)
OBJ 500006dc (sz=48, trace=300026, class=java.nio.HeapCharBuffer@500000b7)
OBJ 500006dd (sz=48, trace=300026, class=java.nio.HeapCharBuffer@500000b7)
ARR 500006de (sz=32, trace=300209, nelems=0, elem type=char[])
OBJ 500006df (sz=32, trace=300210, class=java.lang.String@500000d6)
OBJ 500006e0 (sz=48, trace=300026, class=java.nio.HeapCharBuffer@500000b7)
OBJ 500006e1 (sz=48, trace=300026, class=java.nio.HeapCharBuffer@500000b7)
ARR 500006e2 (sz=32, trace=300209, nelems=0, elem type=char[])
OBJ 500006e3 (sz=32, trace=300210, class=java.lang.String@500000d6)
OBJ 500006e4 (sz=48, trace=300026, class=java.nio.HeapCharBuffer@500000b7)
OBJ 500006e5 (sz=48, trace=300026, class=java.nio.HeapCharBuffer@500000b7)
ARR 500006e6 (sz=32, trace=300209, nelems=0, elem type=char[])
OBJ 500006e7 (sz=32, trace=300210, class=java.lang.String@500000d6)
OBJ 500006e8 (sz=48, trace=300026, class=java.nio.HeapCharBuffer@500000b7)
OBJ 500006e9 (sz=48, trace=300026, class=java.nio.HeapCharBuffer@500000b7)
ARR 500006ea (sz=32, trace=300209, nelems=0, elem type=char[])
OBJ 500006eb (sz=32, trace=300210, class=java.lang.String@500000d6)
OBJ 500006ec (sz=48, trace=300026, class=java.nio.HeapCharBuffer@500000b7)
OBJ 500006ed (sz=48, trace=300026, class=java.nio.HeapCharBuffer@500000b7)
ARR 500006ee (sz=32, trace=300209, nelems=0, elem type=char[])
OBJ 500006ef (sz=32, trace=300210, class=java.lang.String@500000d6)
OBJ 500006f0 (sz=48, trace=300026, class=java.nio.HeapCharBuffer@500000b7)
OBJ 500006f1 (sz=48, trace=300026, class=java.nio.HeapCharBuffer@500000b7)
ARR 500006f2 (sz=32, trace=300209, nelems=0, elem type=char[])
OBJ 500006f3 (sz=32, trace=300210, class=java.lang.String@500000d6)
OBJ 500006f4 (sz=48, trace=300026, class=java.nio.HeapCharBuffer@500000b7)
OBJ 500006f5 (sz=48, trace=300026, class=java.nio.HeapCharBuffer@500000b7)
ARR 500006f6 (sz=32, trace=300209, nelems=0, elem type=char[])
OBJ 500006f7 (sz=32, trace=300210, class=java.lang.String@500000d6)
OBJ 500006f8 (sz=48, trace=300026, class=java.nio.HeapCharBuffer@500000b7)
OBJ 500006f9 (sz=48, trace=300026, class=java.nio.HeapCharBuffer@500000b7)
ARR 500006fa (sz=32, trace=300209, nelems=0, elem type=char[])
OBJ 500006fb (sz=32, trace=300210, class=java.lang.String@500000d6)
OBJ 500006fc (sz=48, trace=300026, class=java.nio.HeapCharBuffer@500000b7)
OBJ 500006fd (sz=48, trace=300026, class=java.nio.HeapCharBuffer@500000b7)
ARR 500006fe (sz=32, trace=300209, nelems=0, elem type=char[])
OBJ 500006ff (sz=32, trace=300210, class=java.lang.String@500000d6)
OBJ 50000700 (sz=48, trace=300026, class=java.nio.HeapCharBuffer@500000b7)
OBJ 50000701 (sz=48, trace=300026, class=java.nio.HeapCharBuffer@500000b7)
ARR 50000702 (sz=32, trace=300209, nelems=0, elem type=char[])
OBJ 50000703 (sz=32, trace=300210, class=java.lang.String@500000d6)
OBJ 50000704 (sz=48, trace=300026, class=java.nio.HeapCharBuffer@500000b7)
OBJ 50000705 (sz=48, trace=300026, class=java.nio.HeapCharBuffer@500000b7)
ARR 50000706 (sz=32, trace=300209, nelems=0, elem type=char[])
OBJ 50000707 (sz=32, trace=300210, class=java.lang.String@500000d6)
OBJ 50000708 (sz=48, trace=300026, class=java.nio.HeapCharBuffer@500000b7)
OBJ 50000709 (sz=48, trace=300026, class=java.nio.HeapCharBuffer@500000b7)
ARR 5000070a (sz=32, trace=300209, nelems=0, elem type=char[])
OBJ 5000070b (sz=32, trace=300210, class=java.lang.String@500000d6)
OBJ 5000070c (sz=48, trace=300026, class=java.nio.HeapCharBuffer@500000b7)
OBJ 5000070d (sz=48, trace=300026, class=java.nio.HeapCharBuffer@500000b7)
ARR 5000070e (sz=32, trace=300209, nelems=0, elem type=char[])
OBJ 5000070f (sz=32, trace=300210, class=java.lang.String@500000d6)
OBJ 50000710 (sz=48, trace=300026, class=java.nio.HeapCharBuffer@500000b7)
OBJ 50000711 (sz=48, trace=300026, class=java.nio.HeapCharBuffer@500000b7)
ARR 50000712 (sz=32, trace=300209, nelems=0, elem type=char[])
OBJ 50000713 (sz=32, trace=300210, class=java.lang.String@500000d6)
OBJ 50000714 (sz=48, trace=300026, class=java.nio.HeapCharBuffer@500000b7)
OBJ 50000715 (sz=48, trace=300026, class=java.nio.HeapCharBuffer@500000b7)
ARR 50000716 (sz=32, trace=300209, nelems=0, elem type=char[])
OBJ 50000717 (sz=32, trace=300210, class=java.lang.String@500000d6)
OBJ 50000718 (sz=48, trace=300026, class=java.nio.HeapCharBuffer@500000b7)
OBJ 50000719 (sz=48, trace=300026, class=java.nio.HeapCharBuffer@500000b7)
ARR 5000071a (sz=32, trace=300209, nelems=0, elem type=char[])
OBJ 5000071b (sz=32, trace=300210, class=java.lang.String@500000d6)
OBJ 5000071c (sz=48, trace=300026, class=java.nio.HeapCharBuffer@500000b7)
OBJ 5000071d (sz=48, trace=300026, class=java.nio.HeapCharBuffer@500000b7)
ARR 5000071e (sz=32, trace=300209, nelems=0, elem type=char[])
OBJ 5000071f (sz=32, trace=300210, class=java.lang.String@500000d6)
OBJ 50000720 (sz=48, trace=300026, class=java.nio.HeapCharBuffer@500000b7)
OBJ 50000721 (sz=48, trace=300026, class=java.nio.HeapCharBuffer@500000b7)
ARR 50000722 (sz=32, trace=300209, nelems=0, elem type=char[])
OBJ 50000723 (sz=32, trace=300210, class=java.lang.String@500000d6)
OBJ 50000724 (sz=48, trace=300026, class=java.nio.HeapCharBuffer@500000b7)
OBJ 50000725 (sz=48, trace=300026, class=java.nio.HeapCharBuffer@500000b7)
ARR 50000726 (sz=32, trace=300209, nelems=0, elem type=char[])
OBJ 50000727 (sz=32, trace=300210, class=java.lang.String@500000d6)
OBJ 50000728 (sz=48, trace=300026, class=java.nio.HeapCharBuffer@500000b7)
OBJ 50000729 (sz=48, trace=300026, class=java.nio.HeapCharBuffer@500000b7)
ARR 5000072a (sz=32, trace=300209, nelems=0, elem type=char[])
OBJ 5000072b (sz=32, trace=300210, class=java.lang.String@500000d6)
OBJ 5000072c (sz=48, trace=300026, class=java.nio.HeapCharBuffer@500000b7)
OBJ 5000072d (sz=48, trace=300026, class=java.nio.HeapCharBuffer@500000b7)
ARR 5000072e (sz=32, trace=300209, nelems=0, elem type=char[])
OBJ 5000072f (sz=32, trace=300210, class=java.lang.String@500000d6)
OBJ 50000730 (sz=48, trace=300026, class=java.nio.HeapCharBuffer@500000b7)
OBJ 50000731 (sz=48, trace=300026, class=java.nio.HeapCharBuffer@500000b7)
ARR 50000732 (sz=32, trace=300209, nelems=0, elem type=char[])
OBJ 50000733 (sz=32, trace=300210, class=java.lang.String@500000d6)
OBJ 50000734 (sz=48, trace=300026, class=java.nio.HeapCharBuffer@500000b7)
OBJ 50000735 (sz=48, trace=300026, class=java.nio.HeapCharBuffer@500000b7)
ARR 50000736 (sz=32, trace=300209, nelems=0, elem type=char[])
OBJ 50000737 (sz=32, trace=300210, class=java.lang.String@500000d6)
OBJ 50000738 (sz=48, trace=300026, class=java.nio.HeapCharBuffer@500000b7)
OBJ 50000739 (sz=48, trace=300026, class=java.nio.HeapCharBuffer@500000b7)
ARR 5000073a (sz=32, trace=300209, nelems=0, elem type=char[])
OBJ 5000073b (sz=32, trace=300210, class=java.lang.String@500000d6)
OBJ 5000073c (sz=48, trace=300026, class=java.nio.HeapCharBuffer@500000b7)
OBJ 5000073d (sz=48, trace=300026, class=java.nio.HeapCharBuffer@500000b7)
ARR 5000073e (sz=32, trace=300209, nelems=0, elem type=char[])
OBJ 5000073f (sz=32, trace=300210, class=java.lang.String@500000d6)
OBJ 50000740 (sz=48, trace=300026, class=java.nio.HeapCharBuffer@500000b7)
OBJ 50000741 (sz=48, trace=300026, class=java.nio.HeapCharBuffer@500000b7)
ARR 50000742 (sz=32, trace=300209, nelems=0, elem type=char[])
OBJ 50000743 (sz=32, trace=300210, class=java.lang.String@500000d6)
OBJ 50000744 (sz=48, trace=300026, class=java.nio.HeapCharBuffer@500000b7)
OBJ 50000745 (sz=48, trace=300026, class=java.nio.HeapCharBuffer@500000b7)
ARR 50000746 (sz=32, trace=300209, nelems=0, elem type=char[])
OBJ 50000747 (sz=32, trace=300210, class=java.lang.String@500000d6)
OBJ 50000748 (sz=48, trace=300026, class=java.nio.HeapCharBuffer@500000b7)
OBJ 50000749 (sz=48, trace=300026, class=java.nio.HeapCharBuffer@500000b7)
ARR 5000074a (sz=32, trace=300209, nelems=0, elem type=char[])
OBJ 5000074b (sz=32, trace=300210, class=java.lang.String@500000d6)
OBJ 5000074c (sz=48, trace=300026, class=java.nio.HeapCharBuffer@500000b7)
OBJ 5000074d (sz=48, trace=300026, class=java.nio.HeapCharBuffer@500000b7)
ARR 5000074e (sz=32, trace=300209, nelems=0, elem type=char[])
OBJ 5000074f (sz=32, trace=300210, class=java.lang.String@500000d6)
OBJ 50000750 (sz=48, trace=300026, class=java.nio.HeapCharBuffer@500000b7)
OBJ 50000751 (sz=48, trace=300026, class=java.nio.HeapCharBuffer@500000b7)
ARR 50000752 (sz=32, trace=300209, nelems=0, elem type=char[])
OBJ 50000753 (sz=32, trace=300210, class=java.lang.String@500000d6)
OBJ 50000754 (sz=48, trace=300026, class=java.nio.HeapCharBuffer@500000b7)
OBJ 50000755 (sz=48, trace=300026, class=java.nio.HeapCharBuffer@500000b7)
ARR 50000756 (sz=32, trace=300209, nelems=0, elem type=char[])
OBJ 50000757 (sz=32, trace=300210, class=java.lang.String@500000d6)
OBJ 50000758 (sz=48, trace=300026, class=java.nio.HeapCharBuffer@500000b7)
OBJ 50000759 (sz=48, trace=300026, class=java.nio.HeapCharBuffer@500000b7)
ARR 5000075a (sz=32, trace=300209, nelems=0, elem type=char[])
OBJ 5000075b (sz=32, trace=300210, class=java.lang.String@500000d6)
OBJ 5000075c (sz=48, trace=300026, class=java.nio.HeapCharBuffer@500000b7)
OBJ 5000075d (sz=48, trace=300026, class=java.nio.HeapCharBuffer@500000b7)
ARR 5000075e (sz=32, trace=300209, nelems=0, elem type=char[])
OBJ 5000075f (sz=32, trace=300210, class=java.lang.String@500000d6)
OBJ 50000760 (sz=48, trace=300026, class=java.nio.HeapCharBuffer@500000b7)
OBJ 50000761 (sz=48, trace=300026, class=java.nio.HeapCharBuffer@500000b7)
ARR 50000762 (sz=32, trace=300209, nelems=0, elem type=char[])
OBJ 50000763 (sz=32, trace=300210, class=java.lang.String@500000d6)
OBJ 50000764 (sz=48, trace=300026, class=java.nio.HeapCharBuffer@500000b7)
OBJ 50000765 (sz=48, trace=300026, class=java.nio.HeapCharBuffer@500000b7)
ARR 50000766 (sz=32, trace=300209, nelems=0, elem type=char[])
OBJ 50000767 (sz=32, trace=300210, class=java.lang.String@500000d6)
OBJ 50000768 (sz=48, trace=300026, class=java.nio.HeapCharBuffer@500000b7)
OBJ 50000769 (sz=48, trace=300026, class=java.nio.HeapCharBuffer@500000b7)
ARR 5000076a (sz=32, trace=300209, nelems=0, elem type=char[])
OBJ 5000076b (sz=32, trace=300210, class=java.lang.String@500000d6)
OBJ 5000076c (sz=48, trace=300026, class=java.nio.HeapCharBuffer@500000b7)
OBJ 5000076d (sz=48, trace=300026, class=java.nio.HeapCharBuffer@500000b7)
ARR 5000076e (sz=32, trace=300209, nelems=0, elem type=char[])
OBJ 5000076f (sz=32, trace=300210, class=java.lang.String@500000d6)
OBJ 50000770 (sz=48, trace=300026, class=java.nio.HeapCharBuffer@500000b7)
OBJ 50000771 (sz=48, trace=300026, class=java.nio.HeapCharBuffer@500000b7)
ARR 50000772 (sz=32, trace=300209, nelems=0, elem type=char[])
OBJ 50000773 (sz=32, trace=300210, class=java.lang.String@500000d6)
OBJ 50000774 (sz=48, trace=300026, class=java.nio.HeapCharBuffer@500000b7)
OBJ 50000775 (sz=48, trace=300026, class=java.nio.HeapCharBuffer@500000b7)
ARR 50000776 (sz=32, trace=300209, nelems=0, elem type=char[])
OBJ 50000777 (sz=32, trace=300210, class=java.lang.String@500000d6)
OBJ 50000778 (sz=48, trace=300026, class=java.nio.HeapCharBuffer@500000b7)
OBJ 50000779 (sz=48, trace=300026, class=java.nio.HeapCharBuffer@500000b7)
ARR 5000077a (sz=32, trace=300209, nelems=0, elem type=char[])
OBJ 5000077b (sz=32, trace=300210, class=java.lang.String@500000d6)
OBJ 5000077c (sz=48, trace=300026, class=java.nio.HeapCharBuffer@500000b7)
OBJ 5000077d (sz=48, trace=300026, class=java.nio.HeapCharBuffer@500000b7)
ARR 5000077e (sz=32, trace=300209, nelems=0, elem type=char[])
OBJ 5000077f (sz=32, trace=300210, class=java.lang.String@500000d6)
OBJ 50000780 (sz=48, trace=300026, class=java.nio.HeapCharBuffer@500000b7)
OBJ 50000781 (sz=48, trace=300026, class=java.nio.HeapCharBuffer@500000b7)
ARR 50000782 (sz=32, trace=300209, nelems=0, elem type=char[])
OBJ 50000783 (sz=32, trace=300210, class=java.lang.String@500000d6)
OBJ 50000784 (sz=48, trace=300026, class=java.nio.HeapCharBuffer@500000b7)
OBJ 50000785 (sz=48, trace=300026, class=java.nio.HeapCharBuffer@500000b7)
ARR 50000786 (sz=32, trace=300209, nelems=0, elem type=char[])
OBJ 50000787 (sz=32, trace=300210, class=java.lang.String@500000d6)
OBJ 50000788 (sz=48, trace=300026, class=java.nio.HeapCharBuffer@500000b7)
OBJ 50000789 (sz=48, trace=300026, class=java.nio.HeapCharBuffer@500000b7)
ARR 5000078a (sz=32, trace=300209, nelems=0, elem type=char[])
OBJ 5000078b (sz=32, trace=300210, class=java.lang.String@500000d6)
OBJ 5000078c (sz=48, trace=300026, class=java.nio.HeapCharBuffer@500000b7)
OBJ 5000078d (sz=48, trace=300026, class=java.nio.HeapCharBuffer@500000b7)
ARR 5000078e (sz=32, trace=300209, nelems=0, elem type=char[])
OBJ 5000078f (sz=32, trace=300210, class=java.lang.String@500000d6)
OBJ 50000790 (sz=48, trace=300026, class=java.nio.HeapCharBuffer@500000b7)
OBJ 50000791 (sz=48, trace=300026, class=java.nio.HeapCharBuffer@500000b7)
ARR 50000792 (sz=32, trace=300209, nelems=0, elem type=char[])
OBJ 50000793 (sz=32, trace=300210, class=java.lang.String@500000d6)
OBJ 50000794 (sz=48, trace=300026, class=java.nio.HeapCharBuffer@500000b7)
OBJ 50000795 (sz=48, trace=300026, class=java.nio.HeapCharBuffer@500000b7)
ARR 50000796 (sz=32, trace=300209, nelems=0, elem type=char[])
OBJ 50000797 (sz=32, trace=300210, class=java.lang.String@500000d6)
OBJ 50000798 (sz=48, trace=300026, class=java.nio.HeapCharBuffer@500000b7)
OBJ 50000799 (sz=48, trace=300026, class=java.nio.HeapCharBuffer@500000b7)
ARR 5000079a (sz=32, trace=300209, nelems=0, elem type=char[])
OBJ 5000079b (sz=32, trace=300210, class=java.lang.String@500000d6)
OBJ 5000079c (sz=48, trace=300026, class=java.nio.HeapCharBuffer@500000b7)
OBJ 5000079d (sz=48, trace=300026, class=java.nio.HeapCharBuffer@500000b7)
ARR 5000079e (sz=32, trace=300209, nelems=0, elem type=char[])
OBJ 5000079f (sz=32, trace=300210, class=java.lang.String@500000d6)
OBJ 500007a0 (sz=48, trace=300026, class=java.nio.HeapCharBuffer@500000b7)
OBJ 500007a1 (sz=48, trace=300026, class=java.nio.HeapCharBuffer@500000b7)
ARR 500007a2 (sz=32, trace=300209, nelems=0, elem type=char[])
OBJ 500007a3 (sz=32, trace=300210, class=java.lang.String@500000d6)
OBJ 500007a4 (sz=48, trace=300026, class=java.nio.HeapCharBuffer@500000b7)
OBJ 500007a5 (sz=48, trace=300026, class=java.nio.HeapCharBuffer@500000b7)
ARR 500007a6 (sz=32, trace=300209, nelems=0, elem type=char[])
OBJ 500007a7 (sz=32, trace=300210, class=java.lang.String@500000d6)
OBJ 500007a8 (sz=48, trace=300026, class=java.nio.HeapCharBuffer@500000b7)
OBJ 500007a9 (sz=48, trace=300026, class=java.nio.HeapCharBuffer@500000b7)
ARR 500007aa (sz=32, trace=300209, nelems=0, elem type=char[])
OBJ 500007ab (sz=32, trace=300210, class=java.lang.String@500000d6)
OBJ 500007ac (sz=48, trace=300026, class=java.nio.HeapCharBuffer@500000b7)
OBJ 500007ad (sz=48, trace=300026, class=java.nio.HeapCharBuffer@500000b7)
ARR 500007ae (sz=32, trace=300209, nelems=0, elem type=char[])
OBJ 500007af (sz=32, trace=300210, class=java.lang.String@500000d6)
OBJ 500007b0 (sz=48, trace=300026, class=java.nio.HeapCharBuffer@500000b7)
OBJ 500007b1 (sz=48, trace=300026, class=java.nio.HeapCharBuffer@500000b7)
ARR 500007b2 (sz=32, trace=300209, nelems=0, elem type=char[])
OBJ 500007b3 (sz=32, trace=300210, class=java.lang.String@500000d6)
OBJ 500007b4 (sz=48, trace=300026, class=java.nio.HeapCharBuffer@500000b7)
OBJ 500007b5 (sz=48, trace=300026, class=java.nio.HeapCharBuffer@500000b7)
ARR 500007b6 (sz=32, trace=300209, nelems=0, elem type=char[])
OBJ 500007b7 (sz=32, trace=300210, class=java.lang.String@500000d6)
OBJ 500007b8 (sz=48, trace=300026, class=java.nio.HeapCharBuffer@500000b7)
OBJ 500007b9 (sz=48, trace=300026, class=java.nio.HeapCharBuffer@500000b7)
ARR 500007ba (sz=32, trace=300209, nelems=0, elem type=char[])
OBJ 500007bb (sz=32, trace=300210, class=java.lang.String@500000d6)
OBJ 500007bc (sz=48, trace=300026, class=java.nio.HeapCharBuffer@500000b7)
OBJ 500007bd (sz=48, trace=300026, class=java.nio.HeapCharBuffer@500000b7)
ARR 500007be (sz=32, trace=300209, nelems=0, elem type=char[])
OBJ 500007bf (sz=32, trace=300210, class=java.lang.String@500000d6)
OBJ 500007c0 (sz=48, trace=300026, class=java.nio.HeapCharBuffer@500000b7)
OBJ 500007c1 (sz=48, trace=300026, class=java.nio.HeapCharBuffer@500000b7)
ARR 500007c2 (sz=32, trace=300209, nelems=0, elem type=char[])
OBJ 500007c3 (sz=32, trace=300210, class=java.lang.String@500000d6)
OBJ 500007c4 (sz=48, trace=300026, class=java.nio.HeapCharBuffer@500000b7)
OBJ 500007c5 (sz=48, trace=300026, class=java.nio.HeapCharBuffer@500000b7)
ARR 500007c6 (sz=32, trace=300209, nelems=0, elem type=char[])
OBJ 500007c7 (sz=32, trace=300210, class=java.lang.String@500000d6)
OBJ 500007c8 (sz=48, trace=300026, class=java.nio.HeapCharBuffer@500000b7)
OBJ 500007c9 (sz=48, trace=300026, class=java.nio.HeapCharBuffer@500000b7)
ARR 500007ca (sz=32, trace=300209, nelems=0, elem type=char[])
OBJ 500007cb (sz=32, trace=300210, class=java.lang.String@500000d6)
OBJ 500007cc (sz=48, trace=300026, class=java.nio.HeapCharBuffer@500000b7)
OBJ 500007cd (sz=48, trace=300026, class=java.nio.HeapCharBuffer@500000b7)
ARR 500007ce (sz=32, trace=300209, nelems=0, elem type=char[])
OBJ 500007cf (sz=32, trace=300210, class=java.lang.String@500000d6)
OBJ 500007d0 (sz=48, trace=300026, class=java.nio.HeapCharBuffer@500000b7)
OBJ 500007d1 (sz=48, trace=300026, class=java.nio.HeapCharBuffer@500000b7)
ARR 500007d2 (sz=32, trace=300209, nelems=0, elem type=char[])
OBJ 500007d3 (sz=32, trace=300210, class=java.lang.String@500000d6)
OBJ 500007d4 (sz=48, trace=300026, class=java.nio.HeapCharBuffer@500000b7)
OBJ 500007d5 (sz=48, trace=300026, class=java.nio.HeapCharBuffer@500000b7)
ARR 500007d6 (sz=32, trace=300209, nelems=0, elem type=char[])
OBJ 500007d7 (sz=32, trace=300210, class=java.lang.String@500000d6)
OBJ 500007d8 (sz=48, trace=300026, class=java.nio.HeapCharBuffer@500000b7)
OBJ 500007d9 (sz=48, trace=300026, class=java.nio.HeapCharBuffer@500000b7)
ARR 500007da (sz=32, trace=300209, nelems=0, elem type=char[])
OBJ 500007db (sz=32, trace=300210, class=java.lang.String@500000d6)
OBJ 500007dc (sz=48, trace=300026, class=java.nio.HeapCharBuffer@500000b7)
OBJ 500007dd (sz=48, trace=300026, class=java.nio.HeapCharBuffer@500000b7)
ARR 500007de (sz=32, trace=300209, nelems=0, elem type=char[])
OBJ 500007df (sz=32, trace=300210, class=java.lang.String@500000d6)
OBJ 500007e0 (sz=48, trace=300026, class=java.nio.HeapCharBuffer@500000b7)
OBJ 500007e1 (sz=48, trace=300026, class=java.nio.HeapCharBuffer@500000b7)
ARR 500007e2 (sz=32, trace=300209, nelems=0, elem type=char[])
OBJ 500007e3 (sz=32, trace=300210, class=java.lang.String@500000d6)
OBJ 500007e4 (sz=48, trace=300026, class=java.nio.HeapCharBuffer@500000b7)
OBJ 500007e5 (sz=48, trace=300026, class=java.nio.HeapCharBuffer@500000b7)
ARR 500007e6 (sz=32, trace=300209, nelems=0, elem type=char[])
OBJ 500007e7 (sz=32, trace=300210, class=java.lang.String@500000d6)
OBJ 500007e8 (sz=48, trace=300026, class=java.nio.HeapCharBuffer@500000b7)
OBJ 500007e9 (sz=48, trace=300026, class=java.nio.HeapCharBuffer@500000b7)
ARR 500007ea (sz=32, trace=300209, nelems=0, elem type=char[])
OBJ 500007eb (sz=32, trace=300210, class=java.lang.String@500000d6)
OBJ 500007ec (sz=48, trace=300026, class=java.nio.HeapCharBuffer@500000b7)
OBJ 500007ed (sz=48, trace=300026, class=java.nio.HeapCharBuffer@500000b7)
ARR 500007ee (sz=32, trace=300209, nelems=0, elem type=char[])
OBJ 500007ef (sz=32, trace=300210, class=java.lang.String@500000d6)
OBJ 500007f0 (sz=48, trace=300026, class=java.nio.HeapCharBuffer@500000b7)
OBJ 500007f1 (sz=48, trace=300026, class=java.nio.HeapCharBuffer@500000b7)
ARR 500007f2 (sz=32, trace=300209, nelems=0, elem type=char[])
OBJ 500007f3 (sz=32, trace=300210, class=java.lang.String@500000d6)
OBJ 500007f4 (sz=48, trace=300026, class=java.nio.HeapCharBuffer@500000b7)
OBJ 500007f5 (sz=48, trace=300026, class=java.nio.HeapCharBuffer@500000b7)
ARR 500007f6 (sz=32, trace=300209, nelems=0, elem type=char[])
OBJ 500007f7 (sz=32, trace=300210, class=java.lang.String@500000d6)
OBJ 500007f8 (sz=48, trace=300026, class=java.nio.HeapCharBuffer@500000b7)
OBJ 500007f9 (sz=48, trace=300026, class=java.nio.HeapCharBuffer@500000b7)
ARR 500007fa (sz=32, trace=300209, nelems=0, elem type=char[])
OBJ 500007fb (sz=32, trace=300210, class=java.lang.String@500000d6)
OBJ 500007fc (sz=48, trace=300026, class=java.nio.HeapCharBuffer@500000b7)
OBJ 500007fd (sz=48, trace=300026, class=java.nio.HeapCharBuffer@500000b7)
ARR 500007fe (sz=32, trace=300209, nelems=0, elem type=char[])
OBJ 500007ff (sz=32, trace=300210, class=java.lang.String@500000d6)
OBJ 50000800 (sz=48, trace=300026, class=java.nio.HeapCharBuffer@500000b7)
OBJ 50000801 (sz=48, trace=300026, class=java.nio.HeapCharBuffer@500000b7)
ARR 50000802 (sz=32, trace=300209, nelems=0, elem type=char[])
OBJ 50000803 (sz=32, trace=300210, class=java.lang.String@500000d6)
OBJ 50000804 (sz=48, trace=300026, class=java.nio.HeapCharBuffer@500000b7)
OBJ 50000805 (sz=48, trace=300026, class=java.nio.HeapCharBuffer@500000b7)
ARR 50000806 (sz=32, trace=300209, nelems=0, elem type=char[])
OBJ 50000807 (sz=32, trace=300210, class=java.lang.String@500000d6)
OBJ 50000808 (sz=48, trace=300026, class=java.nio.HeapCharBuffer@500000b7)
OBJ 50000809 (sz=48, trace=300026, class=java.nio.HeapCharBuffer@500000b7)
ARR 5000080a (sz=32, trace=300209, nelems=0, elem type=char[])
OBJ 5000080b (sz=32, trace=300210, class=java.lang.String@500000d6)
OBJ 5000080c (sz=48, trace=300026, class=java.nio.HeapCharBuffer@500000b7)
OBJ 5000080d (sz=48, trace=300026, class=java.nio.HeapCharBuffer@500000b7)
ARR 5000080e (sz=32, trace=300209, nelems=0, elem type=char[])
OBJ 5000080f (sz=32, trace=300210, class=java.lang.String@500000d6)
OBJ 50000810 (sz=48, trace=300026, class=java.nio.HeapCharBuffer@500000b7)
OBJ 50000811 (sz=48, trace=300026, class=java.nio.HeapCharBuffer@500000b7)
ARR 50000812 (sz=32, trace=300209, nelems=0, elem type=char[])
OBJ 50000813 (sz=32, trace=300210, class=java.lang.String@500000d6)
OBJ 50000814 (sz=48, trace=300026, class=java.nio.HeapCharBuffer@500000b7)
OBJ 50000815 (sz=48, trace=300026, class=java.nio.HeapCharBuffer@500000b7)
ARR 50000816 (sz=32, trace=300209, nelems=0, elem type=char[])
OBJ 50000817 (sz=32, trace=300210, class=java.lang.String@500000d6)
OBJ 50000818 (sz=48, trace=300026, class=java.nio.HeapCharBuffer@500000b7)
OBJ 50000819 (sz=48, trace=300026, class=java.nio.HeapCharBuffer@500000b7)
ARR 5000081a (sz=32, trace=300209, nelems=0, elem type=char[])
OBJ 5000081b (sz=32, trace=300210, class=java.lang.String@500000d6)
OBJ 5000081c (sz=48, trace=300026, class=java.nio.HeapCharBuffer@500000b7)
OBJ 5000081d (sz=48, trace=300026, class=java.nio.HeapCharBuffer@500000b7)
ARR 5000081e (sz=32, trace=300209, nelems=0, elem type=char[])
OBJ 5000081f (sz=32, trace=300210, class=java.lang.String@500000d6)
OBJ 50000820 (sz=48, trace=300026, class=java.nio.HeapCharBuffer@500000b7)
OBJ 50000821 (sz=48, trace=300026, class=java.nio.HeapCharBuffer@500000b7)
ARR 50000822 (sz=32, trace=300209, nelems=0, elem type=char[])
OBJ 50000823 (sz=32, trace=300210, class=java.lang.String@500000d6)
OBJ 50000824 (sz=48, trace=300026, class=java.nio.HeapCharBuffer@500000b7)
OBJ 50000825 (sz=48, trace=300026, class=java.nio.HeapCharBuffer@500000b7)
ARR 50000826 (sz=32, trace=300209, nelems=0, elem type=char[])
OBJ 50000827 (sz=32, trace=300210, class=java.lang.String@500000d6)
OBJ 50000828 (sz=48, trace=300026, class=java.nio.HeapCharBuffer@500000b7)
OBJ 50000829 (sz=48, trace=300026, class=java.nio.HeapCharBuffer@500000b7)
ARR 5000082a (sz=32, trace=300209, nelems=0, elem type=char[])
OBJ 5000082b (sz=32, trace=300210, class=java.lang.String@500000d6)
OBJ 5000082c (sz=48, trace=300026, class=java.nio.HeapCharBuffer@500000b7)
OBJ 5000082d (sz=48, trace=300026, class=java.nio.HeapCharBuffer@500000b7)
ARR 5000082e (sz=32, trace=300209, nelems=0, elem type=char[])
OBJ 5000082f (sz=32, trace=300210, class=java.lang.String@500000d6)
OBJ 50000830 (sz=48, trace=300026, class=java.nio.HeapCharBuffer@500000b7)
OBJ 50000831 (sz=48, trace=300026, class=java.nio.HeapCharBuffer@500000b7)
ARR 50000832 (sz=32, trace=300209, nelems=0, elem type=char[])
OBJ 50000833 (sz=32, trace=300210, class=java.lang.String@500000d6)
OBJ 50000834 (sz=48, trace=300026, class=java.nio.HeapCharBuffer@500000b7)
OBJ 50000835 (sz=48, trace=300026, class=java.nio.HeapCharBuffer@500000b7)
ARR 50000836 (sz=32, trace=300209, nelems=0, elem type=char[])
OBJ 50000837 (sz=32, trace=300210, class=java.lang.String@500000d6)
OBJ 50000838 (sz=48, trace=300026, class=java.nio.HeapCharBuffer@500000b7)
OBJ 50000839 (sz=48, trace=300026, class=java.nio.HeapCharBuffer@500000b7)
ARR 5000083a (sz=32, trace=300209, nelems=0, elem type=char[])
OBJ 5000083b (sz=32, trace=300210, class=java.lang.String@500000d6)
OBJ 5000083c (sz=48, trace=300026, class=java.nio.HeapCharBuffer@500000b7)
OBJ 5000083d (sz=48, trace=300026, class=java.nio.HeapCharBuffer@500000b7)
ARR 5000083e (sz=32, trace=300209, nelems=0, elem type=char[])
OBJ 5000083f (sz=32, trace=300210, class=java.lang.String@500000d6)
OBJ 50000840 (sz=48, trace=300026, class=java.nio.HeapCharBuffer@500000b7)
OBJ 50000841 (sz=48, trace=300026, class=java.nio.HeapCharBuffer@500000b7)
ARR 50000842 (sz=32, trace=300209, nelems=0, elem type=char[])
OBJ 50000843 (sz=32, trace=300210, class=java.lang.String@500000d6)
OBJ 50000844 (sz=48, trace=300026, class=java.nio.HeapCharBuffer@500000b7)
OBJ 50000845 (sz=48, trace=300026, class=java.nio.HeapCharBuffer@500000b7)
ARR 50000846 (sz=32, trace=300209, nelems=0, elem type=char[])
OBJ 50000847 (sz=32, trace=300210, class=java.lang.String@500000d6)
OBJ 50000848 (sz=48, trace=300026, class=java.nio.HeapCharBuffer@500000b7)
OBJ 50000849 (sz=48, trace=300026, class=java.nio.HeapCharBuffer@500000b7)
ARR 5000084a (sz=32, trace=300209, nelems=0, elem type=char[])
OBJ 5000084b (sz=32, trace=300210, class=java.lang.String@500000d6)
OBJ 5000084c (sz=48, trace=300026, class=java.nio.HeapCharBuffer@500000b7)
OBJ 5000084d (sz=48, trace=300026, class=java.nio.HeapCharBuffer@500000b7)
ARR 5000084e (sz=32, trace=300209, nelems=0, elem type=char[])
OBJ 5000084f (sz=32, trace=300210, class=java.lang.String@500000d6)
OBJ 50000850 (sz=48, trace=300026, class=java.nio.HeapCharBuffer@500000b7)
OBJ 50000851 (sz=48, trace=300026, class=java.nio.HeapCharBuffer@500000b7)
ARR 50000852 (sz=32, trace=300209, nelems=0, elem type=char[])
OBJ 50000853 (sz=32, trace=300210, class=java.lang.String@500000d6)
OBJ 50000854 (sz=48, trace=300026, class=java.nio.HeapCharBuffer@500000b7)
OBJ 50000855 (sz=48, trace=300026, class=java.nio.HeapCharBuffer@500000b7)
ARR 50000856 (sz=32, trace=300209, nelems=0, elem type=char[])
OBJ 50000857 (sz=32, trace=300210, class=java.lang.String@500000d6)
OBJ 50000858 (sz=48, trace=300026, class=java.nio.HeapCharBuffer@500000b7)
OBJ 50000859 (sz=48, trace=300026, class=java.nio.HeapCharBuffer@500000b7)
ARR 5000085a (sz=32, trace=300209, nelems=0, elem type=char[])
OBJ 5000085b (sz=32, trace=300210, class=java.lang.String@500000d6)
OBJ 5000085c (sz=48, trace=300026, class=java.nio.HeapCharBuffer@500000b7)
OBJ 5000085d (sz=48, trace=300026, class=java.nio.HeapCharBuffer@500000b7)
ARR 5000085e (sz=32, trace=300209, nelems=0, elem type=char[])
OBJ 5000085f (sz=32, trace=300210, class=java.lang.String@500000d6)
OBJ 50000860 (sz=48, trace=300026, class=java.nio.HeapCharBuffer@500000b7)
OBJ 50000861 (sz=48, trace=300026, class=java.nio.HeapCharBuffer@500000b7)
ARR 50000862 (sz=32, trace=300209, nelems=0, elem type=char[])
OBJ 50000863 (sz=32, trace=300210, class=java.lang.String@500000d6)
OBJ 50000864 (sz=48, trace=300026, class=java.nio.HeapCharBuffer@500000b7)
OBJ 50000865 (sz=48, trace=300026, class=java.nio.HeapCharBuffer@500000b7)
ARR 50000866 (sz=32, trace=300209, nelems=0, elem type=char[])
OBJ 50000867 (sz=32, trace=300210, class=java.lang.String@500000d6)
OBJ 50000868 (sz=48, trace=300026, class=java.nio.HeapCharBuffer@500000b7)
OBJ 50000869 (sz=48, trace=300026, class=java.nio.HeapCharBuffer@500000b7)
ARR 5000086a (sz=32, trace=300209, nelems=0, elem type=char[])
OBJ 5000086b (sz=32, trace=300210, class=java.lang.String@500000d6)
OBJ 5000086c (sz=48, trace=300026, class=java.nio.HeapCharBuffer@500000b7)
OBJ 5000086d (sz=48, trace=300026, class=java.nio.HeapCharBuffer@500000b7)
ARR 5000086e (sz=32, trace=300209, nelems=0, elem type=char[])
OBJ 5000086f (sz=32, trace=300210, class=java.lang.String@500000d6)
OBJ 50000870 (sz=48, trace=300026, class=java.nio.HeapCharBuffer@500000b7)
OBJ 50000871 (sz=48, trace=300026, class=java.nio.HeapCharBuffer@500000b7)
ARR 50000872 (sz=32, trace=300209, nelems=0, elem type=char[])
OBJ 50000873 (sz=32, trace=300210, class=java.lang.String@500000d6)
OBJ 50000874 (sz=48, trace=300026, class=java.nio.HeapCharBuffer@500000b7)
OBJ 50000875 (sz=48, trace=300026, class=java.nio.HeapCharBuffer@500000b7)
ARR 50000876 (sz=32, trace=300209, nelems=0, elem type=char[])
OBJ 50000877 (sz=32, trace=300210, class=java.lang.String@500000d6)
OBJ 50000878 (sz=48, trace=300026, class=java.nio.HeapCharBuffer@500000b7)
OBJ 50000879 (sz=48, trace=300026, class=java.nio.HeapCharBuffer@500000b7)
ARR 5000087a (sz=32, trace=300209, nelems=0, elem type=char[])
OBJ 5000087b (sz=32, trace=300210, class=java.lang.String@500000d6)
OBJ 5000087c (sz=48, trace=300026, class=java.nio.HeapCharBuffer@500000b7)
OBJ 5000087d (sz=48, trace=300026, class=java.nio.HeapCharBuffer@500000b7)
ARR 5000087e (sz=32, trace=300209, nelems=0, elem type=char[])
OBJ 5000087f (sz=32, trace=300210, class=java.lang.String@500000d6)
OBJ 50000880 (sz=48, trace=300026, class=java.nio.HeapCharBuffer@500000b7)
OBJ 50000881 (sz=48, trace=300026, class=java.nio.HeapCharBuffer@500000b7)
ARR 50000882 (sz=32, trace=300209, nelems=0, elem type=char[])
OBJ 50000883 (sz=32, trace=300210, class=java.lang.String@500000d6)
OBJ 50000884 (sz=48, trace=300026, class=java.nio.HeapCharBuffer@500000b7)
OBJ 50000885 (sz=48, trace=300026, class=java.nio.HeapCharBuffer@500000b7)
ARR 50000886 (sz=32, trace=300209, nelems=0, elem type=char[])
OBJ 50000887 (sz=32, trace=300210, class=java.lang.String@500000d6)
OBJ 50000888 (sz=48, trace=300026, class=java.nio.HeapCharBuffer@500000b7)
OBJ 50000889 (sz=48, trace=300026, class=java.nio.HeapCharBuffer@500000b7)
ARR 5000088a (sz=32, trace=300209, nelems=0, elem type=char[])
OBJ 5000088b (sz=32, trace=300210, class=java.lang.String@500000d6)
OBJ 5000088c (sz=48, trace=300026, class=java.nio.HeapCharBuffer@500000b7)
OBJ 5000088d (sz=48, trace=300026, class=java.nio.HeapCharBuffer@500000b7)
ARR 5000088e (sz=32, trace=300209, nelems=0, elem type=char[])
OBJ 5000088f (sz=32, trace=300210, class=java.lang.String@500000d6)
OBJ 50000890 (sz=48, trace=300026, class=java.nio.HeapCharBuffer@500000b7)
OBJ 50000891 (sz=48, trace=300026, class=java.nio.HeapCharBuffer@500000b7)
ARR 50000892 (sz=32, trace=300209, nelems=0, elem type=char[])
OBJ 50000893 (sz=32, trace=300210, class=java.lang.String@500000d6)
OBJ 50000894 (sz=48, trace=300026, class=java.nio.HeapCharBuffer@500000b7)
OBJ 50000895 (sz=48, trace=300026, class=java.nio.HeapCharBuffer@500000b7)
ARR 50000896 (sz=32, trace=300209, nelems=0, elem type=char[])
OBJ 50000897 (sz=32, trace=300210, class=java.lang.String@500000d6)
OBJ 50000898 (sz=48, trace=300026, class=java.nio.HeapCharBuffer@500000b7)
OBJ 50000899 (sz=48, trace=300026, class=java.nio.HeapCharBuffer@500000b7)
ARR 5000089a (sz=32, trace=300209, nelems=0, elem type=char[])
OBJ 5000089b (sz=32, trace=300210, class=java.lang.String@500000d6)
OBJ 5000089c (sz=48, trace=300026, class=java.nio.HeapCharBuffer@500000b7)
OBJ 5000089d (sz=48, trace=300026, class=java.nio.HeapCharBuffer@500000b7)
ARR 5000089e (sz=32, trace=300209, nelems=0, elem type=char[])
OBJ 5000089f (sz=32, trace=300210, class=java.lang.String@500000d6)
OBJ 500008a0 (sz=48, trace=300026, class=java.nio.HeapCharBuffer@500000b7)
OBJ 500008a1 (sz=48, trace=300026, class=java.nio.HeapCharBuffer@500000b7)
ARR 500008a2 (sz=32, trace=300209, nelems=0, elem type=char[])
OBJ 500008a3 (sz=32, trace=300210, class=java.lang.String@500000d6)
OBJ 500008a4 (sz=48, trace=300026, class=java.nio.HeapCharBuffer@500000b7)
OBJ 500008a5 (sz=48, trace=300026, class=java.nio.HeapCharBuffer@500000b7)
ARR 500008a6 (sz=32, trace=300209, nelems=0, elem type=char[])
OBJ 500008a7 (sz=32, trace=300210, class=java.lang.String@500000d6)
OBJ 500008a8 (sz=48, trace=300026, class=java.nio.HeapCharBuffer@500000b7)
OBJ 500008a9 (sz=48, trace=300026, class=java.nio.HeapCharBuffer@500000b7)
ARR 500008aa (sz=32, trace=300209, nelems=0, elem type=char[])
OBJ 500008ab (sz=32, trace=300210, class=java.lang.String@500000d6)
OBJ 500008ac (sz=48, trace=300026, class=java.nio.HeapCharBuffer@500000b7)
OBJ 500008ad (sz=48, trace=300026, class=java.nio.HeapCharBuffer@500000b7)
ARR 500008ae (sz=32, trace=300209, nelems=0, elem type=char[])
OBJ 500008af (sz=32, trace=300210, class=java.lang.String@500000d6)
OBJ 500008b0 (sz=48, trace=300026, class=java.nio.HeapCharBuffer@500000b7)
OBJ 500008b1 (sz=48, trace=300026, class=java.nio.HeapCharBuffer@500000b7)
ARR 500008b2 (sz=32, trace=300209, nelems=0, elem type=char[])
OBJ 500008b3 (sz=32, trace=300210, class=java.lang.String@500000d6)
OBJ 500008b4 (sz=48, trace=300026, class=java.nio.HeapCharBuffer@500000b7)
OBJ 500008b5 (sz=48, trace=300026, class=java.nio.HeapCharBuffer@500000b7)
ARR 500008b6 (sz=32, trace=300209, nelems=0, elem type=char[])
OBJ 500008b7 (sz=32, trace=300210, class=java.lang.String@500000d6)
OBJ 500008b8 (sz=48, trace=300026, class=java.nio.HeapCharBuffer@500000b7)
OBJ 500008b9 (sz=48, trace=300026, class=java.nio.HeapCharBuffer@500000b7)
ARR 500008ba (sz=32, trace=300209, nelems=0, elem type=char[])
OBJ 500008bb (sz=32, trace=300210, class=java.lang.String@500000d6)
OBJ 500008bc (sz=48, trace=300026, class=java.nio.HeapCharBuffer@500000b7)
OBJ 500008bd (sz=48, trace=300026, class=java.nio.HeapCharBuffer@500000b7)
ARR 500008be (sz=32, trace=300209, nelems=0, elem type=char[])
OBJ 500008bf (sz=32, trace=300210, class=java.lang.String@500000d6)
OBJ 500008c0 (sz=48, trace=300026, class=java.nio.HeapCharBuffer@500000b7)
OBJ 500008c1 (sz=48, trace=300026, class=java.nio.HeapCharBuffer@500000b7)
ARR 500008c2 (sz=32, trace=300209, nelems=0, elem type=char[])
OBJ 500008c3 (sz=32, trace=300210, class=java.lang.String@500000d6)
OBJ 500008c4 (sz=48, trace=300026, class=java.nio.HeapCharBuffer@500000b7)
OBJ 500008c5 (sz=48, trace=300026, class=java.nio.HeapCharBuffer@500000b7)
ARR 500008c6 (sz=32, trace=300209, nelems=0, elem type=char[])
OBJ 500008c7 (sz=32, trace=300210, class=java.lang.String@500000d6)
OBJ 500008c8 (sz=48, trace=300026, class=java.nio.HeapCharBuffer@500000b7)
OBJ 500008c9 (sz=48, trace=300026, class=java.nio.HeapCharBuffer@500000b7)
ARR 500008ca (sz=32, trace=300209, nelems=0, elem type=char[])
OBJ 500008cb (sz=32, trace=300210, class=java.lang.String@500000d6)
OBJ 500008cc (sz=48, trace=300026, class=java.nio.HeapCharBuffer@500000b7)
OBJ 500008cd (sz=48, trace=300026, class=java.nio.HeapCharBuffer@500000b7)
ARR 500008ce (sz=32, trace=300209, nelems=0, elem type=char[])
OBJ 500008cf (sz=32, trace=300210, class=java.lang.String@500000d6)
OBJ 500008d0 (sz=48, trace=300026, class=java.nio.HeapCharBuffer@500000b7)
OBJ 500008d1 (sz=48, trace=300026, class=java.nio.HeapCharBuffer@500000b7)
ARR 500008d2 (sz=32, trace=300209, nelems=0, elem type=char[])
OBJ 500008d3 (sz=32, trace=300210, class=java.lang.String@500000d6)
OBJ 500008d4 (sz=48, trace=300026, class=java.nio.HeapCharBuffer@500000b7)
OBJ 500008d5 (sz=48, trace=300026, class=java.nio.HeapCharBuffer@500000b7)
ARR 500008d6 (sz=32, trace=300209, nelems=0, elem type=char[])
OBJ 500008d7 (sz=32, trace=300210, class=java.lang.String@500000d6)
OBJ 500008d8 (sz=48, trace=300026, class=java.nio.HeapCharBuffer@500000b7)
OBJ 500008d9 (sz=48, trace=300026, class=java.nio.HeapCharBuffer@500000b7)
ARR 500008da (sz=32, trace=300209, nelems=0, elem type=char[])
OBJ 500008db (sz=32, trace=300210, class=java.lang.String@500000d6)
OBJ 500008dc (sz=48, trace=300026, class=java.nio.HeapCharBuffer@500000b7)
OBJ 500008dd (sz=48, trace=300026, class=java.nio.HeapCharBuffer@500000b7)
ARR 500008de (sz=32, trace=300209, nelems=0, elem type=char[])
OBJ 500008df (sz=32, trace=300210, class=java.lang.String@500000d6)
OBJ 500008e0 (sz=48, trace=300026, class=java.nio.HeapCharBuffer@500000b7)
OBJ 500008e1 (sz=48, trace=300026, class=java.nio.HeapCharBuffer@500000b7)
ARR 500008e2 (sz=32, trace=300209, nelems=0, elem type=char[])
OBJ 500008e3 (sz=32, trace=300210, class=java.lang.String@500000d6)
OBJ 500008e4 (sz=48, trace=300026, class=java.nio.HeapCharBuffer@500000b7)
OBJ 500008e5 (sz=48, trace=300026, class=java.nio.HeapCharBuffer@500000b7)
ARR 500008e6 (sz=32, trace=300209, nelems=0, elem type=char[])
OBJ 500008e7 (sz=32, trace=300210, class=java.lang.String@500000d6)
OBJ 500008e8 (sz=48, trace=300026, class=java.nio.HeapCharBuffer@500000b7)
OBJ 500008e9 (sz=48, trace=300026, class=java.nio.HeapCharBuffer@500000b7)
ARR 500008ea (sz=32, trace=300209, nelems=0, elem type=char[])
OBJ 500008eb (sz=32, trace=300210, class=java.lang.String@500000d6)
OBJ 500008ec (sz=48, trace=300026, class=java.nio.HeapCharBuffer@500000b7)
OBJ 500008ed (sz=48, trace=300026, class=java.nio.HeapCharBuffer@500000b7)
ARR 500008ee (sz=32, trace=300209, nelems=0, elem type=char[])
OBJ 500008ef (sz=32, trace=300210, class=java.lang.String@500000d6)
OBJ 500008f0 (sz=48, trace=300026, class=java.nio.HeapCharBuffer@500000b7)
OBJ 500008f1 (sz=48, trace=300026, class=java.nio.HeapCharBuffer@500000b7)
ARR 500008f2 (sz=32, trace=300209, nelems=0, elem type=char[])
OBJ 500008f3 (sz=32, trace=300210, class=java.lang.String@500000d6)
OBJ 500008f4 (sz=48, trace=300026, class=java.nio.HeapCharBuffer@500000b7)
OBJ 500008f5 (sz=48, trace=300026, class=java.nio.HeapCharBuffer@500000b7)
ARR 500008f6 (sz=32, trace=300209, nelems=0, elem type=char[])
OBJ 500008f7 (sz=32, trace=300210, class=java.lang.String@500000d6)
OBJ 500008f8 (sz=48, trace=300026, class=java.nio.HeapCharBuffer@500000b7)
OBJ 500008f9 (sz=48, trace=300026, class=java.nio.HeapCharBuffer@500000b7)
ARR 500008fa (sz=32, trace=300209, nelems=0, elem type=char[])
OBJ 500008fb (sz=32, trace=300210, class=java.lang.String@500000d6)
OBJ 500008fc (sz=48, trace=300026, class=java.nio.HeapCharBuffer@500000b7)
OBJ 500008fd (sz=48, trace=300026, class=java.nio.HeapCharBuffer@500000b7)
ARR 500008fe (sz=32, trace=300209, nelems=0, elem type=char[])
OBJ 500008ff (sz=32, trace=300210, class=java.lang.String@500000d6)
OBJ 50000900 (sz=48, trace=300026, class=java.nio.HeapCharBuffer@500000b7)
OBJ 50000901 (sz=48, trace=300026, class=java.nio.HeapCharBuffer@500000b7)
ARR 50000902 (sz=32, trace=300209, nelems=0, elem type=char[])
OBJ 50000903 (sz=32, trace=300210, class=java.lang.String@500000d6)
OBJ 50000904 (sz=48, trace=300026, class=java.nio.HeapCharBuffer@500000b7)
OBJ 50000905 (sz=48, trace=300026, class=java.nio.HeapCharBuffer@500000b7)
ARR 50000906 (sz=32, trace=300209, nelems=0, elem type=char[])
OBJ 50000907 (sz=32, trace=300210, class=java.lang.String@500000d6)
OBJ 50000908 (sz=48, trace=300026, class=java.nio.HeapCharBuffer@500000b7)
OBJ 50000909 (sz=48, trace=300026, class=java.nio.HeapCharBuffer@500000b7)
ARR 5000090a (sz=32, trace=300209, nelems=0, elem type=char[])
OBJ 5000090b (sz=32, trace=300210, class=java.lang.String@500000d6)
OBJ 5000090c (sz=48, trace=300026, class=java.nio.HeapCharBuffer@500000b7)
OBJ 5000090d (sz=48, trace=300026, class=java.nio.HeapCharBuffer@500000b7)
ARR 5000090e (sz=32, trace=300209, nelems=0, elem type=char[])
OBJ 5000090f (sz=32, trace=300210, class=java.lang.String@500000d6)
OBJ 50000910 (sz=48, trace=300026, class=java.nio.HeapCharBuffer@500000b7)
OBJ 50000911 (sz=48, trace=300026, class=java.nio.HeapCharBuffer@500000b7)
ARR 50000912 (sz=32, trace=300209, nelems=0, elem type=char[])
OBJ 50000913 (sz=32, trace=300210, class=java.lang.String@500000d6)
OBJ 50000914 (sz=48, trace=300026, class=java.nio.HeapCharBuffer@500000b7)
OBJ 50000915 (sz=48, trace=300026, class=java.nio.HeapCharBuffer@500000b7)
ARR 50000916 (sz=32, trace=300209, nelems=0, elem type=char[])
OBJ 50000917 (sz=32, trace=300210, class=java.lang.String@500000d6)
OBJ 50000918 (sz=48, trace=300026, class=java.nio.HeapCharBuffer@500000b7)
OBJ 50000919 (sz=48, trace=300026, class=java.nio.HeapCharBuffer@500000b7)
ARR 5000091a (sz=32, trace=300209, nelems=0, elem type=char[])
OBJ 5000091b (sz=32, trace=300210, class=java.lang.String@500000d6)
OBJ 5000091c (sz=48, trace=300026, class=java.nio.HeapCharBuffer@500000b7)
OBJ 5000091d (sz=48, trace=300026, class=java.nio.HeapCharBuffer@500000b7)
ARR 5000091e (sz=32, trace=300209, nelems=0, elem type=char[])
OBJ 5000091f (sz=32, trace=300210, class=java.lang.String@500000d6)
OBJ 50000920 (sz=48, trace=300026, class=java.nio.HeapCharBuffer@500000b7)
OBJ 50000921 (sz=48, trace=300026, class=java.nio.HeapCharBuffer@500000b7)
ARR 50000922 (sz=32, trace=300209, nelems=0, elem type=char[])
OBJ 50000923 (sz=32, trace=300210, class=java.lang.String@500000d6)
OBJ 50000924 (sz=48, trace=300026, class=java.nio.HeapCharBuffer@500000b7)
OBJ 50000925 (sz=48, trace=300026, class=java.nio.HeapCharBuffer@500000b7)
ARR 50000926 (sz=32, trace=300209, nelems=0, elem type=char[])
OBJ 50000927 (sz=32, trace=300210, class=java.lang.String@500000d6)
OBJ 50000928 (sz=48, trace=300026, class=java.nio.HeapCharBuffer@500000b7)
OBJ 50000929 (sz=48, trace=300026, class=java.nio.HeapCharBuffer@500000b7)
ARR 5000092a (sz=32, trace=300209, nelems=0, elem type=char[])
OBJ 5000092b (sz=32, trace=300210, class=java.lang.String@500000d6)
OBJ 5000092c (sz=48, trace=300026, class=java.nio.HeapCharBuffer@500000b7)
OBJ 5000092d (sz=48, trace=300026, class=java.nio.HeapCharBuffer@500000b7)
ARR 5000092e (sz=32, trace=300209, nelems=0, elem type=char[])
OBJ 5000092f (sz=32, trace=300210, class=java.lang.String@500000d6)
OBJ 50000930 (sz=48, trace=300026, class=java.nio.HeapCharBuffer@500000b7)
OBJ 50000931 (sz=48, trace=300026, class=java.nio.HeapCharBuffer@500000b7)
ARR 50000932 (sz=32, trace=300209, nelems=0, elem type=char[])
OBJ 50000933 (sz=32, trace=300210, class=java.lang.String@500000d6)
OBJ 50000934 (sz=48, trace=300026, class=java.nio.HeapCharBuffer@500000b7)
OBJ 50000935 (sz=48, trace=300026, class=java.nio.HeapCharBuffer@500000b7)
ARR 50000936 (sz=32, trace=300209, nelems=0, elem type=char[])
OBJ 50000937 (sz=32, trace=300210, class=java.lang.String@500000d6)
OBJ 50000938 (sz=48, trace=300026, class=java.nio.HeapCharBuffer@500000b7)
OBJ 50000939 (sz=48, trace=300026, class=java.nio.HeapCharBuffer@500000b7)
ARR 5000093a (sz=32, trace=300209, nelems=0, elem type=char[])
OBJ 5000093b (sz=32, trace=300210, class=java.lang.String@500000d6)
OBJ 5000093c (sz=48, trace=300026, class=java.nio.HeapCharBuffer@500000b7)
OBJ 5000093d (sz=48, trace=300026, class=java.nio.HeapCharBuffer@500000b7)
ARR 5000093e (sz=32, trace=300209, nelems=0, elem type=char[])
OBJ 5000093f (sz=32, trace=300210, class=java.lang.String@500000d6)
OBJ 50000940 (sz=48, trace=300026, class=java.nio.HeapCharBuffer@500000b7)
OBJ 50000941 (sz=48, trace=300026, class=java.nio.HeapCharBuffer@500000b7)
ARR 50000942 (sz=32, trace=300209, nelems=0, elem type=char[])
OBJ 50000943 (sz=32, trace=300210, class=java.lang.String@500000d6)
OBJ 50000944 (sz=48, trace=300026, class=java.nio.HeapCharBuffer@500000b7)
OBJ 50000945 (sz=48, trace=300026, class=java.nio.HeapCharBuffer@500000b7)
ARR 50000946 (sz=32, trace=300209, nelems=0, elem type=char[])
OBJ 50000947 (sz=32, trace=300210, class=java.lang.String@500000d6)
OBJ 50000948 (sz=48, trace=300026, class=java.nio.HeapCharBuffer@500000b7)
OBJ 50000949 (sz=48, trace=300026, class=java.nio.HeapCharBuffer@500000b7)
ARR 5000094a (sz=32, trace=300209, nelems=0, elem type=char[])
OBJ 5000094b (sz=32, trace=300210, class=java.lang.String@500000d6)
OBJ 5000094c (sz=48, trace=300026, class=java.nio.HeapCharBuffer@500000b7)
OBJ 5000094d (sz=48, trace=300026, class=java.nio.HeapCharBuffer@500000b7)
ARR 5000094e (sz=32, trace=300209, nelems=0, elem type=char[])
OBJ 5000094f (sz=32, trace=300210, class=java.lang.String@500000d6)
OBJ 50000950 (sz=48, trace=300026, class=java.nio.HeapCharBuffer@500000b7)
OBJ 50000951 (sz=48, trace=300026, class=java.nio.HeapCharBuffer@500000b7)
ARR 50000952 (sz=32, trace=300209, nelems=0, elem type=char[])
OBJ 50000953 (sz=32, trace=300210, class=java.lang.String@500000d6)
OBJ 50000954 (sz=48, trace=300026, class=java.nio.HeapCharBuffer@500000b7)
OBJ 50000955 (sz=48, trace=300026, class=java.nio.HeapCharBuffer@500000b7)
ARR 50000956 (sz=32, trace=300209, nelems=0, elem type=char[])
OBJ 50000957 (sz=32, trace=300210, class=java.lang.String@500000d6)
OBJ 50000958 (sz=48, trace=300026, class=java.nio.HeapCharBuffer@500000b7)
OBJ 50000959 (sz=48, trace=300026, class=java.nio.HeapCharBuffer@500000b7)
ARR 5000095a (sz=32, trace=300209, nelems=0, elem type=char[])
OBJ 5000095b (sz=32, trace=300210, class=java.lang.String@500000d6)
OBJ 5000095c (sz=48, trace=300026, class=java.nio.HeapCharBuffer@500000b7)
OBJ 5000095d (sz=48, trace=300026, class=java.nio.HeapCharBuffer@500000b7)
ARR 5000095e (sz=32, trace=300209, nelems=0, elem type=char[])
OBJ 5000095f (sz=32, trace=300210, class=java.lang.String@500000d6)
OBJ 50000960 (sz=48, trace=300026, class=java.nio.HeapCharBuffer@500000b7)
OBJ 50000961 (sz=48, trace=300026, class=java.nio.HeapCharBuffer@500000b7)
ARR 50000962 (sz=32, trace=300209, nelems=0, elem type=char[])
OBJ 50000963 (sz=32, trace=300210, class=java.lang.String@500000d6)
OBJ 50000964 (sz=48, trace=300026, class=java.nio.HeapCharBuffer@500000b7)
OBJ 50000965 (sz=48, trace=300026, class=java.nio.HeapCharBuffer@500000b7)
ARR 50000966 (sz=32, trace=300209, nelems=0, elem type=char[])
OBJ 50000967 (sz=32, trace=300210, class=java.lang.String@500000d6)
OBJ 50000968 (sz=48, trace=300026, class=java.nio.HeapCharBuffer@500000b7)
OBJ 50000969 (sz=48, trace=300026, class=java.nio.HeapCharBuffer@500000b7)
ARR 5000096a (sz=32, trace=300209, nelems=0, elem type=char[])
OBJ 5000096b (sz=32, trace=300210, class=java.lang.String@500000d6)
OBJ 5000096c (sz=48, trace=300026, class=java.nio.HeapCharBuffer@500000b7)
OBJ 5000096d (sz=48, trace=300026, class=java.nio.HeapCharBuffer@500000b7)
ARR 5000096e (sz=32, trace=300209, nelems=0, elem type=char[])
OBJ 5000096f (sz=32, trace=300210, class=java.lang.String@500000d6)
OBJ 50000970 (sz=48, trace=300026, class=java.nio.HeapCharBuffer@500000b7)
OBJ 50000971 (sz=48, trace=300026, class=java.nio.HeapCharBuffer@500000b7)
ARR 50000972 (sz=32, trace=300209, nelems=0, elem type=char[])
OBJ 50000973 (sz=32, trace=300210, class=java.lang.String@500000d6)
OBJ 50000974 (sz=48, trace=300026, class=java.nio.HeapCharBuffer@500000b7)
OBJ 50000975 (sz=48, trace=300026, class=java.nio.HeapCharBuffer@500000b7)
ARR 50000976 (sz=32, trace=300209, nelems=0, elem type=char[])
OBJ 50000977 (sz=32, trace=300210, class=java.lang.String@500000d6)
OBJ 50000978 (sz=48, trace=300026, class=java.nio.HeapCharBuffer@500000b7)
OBJ 50000979 (sz=48, trace=300026, class=java.nio.HeapCharBuffer@500000b7)
ARR 5000097a (sz=32, trace=300209, nelems=0, elem type=char[])
OBJ 5000097b (sz=32, trace=300210, class=java.lang.String@500000d6)
OBJ 5000097c (sz=48, trace=300026, class=java.nio.HeapCharBuffer@500000b7)
OBJ 5000097d (sz=48, trace=300026, class=java.nio.HeapCharBuffer@500000b7)
ARR 5000097e (sz=32, trace=300209, nelems=0, elem type=char[])
OBJ 5000097f (sz=32, trace=300210, class=java.lang.String@500000d6)
OBJ 50000980 (sz=48, trace=300026, class=java.nio.HeapCharBuffer@500000b7)
OBJ 50000981 (sz=48, trace=300026, class=java.nio.HeapCharBuffer@500000b7)
ARR 50000982 (sz=32, trace=300209, nelems=0, elem type=char[])
OBJ 50000983 (sz=32, trace=300210, class=java.lang.String@500000d6)
OBJ 50000984 (sz=48, trace=300026, class=java.nio.HeapCharBuffer@500000b7)
OBJ 50000985 (sz=48, trace=300026, class=java.nio.HeapCharBuffer@500000b7)
ARR 50000986 (sz=32, trace=300209, nelems=0, elem type=char[])
OBJ 50000987 (sz=32, trace=300210, class=java.lang.String@500000d6)
OBJ 50000988 (sz=48, trace=300026, class=java.nio.HeapCharBuffer@500000b7)
OBJ 50000989 (sz=48, trace=300026, class=java.nio.HeapCharBuffer@500000b7)
ARR 5000098a (sz=32, trace=300209, nelems=0, elem type=char[])
OBJ 5000098b (sz=32, trace=300210, class=java.lang.String@500000d6)
OBJ 5000098c (sz=48, trace=300026, class=java.nio.HeapCharBuffer@500000b7)
OBJ 5000098d (sz=48, trace=300026, class=java.nio.HeapCharBuffer@500000b7)
ARR 5000098e (sz=32, trace=300209, nelems=0, elem type=char[])
OBJ 5000098f (sz=32, trace=300210, class=java.lang.String@500000d6)
OBJ 50000990 (sz=48, trace=300026, class=java.nio.HeapCharBuffer@500000b7)
OBJ 50000991 (sz=48, trace=300026, class=java.nio.HeapCharBuffer@500000b7)
ARR 50000992 (sz=32, trace=300209, nelems=0, elem type=char[])
OBJ 50000993 (sz=32, trace=300210, class=java.lang.String@500000d6)
OBJ 50000994 (sz=48, trace=300026, class=java.nio.HeapCharBuffer@500000b7)
OBJ 50000995 (sz=48, trace=300026, class=java.nio.HeapCharBuffer@500000b7)
ARR 50000996 (sz=32, trace=300209, nelems=0, elem type=char[])
OBJ 50000997 (sz=32, trace=300210, class=java.lang.String@500000d6)
OBJ 50000998 (sz=48, trace=300026, class=java.nio.HeapCharBuffer@500000b7)
OBJ 50000999 (sz=48, trace=300026, class=java.nio.HeapCharBuffer@500000b7)
ARR 5000099a (sz=32, trace=300209, nelems=0, elem type=char[])
OBJ 5000099b (sz=32, trace=300210, class=java.lang.String@500000d6)
OBJ 5000099c (sz=48, trace=300026, class=java.nio.HeapCharBuffer@500000b7)
OBJ 5000099d (sz=48, trace=300026, class=java.nio.HeapCharBuffer@500000b7)
ARR 5000099e (sz=32, trace=300209, nelems=0, elem type=char[])
OBJ 5000099f (sz=32, trace=300210, class=java.lang.String@500000d6)
OBJ 500009a0 (sz=48, trace=300026, class=java.nio.HeapCharBuffer@500000b7)
OBJ 500009a1 (sz=48, trace=300026, class=java.nio.HeapCharBuffer@500000b7)
ARR 500009a2 (sz=32, trace=300209, nelems=0, elem type=char[])
OBJ 500009a3 (sz=32, trace=300210, class=java.lang.String@500000d6)
OBJ 500009a4 (sz=48, trace=300026, class=java.nio.HeapCharBuffer@500000b7)
OBJ 500009a5 (sz=48, trace=300026, class=java.nio.HeapCharBuffer@500000b7)
ARR 500009a6 (sz=32, trace=300209, nelems=0, elem type=char[])
OBJ 500009a7 (sz=32, trace=300210, class=java.lang.String@500000d6)
OBJ 500009a8 (sz=48, trace=300026, class=java.nio.HeapCharBuffer@500000b7)
OBJ 500009a9 (sz=48, trace=300026, class=java.nio.HeapCharBuffer@500000b7)
ARR 500009aa (sz=32, trace=300209, nelems=0, elem type=char[])
OBJ 500009ab (sz=32, trace=300210, class=java.lang.String@500000d6)
OBJ 500009ac (sz=48, trace=300026, class=java.nio.HeapCharBuffer@500000b7)
OBJ 500009ad (sz=48, trace=300026, class=java.nio.HeapCharBuffer@500000b7)
ARR 500009ae (sz=32, trace=300209, nelems=0, elem type=char[])
OBJ 500009af (sz=32, trace=300210, class=java.lang.String@500000d6)
OBJ 500009b0 (sz=48, trace=300026, class=java.nio.HeapCharBuffer@500000b7)
OBJ 500009b1 (sz=48, trace=300026, class=java.nio.HeapCharBuffer@500000b7)
ARR 500009b2 (sz=32, trace=300209, nelems=0, elem type=char[])
OBJ 500009b3 (sz=32, trace=300210, class=java.lang.String@500000d6)
OBJ 500009b4 (sz=48, trace=300026, class=java.nio.HeapCharBuffer@500000b7)
OBJ 500009b5 (sz=48, trace=300026, class=java.nio.HeapCharBuffer@500000b7)
ARR 500009b6 (sz=32, trace=300209, nelems=0, elem type=char[])
OBJ 500009b7 (sz=32, trace=300210, class=java.lang.String@500000d6)
OBJ 500009b8 (sz=48, trace=300026, class=java.nio.HeapCharBuffer@500000b7)
OBJ 500009b9 (sz=48, trace=300026, class=java.nio.HeapCharBuffer@500000b7)
ARR 500009ba (sz=32, trace=300209, nelems=0, elem type=char[])
OBJ 500009bb (sz=32, trace=300210, class=java.lang.String@500000d6)
OBJ 500009bc (sz=48, trace=300026, class=java.nio.HeapCharBuffer@500000b7)
OBJ 500009bd (sz=48, trace=300026, class=java.nio.HeapCharBuffer@500000b7)
ARR 500009be (sz=32, trace=300209, nelems=0, elem type=char[])
OBJ 500009bf (sz=32, trace=300210, class=java.lang.String@500000d6)
OBJ 500009c0 (sz=48, trace=300026, class=java.nio.HeapCharBuffer@500000b7)
OBJ 500009c1 (sz=48, trace=300026, class=java.nio.HeapCharBuffer@500000b7)
ARR 500009c2 (sz=32, trace=300209, nelems=0, elem type=char[])
OBJ 500009c3 (sz=32, trace=300210, class=java.lang.String@500000d6)
OBJ 500009c4 (sz=48, trace=300026, class=java.nio.HeapCharBuffer@500000b7)
OBJ 500009c5 (sz=48, trace=300026, class=java.nio.HeapCharBuffer@500000b7)
ARR 500009c6 (sz=32, trace=300209, nelems=0, elem type=char[])
OBJ 500009c7 (sz=32, trace=300210, class=java.lang.String@500000d6)
OBJ 500009c8 (sz=48, trace=300026, class=java.nio.HeapCharBuffer@500000b7)
OBJ 500009c9 (sz=48, trace=300026, class=java.nio.HeapCharBuffer@500000b7)
ARR 500009ca (sz=32, trace=300209, nelems=0, elem type=char[])
OBJ 500009cb (sz=32, trace=300210, class=java.lang.String@500000d6)
OBJ 500009cc (sz=48, trace=300026, class=java.nio.HeapCharBuffer@500000b7)
OBJ 500009cd (sz=48, trace=300026, class=java.nio.HeapCharBuffer@500000b7)
ARR 500009ce (sz=32, trace=300209, nelems=0, elem type=char[])
OBJ 500009cf (sz=32, trace=300210, class=java.lang.String@500000d6)
OBJ 500009d0 (sz=48, trace=300026, class=java.nio.HeapCharBuffer@500000b7)
OBJ 500009d1 (sz=48, trace=300026, class=java.nio.HeapCharBuffer@500000b7)
ARR 500009d2 (sz=32, trace=300209, nelems=0, elem type=char[])
OBJ 500009d3 (sz=32, trace=300210, class=java.lang.String@500000d6)
OBJ 500009d4 (sz=48, trace=300026, class=java.nio.HeapCharBuffer@500000b7)
OBJ 500009d5 (sz=48, trace=300026, class=java.nio.HeapCharBuffer@500000b7)
ARR 500009d6 (sz=32, trace=300209, nelems=0, elem type=char[])
OBJ 500009d7 (sz=32, trace=300210, class=java.lang.String@500000d6)
OBJ 500009d8 (sz=48, trace=300026, class=java.nio.HeapCharBuffer@500000b7)
OBJ 500009d9 (sz=48, trace=300026, class=java.nio.HeapCharBuffer@500000b7)
ARR 500009da (sz=32, trace=300209, nelems=0, elem type=char[])
OBJ 500009db (sz=32, trace=300210, class=java.lang.String@500000d6)
OBJ 500009dc (sz=48, trace=300026, class=java.nio.HeapCharBuffer@500000b7)
OBJ 500009dd (sz=48, trace=300026, class=java.nio.HeapCharBuffer@500000b7)
ARR 500009de (sz=32, trace=300209, nelems=0, elem type=char[])
OBJ 500009df (sz=32, trace=300210, class=java.lang.String@500000d6)
OBJ 500009e0 (sz=48, trace=300026, class=java.nio.HeapCharBuffer@500000b7)
OBJ 500009e1 (sz=48, trace=300026, class=java.nio.HeapCharBuffer@500000b7)
ARR 500009e2 (sz=32, trace=300209, nelems=0, elem type=char[])
OBJ 500009e3 (sz=32, trace=300210, class=java.lang.String@500000d6)
OBJ 500009e4 (sz=48, trace=300026, class=java.nio.HeapCharBuffer@500000b7)
OBJ 500009e5 (sz=48, trace=300026, class=java.nio.HeapCharBuffer@500000b7)
ARR 500009e6 (sz=32, trace=300209, nelems=0, elem type=char[])
OBJ 500009e7 (sz=32, trace=300210, class=java.lang.String@500000d6)
OBJ 500009e8 (sz=48, trace=300026, class=java.nio.HeapCharBuffer@500000b7)
OBJ 500009e9 (sz=48, trace=300026, class=java.nio.HeapCharBuffer@500000b7)
ARR 500009ea (sz=32, trace=300209, nelems=0, elem type=char[])
OBJ 500009eb (sz=32, trace=300210, class=java.lang.String@500000d6)
OBJ 500009ec (sz=48, trace=300026, class=java.nio.HeapCharBuffer@500000b7)
OBJ 500009ed (sz=48, trace=300026, class=java.nio.HeapCharBuffer@500000b7)
ARR 500009ee (sz=32, trace=300209, nelems=0, elem type=char[])
OBJ 500009ef (sz=32, trace=300210, class=java.lang.String@500000d6)
OBJ 500009f0 (sz=48, trace=300026, class=java.nio.HeapCharBuffer@500000b7)
OBJ 500009f1 (sz=48, trace=300026, class=java.nio.HeapCharBuffer@500000b7)
ARR 500009f2 (sz=32, trace=300209, nelems=0, elem type=char[])
OBJ 500009f3 (sz=32, trace=300210, class=java.lang.String@500000d6)
OBJ 500009f4 (sz=48, trace=300026, class=java.nio.HeapCharBuffer@500000b7)
OBJ 500009f5 (sz=48, trace=300026, class=java.nio.HeapCharBuffer@500000b7)
ARR 500009f6 (sz=32, trace=300209, nelems=0, elem type=char[])
OBJ 500009f7 (sz=32, trace=300210, class=java.lang.String@500000d6)
OBJ 500009f8 (sz=48, trace=300026, class=java.nio.HeapCharBuffer@500000b7)
OBJ 500009f9 (sz=48, trace=300026, class=java.nio.HeapCharBuffer@500000b7)
ARR 500009fa (sz=32, trace=300209, nelems=0, elem type=char[])
OBJ 500009fb (sz=32, trace=300210, class=java.lang.String@500000d6)
OBJ 500009fc (sz=48, trace=300026, class=java.nio.HeapCharBuffer@500000b7)
OBJ 500009fd (sz=48, trace=300026, class=java.nio.HeapCharBuffer@500000b7)
ARR 500009fe (sz=32, trace=300209, nelems=0, elem type=char[])
OBJ 500009ff (sz=32, trace=300210, class=java.lang.String@500000d6)
OBJ 50000a00 (sz=48, trace=300026, class=java.nio.HeapCharBuffer@500000b7)
OBJ 50000a01 (sz=48, trace=300026, class=java.nio.HeapCharBuffer@500000b7)
ARR 50000a02 (sz=32, trace=300209, nelems=0, elem type=char[])
OBJ 50000a03 (sz=32, trace=300210, class=java.lang.String@500000d6)
OBJ 50000a04 (sz=48, trace=300026, class=java.nio.HeapCharBuffer@500000b7)
OBJ 50000a05 (sz=48, trace=300026, class=java.nio.HeapCharBuffer@500000b7)
ARR 50000a06 (sz=32, trace=300209, nelems=0, elem type=char[])
OBJ 50000a07 (sz=32, trace=300210, class=java.lang.String@500000d6)
OBJ 50000a08 (sz=48, trace=300026, class=java.nio.HeapCharBuffer@500000b7)
OBJ 50000a09 (sz=48, trace=300026, class=java.nio.HeapCharBuffer@500000b7)
ARR 50000a0a (sz=32, trace=300209, nelems=0, elem type=char[])
OBJ 50000a0b (sz=32, trace=300210, class=java.lang.String@500000d6)
OBJ 50000a0c (sz=48, trace=300026, class=java.nio.HeapCharBuffer@500000b7)
OBJ 50000a0d (sz=48, trace=300026, class=java.nio.HeapCharBuffer@500000b7)
ARR 50000a0e (sz=32, trace=300209, nelems=0, elem type=char[])
OBJ 50000a0f (sz=32, trace=300210, class=java.lang.String@500000d6)
OBJ 50000a10 (sz=48, trace=300026, class=java.nio.HeapCharBuffer@500000b7)
OBJ 50000a11 (sz=48, trace=300026, class=java.nio.HeapCharBuffer@500000b7)
ARR 50000a12 (sz=32, trace=300209, nelems=0, elem type=char[])
OBJ 50000a13 (sz=32, trace=300210, class=java.lang.String@500000d6)
OBJ 50000a14 (sz=48, trace=300026, class=java.nio.HeapCharBuffer@500000b7)
OBJ 50000a15 (sz=48, trace=300026, class=java.nio.HeapCharBuffer@500000b7)
ARR 50000a16 (sz=32, trace=300209, nelems=0, elem type=char[])
OBJ 50000a17 (sz=32, trace=300210, class=java.lang.String@500000d6)
OBJ 50000a18 (sz=48, trace=300026, class=java.nio.HeapCharBuffer@500000b7)
OBJ 50000a19 (sz=48, trace=300026, class=java.nio.HeapCharBuffer@500000b7)
ARR 50000a1a (sz=32, trace=300209, nelems=0, elem type=char[])
OBJ 50000a1b (sz=32, trace=300210, class=java.lang.String@500000d6)
OBJ 50000a1c (sz=48, trace=300026, class=java.nio.HeapCharBuffer@500000b7)
OBJ 50000a1d (sz=48, trace=300026, class=java.nio.HeapCharBuffer@500000b7)
ARR 50000a1e (sz=32, trace=300209, nelems=0, elem type=char[])
OBJ 50000a1f (sz=32, trace=300210, class=java.lang.String@500000d6)
OBJ 50000a20 (sz=48, trace=300026, class=java.nio.HeapCharBuffer@500000b7)
OBJ 50000a21 (sz=48, trace=300026, class=java.nio.HeapCharBuffer@500000b7)
ARR 50000a22 (sz=32, trace=300209, nelems=0, elem type=char[])
OBJ 50000a23 (sz=32, trace=300210, class=java.lang.String@500000d6)
OBJ 50000a24 (sz=48, trace=300026, class=java.nio.HeapCharBuffer@500000b7)
OBJ 50000a25 (sz=48, trace=300026, class=java.nio.HeapCharBuffer@500000b7)
ARR 50000a26 (sz=32, trace=300209, nelems=0, elem type=char[])
OBJ 50000a27 (sz=32, trace=300210, class=java.lang.String@500000d6)
OBJ 50000a28 (sz=48, trace=300026, class=java.nio.HeapCharBuffer@500000b7)
OBJ 50000a29 (sz=48, trace=300026, class=java.nio.HeapCharBuffer@500000b7)
ARR 50000a2a (sz=32, trace=300209, nelems=0, elem type=char[])
OBJ 50000a2b (sz=32, trace=300210, class=java.lang.String@500000d6)
OBJ 50000a2c (sz=48, trace=300026, class=java.nio.HeapCharBuffer@500000b7)
OBJ 50000a2d (sz=48, trace=300026, class=java.nio.HeapCharBuffer@500000b7)
ARR 50000a2e (sz=32, trace=300209, nelems=0, elem type=char[])
OBJ 50000a2f (sz=32, trace=300210, class=java.lang.String@500000d6)
OBJ 50000a30 (sz=48, trace=300026, class=java.nio.HeapCharBuffer@500000b7)
OBJ 50000a31 (sz=48, trace=300026, class=java.nio.HeapCharBuffer@500000b7)
ARR 50000a32 (sz=32, trace=300209, nelems=0, elem type=char[])
OBJ 50000a33 (sz=32, trace=300210, class=java.lang.String@500000d6)
OBJ 50000a34 (sz=48, trace=300026, class=java.nio.HeapCharBuffer@500000b7)
OBJ 50000a35 (sz=48, trace=300026, class=java.nio.HeapCharBuffer@500000b7)
ARR 50000a36 (sz=32, trace=300209, nelems=0, elem type=char[])
OBJ 50000a37 (sz=32, trace=300210, class=java.lang.String@500000d6)
OBJ 50000a38 (sz=48, trace=300026, class=java.nio.HeapCharBuffer@500000b7)
OBJ 50000a39 (sz=48, trace=300026, class=java.nio.HeapCharBuffer@500000b7)
ARR 50000a3a (sz=32, trace=300209, nelems=0, elem type=char[])
OBJ 50000a3b (sz=32, trace=300210, class=java.lang.String@500000d6)
OBJ 50000a3c (sz=48, trace=300026, class=java.nio.HeapCharBuffer@500000b7)
OBJ 50000a3d (sz=48, trace=300026, class=java.nio.HeapCharBuffer@500000b7)
ARR 50000a3e (sz=32, trace=300209, nelems=0, elem type=char[])
OBJ 50000a3f (sz=32, trace=300210, class=java.lang.String@500000d6)
OBJ 50000a40 (sz=48, trace=300026, class=java.nio.HeapCharBuffer@500000b7)
OBJ 50000a41 (sz=48, trace=300026, class=java.nio.HeapCharBuffer@500000b7)
ARR 50000a42 (sz=32, trace=300209, nelems=0, elem type=char[])
OBJ 50000a43 (sz=32, trace=300210, class=java.lang.String@500000d6)
OBJ 50000a44 (sz=48, trace=300026, class=java.nio.HeapCharBuffer@500000b7)
OBJ 50000a45 (sz=48, trace=300026, class=java.nio.HeapCharBuffer@500000b7)
ARR 50000a46 (sz=32, trace=300209, nelems=0, elem type=char[])
OBJ 50000a47 (sz=32, trace=300210, class=java.lang.String@500000d6)
OBJ 50000a48 (sz=48, trace=300026, class=java.nio.HeapCharBuffer@500000b7)
OBJ 50000a49 (sz=48, trace=300026, class=java.nio.HeapCharBuffer@500000b7)
ARR 50000a4a (sz=32, trace=300209, nelems=0, elem type=char[])
OBJ 50000a4b (sz=32, trace=300210, class=java.lang.String@500000d6)
OBJ 50000a4c (sz=48, trace=300026, class=java.nio.HeapCharBuffer@500000b7)
OBJ 50000a4d (sz=48, trace=300026, class=java.nio.HeapCharBuffer@500000b7)
ARR 50000a4e (sz=32, trace=300209, nelems=0, elem type=char[])
OBJ 50000a4f (sz=32, trace=300210, class=java.lang.String@500000d6)
OBJ 50000a50 (sz=48, trace=300026, class=java.nio.HeapCharBuffer@500000b7)
OBJ 50000a51 (sz=48, trace=300026, class=java.nio.HeapCharBuffer@500000b7)
ARR 50000a52 (sz=32, trace=300209, nelems=0, elem type=char[])
OBJ 50000a53 (sz=32, trace=300210, class=java.lang.String@500000d6)
OBJ 50000a54 (sz=48, trace=300026, class=java.nio.HeapCharBuffer@500000b7)
OBJ 50000a55 (sz=48, trace=300026, class=java.nio.HeapCharBuffer@500000b7)
ARR 50000a56 (sz=32, trace=300209, nelems=0, elem type=char[])
OBJ 50000a57 (sz=32, trace=300210, class=java.lang.String@500000d6)
OBJ 50000a58 (sz=48, trace=300026, class=java.nio.HeapCharBuffer@500000b7)
OBJ 50000a59 (sz=48, trace=300026, class=java.nio.HeapCharBuffer@500000b7)
ARR 50000a5a (sz=32, trace=300209, nelems=0, elem type=char[])
OBJ 50000a5b (sz=32, trace=300210, class=java.lang.String@500000d6)
OBJ 50000a5c (sz=48, trace=300026, class=java.nio.HeapCharBuffer@500000b7)
OBJ 50000a5d (sz=48, trace=300026, class=java.nio.HeapCharBuffer@500000b7)
ARR 50000a5e (sz=32, trace=300209, nelems=0, elem type=char[])
OBJ 50000a5f (sz=32, trace=300210, class=java.lang.String@500000d6)
OBJ 50000a60 (sz=48, trace=300026, class=java.nio.HeapCharBuffer@500000b7)
OBJ 50000a61 (sz=48, trace=300026, class=java.nio.HeapCharBuffer@500000b7)
ARR 50000a62 (sz=32, trace=300209, nelems=0, elem type=char[])
OBJ 50000a63 (sz=32, trace=300210, class=java.lang.String@500000d6)
OBJ 50000a64 (sz=48, trace=300026, class=java.nio.HeapCharBuffer@500000b7)
OBJ 50000a65 (sz=48, trace=300026, class=java.nio.HeapCharBuffer@500000b7)
ARR 50000a66 (sz=32, trace=300209, nelems=0, elem type=char[])
OBJ 50000a67 (sz=32, trace=300210, class=java.lang.String@500000d6)
OBJ 50000a68 (sz=48, trace=300026, class=java.nio.HeapCharBuffer@500000b7)
OBJ 50000a69 (sz=48, trace=300026, class=java.nio.HeapCharBuffer@500000b7)
ARR 50000a6a (sz=32, trace=300209, nelems=0, elem type=char[])
OBJ 50000a6b (sz=32, trace=300210, class=java.lang.String@500000d6)
OBJ 50000a6c (sz=48, trace=300026, class=java.nio.HeapCharBuffer@500000b7)
OBJ 50000a6d (sz=48, trace=300026, class=java.nio.HeapCharBuffer@500000b7)
ARR 50000a6e (sz=32, trace=300209, nelems=0, elem type=char[])
OBJ 50000a6f (sz=32, trace=300210, class=java.lang.String@500000d6)
OBJ 50000a70 (sz=48, trace=300026, class=java.nio.HeapCharBuffer@500000b7)
OBJ 50000a71 (sz=48, trace=300026, class=java.nio.HeapCharBuffer@500000b7)
ARR 50000a72 (sz=32, trace=300209, nelems=0, elem type=char[])
OBJ 50000a73 (sz=32, trace=300210, class=java.lang.String@500000d6)
OBJ 50000a74 (sz=48, trace=300026, class=java.nio.HeapCharBuffer@500000b7)
OBJ 50000a75 (sz=48, trace=300026, class=java.nio.HeapCharBuffer@500000b7)
ARR 50000a76 (sz=32, trace=300209, nelems=0, elem type=char[])
OBJ 50000a77 (sz=32, trace=300210, class=java.lang.String@500000d6)
OBJ 50000a78 (sz=48, trace=300026, class=java.nio.HeapCharBuffer@500000b7)
OBJ 50000a79 (sz=48, trace=300026, class=java.nio.HeapCharBuffer@500000b7)
ARR 50000a7a (sz=32, trace=300209, nelems=0, elem type=char[])
OBJ 50000a7b (sz=32, trace=300210, class=java.lang.String@500000d6)
OBJ 50000a7c (sz=48, trace=300026, class=java.nio.HeapCharBuffer@500000b7)
OBJ 50000a7d (sz=48, trace=300026, class=java.nio.HeapCharBuffer@500000b7)
ARR 50000a7e (sz=32, trace=300209, nelems=0, elem type=char[])
OBJ 50000a7f (sz=32, trace=300210, class=java.lang.String@500000d6)
OBJ 50000a80 (sz=48, trace=300026, class=java.nio.HeapCharBuffer@500000b7)
OBJ 50000a81 (sz=48, trace=300026, class=java.nio.HeapCharBuffer@500000b7)
ARR 50000a82 (sz=32, trace=300209, nelems=0, elem type=char[])
OBJ 50000a83 (sz=32, trace=300210, class=java.lang.String@500000d6)
OBJ 50000a84 (sz=48, trace=300026, class=java.nio.HeapCharBuffer@500000b7)
OBJ 50000a85 (sz=48, trace=300026, class=java.nio.HeapCharBuffer@500000b7)
ARR 50000a86 (sz=32, trace=300209, nelems=0, elem type=char[])
OBJ 50000a87 (sz=32, trace=300210, class=java.lang.String@500000d6)
OBJ 50000a88 (sz=48, trace=300026, class=java.nio.HeapCharBuffer@500000b7)
OBJ 50000a89 (sz=48, trace=300026, class=java.nio.HeapCharBuffer@500000b7)
ARR 50000a8a (sz=32, trace=300209, nelems=0, elem type=char[])
OBJ 50000a8b (sz=32, trace=300210, class=java.lang.String@500000d6)
OBJ 50000a8c (sz=48, trace=300026, class=java.nio.HeapCharBuffer@500000b7)
OBJ 50000a8d (sz=48, trace=300026, class=java.nio.HeapCharBuffer@500000b7)
ARR 50000a8e (sz=32, trace=300209, nelems=0, elem type=char[])
OBJ 50000a8f (sz=32, trace=300210, class=java.lang.String@500000d6)
OBJ 50000a90 (sz=48, trace=300026, class=java.nio.HeapCharBuffer@500000b7)
OBJ 50000a91 (sz=48, trace=300026, class=java.nio.HeapCharBuffer@500000b7)
ARR 50000a92 (sz=32, trace=300209, nelems=0, elem type=char[])
OBJ 50000a93 (sz=32, trace=300210, class=java.lang.String@500000d6)
OBJ 50000a94 (sz=48, trace=300026, class=java.nio.HeapCharBuffer@500000b7)
OBJ 50000a95 (sz=48, trace=300026, class=java.nio.HeapCharBuffer@500000b7)
ARR 50000a96 (sz=32, trace=300209, nelems=0, elem type=char[])
OBJ 50000a97 (sz=32, trace=300210, class=java.lang.String@500000d6)
OBJ 50000a98 (sz=48, trace=300026, class=java.nio.HeapCharBuffer@500000b7)
OBJ 50000a99 (sz=48, trace=300026, class=java.nio.HeapCharBuffer@500000b7)
ARR 50000a9a (sz=32, trace=300209, nelems=0, elem type=char[])
OBJ 50000a9b (sz=32, trace=300210, class=java.lang.String@500000d6)
OBJ 50000a9c (sz=48, trace=300026, class=java.nio.HeapCharBuffer@500000b7)
OBJ 50000a9d (sz=48, trace=300026, class=java.nio.HeapCharBuffer@500000b7)
ARR 50000a9e (sz=32, trace=300209, nelems=0, elem type=char[])
OBJ 50000a9f (sz=32, trace=300210, class=java.lang.String@500000d6)
OBJ 50000aa0 (sz=48, trace=300026, class=java.nio.HeapCharBuffer@500000b7)
OBJ 50000aa1 (sz=48, trace=300026, class=java.nio.HeapCharBuffer@500000b7)
ARR 50000aa2 (sz=32, trace=300209, nelems=0, elem type=char[])
OBJ 50000aa3 (sz=32, trace=300210, class=java.lang.String@500000d6)
OBJ 50000aa4 (sz=48, trace=300026, class=java.nio.HeapCharBuffer@500000b7)
OBJ 50000aa5 (sz=48, trace=300026, class=java.nio.HeapCharBuffer@500000b7)
ARR 50000aa6 (sz=32, trace=300209, nelems=0, elem type=char[])
OBJ 50000aa7 (sz=32, trace=300210, class=java.lang.String@500000d6)
OBJ 50000aa8 (sz=48, trace=300026, class=java.nio.HeapCharBuffer@500000b7)
OBJ 50000aa9 (sz=48, trace=300026, class=java.nio.HeapCharBuffer@500000b7)
ARR 50000aaa (sz=32, trace=300209, nelems=0, elem type=char[])
OBJ 50000aab (sz=32, trace=300210, class=java.lang.String@500000d6)
OBJ 50000aac (sz=48, trace=300026, class=java.nio.HeapCharBuffer@500000b7)
OBJ 50000aad (sz=48, trace=300026, class=java.nio.HeapCharBuffer@500000b7)
ARR 50000aae (sz=32, trace=300209, nelems=0, elem type=char[])
OBJ 50000aaf (sz=32, trace=300210, class=java.lang.String@500000d6)
OBJ 50000ab0 (sz=48, trace=300026, class=java.nio.HeapCharBuffer@500000b7)
OBJ 50000ab1 (sz=48, trace=300026, class=java.nio.HeapCharBuffer@500000b7)
ARR 50000ab2 (sz=32, trace=300209, nelems=0, elem type=char[])
OBJ 50000ab3 (sz=32, trace=300210, class=java.lang.String@500000d6)
OBJ 50000ab4 (sz=48, trace=300026, class=java.nio.HeapCharBuffer@500000b7)
OBJ 50000ab5 (sz=48, trace=300026, class=java.nio.HeapCharBuffer@500000b7)
ARR 50000ab6 (sz=32, trace=300209, nelems=0, elem type=char[])
OBJ 50000ab7 (sz=32, trace=300210, class=java.lang.String@500000d6)
OBJ 50000ab8 (sz=48, trace=300026, class=java.nio.HeapCharBuffer@500000b7)
OBJ 50000ab9 (sz=48, trace=300026, class=java.nio.HeapCharBuffer@500000b7)
ARR 50000aba (sz=32, trace=300209, nelems=0, elem type=char[])
OBJ 50000abb (sz=32, trace=300210, class=java.lang.String@500000d6)
OBJ 50000abc (sz=48, trace=300026, class=java.nio.HeapCharBuffer@500000b7)
OBJ 50000abd (sz=48, trace=300026, class=java.nio.HeapCharBuffer@500000b7)
ARR 50000abe (sz=32, trace=300209, nelems=0, elem type=char[])
OBJ 50000abf (sz=32, trace=300210, class=java.lang.String@500000d6)
OBJ 50000ac0 (sz=48, trace=300026, class=java.nio.HeapCharBuffer@500000b7)
OBJ 50000ac1 (sz=48, trace=300026, class=java.nio.HeapCharBuffer@500000b7)
ARR 50000ac2 (sz=32, trace=300209, nelems=0, elem type=char[])
OBJ 50000ac3 (sz=32, trace=300210, class=java.lang.String@500000d6)
OBJ 50000ac4 (sz=48, trace=300026, class=java.nio.HeapCharBuffer@500000b7)
OBJ 50000ac5 (sz=48, trace=300026, class=java.nio.HeapCharBuffer@500000b7)
ARR 50000ac6 (sz=32, trace=300209, nelems=0, elem type=char[])
OBJ 50000ac7 (sz=32, trace=300210, class=java.lang.String@500000d6)
OBJ 50000ac8 (sz=48, trace=300026, class=java.nio.HeapCharBuffer@500000b7)
OBJ 50000ac9 (sz=48, trace=300026, class=java.nio.HeapCharBuffer@500000b7)
ARR 50000aca (sz=32, trace=300209, nelems=0, elem type=char[])
OBJ 50000acb (sz=32, trace=300210, class=java.lang.String@500000d6)
OBJ 50000acc (sz=48, trace=300026, class=java.nio.HeapCharBuffer@500000b7)
OBJ 50000acd (sz=48, trace=300026, class=java.nio.HeapCharBuffer@500000b7)
ARR 50000ace (sz=32, trace=300209, nelems=0, elem type=char[])
OBJ 50000acf (sz=32, trace=300210, class=java.lang.String@500000d6)
OBJ 50000ad0 (sz=48, trace=300026, class=java.nio.HeapCharBuffer@500000b7)
OBJ 50000ad1 (sz=48, trace=300026, class=java.nio.HeapCharBuffer@500000b7)
ARR 50000ad2 (sz=32, trace=300209, nelems=0, elem type=char[])
OBJ 50000ad3 (sz=32, trace=300210, class=java.lang.String@500000d6)
OBJ 50000ad4 (sz=48, trace=300026, class=java.nio.HeapCharBuffer@500000b7)
OBJ 50000ad5 (sz=48, trace=300026, class=java.nio.HeapCharBuffer@500000b7)
ARR 50000ad6 (sz=32, trace=300209, nelems=0, elem type=char[])
OBJ 50000ad7 (sz=32, trace=300210, class=java.lang.String@500000d6)
OBJ 50000ad8 (sz=48, trace=300026, class=java.nio.HeapCharBuffer@500000b7)
OBJ 50000ad9 (sz=48, trace=300026, class=java.nio.HeapCharBuffer@500000b7)
ARR 50000ada (sz=32, trace=300209, nelems=0, elem type=char[])
OBJ 50000adb (sz=32, trace=300210, class=java.lang.String@500000d6)
OBJ 50000adc (sz=48, trace=300026, class=java.nio.HeapCharBuffer@500000b7)
OBJ 50000add (sz=48, trace=300026, class=java.nio.HeapCharBuffer@500000b7)
ARR 50000ade (sz=32, trace=300209, nelems=0, elem type=char[])
OBJ 50000adf (sz=32, trace=300210, class=java.lang.String@500000d6)
OBJ 50000ae0 (sz=48, trace=300026, class=java.nio.HeapCharBuffer@500000b7)
OBJ 50000ae1 (sz=48, trace=300026, class=java.nio.HeapCharBuffer@500000b7)
ARR 50000ae2 (sz=32, trace=300209, nelems=0, elem type=char[])
OBJ 50000ae3 (sz=32, trace=300210, class=java.lang.String@500000d6)
OBJ 50000ae4 (sz=48, trace=300026, class=java.nio.HeapCharBuffer@500000b7)
OBJ 50000ae5 (sz=48, trace=300026, class=java.nio.HeapCharBuffer@500000b7)
ARR 50000ae6 (sz=32, trace=300209, nelems=0, elem type=char[])
OBJ 50000ae7 (sz=32, trace=300210, class=java.lang.String@500000d6)
OBJ 50000ae8 (sz=48, trace=300026, class=java.nio.HeapCharBuffer@500000b7)
OBJ 50000ae9 (sz=48, trace=300026, class=java.nio.HeapCharBuffer@500000b7)
ARR 50000aea (sz=32, trace=300209, nelems=0, elem type=char[])
OBJ 50000aeb (sz=32, trace=300210, class=java.lang.String@500000d6)
OBJ 50000aec (sz=48, trace=300026, class=java.nio.HeapCharBuffer@500000b7)
OBJ 50000aed (sz=48, trace=300026, class=java.nio.HeapCharBuffer@500000b7)
ARR 50000aee (sz=32, trace=300209, nelems=0, elem type=char[])
OBJ 50000aef (sz=32, trace=300210, class=java.lang.String@500000d6)
OBJ 50000af0 (sz=48, trace=300026, class=java.nio.HeapCharBuffer@500000b7)
OBJ 50000af1 (sz=48, trace=300026, class=java.nio.HeapCharBuffer@500000b7)
ARR 50000af2 (sz=32, trace=300209, nelems=0, elem type=char[])
OBJ 50000af3 (sz=32, trace=300210, class=java.lang.String@500000d6)
OBJ 50000af4 (sz=48, trace=300026, class=java.nio.HeapCharBuffer@500000b7)
OBJ 50000af5 (sz=48, trace=300026, class=java.nio.HeapCharBuffer@500000b7)
ARR 50000af6 (sz=32, trace=300209, nelems=0, elem type=char[])
OBJ 50000af7 (sz=32, trace=300210, class=java.lang.String@500000d6)
OBJ 50000af8 (sz=48, trace=300026, class=java.nio.HeapCharBuffer@500000b7)
OBJ 50000af9 (sz=48, trace=300026, class=java.nio.HeapCharBuffer@500000b7)
ARR 50000afa (sz=32, trace=300209, nelems=0, elem type=char[])
OBJ 50000afb (sz=32, trace=300210, class=java.lang.String@500000d6)
OBJ 50000afc (sz=48, trace=300026, class=java.nio.HeapCharBuffer@500000b7)
OBJ 50000afd (sz=48, trace=300026, class=java.nio.HeapCharBuffer@500000b7)
ARR 50000afe (sz=32, trace=300209, nelems=0, elem type=char[])
OBJ 50000aff (sz=32, trace=300210, class=java.lang.String@500000d6)
OBJ 50000b00 (sz=48, trace=300026, class=java.nio.HeapCharBuffer@500000b7)
OBJ 50000b01 (sz=48, trace=300026, class=java.nio.HeapCharBuffer@500000b7)
ARR 50000b02 (sz=32, trace=300209, nelems=0, elem type=char[])
OBJ 50000b03 (sz=32, trace=300210, class=java.lang.String@500000d6)
OBJ 50000b04 (sz=48, trace=300026, class=java.nio.HeapCharBuffer@500000b7)
OBJ 50000b05 (sz=48, trace=300026, class=java.nio.HeapCharBuffer@500000b7)
ARR 50000b06 (sz=32, trace=300209, nelems=0, elem type=char[])
OBJ 50000b07 (sz=32, trace=300210, class=java.lang.String@500000d6)
OBJ 50000b08 (sz=48, trace=300026, class=java.nio.HeapCharBuffer@500000b7)
OBJ 50000b09 (sz=48, trace=300026, class=java.nio.HeapCharBuffer@500000b7)
ARR 50000b0a (sz=32, trace=300209, nelems=0, elem type=char[])
OBJ 50000b0b (sz=32, trace=300210, class=java.lang.String@500000d6)
OBJ 50000b0c (sz=48, trace=300026, class=java.nio.HeapCharBuffer@500000b7)
OBJ 50000b0d (sz=48, trace=300026, class=java.nio.HeapCharBuffer@500000b7)
ARR 50000b0e (sz=32, trace=300209, nelems=0, elem type=char[])
OBJ 50000b0f (sz=32, trace=300210, class=java.lang.String@500000d6)
OBJ 50000b10 (sz=48, trace=300026, class=java.nio.HeapCharBuffer@500000b7)
OBJ 50000b11 (sz=48, trace=300026, class=java.nio.HeapCharBuffer@500000b7)
ARR 50000b12 (sz=32, trace=300209, nelems=0, elem type=char[])
OBJ 50000b13 (sz=32, trace=300210, class=java.lang.String@500000d6)
OBJ 50000b14 (sz=48, trace=300026, class=java.nio.HeapCharBuffer@500000b7)
OBJ 50000b15 (sz=48, trace=300026, class=java.nio.HeapCharBuffer@500000b7)
ARR 50000b16 (sz=32, trace=300209, nelems=0, elem type=char[])
OBJ 50000b17 (sz=32, trace=300210, class=java.lang.String@500000d6)
OBJ 50000b18 (sz=48, trace=300026, class=java.nio.HeapCharBuffer@500000b7)
OBJ 50000b19 (sz=48, trace=300026, class=java.nio.HeapCharBuffer@500000b7)
ARR 50000b1a (sz=32, trace=300209, nelems=0, elem type=char[])
OBJ 50000b1b (sz=32, trace=300210, class=java.lang.String@500000d6)
OBJ 50000b1c (sz=48, trace=300026, class=java.nio.HeapCharBuffer@500000b7)
OBJ 50000b1d (sz=48, trace=300026, class=java.nio.HeapCharBuffer@500000b7)
ARR 50000b1e (sz=32, trace=300209, nelems=0, elem type=char[])
OBJ 50000b1f (sz=32, trace=300210, class=java.lang.String@500000d6)
OBJ 50000b20 (sz=48, trace=300026, class=java.nio.HeapCharBuffer@500000b7)
OBJ 50000b21 (sz=48, trace=300026, class=java.nio.HeapCharBuffer@500000b7)
ARR 50000b22 (sz=32, trace=300209, nelems=0, elem type=char[])
OBJ 50000b23 (sz=32, trace=300210, class=java.lang.String@500000d6)
OBJ 50000b24 (sz=48, trace=300026, class=java.nio.HeapCharBuffer@500000b7)
OBJ 50000b25 (sz=48, trace=300026, class=java.nio.HeapCharBuffer@500000b7)
ARR 50000b26 (sz=32, trace=300209, nelems=0, elem type=char[])
OBJ 50000b27 (sz=32, trace=300210, class=java.lang.String@500000d6)
OBJ 50000b28 (sz=48, trace=300026, class=java.nio.HeapCharBuffer@500000b7)
OBJ 50000b29 (sz=48, trace=300026, class=java.nio.HeapCharBuffer@500000b7)
ARR 50000b2a (sz=32, trace=300209, nelems=0, elem type=char[])
OBJ 50000b2b (sz=32, trace=300210, class=java.lang.String@500000d6)
OBJ 50000b2c (sz=48, trace=300026, class=java.nio.HeapCharBuffer@500000b7)
OBJ 50000b2d (sz=48, trace=300026, class=java.nio.HeapCharBuffer@500000b7)
ARR 50000b2e (sz=32, trace=300209, nelems=0, elem type=char[])
OBJ 50000b2f (sz=32, trace=300210, class=java.lang.String@500000d6)
OBJ 50000b30 (sz=48, trace=300026, class=java.nio.HeapCharBuffer@500000b7)
OBJ 50000b31 (sz=48, trace=300026, class=java.nio.HeapCharBuffer@500000b7)
ARR 50000b32 (sz=32, trace=300209, nelems=0, elem type=char[])
OBJ 50000b33 (sz=32, trace=300210, class=java.lang.String@500000d6)
OBJ 50000b34 (sz=48, trace=300026, class=java.nio.HeapCharBuffer@500000b7)
OBJ 50000b35 (sz=48, trace=300026, class=java.nio.HeapCharBuffer@500000b7)
ARR 50000b36 (sz=32, trace=300209, nelems=0, elem type=char[])
OBJ 50000b37 (sz=32, trace=300210, class=java.lang.String@500000d6)
OBJ 50000b38 (sz=48, trace=300026, class=java.nio.HeapCharBuffer@500000b7)
OBJ 50000b39 (sz=48, trace=300026, class=java.nio.HeapCharBuffer@500000b7)
ARR 50000b3a (sz=32, trace=300209, nelems=0, elem type=char[])
OBJ 50000b3b (sz=32, trace=300210, class=java.lang.String@500000d6)
OBJ 50000b3c (sz=48, trace=300026, class=java.nio.HeapCharBuffer@500000b7)
OBJ 50000b3d (sz=48, trace=300026, class=java.nio.HeapCharBuffer@500000b7)
ARR 50000b3e (sz=32, trace=300209, nelems=0, elem type=char[])
OBJ 50000b3f (sz=32, trace=300210, class=java.lang.String@500000d6)
OBJ 50000b40 (sz=48, trace=300026, class=java.nio.HeapCharBuffer@500000b7)
OBJ 50000b41 (sz=48, trace=300026, class=java.nio.HeapCharBuffer@500000b7)
ARR 50000b42 (sz=32, trace=300209, nelems=0, elem type=char[])
OBJ 50000b43 (sz=32, trace=300210, class=java.lang.String@500000d6)
OBJ 50000b44 (sz=48, trace=300026, class=java.nio.HeapCharBuffer@500000b7)
OBJ 50000b45 (sz=48, trace=300026, class=java.nio.HeapCharBuffer@500000b7)
ARR 50000b46 (sz=32, trace=300209, nelems=0, elem type=char[])
OBJ 50000b47 (sz=32, trace=300210, class=java.lang.String@500000d6)
OBJ 50000b48 (sz=48, trace=300026, class=java.nio.HeapCharBuffer@500000b7)
OBJ 50000b49 (sz=48, trace=300026, class=java.nio.HeapCharBuffer@500000b7)
ARR 50000b4a (sz=32, trace=300209, nelems=0, elem type=char[])
OBJ 50000b4b (sz=32, trace=300210, class=java.lang.String@500000d6)
OBJ 50000b4c (sz=48, trace=300026, class=java.nio.HeapCharBuffer@500000b7)
OBJ 50000b4d (sz=48, trace=300026, class=java.nio.HeapCharBuffer@500000b7)
ARR 50000b4e (sz=32, trace=300209, nelems=0, elem type=char[])
OBJ 50000b4f (sz=32, trace=300210, class=java.lang.String@500000d6)
OBJ 50000b50 (sz=48, trace=300026, class=java.nio.HeapCharBuffer@500000b7)
OBJ 50000b51 (sz=48, trace=300026, class=java.nio.HeapCharBuffer@500000b7)
ARR 50000b52 (sz=32, trace=300209, nelems=0, elem type=char[])
OBJ 50000b53 (sz=32, trace=300210, class=java.lang.String@500000d6)
OBJ 50000b54 (sz=48, trace=300026, class=java.nio.HeapCharBuffer@500000b7)
OBJ 50000b55 (sz=48, trace=300026, class=java.nio.HeapCharBuffer@500000b7)
ARR 50000b56 (sz=32, trace=300209, nelems=0, elem type=char[])
OBJ 50000b57 (sz=32, trace=300210, class=java.lang.String@500000d6)
OBJ 50000b58 (sz=48, trace=300026, class=java.nio.HeapCharBuffer@500000b7)
OBJ 50000b59 (sz=48, trace=300026, class=java.nio.HeapCharBuffer@500000b7)
ARR 50000b5a (sz=32, trace=300209, nelems=0, elem type=char[])
OBJ 50000b5b (sz=32, trace=300210, class=java.lang.String@500000d6)
OBJ 50000b5c (sz=48, trace=300026, class=java.nio.HeapCharBuffer@500000b7)
OBJ 50000b5d (sz=48, trace=300026, class=java.nio.HeapCharBuffer@500000b7)
ARR 50000b5e (sz=32, trace=300209, nelems=0, elem type=char[])
OBJ 50000b5f (sz=32, trace=300210, class=java.lang.String@500000d6)
OBJ 50000b60 (sz=48, trace=300026, class=java.nio.HeapCharBuffer@500000b7)
OBJ 50000b61 (sz=48, trace=300026, class=java.nio.HeapCharBuffer@500000b7)
ARR 50000b62 (sz=32, trace=300209, nelems=0, elem type=char[])
OBJ 50000b63 (sz=32, trace=300210, class=java.lang.String@500000d6)
OBJ 50000b64 (sz=48, trace=300026, class=java.nio.HeapCharBuffer@500000b7)
OBJ 50000b65 (sz=48, trace=300026, class=java.nio.HeapCharBuffer@500000b7)
ARR 50000b66 (sz=32, trace=300209, nelems=0, elem type=char[])
OBJ 50000b67 (sz=32, trace=300210, class=java.lang.String@500000d6)
OBJ 50000b68 (sz=48, trace=300026, class=java.nio.HeapCharBuffer@500000b7)
OBJ 50000b69 (sz=48, trace=300026, class=java.nio.HeapCharBuffer@500000b7)
ARR 50000b6a (sz=32, trace=300209, nelems=0, elem type=char[])
OBJ 50000b6b (sz=32, trace=300210, class=java.lang.String@500000d6)
OBJ 50000b6c (sz=48, trace=300026, class=java.nio.HeapCharBuffer@500000b7)
OBJ 50000b6d (sz=48, trace=300026, class=java.nio.HeapCharBuffer@500000b7)
ARR 50000b6e (sz=32, trace=300209, nelems=0, elem type=char[])
OBJ 50000b6f (sz=32, trace=300210, class=java.lang.String@500000d6)
OBJ 50000b70 (sz=48, trace=300026, class=java.nio.HeapCharBuffer@500000b7)
OBJ 50000b71 (sz=48, trace=300026, class=java.nio.HeapCharBuffer@500000b7)
ARR 50000b72 (sz=32, trace=300209, nelems=0, elem type=char[])
OBJ 50000b73 (sz=32, trace=300210, class=java.lang.String@500000d6)
OBJ 50000b74 (sz=48, trace=300026, class=java.nio.HeapCharBuffer@500000b7)
OBJ 50000b75 (sz=48, trace=300026, class=java.nio.HeapCharBuffer@500000b7)
ARR 50000b76 (sz=32, trace=300209, nelems=0, elem type=char[])
OBJ 50000b77 (sz=32, trace=300210, class=java.lang.String@500000d6)
OBJ 50000b78 (sz=48, trace=300026, class=java.nio.HeapCharBuffer@500000b7)
OBJ 50000b79 (sz=48, trace=300026, class=java.nio.HeapCharBuffer@500000b7)
ARR 50000b7a (sz=32, trace=300209, nelems=0, elem type=char[])
OBJ 50000b7b (sz=32, trace=300210, class=java.lang.String@500000d6)
OBJ 50000b7c (sz=48, trace=300026, class=java.nio.HeapCharBuffer@500000b7)
OBJ 50000b7d (sz=48, trace=300026, class=java.nio.HeapCharBuffer@500000b7)
ARR 50000b7e (sz=32, trace=300209, nelems=0, elem type=char[])
OBJ 50000b7f (sz=32, trace=300210, class=java.lang.String@500000d6)
OBJ 50000b80 (sz=48, trace=300026, class=java.nio.HeapCharBuffer@500000b7)
OBJ 50000b81 (sz=48, trace=300026, class=java.nio.HeapCharBuffer@500000b7)
ARR 50000b82 (sz=32, trace=300209, nelems=0, elem type=char[])
OBJ 50000b83 (sz=32, trace=300210, class=java.lang.String@500000d6)
OBJ 50000b84 (sz=48, trace=300026, class=java.nio.HeapCharBuffer@500000b7)
OBJ 50000b85 (sz=48, trace=300026, class=java.nio.HeapCharBuffer@500000b7)
ARR 50000b86 (sz=32, trace=300209, nelems=0, elem type=char[])
OBJ 50000b87 (sz=32, trace=300210, class=java.lang.String@500000d6)
OBJ 50000b88 (sz=48, trace=300026, class=java.nio.HeapCharBuffer@500000b7)
OBJ 50000b89 (sz=48, trace=300026, class=java.nio.HeapCharBuffer@500000b7)
ARR 50000b8a (sz=32, trace=300209, nelems=0, elem type=char[])
OBJ 50000b8b (sz=32, trace=300210, class=java.lang.String@500000d6)
OBJ 50000b8c (sz=48, trace=300026, class=java.nio.HeapCharBuffer@500000b7)
OBJ 50000b8d (sz=48, trace=300026, class=java.nio.HeapCharBuffer@500000b7)
ARR 50000b8e (sz=32, trace=300209, nelems=0, elem type=char[])
OBJ 50000b8f (sz=32, trace=300210, class=java.lang.String@500000d6)
OBJ 50000b90 (sz=48, trace=300026, class=java.nio.HeapCharBuffer@500000b7)
OBJ 50000b91 (sz=48, trace=300026, class=java.nio.HeapCharBuffer@500000b7)
ARR 50000b92 (sz=32, trace=300209, nelems=0, elem type=char[])
OBJ 50000b93 (sz=32, trace=300210, class=java.lang.String@500000d6)
OBJ 50000b94 (sz=48, trace=300026, class=java.nio.HeapCharBuffer@500000b7)
OBJ 50000b95 (sz=48, trace=300026, class=java.nio.HeapCharBuffer@500000b7)
ARR 50000b96 (sz=32, trace=300209, nelems=0, elem type=char[])
OBJ 50000b97 (sz=32, trace=300210, class=java.lang.String@500000d6)
OBJ 50000b98 (sz=48, trace=300026, class=java.nio.HeapCharBuffer@500000b7)
OBJ 50000b99 (sz=48, trace=300026, class=java.nio.HeapCharBuffer@500000b7)
ARR 50000b9a (sz=32, trace=300209, nelems=0, elem type=char[])
OBJ 50000b9b (sz=32, trace=300210, class=java.lang.String@500000d6)
OBJ 50000b9c (sz=48, trace=300026, class=java.nio.HeapCharBuffer@500000b7)
OBJ 50000b9d (sz=48, trace=300026, class=java.nio.HeapCharBuffer@500000b7)
ARR 50000b9e (sz=32, trace=300209, nelems=0, elem type=char[])
OBJ 50000b9f (sz=32, trace=300210, class=java.lang.String@500000d6)
OBJ 50000ba0 (sz=48, trace=300026, class=java.nio.HeapCharBuffer@500000b7)
OBJ 50000ba1 (sz=48, trace=300026, class=java.nio.HeapCharBuffer@500000b7)
ARR 50000ba2 (sz=32, trace=300209, nelems=0, elem type=char[])
OBJ 50000ba3 (sz=32, trace=300210, class=java.lang.String@500000d6)
OBJ 50000ba4 (sz=48, trace=300026, class=java.nio.HeapCharBuffer@500000b7)
OBJ 50000ba5 (sz=48, trace=300026, class=java.nio.HeapCharBuffer@500000b7)
ARR 50000ba6 (sz=32, trace=300209, nelems=0, elem type=char[])
OBJ 50000ba7 (sz=32, trace=300210, class=java.lang.String@500000d6)
OBJ 50000ba8 (sz=48, trace=300026, class=java.nio.HeapCharBuffer@500000b7)
OBJ 50000ba9 (sz=48, trace=300026, class=java.nio.HeapCharBuffer@500000b7)
ARR 50000baa (sz=32, trace=300209, nelems=0, elem type=char[])
OBJ 50000bab (sz=32, trace=300210, class=java.lang.String@500000d6)
OBJ 50000bac (sz=48, trace=300026, class=java.nio.HeapCharBuffer@500000b7)
OBJ 50000bad (sz=48, trace=300026, class=java.nio.HeapCharBuffer@500000b7)
ARR 50000bae (sz=32, trace=300209, nelems=0, elem type=char[])
OBJ 50000baf (sz=32, trace=300210, class=java.lang.String@500000d6)
OBJ 50000bb0 (sz=48, trace=300026, class=java.nio.HeapCharBuffer@500000b7)
OBJ 50000bb1 (sz=48, trace=300026, class=java.nio.HeapCharBuffer@500000b7)
ARR 50000bb2 (sz=32, trace=300209, nelems=0, elem type=char[])
OBJ 50000bb3 (sz=32, trace=300210, class=java.lang.String@500000d6)
OBJ 50000bb4 (sz=48, trace=300026, class=java.nio.HeapCharBuffer@500000b7)
OBJ 50000bb5 (sz=48, trace=300026, class=java.nio.HeapCharBuffer@500000b7)
ARR 50000bb6 (sz=32, trace=300209, nelems=0, elem type=char[])
OBJ 50000bb7 (sz=32, trace=300210, class=java.lang.String@500000d6)
OBJ 50000bb8 (sz=48, trace=300026, class=java.nio.HeapCharBuffer@500000b7)
OBJ 50000bb9 (sz=48, trace=300026, class=java.nio.HeapCharBuffer@500000b7)
ARR 50000bba (sz=32, trace=300209, nelems=0, elem type=char[])
OBJ 50000bbb (sz=32, trace=300210, class=java.lang.String@500000d6)
OBJ 50000bbc (sz=48, trace=300026, class=java.nio.HeapCharBuffer@500000b7)
OBJ 50000bbd (sz=48, trace=300026, class=java.nio.HeapCharBuffer@500000b7)
ARR 50000bbe (sz=32, trace=300209, nelems=0, elem type=char[])
OBJ 50000bbf (sz=32, trace=300210, class=java.lang.String@500000d6)
OBJ 50000bc0 (sz=48, trace=300026, class=java.nio.HeapCharBuffer@500000b7)
OBJ 50000bc1 (sz=48, trace=300026, class=java.nio.HeapCharBuffer@500000b7)
ARR 50000bc2 (sz=32, trace=300209, nelems=0, elem type=char[])
OBJ 50000bc3 (sz=32, trace=300210, class=java.lang.String@500000d6)
OBJ 50000bc4 (sz=48, trace=300026, class=java.nio.HeapCharBuffer@500000b7)
OBJ 50000bc5 (sz=48, trace=300026, class=java.nio.HeapCharBuffer@500000b7)
ARR 50000bc6 (sz=32, trace=300209, nelems=0, elem type=char[])
OBJ 50000bc7 (sz=32, trace=300210, class=java.lang.String@500000d6)
OBJ 50000bc8 (sz=48, trace=300026, class=java.nio.HeapCharBuffer@500000b7)
OBJ 50000bc9 (sz=48, trace=300026, class=java.nio.HeapCharBuffer@500000b7)
ARR 50000bca (sz=32, trace=300209, nelems=0, elem type=char[])
OBJ 50000bcb (sz=32, trace=300210, class=java.lang.String@500000d6)
OBJ 50000bcc (sz=48, trace=300026, class=java.nio.HeapCharBuffer@500000b7)
OBJ 50000bcd (sz=48, trace=300026, class=java.nio.HeapCharBuffer@500000b7)
ARR 50000bce (sz=32, trace=300209, nelems=0, elem type=char[])
OBJ 50000bcf (sz=32, trace=300210, class=java.lang.String@500000d6)
OBJ 50000bd0 (sz=48, trace=300026, class=java.nio.HeapCharBuffer@500000b7)
OBJ 50000bd1 (sz=48, trace=300026, class=java.nio.HeapCharBuffer@500000b7)
ARR 50000bd2 (sz=32, trace=300209, nelems=0, elem type=char[])
OBJ 50000bd3 (sz=32, trace=300210, class=java.lang.String@500000d6)
OBJ 50000bd4 (sz=48, trace=300026, class=java.nio.HeapCharBuffer@500000b7)
OBJ 50000bd5 (sz=48, trace=300026, class=java.nio.HeapCharBuffer@500000b7)
ARR 50000bd6 (sz=32, trace=300209, nelems=0, elem type=char[])
OBJ 50000bd7 (sz=32, trace=300210, class=java.lang.String@500000d6)
OBJ 50000bd8 (sz=48, trace=300026, class=java.nio.HeapCharBuffer@500000b7)
OBJ 50000bd9 (sz=48, trace=300026, class=java.nio.HeapCharBuffer@500000b7)
ARR 50000bda (sz=32, trace=300209, nelems=0, elem type=char[])
OBJ 50000bdb (sz=32, trace=300210, class=java.lang.String@500000d6)
OBJ 50000bdc (sz=48, trace=300026, class=java.nio.HeapCharBuffer@500000b7)
OBJ 50000bdd (sz=48, trace=300026, class=java.nio.HeapCharBuffer@500000b7)
ARR 50000bde (sz=32, trace=300209, nelems=0, elem type=char[])
OBJ 50000bdf (sz=32, trace=300210, class=java.lang.String@500000d6)
OBJ 50000be0 (sz=48, trace=300026, class=java.nio.HeapCharBuffer@500000b7)
OBJ 50000be1 (sz=48, trace=300026, class=java.nio.HeapCharBuffer@500000b7)
ARR 50000be2 (sz=32, trace=300209, nelems=0, elem type=char[])
OBJ 50000be3 (sz=32, trace=300210, class=java.lang.String@500000d6)
OBJ 50000be4 (sz=48, trace=300026, class=java.nio.HeapCharBuffer@500000b7)
OBJ 50000be5 (sz=48, trace=300026, class=java.nio.HeapCharBuffer@500000b7)
ARR 50000be6 (sz=32, trace=300209, nelems=0, elem type=char[])
OBJ 50000be7 (sz=32, trace=300210, class=java.lang.String@500000d6)
OBJ 50000be8 (sz=48, trace=300026, class=java.nio.HeapCharBuffer@500000b7)
OBJ 50000be9 (sz=48, trace=300026, class=java.nio.HeapCharBuffer@500000b7)
ARR 50000bea (sz=32, trace=300209, nelems=0, elem type=char[])
OBJ 50000beb (sz=32, trace=300210, class=java.lang.String@500000d6)
OBJ 50000bec (sz=48, trace=300026, class=java.nio.HeapCharBuffer@500000b7)
OBJ 50000bed (sz=48, trace=300026, class=java.nio.HeapCharBuffer@500000b7)
ARR 50000bee (sz=32, trace=300209, nelems=0, elem type=char[])
OBJ 50000bef (sz=32, trace=300210, class=java.lang.String@500000d6)
OBJ 50000bf0 (sz=48, trace=300026, class=java.nio.HeapCharBuffer@500000b7)
OBJ 50000bf1 (sz=48, trace=300026, class=java.nio.HeapCharBuffer@500000b7)
ARR 50000bf2 (sz=32, trace=300209, nelems=0, elem type=char[])
OBJ 50000bf3 (sz=32, trace=300210, class=java.lang.String@500000d6)
OBJ 50000bf4 (sz=48, trace=300026, class=java.nio.HeapCharBuffer@500000b7)
OBJ 50000bf5 (sz=48, trace=300026, class=java.nio.HeapCharBuffer@500000b7)
ARR 50000bf6 (sz=32, trace=300209, nelems=0, elem type=char[])
OBJ 50000bf7 (sz=32, trace=300210, class=java.lang.String@500000d6)
OBJ 50000bf8 (sz=48, trace=300026, class=java.nio.HeapCharBuffer@500000b7)
OBJ 50000bf9 (sz=48, trace=300026, class=java.nio.HeapCharBuffer@500000b7)
ARR 50000bfa (sz=32, trace=300209, nelems=0, elem type=char[])
OBJ 50000bfb (sz=32, trace=300210, class=java.lang.String@500000d6)
OBJ 50000bfc (sz=48, trace=300026, class=java.nio.HeapCharBuffer@500000b7)
OBJ 50000bfd (sz=48, trace=300026, class=java.nio.HeapCharBuffer@500000b7)
ARR 50000bfe (sz=32, trace=300209, nelems=0, elem type=char[])
OBJ 50000bff (sz=32, trace=300210, class=java.lang.String@500000d6)
OBJ 50000c00 (sz=48, trace=300026, class=java.nio.HeapCharBuffer@500000b7)
OBJ 50000c01 (sz=48, trace=300026, class=java.nio.HeapCharBuffer@500000b7)
ARR 50000c02 (sz=32, trace=300209, nelems=0, elem type=char[])
OBJ 50000c03 (sz=32, trace=300210, class=java.lang.String@500000d6)
OBJ 50000c04 (sz=48, trace=300026, class=java.nio.HeapCharBuffer@500000b7)
OBJ 50000c05 (sz=48, trace=300026, class=java.nio.HeapCharBuffer@500000b7)
ARR 50000c06 (sz=32, trace=300209, nelems=0, elem type=char[])
OBJ 50000c07 (sz=32, trace=300210, class=java.lang.String@500000d6)
OBJ 50000c08 (sz=48, trace=300026, class=java.nio.HeapCharBuffer@500000b7)
OBJ 50000c09 (sz=48, trace=300026, class=java.nio.HeapCharBuffer@500000b7)
ARR 50000c0a (sz=32, trace=300209, nelems=0, elem type=char[])
OBJ 50000c0b (sz=32, trace=300210, class=java.lang.String@500000d6)
OBJ 50000c0c (sz=48, trace=300026, class=java.nio.HeapCharBuffer@500000b7)
OBJ 50000c0d (sz=48, trace=300026, class=java.nio.HeapCharBuffer@500000b7)
ARR 50000c0e (sz=32, trace=300209, nelems=0, elem type=char[])
OBJ 50000c0f (sz=32, trace=300210, class=java.lang.String@500000d6)
OBJ 50000c10 (sz=48, trace=300026, class=java.nio.HeapCharBuffer@500000b7)
OBJ 50000c11 (sz=48, trace=300026, class=java.nio.HeapCharBuffer@500000b7)
ARR 50000c12 (sz=32, trace=300209, nelems=0, elem type=char[])
OBJ 50000c13 (sz=32, trace=300210, class=java.lang.String@500000d6)
OBJ 50000c14 (sz=48, trace=300026, class=java.nio.HeapCharBuffer@500000b7)
OBJ 50000c15 (sz=48, trace=300026, class=java.nio.HeapCharBuffer@500000b7)
ARR 50000c16 (sz=32, trace=300209, nelems=0, elem type=char[])
OBJ 50000c17 (sz=32, trace=300210, class=java.lang.String@500000d6)
OBJ 50000c18 (sz=48, trace=300026, class=java.nio.HeapCharBuffer@500000b7)
OBJ 50000c19 (sz=48, trace=300026, class=java.nio.HeapCharBuffer@500000b7)
ARR 50000c1a (sz=32, trace=300209, nelems=0, elem type=char[])
OBJ 50000c1b (sz=32, trace=300210, class=java.lang.String@500000d6)
OBJ 50000c1c (sz=48, trace=300026, class=java.nio.HeapCharBuffer@500000b7)
OBJ 50000c1d (sz=48, trace=300026, class=java.nio.HeapCharBuffer@500000b7)
ARR 50000c1e (sz=32, trace=300209, nelems=0, elem type=char[])
OBJ 50000c1f (sz=32, trace=300210, class=java.lang.String@500000d6)
OBJ 50000c20 (sz=48, trace=300026, class=java.nio.HeapCharBuffer@500000b7)
OBJ 50000c21 (sz=48, trace=300026, class=java.nio.HeapCharBuffer@500000b7)
ARR 50000c22 (sz=32, trace=300209, nelems=0, elem type=char[])
OBJ 50000c23 (sz=32, trace=300210, class=java.lang.String@500000d6)
OBJ 50000c24 (sz=48, trace=300026, class=java.nio.HeapCharBuffer@500000b7)
OBJ 50000c25 (sz=48, trace=300026, class=java.nio.HeapCharBuffer@500000b7)
ARR 50000c26 (sz=32, trace=300209, nelems=0, elem type=char[])
OBJ 50000c27 (sz=32, trace=300210, class=java.lang.String@500000d6)
OBJ 50000c28 (sz=48, trace=300026, class=java.nio.HeapCharBuffer@500000b7)
OBJ 50000c29 (sz=48, trace=300026, class=java.nio.HeapCharBuffer@500000b7)
ARR 50000c2a (sz=32, trace=300209, nelems=0, elem type=char[])
OBJ 50000c2b (sz=32, trace=300210, class=java.lang.String@500000d6)
OBJ 50000c2c (sz=48, trace=300026, class=java.nio.HeapCharBuffer@500000b7)
OBJ 50000c2d (sz=48, trace=300026, class=java.nio.HeapCharBuffer@500000b7)
ARR 50000c2e (sz=32, trace=300209, nelems=0, elem type=char[])
OBJ 50000c2f (sz=32, trace=300210, class=java.lang.String@500000d6)
OBJ 50000c30 (sz=48, trace=300026, class=java.nio.HeapCharBuffer@500000b7)
OBJ 50000c31 (sz=48, trace=300026, class=java.nio.HeapCharBuffer@500000b7)
ARR 50000c32 (sz=32, trace=300209, nelems=0, elem type=char[])
OBJ 50000c33 (sz=32, trace=300210, class=java.lang.String@500000d6)
OBJ 50000c34 (sz=48, trace=300026, class=java.nio.HeapCharBuffer@500000b7)
OBJ 50000c35 (sz=48, trace=300026, class=java.nio.HeapCharBuffer@500000b7)
ARR 50000c36 (sz=32, trace=300209, nelems=0, elem type=char[])
OBJ 50000c37 (sz=32, trace=300210, class=java.lang.String@500000d6)
OBJ 50000c38 (sz=48, trace=300026, class=java.nio.HeapCharBuffer@500000b7)
OBJ 50000c39 (sz=48, trace=300026, class=java.nio.HeapCharBuffer@500000b7)
ARR 50000c3a (sz=32, trace=300209, nelems=0, elem type=char[])
OBJ 50000c3b (sz=32, trace=300210, class=java.lang.String@500000d6)
OBJ 50000c3c (sz=48, trace=300026, class=java.nio.HeapCharBuffer@500000b7)
OBJ 50000c3d (sz=48, trace=300026, class=java.nio.HeapCharBuffer@500000b7)
ARR 50000c3e (sz=32, trace=300209, nelems=0, elem type=char[])
OBJ 50000c3f (sz=32, trace=300210, class=java.lang.String@500000d6)
OBJ 50000c40 (sz=48, trace=300026, class=java.nio.HeapCharBuffer@500000b7)
OBJ 50000c41 (sz=48, trace=300026, class=java.nio.HeapCharBuffer@500000b7)
ARR 50000c42 (sz=32, trace=300209, nelems=0, elem type=char[])
OBJ 50000c43 (sz=32, trace=300210, class=java.lang.String@500000d6)
OBJ 50000c44 (sz=48, trace=300026, class=java.nio.HeapCharBuffer@500000b7)
OBJ 50000c45 (sz=48, trace=300026, class=java.nio.HeapCharBuffer@500000b7)
ARR 50000c46 (sz=32, trace=300209, nelems=0, elem type=char[])
OBJ 50000c47 (sz=32, trace=300210, class=java.lang.String@500000d6)
OBJ 50000c48 (sz=48, trace=300026, class=java.nio.HeapCharBuffer@500000b7)
OBJ 50000c49 (sz=48, trace=300026, class=java.nio.HeapCharBuffer@500000b7)
ARR 50000c4a (sz=32, trace=300209, nelems=0, elem type=char[])
OBJ 50000c4b (sz=32, trace=300210, class=java.lang.String@500000d6)
OBJ 50000c4c (sz=48, trace=300026, class=java.nio.HeapCharBuffer@500000b7)
OBJ 50000c4d (sz=48, trace=300026, class=java.nio.HeapCharBuffer@500000b7)
ARR 50000c4e (sz=32, trace=300209, nelems=0, elem type=char[])
OBJ 50000c4f (sz=32, trace=300210, class=java.lang.String@500000d6)
OBJ 50000c50 (sz=48, trace=300026, class=java.nio.HeapCharBuffer@500000b7)
OBJ 50000c51 (sz=48, trace=300026, class=java.nio.HeapCharBuffer@500000b7)
ARR 50000c52 (sz=32, trace=300209, nelems=0, elem type=char[])
OBJ 50000c53 (sz=32, trace=300210, class=java.lang.String@500000d6)
OBJ 50000c54 (sz=48, trace=300026, class=java.nio.HeapCharBuffer@500000b7)
OBJ 50000c55 (sz=48, trace=300026, class=java.nio.HeapCharBuffer@500000b7)
ARR 50000c56 (sz=32, trace=300209, nelems=0, elem type=char[])
OBJ 50000c57 (sz=32, trace=300210, class=java.lang.String@500000d6)
OBJ 50000c58 (sz=48, trace=300026, class=java.nio.HeapCharBuffer@500000b7)
OBJ 50000c59 (sz=48, trace=300026, class=java.nio.HeapCharBuffer@500000b7)
ARR 50000c5a (sz=32, trace=300209, nelems=0, elem type=char[])
OBJ 50000c5b (sz=32, trace=300210, class=java.lang.String@500000d6)
OBJ 50000c5c (sz=48, trace=300026, class=java.nio.HeapCharBuffer@500000b7)
OBJ 50000c5d (sz=48, trace=300026, class=java.nio.HeapCharBuffer@500000b7)
ARR 50000c5e (sz=32, trace=300209, nelems=0, elem type=char[])
OBJ 50000c5f (sz=32, trace=300210, class=java.lang.String@500000d6)
OBJ 50000c60 (sz=48, trace=300026, class=java.nio.HeapCharBuffer@500000b7)
OBJ 50000c61 (sz=48, trace=300026, class=java.nio.HeapCharBuffer@500000b7)
ARR 50000c62 (sz=32, trace=300209, nelems=0, elem type=char[])
OBJ 50000c63 (sz=32, trace=300210, class=java.lang.String@500000d6)
OBJ 50000c64 (sz=48, trace=300026, class=java.nio.HeapCharBuffer@500000b7)
OBJ 50000c65 (sz=48, trace=300026, class=java.nio.HeapCharBuffer@500000b7)
ARR 50000c66 (sz=32, trace=300209, nelems=0, elem type=char[])
OBJ 50000c67 (sz=32, trace=300210, class=java.lang.String@500000d6)
OBJ 50000c68 (sz=48, trace=300026, class=java.nio.HeapCharBuffer@500000b7)
OBJ 50000c69 (sz=48, trace=300026, class=java.nio.HeapCharBuffer@500000b7)
ARR 50000c6a (sz=32, trace=300209, nelems=0, elem type=char[])
OBJ 50000c6b (sz=32, trace=300210, class=java.lang.String@500000d6)
OBJ 50000c6c (sz=48, trace=300026, class=java.nio.HeapCharBuffer@500000b7)
OBJ 50000c6d (sz=48, trace=300026, class=java.nio.HeapCharBuffer@500000b7)
ARR 50000c6e (sz=32, trace=300209, nelems=0, elem type=char[])
OBJ 50000c6f (sz=32, trace=300210, class=java.lang.String@500000d6)
OBJ 50000c70 (sz=48, trace=300026, class=java.nio.HeapCharBuffer@500000b7)
OBJ 50000c71 (sz=48, trace=300026, class=java.nio.HeapCharBuffer@500000b7)
ARR 50000c72 (sz=32, trace=300209, nelems=0, elem type=char[])
OBJ 50000c73 (sz=32, trace=300210, class=java.lang.String@500000d6)
OBJ 50000c74 (sz=48, trace=300026, class=java.nio.HeapCharBuffer@500000b7)
OBJ 50000c75 (sz=48, trace=300026, class=java.nio.HeapCharBuffer@500000b7)
ARR 50000c76 (sz=32, trace=300209, nelems=0, elem type=char[])
OBJ 50000c77 (sz=32, trace=300210, class=java.lang.String@500000d6)
OBJ 50000c78 (sz=48, trace=300026, class=java.nio.HeapCharBuffer@500000b7)
OBJ 50000c79 (sz=48, trace=300026, class=java.nio.HeapCharBuffer@500000b7)
ARR 50000c7a (sz=32, trace=300209, nelems=0, elem type=char[])
OBJ 50000c7b (sz=32, trace=300210, class=java.lang.String@500000d6)
OBJ 50000c7c (sz=48, trace=300026, class=java.nio.HeapCharBuffer@500000b7)
OBJ 50000c7d (sz=48, trace=300026, class=java.nio.HeapCharBuffer@500000b7)
ARR 50000c7e (sz=32, trace=300209, nelems=0, elem type=char[])
OBJ 50000c7f (sz=32, trace=300210, class=java.lang.String@500000d6)
OBJ 50000c80 (sz=48, trace=300026, class=java.nio.HeapCharBuffer@500000b7)
OBJ 50000c81 (sz=48, trace=300026, class=java.nio.HeapCharBuffer@500000b7)
ARR 50000c82 (sz=32, trace=300209, nelems=0, elem type=char[])
OBJ 50000c83 (sz=32, trace=300210, class=java.lang.String@500000d6)
OBJ 50000c84 (sz=48, trace=300026, class=java.nio.HeapCharBuffer@500000b7)
OBJ 50000c85 (sz=48, trace=300026, class=java.nio.HeapCharBuffer@500000b7)
ARR 50000c86 (sz=32, trace=300209, nelems=0, elem type=char[])
OBJ 50000c87 (sz=32, trace=300210, class=java.lang.String@500000d6)
OBJ 50000c88 (sz=48, trace=300026, class=java.nio.HeapCharBuffer@500000b7)
OBJ 50000c89 (sz=48, trace=300026, class=java.nio.HeapCharBuffer@500000b7)
ARR 50000c8a (sz=32, trace=300209, nelems=0, elem type=char[])
OBJ 50000c8b (sz=32, trace=300210, class=java.lang.String@500000d6)
OBJ 50000c8c (sz=48, trace=300026, class=java.nio.HeapCharBuffer@500000b7)
OBJ 50000c8d (sz=48, trace=300026, class=java.nio.HeapCharBuffer@500000b7)
ARR 50000c8e (sz=32, trace=300209, nelems=0, elem type=char[])
OBJ 50000c8f (sz=32, trace=300210, class=java.lang.String@500000d6)
OBJ 50000c90 (sz=48, trace=300026, class=java.nio.HeapCharBuffer@500000b7)
OBJ 50000c91 (sz=48, trace=300026, class=java.nio.HeapCharBuffer@500000b7)
ARR 50000c92 (sz=32, trace=300209, nelems=0, elem type=char[])
OBJ 50000c93 (sz=32, trace=300210, class=java.lang.String@500000d6)
OBJ 50000c94 (sz=48, trace=300026, class=java.nio.HeapCharBuffer@500000b7)
OBJ 50000c95 (sz=48, trace=300026, class=java.nio.HeapCharBuffer@500000b7)
ARR 50000c96 (sz=32, trace=300209, nelems=0, elem type=char[])
OBJ 50000c97 (sz=32, trace=300210, class=java.lang.String@500000d6)
OBJ 50000c98 (sz=48, trace=300026, class=java.nio.HeapCharBuffer@500000b7)
OBJ 50000c99 (sz=48, trace=300026, class=java.nio.HeapCharBuffer@500000b7)
ARR 50000c9a (sz=32, trace=300209, nelems=0, elem type=char[])
OBJ 50000c9b (sz=32, trace=300210, class=java.lang.String@500000d6)
OBJ 50000c9c (sz=48, trace=300026, class=java.nio.HeapCharBuffer@500000b7)
OBJ 50000c9d (sz=48, trace=300026, class=java.nio.HeapCharBuffer@500000b7)
ARR 50000c9e (sz=32, trace=300209, nelems=0, elem type=char[])
OBJ 50000c9f (sz=32, trace=300210, class=java.lang.String@500000d6)
OBJ 50000ca0 (sz=48, trace=300026, class=java.nio.HeapCharBuffer@500000b7)
OBJ 50000ca1 (sz=48, trace=300026, class=java.nio.HeapCharBuffer@500000b7)
ARR 50000ca2 (sz=32, trace=300209, nelems=0, elem type=char[])
OBJ 50000ca3 (sz=32, trace=300210, class=java.lang.String@500000d6)
OBJ 50000ca4 (sz=48, trace=300026, class=java.nio.HeapCharBuffer@500000b7)
OBJ 50000ca5 (sz=48, trace=300026, class=java.nio.HeapCharBuffer@500000b7)
ARR 50000ca6 (sz=32, trace=300209, nelems=0, elem type=char[])
OBJ 50000ca7 (sz=32, trace=300210, class=java.lang.String@500000d6)
OBJ 50000ca8 (sz=48, trace=300026, class=java.nio.HeapCharBuffer@500000b7)
OBJ 50000ca9 (sz=48, trace=300026, class=java.nio.HeapCharBuffer@500000b7)
ARR 50000caa (sz=32, trace=300209, nelems=0, elem type=char[])
OBJ 50000cab (sz=32, trace=300210, class=java.lang.String@500000d6)
OBJ 50000cac (sz=48, trace=300026, class=java.nio.HeapCharBuffer@500000b7)
OBJ 50000cad (sz=48, trace=300026, class=java.nio.HeapCharBuffer@500000b7)
ARR 50000cae (sz=32, trace=300209, nelems=0, elem type=char[])
OBJ 50000caf (sz=32, trace=300210, class=java.lang.String@500000d6)
OBJ 50000cb0 (sz=48, trace=300026, class=java.nio.HeapCharBuffer@500000b7)
OBJ 50000cb1 (sz=48, trace=300026, class=java.nio.HeapCharBuffer@500000b7)
ARR 50000cb2 (sz=32, trace=300209, nelems=0, elem type=char[])
OBJ 50000cb3 (sz=32, trace=300210, class=java.lang.String@500000d6)
OBJ 50000cb4 (sz=48, trace=300026, class=java.nio.HeapCharBuffer@500000b7)
OBJ 50000cb5 (sz=48, trace=300026, class=java.nio.HeapCharBuffer@500000b7)
ARR 50000cb6 (sz=32, trace=300209, nelems=0, elem type=char[])
OBJ 50000cb7 (sz=32, trace=300210, class=java.lang.String@500000d6)
OBJ 50000cb8 (sz=48, trace=300026, class=java.nio.HeapCharBuffer@500000b7)
OBJ 50000cb9 (sz=48, trace=300026, class=java.nio.HeapCharBuffer@500000b7)
ARR 50000cba (sz=32, trace=300209, nelems=0, elem type=char[])
OBJ 50000cbb (sz=32, trace=300210, class=java.lang.String@500000d6)
OBJ 50000cbc (sz=48, trace=300026, class=java.nio.HeapCharBuffer@500000b7)
OBJ 50000cbd (sz=48, trace=300026, class=java.nio.HeapCharBuffer@500000b7)
ARR 50000cbe (sz=32, trace=300209, nelems=0, elem type=char[])
OBJ 50000cbf (sz=32, trace=300210, class=java.lang.String@500000d6)
OBJ 50000cc0 (sz=48, trace=300026, class=java.nio.HeapCharBuffer@500000b7)
OBJ 50000cc1 (sz=48, trace=300026, class=java.nio.HeapCharBuffer@500000b7)
ARR 50000cc2 (sz=32, trace=300209, nelems=0, elem type=char[])
OBJ 50000cc3 (sz=32, trace=300210, class=java.lang.String@500000d6)
OBJ 50000cc4 (sz=48, trace=300026, class=java.nio.HeapCharBuffer@500000b7)
OBJ 50000cc5 (sz=48, trace=300026, class=java.nio.HeapCharBuffer@500000b7)
ARR 50000cc6 (sz=32, trace=300209, nelems=0, elem type=char[])
OBJ 50000cc7 (sz=32, trace=300210, class=java.lang.String@500000d6)
OBJ 50000cc8 (sz=48, trace=300026, class=java.nio.HeapCharBuffer@500000b7)
OBJ 50000cc9 (sz=48, trace=300026, class=java.nio.HeapCharBuffer@500000b7)
ARR 50000cca (sz=32, trace=300209, nelems=0, elem type=char[])
OBJ 50000ccb (sz=32, trace=300210, class=java.lang.String@500000d6)
OBJ 50000ccc (sz=48, trace=300026, class=java.nio.HeapCharBuffer@500000b7)
OBJ 50000ccd (sz=48, trace=300026, class=java.nio.HeapCharBuffer@500000b7)
ARR 50000cce (sz=32, trace=300209, nelems=0, elem type=char[])
OBJ 50000ccf (sz=32, trace=300210, class=java.lang.String@500000d6)
OBJ 50000cd0 (sz=48, trace=300026, class=java.nio.HeapCharBuffer@500000b7)
OBJ 50000cd1 (sz=48, trace=300026, class=java.nio.HeapCharBuffer@500000b7)
ARR 50000cd2 (sz=32, trace=300209, nelems=0, elem type=char[])
OBJ 50000cd3 (sz=32, trace=300210, class=java.lang.String@500000d6)
OBJ 50000cd4 (sz=48, trace=300026, class=java.nio.HeapCharBuffer@500000b7)
OBJ 50000cd5 (sz=48, trace=300026, class=java.nio.HeapCharBuffer@500000b7)
ARR 50000cd6 (sz=32, trace=300209, nelems=0, elem type=char[])
OBJ 50000cd7 (sz=32, trace=300210, class=java.lang.String@500000d6)
OBJ 50000cd8 (sz=48, trace=300026, class=java.nio.HeapCharBuffer@500000b7)
OBJ 50000cd9 (sz=48, trace=300026, class=java.nio.HeapCharBuffer@500000b7)
ARR 50000cda (sz=32, trace=300209, nelems=0, elem type=char[])
OBJ 50000cdb (sz=32, trace=300210, class=java.lang.String@500000d6)
OBJ 50000cdc (sz=48, trace=300026, class=java.nio.HeapCharBuffer@500000b7)
OBJ 50000cdd (sz=48, trace=300026, class=java.nio.HeapCharBuffer@500000b7)
ARR 50000cde (sz=32, trace=300209, nelems=0, elem type=char[])
OBJ 50000cdf (sz=32, trace=300210, class=java.lang.String@500000d6)
OBJ 50000ce0 (sz=48, trace=300026, class=java.nio.HeapCharBuffer@500000b7)
OBJ 50000ce1 (sz=48, trace=300026, class=java.nio.HeapCharBuffer@500000b7)
ARR 50000ce2 (sz=32, trace=300209, nelems=0, elem type=char[])
OBJ 50000ce3 (sz=32, trace=300210, class=java.lang.String@500000d6)
OBJ 50000ce4 (sz=48, trace=300026, class=java.nio.HeapCharBuffer@500000b7)
OBJ 50000ce5 (sz=48, trace=300026, class=java.nio.HeapCharBuffer@500000b7)
ARR 50000ce6 (sz=32, trace=300209, nelems=0, elem type=char[])
OBJ 50000ce7 (sz=32, trace=300210, class=java.lang.String@500000d6)
OBJ 50000ce8 (sz=48, trace=300026, class=java.nio.HeapCharBuffer@500000b7)
OBJ 50000ce9 (sz=48, trace=300026, class=java.nio.HeapCharBuffer@500000b7)
ARR 50000cea (sz=32, trace=300209, nelems=0, elem type=char[])
OBJ 50000ceb (sz=32, trace=300210, class=java.lang.String@500000d6)
OBJ 50000cec (sz=48, trace=300026, class=java.nio.HeapCharBuffer@500000b7)
OBJ 50000ced (sz=48, trace=300026, class=java.nio.HeapCharBuffer@500000b7)
ARR 50000cee (sz=32, trace=300209, nelems=0, elem type=char[])
OBJ 50000cef (sz=32, trace=300210, class=java.lang.String@500000d6)
OBJ 50000cf0 (sz=48, trace=300026, class=java.nio.HeapCharBuffer@500000b7)
OBJ 50000cf1 (sz=48, trace=300026, class=java.nio.HeapCharBuffer@500000b7)
ARR 50000cf2 (sz=32, trace=300209, nelems=0, elem type=char[])
OBJ 50000cf3 (sz=32, trace=300210, class=java.lang.String@500000d6)
OBJ 50000cf4 (sz=48, trace=300026, class=java.nio.HeapCharBuffer@500000b7)
OBJ 50000cf5 (sz=48, trace=300026, class=java.nio.HeapCharBuffer@500000b7)
ARR 50000cf6 (sz=32, trace=300209, nelems=0, elem type=char[])
OBJ 50000cf7 (sz=32, trace=300210, class=java.lang.String@500000d6)
OBJ 50000cf8 (sz=48, trace=300026, class=java.nio.HeapCharBuffer@500000b7)
OBJ 50000cf9 (sz=48, trace=300026, class=java.nio.HeapCharBuffer@500000b7)
ARR 50000cfa (sz=32, trace=300209, nelems=0, elem type=char[])
OBJ 50000cfb (sz=32, trace=300210, class=java.lang.String@500000d6)
OBJ 50000cfc (sz=48, trace=300026, class=java.nio.HeapCharBuffer@500000b7)
OBJ 50000cfd (sz=48, trace=300026, class=java.nio.HeapCharBuffer@500000b7)
ARR 50000cfe (sz=32, trace=300209, nelems=0, elem type=char[])
OBJ 50000cff (sz=32, trace=300210, class=java.lang.String@500000d6)
OBJ 50000d00 (sz=48, trace=300026, class=java.nio.HeapCharBuffer@500000b7)
OBJ 50000d01 (sz=48, trace=300026, class=java.nio.HeapCharBuffer@500000b7)
ARR 50000d02 (sz=32, trace=300209, nelems=0, elem type=char[])
OBJ 50000d03 (sz=32, trace=300210, class=java.lang.String@500000d6)
OBJ 50000d04 (sz=48, trace=300026, class=java.nio.HeapCharBuffer@500000b7)
OBJ 50000d05 (sz=48, trace=300026, class=java.nio.HeapCharBuffer@500000b7)
ARR 50000d06 (sz=32, trace=300209, nelems=0, elem type=char[])
OBJ 50000d07 (sz=32, trace=300210, class=java.lang.String@500000d6)
OBJ 50000d08 (sz=48, trace=300026, class=java.nio.HeapCharBuffer@500000b7)
OBJ 50000d09 (sz=48, trace=300026, class=java.nio.HeapCharBuffer@500000b7)
ARR 50000d0a (sz=32, trace=300209, nelems=0, elem type=char[])
OBJ 50000d0b (sz=32, trace=300210, class=java.lang.String@500000d6)
OBJ 50000d0c (sz=48, trace=300026, class=java.nio.HeapCharBuffer@500000b7)
OBJ 50000d0d (sz=48, trace=300026, class=java.nio.HeapCharBuffer@500000b7)
ARR 50000d0e (sz=32, trace=300209, nelems=0, elem type=char[])
OBJ 50000d0f (sz=32, trace=300210, class=java.lang.String@500000d6)
OBJ 50000d10 (sz=48, trace=300026, class=java.nio.HeapCharBuffer@500000b7)
OBJ 50000d11 (sz=48, trace=300026, class=java.nio.HeapCharBuffer@500000b7)
ARR 50000d12 (sz=32, trace=300209, nelems=0, elem type=char[])
OBJ 50000d13 (sz=32, trace=300210, class=java.lang.String@500000d6)
OBJ 50000d14 (sz=48, trace=300026, class=java.nio.HeapCharBuffer@500000b7)
OBJ 50000d15 (sz=48, trace=300026, class=java.nio.HeapCharBuffer@500000b7)
ARR 50000d16 (sz=32, trace=300209, nelems=0, elem type=char[])
OBJ 50000d17 (sz=32, trace=300210, class=java.lang.String@500000d6)
OBJ 50000d18 (sz=48, trace=300026, class=java.nio.HeapCharBuffer@500000b7)
OBJ 50000d19 (sz=48, trace=300026, class=java.nio.HeapCharBuffer@500000b7)
ARR 50000d1a (sz=32, trace=300209, nelems=0, elem type=char[])
OBJ 50000d1b (sz=32, trace=300210, class=java.lang.String@500000d6)
OBJ 50000d1c (sz=48, trace=300026, class=java.nio.HeapCharBuffer@500000b7)
OBJ 50000d1d (sz=48, trace=300026, class=java.nio.HeapCharBuffer@500000b7)
ARR 50000d1e (sz=32, trace=300209, nelems=0, elem type=char[])
OBJ 50000d1f (sz=32, trace=300210, class=java.lang.String@500000d6)
OBJ 50000d20 (sz=48, trace=300026, class=java.nio.HeapCharBuffer@500000b7)
OBJ 50000d21 (sz=48, trace=300026, class=java.nio.HeapCharBuffer@500000b7)
ARR 50000d22 (sz=32, trace=300209, nelems=0, elem type=char[])
OBJ 50000d23 (sz=32, trace=300210, class=java.lang.String@500000d6)
OBJ 50000d24 (sz=48, trace=300026, class=java.nio.HeapCharBuffer@500000b7)
OBJ 50000d25 (sz=48, trace=300026, class=java.nio.HeapCharBuffer@500000b7)
ARR 50000d26 (sz=32, trace=300209, nelems=0, elem type=char[])
OBJ 50000d27 (sz=32, trace=300210, class=java.lang.String@500000d6)
OBJ 50000d28 (sz=48, trace=300026, class=java.nio.HeapCharBuffer@500000b7)
OBJ 50000d29 (sz=48, trace=300026, class=java.nio.HeapCharBuffer@500000b7)
ARR 50000d2a (sz=32, trace=300209, nelems=0, elem type=char[])
OBJ 50000d2b (sz=32, trace=300210, class=java.lang.String@500000d6)
OBJ 50000d2c (sz=48, trace=300026, class=java.nio.HeapCharBuffer@500000b7)
OBJ 50000d2d (sz=48, trace=300026, class=java.nio.HeapCharBuffer@500000b7)
ARR 50000d2e (sz=32, trace=300209, nelems=0, elem type=char[])
OBJ 50000d2f (sz=32, trace=300210, class=java.lang.String@500000d6)
OBJ 50000d30 (sz=48, trace=300026, class=java.nio.HeapCharBuffer@500000b7)
OBJ 50000d31 (sz=48, trace=300026, class=java.nio.HeapCharBuffer@500000b7)
ARR 50000d32 (sz=32, trace=300209, nelems=0, elem type=char[])
OBJ 50000d33 (sz=32, trace=300210, class=java.lang.String@500000d6)
OBJ 50000d34 (sz=48, trace=300026, class=java.nio.HeapCharBuffer@500000b7)
OBJ 50000d35 (sz=48, trace=300026, class=java.nio.HeapCharBuffer@500000b7)
ARR 50000d36 (sz=32, trace=300209, nelems=0, elem type=char[])
OBJ 50000d37 (sz=32, trace=300210, class=java.lang.String@500000d6)
OBJ 50000d38 (sz=48, trace=300026, class=java.nio.HeapCharBuffer@500000b7)
OBJ 50000d39 (sz=48, trace=300026, class=java.nio.HeapCharBuffer@500000b7)
ARR 50000d3a (sz=32, trace=300209, nelems=0, elem type=char[])
OBJ 50000d3b (sz=32, trace=300210, class=java.lang.String@500000d6)
OBJ 50000d3c (sz=48, trace=300026, class=java.nio.HeapCharBuffer@500000b7)
OBJ 50000d3d (sz=48, trace=300026, class=java.nio.HeapCharBuffer@500000b7)
ARR 50000d3e (sz=32, trace=300209, nelems=0, elem type=char[])
OBJ 50000d3f (sz=32, trace=300210, class=java.lang.String@500000d6)
OBJ 50000d40 (sz=48, trace=300026, class=java.nio.HeapCharBuffer@500000b7)
OBJ 50000d41 (sz=48, trace=300026, class=java.nio.HeapCharBuffer@500000b7)
ARR 50000d42 (sz=32, trace=300209, nelems=0, elem type=char[])
OBJ 50000d43 (sz=32, trace=300210, class=java.lang.String@500000d6)
OBJ 50000d44 (sz=48, trace=300026, class=java.nio.HeapCharBuffer@500000b7)
OBJ 50000d45 (sz=48, trace=300026, class=java.nio.HeapCharBuffer@500000b7)
ARR 50000d46 (sz=32, trace=300209, nelems=0, elem type=char[])
OBJ 50000d47 (sz=32, trace=300210, class=java.lang.String@500000d6)
OBJ 50000d48 (sz=48, trace=300026, class=java.nio.HeapCharBuffer@500000b7)
OBJ 50000d49 (sz=48, trace=300026, class=java.nio.HeapCharBuffer@500000b7)
ARR 50000d4a (sz=32, trace=300209, nelems=0, elem type=char[])
OBJ 50000d4b (sz=32, trace=300210, class=java.lang.String@500000d6)
OBJ 50000d4c (sz=48, trace=300026, class=java.nio.HeapCharBuffer@500000b7)
OBJ 50000d4d (sz=48, trace=300026, class=java.nio.HeapCharBuffer@500000b7)
ARR 50000d4e (sz=32, trace=300209, nelems=0, elem type=char[])
OBJ 50000d4f (sz=32, trace=300210, class=java.lang.String@500000d6)
OBJ 50000d50 (sz=48, trace=300026, class=java.nio.HeapCharBuffer@500000b7)
OBJ 50000d51 (sz=48, trace=300026, class=java.nio.HeapCharBuffer@500000b7)
ARR 50000d52 (sz=32, trace=300209, nelems=0, elem type=char[])
OBJ 50000d53 (sz=32, trace=300210, class=java.lang.String@500000d6)
OBJ 50000d54 (sz=48, trace=300026, class=java.nio.HeapCharBuffer@500000b7)
OBJ 50000d55 (sz=48, trace=300026, class=java.nio.HeapCharBuffer@500000b7)
ARR 50000d56 (sz=32, trace=300209, nelems=0, elem type=char[])
OBJ 50000d57 (sz=32, trace=300210, class=java.lang.String@500000d6)
OBJ 50000d58 (sz=48, trace=300026, class=java.nio.HeapCharBuffer@500000b7)
OBJ 50000d59 (sz=48, trace=300026, class=java.nio.HeapCharBuffer@500000b7)
ARR 50000d5a (sz=32, trace=300209, nelems=0, elem type=char[])
OBJ 50000d5b (sz=32, trace=300210, class=java.lang.String@500000d6)
OBJ 50000d5c (sz=48, trace=300026, class=java.nio.HeapCharBuffer@500000b7)
OBJ 50000d5d (sz=48, trace=300026, class=java.nio.HeapCharBuffer@500000b7)
ARR 50000d5e (sz=32, trace=300209, nelems=0, elem type=char[])
OBJ 50000d5f (sz=32, trace=300210, class=java.lang.String@500000d6)
OBJ 50000d60 (sz=48, trace=300026, class=java.nio.HeapCharBuffer@500000b7)
OBJ 50000d61 (sz=48, trace=300026, class=java.nio.HeapCharBuffer@500000b7)
ARR 50000d62 (sz=32, trace=300209, nelems=0, elem type=char[])
OBJ 50000d63 (sz=32, trace=300210, class=java.lang.String@500000d6)
OBJ 50000d64 (sz=48, trace=300026, class=java.nio.HeapCharBuffer@500000b7)
OBJ 50000d65 (sz=48, trace=300026, class=java.nio.HeapCharBuffer@500000b7)
ARR 50000d66 (sz=32, trace=300209, nelems=0, elem type=char[])
OBJ 50000d67 (sz=32, trace=300210, class=java.lang.String@500000d6)
OBJ 50000d68 (sz=48, trace=300026, class=java.nio.HeapCharBuffer@500000b7)
OBJ 50000d69 (sz=48, trace=300026, class=java.nio.HeapCharBuffer@500000b7)
ARR 50000d6a (sz=32, trace=300209, nelems=0, elem type=char[])
OBJ 50000d6b (sz=32, trace=300210, class=java.lang.String@500000d6)
OBJ 50000d6c (sz=48, trace=300026, class=java.nio.HeapCharBuffer@500000b7)
OBJ 50000d6d (sz=48, trace=300026, class=java.nio.HeapCharBuffer@500000b7)
ARR 50000d6e (sz=32, trace=300209, nelems=0, elem type=char[])
OBJ 50000d6f (sz=32, trace=300210, class=java.lang.String@500000d6)
OBJ 50000d70 (sz=48, trace=300026, class=java.nio.HeapCharBuffer@500000b7)
OBJ 50000d71 (sz=48, trace=300026, class=java.nio.HeapCharBuffer@500000b7)
ARR 50000d72 (sz=32, trace=300209, nelems=0, elem type=char[])
OBJ 50000d73 (sz=32, trace=300210, class=java.lang.String@500000d6)
OBJ 50000d74 (sz=48, trace=300026, class=java.nio.HeapCharBuffer@500000b7)
OBJ 50000d75 (sz=48, trace=300026, class=java.nio.HeapCharBuffer@500000b7)
ARR 50000d76 (sz=32, trace=300209, nelems=0, elem type=char[])
OBJ 50000d77 (sz=32, trace=300210, class=java.lang.String@500000d6)
OBJ 50000d78 (sz=48, trace=300026, class=java.nio.HeapCharBuffer@500000b7)
OBJ 50000d79 (sz=48, trace=300026, class=java.nio.HeapCharBuffer@500000b7)
ARR 50000d7a (sz=32, trace=300209, nelems=0, elem type=char[])
OBJ 50000d7b (sz=32, trace=300210, class=java.lang.String@500000d6)
OBJ 50000d7c (sz=48, trace=300026, class=java.nio.HeapCharBuffer@500000b7)
OBJ 50000d7d (sz=48, trace=300026, class=java.nio.HeapCharBuffer@500000b7)
ARR 50000d7e (sz=32, trace=300209, nelems=0, elem type=char[])
OBJ 50000d7f (sz=32, trace=300210, class=java.lang.String@500000d6)
OBJ 50000d80 (sz=48, trace=300026, class=java.nio.HeapCharBuffer@500000b7)
OBJ 50000d81 (sz=48, trace=300026, class=java.nio.HeapCharBuffer@500000b7)
ARR 50000d82 (sz=32, trace=300209, nelems=0, elem type=char[])
OBJ 50000d83 (sz=32, trace=300210, class=java.lang.String@500000d6)
OBJ 50000d84 (sz=48, trace=300026, class=java.nio.HeapCharBuffer@500000b7)
OBJ 50000d85 (sz=48, trace=300026, class=java.nio.HeapCharBuffer@500000b7)
ARR 50000d86 (sz=32, trace=300209, nelems=0, elem type=char[])
OBJ 50000d87 (sz=32, trace=300210, class=java.lang.String@500000d6)
OBJ 50000d88 (sz=48, trace=300026, class=java.nio.HeapCharBuffer@500000b7)
OBJ 50000d89 (sz=48, trace=300026, class=java.nio.HeapCharBuffer@500000b7)
ARR 50000d8a (sz=32, trace=300209, nelems=0, elem type=char[])
OBJ 50000d8b (sz=32, trace=300210, class=java.lang.String@500000d6)
OBJ 50000d8c (sz=48, trace=300026, class=java.nio.HeapCharBuffer@500000b7)
OBJ 50000d8d (sz=48, trace=300026, class=java.nio.HeapCharBuffer@500000b7)
ARR 50000d8e (sz=32, trace=300209, nelems=0, elem type=char[])
OBJ 50000d8f (sz=32, trace=300210, class=java.lang.String@500000d6)
OBJ 50000d90 (sz=48, trace=300026, class=java.nio.HeapCharBuffer@500000b7)
OBJ 50000d91 (sz=48, trace=300026, class=java.nio.HeapCharBuffer@500000b7)
ARR 50000d92 (sz=32, trace=300209, nelems=0, elem type=char[])
OBJ 50000d93 (sz=32, trace=300210, class=java.lang.String@500000d6)
OBJ 50000d94 (sz=48, trace=300026, class=java.nio.HeapCharBuffer@500000b7)
OBJ 50000d95 (sz=48, trace=300026, class=java.nio.HeapCharBuffer@500000b7)
ARR 50000d96 (sz=32, trace=300209, nelems=0, elem type=char[])
OBJ 50000d97 (sz=32, trace=300210, class=java.lang.String@500000d6)
OBJ 50000d98 (sz=48, trace=300026, class=java.nio.HeapCharBuffer@500000b7)
OBJ 50000d99 (sz=48, trace=300026, class=java.nio.HeapCharBuffer@500000b7)
ARR 50000d9a (sz=32, trace=300209, nelems=0, elem type=char[])
OBJ 50000d9b (sz=32, trace=300210, class=java.lang.String@500000d6)
OBJ 50000d9c (sz=48, trace=300026, class=java.nio.HeapCharBuffer@500000b7)
OBJ 50000d9d (sz=48, trace=300026, class=java.nio.HeapCharBuffer@500000b7)
ARR 50000d9e (sz=32, trace=300209, nelems=0, elem type=char[])
OBJ 50000d9f (sz=32, trace=300210, class=java.lang.String@500000d6)
OBJ 50000da0 (sz=48, trace=300026, class=java.nio.HeapCharBuffer@500000b7)
OBJ 50000da1 (sz=48, trace=300026, class=java.nio.HeapCharBuffer@500000b7)
ARR 50000da2 (sz=32, trace=300209, nelems=0, elem type=char[])
OBJ 50000da3 (sz=32, trace=300210, class=java.lang.String@500000d6)
OBJ 50000da4 (sz=48, trace=300026, class=java.nio.HeapCharBuffer@500000b7)
OBJ 50000da5 (sz=48, trace=300026, class=java.nio.HeapCharBuffer@500000b7)
ARR 50000da6 (sz=32, trace=300209, nelems=0, elem type=char[])
OBJ 50000da7 (sz=32, trace=300210, class=java.lang.String@500000d6)
OBJ 50000da8 (sz=48, trace=300026, class=java.nio.HeapCharBuffer@500000b7)
OBJ 50000da9 (sz=48, trace=300026, class=java.nio.HeapCharBuffer@500000b7)
ARR 50000daa (sz=32, trace=300209, nelems=0, elem type=char[])
OBJ 50000dab (sz=32, trace=300210, class=java.lang.String@500000d6)
OBJ 50000dac (sz=48, trace=300026, class=java.nio.HeapCharBuffer@500000b7)
OBJ 50000dad (sz=48, trace=300026, class=java.nio.HeapCharBuffer@500000b7)
ARR 50000dae (sz=32, trace=300209, nelems=0, elem type=char[])
OBJ 50000daf (sz=32, trace=300210, class=java.lang.String@500000d6)
OBJ 50000db0 (sz=48, trace=300026, class=java.nio.HeapCharBuffer@500000b7)
OBJ 50000db1 (sz=48, trace=300026, class=java.nio.HeapCharBuffer@500000b7)
ARR 50000db2 (sz=32, trace=300209, nelems=0, elem type=char[])
OBJ 50000db3 (sz=32, trace=300210, class=java.lang.String@500000d6)
OBJ 50000db4 (sz=48, trace=300026, class=java.nio.HeapCharBuffer@500000b7)
OBJ 50000db5 (sz=48, trace=300026, class=java.nio.HeapCharBuffer@500000b7)
ARR 50000db6 (sz=32, trace=300209, nelems=0, elem type=char[])
OBJ 50000db7 (sz=32, trace=300210, class=java.lang.String@500000d6)
OBJ 50000db8 (sz=48, trace=300026, class=java.nio.HeapCharBuffer@500000b7)
OBJ 50000db9 (sz=48, trace=300026, class=java.nio.HeapCharBuffer@500000b7)
ARR 50000dba (sz=32, trace=300209, nelems=0, elem type=char[])
OBJ 50000dbb (sz=32, trace=300210, class=java.lang.String@500000d6)
OBJ 50000dbc (sz=48, trace=300026, class=java.nio.HeapCharBuffer@500000b7)
OBJ 50000dbd (sz=48, trace=300026, class=java.nio.HeapCharBuffer@500000b7)
ARR 50000dbe (sz=32, trace=300209, nelems=0, elem type=char[])
OBJ 50000dbf (sz=32, trace=300210, class=java.lang.String@500000d6)
OBJ 50000dc0 (sz=48, trace=300026, class=java.nio.HeapCharBuffer@500000b7)
OBJ 50000dc1 (sz=48, trace=300026, class=java.nio.HeapCharBuffer@500000b7)
ARR 50000dc2 (sz=32, trace=300209, nelems=0, elem type=char[])
OBJ 50000dc3 (sz=32, trace=300210, class=java.lang.String@500000d6)
OBJ 50000dc4 (sz=48, trace=300026, class=java.nio.HeapCharBuffer@500000b7)
OBJ 50000dc5 (sz=48, trace=300026, class=java.nio.HeapCharBuffer@500000b7)
ARR 50000dc6 (sz=32, trace=300209, nelems=0, elem type=char[])
OBJ 50000dc7 (sz=32, trace=300210, class=java.lang.String@500000d6)
OBJ 50000dc8 (sz=48, trace=300026, class=java.nio.HeapCharBuffer@500000b7)
OBJ 50000dc9 (sz=48, trace=300026, class=java.nio.HeapCharBuffer@500000b7)
ARR 50000dca (sz=32, trace=300209, nelems=0, elem type=char[])
OBJ 50000dcb (sz=32, trace=300210, class=java.lang.String@500000d6)
OBJ 50000dcc (sz=48, trace=300026, class=java.nio.HeapCharBuffer@500000b7)
OBJ 50000dcd (sz=48, trace=300026, class=java.nio.HeapCharBuffer@500000b7)
ARR 50000dce (sz=32, trace=300209, nelems=0, elem type=char[])
OBJ 50000dcf (sz=32, trace=300210, class=java.lang.String@500000d6)
OBJ 50000dd0 (sz=48, trace=300026, class=java.nio.HeapCharBuffer@500000b7)
OBJ 50000dd1 (sz=48, trace=300026, class=java.nio.HeapCharBuffer@500000b7)
ARR 50000dd2 (sz=32, trace=300209, nelems=0, elem type=char[])
OBJ 50000dd3 (sz=32, trace=300210, class=java.lang.String@500000d6)
OBJ 50000dd4 (sz=48, trace=300026, class=java.nio.HeapCharBuffer@500000b7)
OBJ 50000dd5 (sz=48, trace=300026, class=java.nio.HeapCharBuffer@500000b7)
ARR 50000dd6 (sz=32, trace=300209, nelems=0, elem type=char[])
OBJ 50000dd7 (sz=32, trace=300210, class=java.lang.String@500000d6)
OBJ 50000dd8 (sz=48, trace=300026, class=java.nio.HeapCharBuffer@500000b7)
OBJ 50000dd9 (sz=48, trace=300026, class=java.nio.HeapCharBuffer@500000b7)
ARR 50000dda (sz=32, trace=300209, nelems=0, elem type=char[])
OBJ 50000ddb (sz=32, trace=300210, class=java.lang.String@500000d6)
OBJ 50000ddc (sz=48, trace=300026, class=java.nio.HeapCharBuffer@500000b7)
OBJ 50000ddd (sz=48, trace=300026, class=java.nio.HeapCharBuffer@500000b7)
ARR 50000dde (sz=32, trace=300209, nelems=0, elem type=char[])
OBJ 50000ddf (sz=32, trace=300210, class=java.lang.String@500000d6)
OBJ 50000de0 (sz=48, trace=300026, class=java.nio.HeapCharBuffer@500000b7)
OBJ 50000de1 (sz=48, trace=300026, class=java.nio.HeapCharBuffer@500000b7)
ARR 50000de2 (sz=32, trace=300209, nelems=0, elem type=char[])
OBJ 50000de3 (sz=32, trace=300210, class=java.lang.String@500000d6)
OBJ 50000de4 (sz=48, trace=300026, class=java.nio.HeapCharBuffer@500000b7)
OBJ 50000de5 (sz=48, trace=300026, class=java.nio.HeapCharBuffer@500000b7)
ARR 50000de6 (sz=32, trace=300209, nelems=0, elem type=char[])
OBJ 50000de7 (sz=32, trace=300210, class=java.lang.String@500000d6)
OBJ 50000de8 (sz=48, trace=300026, class=java.nio.HeapCharBuffer@500000b7)
OBJ 50000de9 (sz=48, trace=300026, class=java.nio.HeapCharBuffer@500000b7)
ARR 50000dea (sz=32, trace=300209, nelems=0, elem type=char[])
OBJ 50000deb (sz=32, trace=300210, class=java.lang.String@500000d6)
OBJ 50000dec (sz=48, trace=300026, class=java.nio.HeapCharBuffer@500000b7)
OBJ 50000ded (sz=48, trace=300026, class=java.nio.HeapCharBuffer@500000b7)
ARR 50000dee (sz=32, trace=300209, nelems=0, elem type=char[])
OBJ 50000def (sz=32, trace=300210, class=java.lang.String@500000d6)
OBJ 50000df0 (sz=48, trace=300026, class=java.nio.HeapCharBuffer@500000b7)
OBJ 50000df1 (sz=48, trace=300026, class=java.nio.HeapCharBuffer@500000b7)
ARR 50000df2 (sz=32, trace=300209, nelems=0, elem type=char[])
OBJ 50000df3 (sz=32, trace=300210, class=java.lang.String@500000d6)
OBJ 50000df4 (sz=48, trace=300026, class=java.nio.HeapCharBuffer@500000b7)
OBJ 50000df5 (sz=48, trace=300026, class=java.nio.HeapCharBuffer@500000b7)
ARR 50000df6 (sz=32, trace=300209, nelems=0, elem type=char[])
OBJ 50000df7 (sz=32, trace=300210, class=java.lang.String@500000d6)
OBJ 50000df8 (sz=48, trace=300026, class=java.nio.HeapCharBuffer@500000b7)
OBJ 50000df9 (sz=48, trace=300026, class=java.nio.HeapCharBuffer@500000b7)
ARR 50000dfa (sz=32, trace=300209, nelems=0, elem type=char[])
OBJ 50000dfb (sz=32, trace=300210, class=java.lang.String@500000d6)
OBJ 50000dfc (sz=48, trace=300026, class=java.nio.HeapCharBuffer@500000b7)
OBJ 50000dfd (sz=48, trace=300026, class=java.nio.HeapCharBuffer@500000b7)
ARR 50000dfe (sz=32, trace=300209, nelems=0, elem type=char[])
OBJ 50000dff (sz=32, trace=300210, class=java.lang.String@500000d6)
OBJ 50000e00 (sz=48, trace=300026, class=java.nio.HeapCharBuffer@500000b7)
OBJ 50000e01 (sz=48, trace=300026, class=java.nio.HeapCharBuffer@500000b7)
ARR 50000e02 (sz=32, trace=300209, nelems=0, elem type=char[])
OBJ 50000e03 (sz=32, trace=300210, class=java.lang.String@500000d6)
OBJ 50000e04 (sz=48, trace=300026, class=java.nio.HeapCharBuffer@500000b7)
OBJ 50000e05 (sz=48, trace=300026, class=java.nio.HeapCharBuffer@500000b7)
ARR 50000e06 (sz=32, trace=300209, nelems=0, elem type=char[])
OBJ 50000e07 (sz=32, trace=300210, class=java.lang.String@500000d6)
OBJ 50000e08 (sz=48, trace=300026, class=java.nio.HeapCharBuffer@500000b7)
OBJ 50000e09 (sz=48, trace=300026, class=java.nio.HeapCharBuffer@500000b7)
ARR 50000e0a (sz=32, trace=300209, nelems=0, elem type=char[])
OBJ 50000e0b (sz=32, trace=300210, class=java.lang.String@500000d6)
OBJ 50000e0c (sz=48, trace=300026, class=java.nio.HeapCharBuffer@500000b7)
OBJ 50000e0d (sz=48, trace=300026, class=java.nio.HeapCharBuffer@500000b7)
ARR 50000e0e (sz=32, trace=300209, nelems=0, elem type=char[])
OBJ 50000e0f (sz=32, trace=300210, class=java.lang.String@500000d6)
OBJ 50000e10 (sz=48, trace=300026, class=java.nio.HeapCharBuffer@500000b7)
OBJ 50000e11 (sz=48, trace=300026, class=java.nio.HeapCharBuffer@500000b7)
ARR 50000e12 (sz=32, trace=300209, nelems=0, elem type=char[])
OBJ 50000e13 (sz=32, trace=300210, class=java.lang.String@500000d6)
OBJ 50000e14 (sz=48, trace=300026, class=java.nio.HeapCharBuffer@500000b7)
OBJ 50000e15 (sz=48, trace=300026, class=java.nio.HeapCharBuffer@500000b7)
ARR 50000e16 (sz=32, trace=300209, nelems=0, elem type=char[])
OBJ 50000e17 (sz=32, trace=300210, class=java.lang.String@500000d6)
OBJ 50000e18 (sz=48, trace=300026, class=java.nio.HeapCharBuffer@500000b7)
OBJ 50000e19 (sz=48, trace=300026, class=java.nio.HeapCharBuffer@500000b7)
ARR 50000e1a (sz=32, trace=300209, nelems=0, elem type=char[])
OBJ 50000e1b (sz=32, trace=300210, class=java.lang.String@500000d6)
OBJ 50000e1c (sz=48, trace=300026, class=java.nio.HeapCharBuffer@500000b7)
OBJ 50000e1d (sz=48, trace=300026, class=java.nio.HeapCharBuffer@500000b7)
ARR 50000e1e (sz=32, trace=300209, nelems=0, elem type=char[])
OBJ 50000e1f (sz=32, trace=300210, class=java.lang.String@500000d6)
OBJ 50000e20 (sz=48, trace=300026, class=java.nio.HeapCharBuffer@500000b7)
OBJ 50000e21 (sz=48, trace=300026, class=java.nio.HeapCharBuffer@500000b7)
ARR 50000e22 (sz=32, trace=300209, nelems=0, elem type=char[])
OBJ 50000e23 (sz=32, trace=300210, class=java.lang.String@500000d6)
OBJ 50000e24 (sz=48, trace=300026, class=java.nio.HeapCharBuffer@500000b7)
OBJ 50000e25 (sz=48, trace=300026, class=java.nio.HeapCharBuffer@500000b7)
ARR 50000e26 (sz=32, trace=300209, nelems=0, elem type=char[])
OBJ 50000e27 (sz=32, trace=300210, class=java.lang.String@500000d6)
OBJ 50000e28 (sz=48, trace=300026, class=java.nio.HeapCharBuffer@500000b7)
OBJ 50000e29 (sz=48, trace=300026, class=java.nio.HeapCharBuffer@500000b7)
ARR 50000e2a (sz=32, trace=300209, nelems=0, elem type=char[])
OBJ 50000e2b (sz=32, trace=300210, class=java.lang.String@500000d6)
OBJ 50000e2c (sz=48, trace=300026, class=java.nio.HeapCharBuffer@500000b7)
OBJ 50000e2d (sz=48, trace=300026, class=java.nio.HeapCharBuffer@500000b7)
ARR 50000e2e (sz=32, trace=300209, nelems=0, elem type=char[])
OBJ 50000e2f (sz=32, trace=300210, class=java.lang.String@500000d6)
OBJ 50000e30 (sz=48, trace=300026, class=java.nio.HeapCharBuffer@500000b7)
OBJ 50000e31 (sz=48, trace=300026, class=java.nio.HeapCharBuffer@500000b7)
ARR 50000e32 (sz=32, trace=300209, nelems=0, elem type=char[])
OBJ 50000e33 (sz=32, trace=300210, class=java.lang.String@500000d6)
OBJ 50000e34 (sz=48, trace=300026, class=java.nio.HeapCharBuffer@500000b7)
OBJ 50000e35 (sz=48, trace=300026, class=java.nio.HeapCharBuffer@500000b7)
ARR 50000e36 (sz=32, trace=300209, nelems=0, elem type=char[])
OBJ 50000e37 (sz=32, trace=300210, class=java.lang.String@500000d6)
OBJ 50000e38 (sz=48, trace=300026, class=java.nio.HeapCharBuffer@500000b7)
OBJ 50000e39 (sz=48, trace=300026, class=java.nio.HeapCharBuffer@500000b7)
ARR 50000e3a (sz=32, trace=300209, nelems=0, elem type=char[])
OBJ 50000e3b (sz=32, trace=300210, class=java.lang.String@500000d6)
OBJ 50000e3c (sz=48, trace=300026, class=java.nio.HeapCharBuffer@500000b7)
OBJ 50000e3d (sz=48, trace=300026, class=java.nio.HeapCharBuffer@500000b7)
ARR 50000e3e (sz=32, trace=300209, nelems=0, elem type=char[])
OBJ 50000e3f (sz=32, trace=300210, class=java.lang.String@500000d6)
OBJ 50000e40 (sz=48, trace=300026, class=java.nio.HeapCharBuffer@500000b7)
OBJ 50000e41 (sz=48, trace=300026, class=java.nio.HeapCharBuffer@500000b7)
ARR 50000e42 (sz=32, trace=300209, nelems=0, elem type=char[])
OBJ 50000e43 (sz=32, trace=300210, class=java.lang.String@500000d6)
OBJ 50000e44 (sz=48, trace=300026, class=java.nio.HeapCharBuffer@500000b7)
OBJ 50000e45 (sz=48, trace=300026, class=java.nio.HeapCharBuffer@500000b7)
ARR 50000e46 (sz=32, trace=300209, nelems=0, elem type=char[])
OBJ 50000e47 (sz=32, trace=300210, class=java.lang.String@500000d6)
OBJ 50000e48 (sz=48, trace=300026, class=java.nio.HeapCharBuffer@500000b7)
OBJ 50000e49 (sz=48, trace=300026, class=java.nio.HeapCharBuffer@500000b7)
ARR 50000e4a (sz=32, trace=300209, nelems=0, elem type=char[])
OBJ 50000e4b (sz=32, trace=300210, class=java.lang.String@500000d6)
OBJ 50000e4c (sz=48, trace=300026, class=java.nio.HeapCharBuffer@500000b7)
OBJ 50000e4d (sz=48, trace=300026, class=java.nio.HeapCharBuffer@500000b7)
ARR 50000e4e (sz=32, trace=300209, nelems=0, elem type=char[])
OBJ 50000e4f (sz=32, trace=300210, class=java.lang.String@500000d6)
OBJ 50000e50 (sz=48, trace=300026, class=java.nio.HeapCharBuffer@500000b7)
OBJ 50000e51 (sz=48, trace=300026, class=java.nio.HeapCharBuffer@500000b7)
ARR 50000e52 (sz=32, trace=300209, nelems=0, elem type=char[])
OBJ 50000e53 (sz=32, trace=300210, class=java.lang.String@500000d6)
OBJ 50000e54 (sz=48, trace=300026, class=java.nio.HeapCharBuffer@500000b7)
OBJ 50000e55 (sz=48, trace=300026, class=java.nio.HeapCharBuffer@500000b7)
ARR 50000e56 (sz=32, trace=300209, nelems=0, elem type=char[])
OBJ 50000e57 (sz=32, trace=300210, class=java.lang.String@500000d6)
OBJ 50000e58 (sz=48, trace=300026, class=java.nio.HeapCharBuffer@500000b7)
OBJ 50000e59 (sz=48, trace=300026, class=java.nio.HeapCharBuffer@500000b7)
ARR 50000e5a (sz=32, trace=300209, nelems=0, elem type=char[])
OBJ 50000e5b (sz=32, trace=300210, class=java.lang.String@500000d6)
OBJ 50000e5c (sz=48, trace=300026, class=java.nio.HeapCharBuffer@500000b7)
OBJ 50000e5d (sz=48, trace=300026, class=java.nio.HeapCharBuffer@500000b7)
ARR 50000e5e (sz=32, trace=300209, nelems=0, elem type=char[])
OBJ 50000e5f (sz=32, trace=300210, class=java.lang.String@500000d6)
OBJ 50000e60 (sz=48, trace=300026, class=java.nio.HeapCharBuffer@500000b7)
OBJ 50000e61 (sz=48, trace=300026, class=java.nio.HeapCharBuffer@500000b7)
ARR 50000e62 (sz=32, trace=300209, nelems=0, elem type=char[])
OBJ 50000e63 (sz=32, trace=300210, class=java.lang.String@500000d6)
OBJ 50000e64 (sz=48, trace=300026, class=java.nio.HeapCharBuffer@500000b7)
OBJ 50000e65 (sz=48, trace=300026, class=java.nio.HeapCharBuffer@500000b7)
ARR 50000e66 (sz=32, trace=300209, nelems=0, elem type=char[])
OBJ 50000e67 (sz=32, trace=300210, class=java.lang.String@500000d6)
OBJ 50000e68 (sz=48, trace=300026, class=java.nio.HeapCharBuffer@500000b7)
OBJ 50000e69 (sz=48, trace=300026, class=java.nio.HeapCharBuffer@500000b7)
ARR 50000e6a (sz=32, trace=300209, nelems=0, elem type=char[])
OBJ 50000e6b (sz=32, trace=300210, class=java.lang.String@500000d6)
OBJ 50000e6c (sz=48, trace=300026, class=java.nio.HeapCharBuffer@500000b7)
OBJ 50000e6d (sz=48, trace=300026, class=java.nio.HeapCharBuffer@500000b7)
ARR 50000e6e (sz=32, trace=300209, nelems=0, elem type=char[])
OBJ 50000e6f (sz=32, trace=300210, class=java.lang.String@500000d6)
OBJ 50000e70 (sz=48, trace=300026, class=java.nio.HeapCharBuffer@500000b7)
OBJ 50000e71 (sz=48, trace=300026, class=java.nio.HeapCharBuffer@500000b7)
ARR 50000e72 (sz=32, trace=300209, nelems=0, elem type=char[])
OBJ 50000e73 (sz=32, trace=300210, class=java.lang.String@500000d6)
OBJ 50000e74 (sz=48, trace=300026, class=java.nio.HeapCharBuffer@500000b7)
OBJ 50000e75 (sz=48, trace=300026, class=java.nio.HeapCharBuffer@500000b7)
ARR 50000e76 (sz=32, trace=300209, nelems=0, elem type=char[])
OBJ 50000e77 (sz=32, trace=300210, class=java.lang.String@500000d6)
OBJ 50000e78 (sz=48, trace=300026, class=java.nio.HeapCharBuffer@500000b7)
OBJ 50000e79 (sz=48, trace=300026, class=java.nio.HeapCharBuffer@500000b7)
ARR 50000e7a (sz=32, trace=300209, nelems=0, elem type=char[])
OBJ 50000e7b (sz=32, trace=300210, class=java.lang.String@500000d6)
OBJ 50000e7c (sz=48, trace=300026, class=java.nio.HeapCharBuffer@500000b7)
OBJ 50000e7d (sz=48, trace=300026, class=java.nio.HeapCharBuffer@500000b7)
ARR 50000e7e (sz=32, trace=300209, nelems=0, elem type=char[])
OBJ 50000e7f (sz=32, trace=300210, class=java.lang.String@500000d6)
OBJ 50000e80 (sz=48, trace=300026, class=java.nio.HeapCharBuffer@500000b7)
OBJ 50000e81 (sz=48, trace=300026, class=java.nio.HeapCharBuffer@500000b7)
ARR 50000e82 (sz=32, trace=300209, nelems=0, elem type=char[])
OBJ 50000e83 (sz=32, trace=300210, class=java.lang.String@500000d6)
OBJ 50000e84 (sz=48, trace=300026, class=java.nio.HeapCharBuffer@500000b7)
OBJ 50000e85 (sz=48, trace=300026, class=java.nio.HeapCharBuffer@500000b7)
ARR 50000e86 (sz=32, trace=300209, nelems=0, elem type=char[])
OBJ 50000e87 (sz=32, trace=300210, class=java.lang.String@500000d6)
OBJ 50000e88 (sz=48, trace=300026, class=java.nio.HeapCharBuffer@500000b7)
OBJ 50000e89 (sz=48, trace=300026, class=java.nio.HeapCharBuffer@500000b7)
ARR 50000e8a (sz=32, trace=300209, nelems=0, elem type=char[])
OBJ 50000e8b (sz=32, trace=300210, class=java.lang.String@500000d6)
OBJ 50000e8c (sz=48, trace=300026, class=java.nio.HeapCharBuffer@500000b7)
OBJ 50000e8d (sz=48, trace=300026, class=java.nio.HeapCharBuffer@500000b7)
ARR 50000e8e (sz=32, trace=300209, nelems=0, elem type=char[])
OBJ 50000e8f (sz=32, trace=300210, class=java.lang.String@500000d6)
OBJ 50000e90 (sz=48, trace=300026, class=java.nio.HeapCharBuffer@500000b7)
OBJ 50000e91 (sz=48, trace=300026, class=java.nio.HeapCharBuffer@500000b7)
ARR 50000e92 (sz=32, trace=300209, nelems=0, elem type=char[])
OBJ 50000e93 (sz=32, trace=300210, class=java.lang.String@500000d6)
OBJ 50000e94 (sz=48, trace=300026, class=java.nio.HeapCharBuffer@500000b7)
OBJ 50000e95 (sz=48, trace=300026, class=java.nio.HeapCharBuffer@500000b7)
ARR 50000e96 (sz=32, trace=300209, nelems=0, elem type=char[])
OBJ 50000e97 (sz=32, trace=300210, class=java.lang.String@500000d6)
OBJ 50000e98 (sz=48, trace=300026, class=java.nio.HeapCharBuffer@500000b7)
OBJ 50000e99 (sz=48, trace=300026, class=java.nio.HeapCharBuffer@500000b7)
ARR 50000e9a (sz=32, trace=300209, nelems=0, elem type=char[])
OBJ 50000e9b (sz=32, trace=300210, class=java.lang.String@500000d6)
OBJ 50000e9c (sz=48, trace=300026, class=java.nio.HeapCharBuffer@500000b7)
OBJ 50000e9d (sz=48, trace=300026, class=java.nio.HeapCharBuffer@500000b7)
ARR 50000e9e (sz=32, trace=300209, nelems=0, elem type=char[])
OBJ 50000e9f (sz=32, trace=300210, class=java.lang.String@500000d6)
OBJ 50000ea0 (sz=48, trace=300026, class=java.nio.HeapCharBuffer@500000b7)
OBJ 50000ea1 (sz=48, trace=300026, class=java.nio.HeapCharBuffer@500000b7)
ARR 50000ea2 (sz=32, trace=300209, nelems=0, elem type=char[])
OBJ 50000ea3 (sz=32, trace=300210, class=java.lang.String@500000d6)
OBJ 50000ea4 (sz=48, trace=300026, class=java.nio.HeapCharBuffer@500000b7)
OBJ 50000ea5 (sz=48, trace=300026, class=java.nio.HeapCharBuffer@500000b7)
ARR 50000ea6 (sz=32, trace=300209, nelems=0, elem type=char[])
OBJ 50000ea7 (sz=32, trace=300210, class=java.lang.String@500000d6)
OBJ 50000ea8 (sz=48, trace=300026, class=java.nio.HeapCharBuffer@500000b7)
OBJ 50000ea9 (sz=48, trace=300026, class=java.nio.HeapCharBuffer@500000b7)
ARR 50000eaa (sz=32, trace=300209, nelems=0, elem type=char[])
OBJ 50000eab (sz=32, trace=300210, class=java.lang.String@500000d6)
OBJ 50000eac (sz=48, trace=300026, class=java.nio.HeapCharBuffer@500000b7)
OBJ 50000ead (sz=48, trace=300026, class=java.nio.HeapCharBuffer@500000b7)
ARR 50000eae (sz=32, trace=300209, nelems=0, elem type=char[])
OBJ 50000eaf (sz=32, trace=300210, class=java.lang.String@500000d6)
OBJ 50000eb0 (sz=48, trace=300026, class=java.nio.HeapCharBuffer@500000b7)
OBJ 50000eb1 (sz=48, trace=300026, class=java.nio.HeapCharBuffer@500000b7)
ARR 50000eb2 (sz=32, trace=300209, nelems=0, elem type=char[])
OBJ 50000eb3 (sz=32, trace=300210, class=java.lang.String@500000d6)
OBJ 50000eb4 (sz=48, trace=300026, class=java.nio.HeapCharBuffer@500000b7)
OBJ 50000eb5 (sz=48, trace=300026, class=java.nio.HeapCharBuffer@500000b7)
ARR 50000eb6 (sz=32, trace=300209, nelems=0, elem type=char[])
OBJ 50000eb7 (sz=32, trace=300210, class=java.lang.String@500000d6)
OBJ 50000eb8 (sz=48, trace=300026, class=java.nio.HeapCharBuffer@500000b7)
OBJ 50000eb9 (sz=48, trace=300026, class=java.nio.HeapCharBuffer@500000b7)
ARR 50000eba (sz=32, trace=300209, nelems=0, elem type=char[])
OBJ 50000ebb (sz=32, trace=300210, class=java.lang.String@500000d6)
OBJ 50000ebc (sz=48, trace=300026, class=java.nio.HeapCharBuffer@500000b7)
OBJ 50000ebd (sz=48, trace=300026, class=java.nio.HeapCharBuffer@500000b7)
ARR 50000ebe (sz=32, trace=300209, nelems=0, elem type=char[])
OBJ 50000ebf (sz=32, trace=300210, class=java.lang.String@500000d6)
OBJ 50000ec0 (sz=48, trace=300026, class=java.nio.HeapCharBuffer@500000b7)
OBJ 50000ec1 (sz=48, trace=300026, class=java.nio.HeapCharBuffer@500000b7)
ARR 50000ec2 (sz=32, trace=300209, nelems=0, elem type=char[])
OBJ 50000ec3 (sz=32, trace=300210, class=java.lang.String@500000d6)
OBJ 50000ec4 (sz=48, trace=300026, class=java.nio.HeapCharBuffer@500000b7)
OBJ 50000ec5 (sz=48, trace=300026, class=java.nio.HeapCharBuffer@500000b7)
ARR 50000ec6 (sz=32, trace=300209, nelems=0, elem type=char[])
OBJ 50000ec7 (sz=32, trace=300210, class=java.lang.String@500000d6)
OBJ 50000ec8 (sz=48, trace=300026, class=java.nio.HeapCharBuffer@500000b7)
OBJ 50000ec9 (sz=48, trace=300026, class=java.nio.HeapCharBuffer@500000b7)
ARR 50000eca (sz=32, trace=300209, nelems=0, elem type=char[])
OBJ 50000ecb (sz=32, trace=300210, class=java.lang.String@500000d6)
OBJ 50000ecc (sz=48, trace=300026, class=java.nio.HeapCharBuffer@500000b7)
OBJ 50000ecd (sz=48, trace=300026, class=java.nio.HeapCharBuffer@500000b7)
ARR 50000ece (sz=32, trace=300209, nelems=0, elem type=char[])
OBJ 50000ecf (sz=32, trace=300210, class=java.lang.String@500000d6)
OBJ 50000ed0 (sz=48, trace=300026, class=java.nio.HeapCharBuffer@500000b7)
OBJ 50000ed1 (sz=48, trace=300026, class=java.nio.HeapCharBuffer@500000b7)
ARR 50000ed2 (sz=32, trace=300209, nelems=0, elem type=char[])
OBJ 50000ed3 (sz=32, trace=300210, class=java.lang.String@500000d6)
OBJ 50000ed4 (sz=48, trace=300026, class=java.nio.HeapCharBuffer@500000b7)
OBJ 50000ed5 (sz=48, trace=300026, class=java.nio.HeapCharBuffer@500000b7)
ARR 50000ed6 (sz=32, trace=300209, nelems=0, elem type=char[])
OBJ 50000ed7 (sz=32, trace=300210, class=java.lang.String@500000d6)
OBJ 50000ed8 (sz=48, trace=300026, class=java.nio.HeapCharBuffer@500000b7)
OBJ 50000ed9 (sz=48, trace=300026, class=java.nio.HeapCharBuffer@500000b7)
ARR 50000eda (sz=32, trace=300209, nelems=0, elem type=char[])
OBJ 50000edb (sz=32, trace=300210, class=java.lang.String@500000d6)
OBJ 50000edc (sz=48, trace=300026, class=java.nio.HeapCharBuffer@500000b7)
OBJ 50000edd (sz=48, trace=300026, class=java.nio.HeapCharBuffer@500000b7)
ARR 50000ede (sz=32, trace=300209, nelems=0, elem type=char[])
OBJ 50000edf (sz=32, trace=300210, class=java.lang.String@500000d6)
OBJ 50000ee0 (sz=48, trace=300026, class=java.nio.HeapCharBuffer@500000b7)
OBJ 50000ee1 (sz=48, trace=300026, class=java.nio.HeapCharBuffer@500000b7)
ARR 50000ee2 (sz=32, trace=300209, nelems=0, elem type=char[])
OBJ 50000ee3 (sz=32, trace=300210, class=java.lang.String@500000d6)
OBJ 50000ee4 (sz=48, trace=300026, class=java.nio.HeapCharBuffer@500000b7)
OBJ 50000ee5 (sz=48, trace=300026, class=java.nio.HeapCharBuffer@500000b7)
ARR 50000ee6 (sz=32, trace=300209, nelems=0, elem type=char[])
OBJ 50000ee7 (sz=32, trace=300210, class=java.lang.String@500000d6)
OBJ 50000ee8 (sz=48, trace=300026, class=java.nio.HeapCharBuffer@500000b7)
OBJ 50000ee9 (sz=48, trace=300026, class=java.nio.HeapCharBuffer@500000b7)
ARR 50000eea (sz=32, trace=300209, nelems=0, elem type=char[])
OBJ 50000eeb (sz=32, trace=300210, class=java.lang.String@500000d6)
OBJ 50000eec (sz=48, trace=300026, class=java.nio.HeapCharBuffer@500000b7)
OBJ 50000eed (sz=48, trace=300026, class=java.nio.HeapCharBuffer@500000b7)
ARR 50000eee (sz=32, trace=300209, nelems=0, elem type=char[])
OBJ 50000eef (sz=32, trace=300210, class=java.lang.String@500000d6)
OBJ 50000ef0 (sz=48, trace=300026, class=java.nio.HeapCharBuffer@500000b7)
OBJ 50000ef1 (sz=48, trace=300026, class=java.nio.HeapCharBuffer@500000b7)
ARR 50000ef2 (sz=32, trace=300209, nelems=0, elem type=char[])
OBJ 50000ef3 (sz=32, trace=300210, class=java.lang.String@500000d6)
OBJ 50000ef4 (sz=48, trace=300026, class=java.nio.HeapCharBuffer@500000b7)
OBJ 50000ef5 (sz=48, trace=300026, class=java.nio.HeapCharBuffer@500000b7)
ARR 50000ef6 (sz=32, trace=300209, nelems=0, elem type=char[])
OBJ 50000ef7 (sz=32, trace=300210, class=java.lang.String@500000d6)
OBJ 50000ef8 (sz=48, trace=300026, class=java.nio.HeapCharBuffer@500000b7)
OBJ 50000ef9 (sz=48, trace=300026, class=java.nio.HeapCharBuffer@500000b7)
ARR 50000efa (sz=32, trace=300209, nelems=0, elem type=char[])
OBJ 50000efb (sz=32, trace=300210, class=java.lang.String@500000d6)
OBJ 50000efc (sz=48, trace=300026, class=java.nio.HeapCharBuffer@500000b7)
OBJ 50000efd (sz=48, trace=300026, class=java.nio.HeapCharBuffer@500000b7)
ARR 50000efe (sz=32, trace=300209, nelems=0, elem type=char[])
OBJ 50000eff (sz=32, trace=300210, class=java.lang.String@500000d6)
OBJ 50000f00 (sz=48, trace=300026, class=java.nio.HeapCharBuffer@500000b7)
OBJ 50000f01 (sz=48, trace=300026, class=java.nio.HeapCharBuffer@500000b7)
ARR 50000f02 (sz=32, trace=300209, nelems=0, elem type=char[])
OBJ 50000f03 (sz=32, trace=300210, class=java.lang.String@500000d6)
OBJ 50000f04 (sz=48, trace=300026, class=java.nio.HeapCharBuffer@500000b7)
OBJ 50000f05 (sz=48, trace=300026, class=java.nio.HeapCharBuffer@500000b7)
ARR 50000f06 (sz=32, trace=300209, nelems=0, elem type=char[])
OBJ 50000f07 (sz=32, trace=300210, class=java.lang.String@500000d6)
OBJ 50000f08 (sz=48, trace=300026, class=java.nio.HeapCharBuffer@500000b7)
OBJ 50000f09 (sz=48, trace=300026, class=java.nio.HeapCharBuffer@500000b7)
ARR 50000f0a (sz=32, trace=300209, nelems=0, elem type=char[])
OBJ 50000f0b (sz=32, trace=300210, class=java.lang.String@500000d6)
OBJ 50000f0c (sz=48, trace=300026, class=java.nio.HeapCharBuffer@500000b7)
OBJ 50000f0d (sz=48, trace=300026, class=java.nio.HeapCharBuffer@500000b7)
ARR 50000f0e (sz=32, trace=300209, nelems=0, elem type=char[])
OBJ 50000f0f (sz=32, trace=300210, class=java.lang.String@500000d6)
OBJ 50000f10 (sz=48, trace=300026, class=java.nio.HeapCharBuffer@500000b7)
OBJ 50000f11 (sz=48, trace=300026, class=java.nio.HeapCharBuffer@500000b7)
ARR 50000f12 (sz=32, trace=300209, nelems=0, elem type=char[])
OBJ 50000f13 (sz=32, trace=300210, class=java.lang.String@500000d6)
OBJ 50000f14 (sz=48, trace=300026, class=java.nio.HeapCharBuffer@500000b7)
OBJ 50000f15 (sz=48, trace=300026, class=java.nio.HeapCharBuffer@500000b7)
ARR 50000f16 (sz=32, trace=300209, nelems=0, elem type=char[])
OBJ 50000f17 (sz=32, trace=300210, class=java.lang.String@500000d6)
OBJ 50000f18 (sz=48, trace=300026, class=java.nio.HeapCharBuffer@500000b7)
OBJ 50000f19 (sz=48, trace=300026, class=java.nio.HeapCharBuffer@500000b7)
ARR 50000f1a (sz=32, trace=300209, nelems=0, elem type=char[])
OBJ 50000f1b (sz=32, trace=300210, class=java.lang.String@500000d6)
OBJ 50000f1c (sz=48, trace=300026, class=java.nio.HeapCharBuffer@500000b7)
OBJ 50000f1d (sz=48, trace=300026, class=java.nio.HeapCharBuffer@500000b7)
ARR 50000f1e (sz=32, trace=300209, nelems=0, elem type=char[])
OBJ 50000f1f (sz=32, trace=300210, class=java.lang.String@500000d6)
OBJ 50000f20 (sz=48, trace=300026, class=java.nio.HeapCharBuffer@500000b7)
OBJ 50000f21 (sz=48, trace=300026, class=java.nio.HeapCharBuffer@500000b7)
ARR 50000f22 (sz=32, trace=300209, nelems=0, elem type=char[])
OBJ 50000f23 (sz=32, trace=300210, class=java.lang.String@500000d6)
OBJ 50000f24 (sz=48, trace=300026, class=java.nio.HeapCharBuffer@500000b7)
OBJ 50000f25 (sz=48, trace=300026, class=java.nio.HeapCharBuffer@500000b7)
ARR 50000f26 (sz=32, trace=300209, nelems=0, elem type=char[])
OBJ 50000f27 (sz=32, trace=300210, class=java.lang.String@500000d6)
OBJ 50000f28 (sz=48, trace=300026, class=java.nio.HeapCharBuffer@500000b7)
OBJ 50000f29 (sz=48, trace=300026, class=java.nio.HeapCharBuffer@500000b7)
ARR 50000f2a (sz=32, trace=300209, nelems=0, elem type=char[])
OBJ 50000f2b (sz=32, trace=300210, class=java.lang.String@500000d6)
OBJ 50000f2c (sz=48, trace=300026, class=java.nio.HeapCharBuffer@500000b7)
OBJ 50000f2d (sz=48, trace=300026, class=java.nio.HeapCharBuffer@500000b7)
ARR 50000f2e (sz=32, trace=300209, nelems=0, elem type=char[])
OBJ 50000f2f (sz=32, trace=300210, class=java.lang.String@500000d6)
OBJ 50000f30 (sz=48, trace=300026, class=java.nio.HeapCharBuffer@500000b7)
OBJ 50000f31 (sz=48, trace=300026, class=java.nio.HeapCharBuffer@500000b7)
ARR 50000f32 (sz=32, trace=300209, nelems=0, elem type=char[])
OBJ 50000f33 (sz=32, trace=300210, class=java.lang.String@500000d6)
OBJ 50000f34 (sz=48, trace=300026, class=java.nio.HeapCharBuffer@500000b7)
OBJ 50000f35 (sz=48, trace=300026, class=java.nio.HeapCharBuffer@500000b7)
ARR 50000f36 (sz=32, trace=300209, nelems=0, elem type=char[])
OBJ 50000f37 (sz=32, trace=300210, class=java.lang.String@500000d6)
OBJ 50000f38 (sz=48, trace=300026, class=java.nio.HeapCharBuffer@500000b7)
OBJ 50000f39 (sz=48, trace=300026, class=java.nio.HeapCharBuffer@500000b7)
ARR 50000f3a (sz=32, trace=300209, nelems=0, elem type=char[])
OBJ 50000f3b (sz=32, trace=300210, class=java.lang.String@500000d6)
OBJ 50000f3c (sz=48, trace=300026, class=java.nio.HeapCharBuffer@500000b7)
OBJ 50000f3d (sz=48, trace=300026, class=java.nio.HeapCharBuffer@500000b7)
ARR 50000f3e (sz=32, trace=300209, nelems=0, elem type=char[])
OBJ 50000f3f (sz=32, trace=300210, class=java.lang.String@500000d6)
OBJ 50000f40 (sz=48, trace=300026, class=java.nio.HeapCharBuffer@500000b7)
OBJ 50000f41 (sz=48, trace=300026, class=java.nio.HeapCharBuffer@500000b7)
ARR 50000f42 (sz=32, trace=300209, nelems=0, elem type=char[])
OBJ 50000f43 (sz=32, trace=300210, class=java.lang.String@500000d6)
OBJ 50000f44 (sz=48, trace=300026, class=java.nio.HeapCharBuffer@500000b7)
OBJ 50000f45 (sz=48, trace=300026, class=java.nio.HeapCharBuffer@500000b7)
ARR 50000f46 (sz=32, trace=300209, nelems=0, elem type=char[])
OBJ 50000f47 (sz=32, trace=300210, class=java.lang.String@500000d6)
OBJ 50000f48 (sz=48, trace=300026, class=java.nio.HeapCharBuffer@500000b7)
OBJ 50000f49 (sz=48, trace=300026, class=java.nio.HeapCharBuffer@500000b7)
ARR 50000f4a (sz=32, trace=300209, nelems=0, elem type=char[])
OBJ 50000f4b (sz=32, trace=300210, class=java.lang.String@500000d6)
OBJ 50000f4c (sz=48, trace=300026, class=java.nio.HeapCharBuffer@500000b7)
OBJ 50000f4d (sz=48, trace=300026, class=java.nio.HeapCharBuffer@500000b7)
ARR 50000f4e (sz=32, trace=300209, nelems=0, elem type=char[])
OBJ 50000f4f (sz=32, trace=300210, class=java.lang.String@500000d6)
OBJ 50000f50 (sz=48, trace=300026, class=java.nio.HeapCharBuffer@500000b7)
OBJ 50000f51 (sz=48, trace=300026, class=java.nio.HeapCharBuffer@500000b7)
ARR 50000f52 (sz=32, trace=300209, nelems=0, elem type=char[])
OBJ 50000f53 (sz=32, trace=300210, class=java.lang.String@500000d6)
OBJ 50000f54 (sz=48, trace=300026, class=java.nio.HeapCharBuffer@500000b7)
OBJ 50000f55 (sz=48, trace=300026, class=java.nio.HeapCharBuffer@500000b7)
ARR 50000f56 (sz=32, trace=300209, nelems=0, elem type=char[])
OBJ 50000f57 (sz=32, trace=300210, class=java.lang.String@500000d6)
OBJ 50000f58 (sz=48, trace=300026, class=java.nio.HeapCharBuffer@500000b7)
OBJ 50000f59 (sz=48, trace=300026, class=java.nio.HeapCharBuffer@500000b7)
ARR 50000f5a (sz=32, trace=300209, nelems=0, elem type=char[])
OBJ 50000f5b (sz=32, trace=300210, class=java.lang.String@500000d6)
OBJ 50000f5c (sz=48, trace=300026, class=java.nio.HeapCharBuffer@500000b7)
OBJ 50000f5d (sz=48, trace=300026, class=java.nio.HeapCharBuffer@500000b7)
ARR 50000f5e (sz=32, trace=300209, nelems=0, elem type=char[])
OBJ 50000f5f (sz=32, trace=300210, class=java.lang.String@500000d6)
OBJ 50000f60 (sz=48, trace=300026, class=java.nio.HeapCharBuffer@500000b7)
OBJ 50000f61 (sz=48, trace=300026, class=java.nio.HeapCharBuffer@500000b7)
ARR 50000f62 (sz=32, trace=300209, nelems=0, elem type=char[])
OBJ 50000f63 (sz=32, trace=300210, class=java.lang.String@500000d6)
OBJ 50000f64 (sz=48, trace=300026, class=java.nio.HeapCharBuffer@500000b7)
OBJ 50000f65 (sz=48, trace=300026, class=java.nio.HeapCharBuffer@500000b7)
ARR 50000f66 (sz=32, trace=300209, nelems=0, elem type=char[])
OBJ 50000f67 (sz=32, trace=300210, class=java.lang.String@500000d6)
OBJ 50000f68 (sz=48, trace=300026, class=java.nio.HeapCharBuffer@500000b7)
OBJ 50000f69 (sz=48, trace=300026, class=java.nio.HeapCharBuffer@500000b7)
ARR 50000f6a (sz=32, trace=300209, nelems=0, elem type=char[])
OBJ 50000f6b (sz=32, trace=300210, class=java.lang.String@500000d6)
OBJ 50000f6c (sz=48, trace=300026, class=java.nio.HeapCharBuffer@500000b7)
OBJ 50000f6d (sz=48, trace=300026, class=java.nio.HeapCharBuffer@500000b7)
ARR 50000f6e (sz=32, trace=300209, nelems=0, elem type=char[])
OBJ 50000f6f (sz=32, trace=300210, class=java.lang.String@500000d6)
OBJ 50000f70 (sz=48, trace=300026, class=java.nio.HeapCharBuffer@500000b7)
OBJ 50000f71 (sz=48, trace=300026, class=java.nio.HeapCharBuffer@500000b7)
ARR 50000f72 (sz=32, trace=300209, nelems=0, elem type=char[])
OBJ 50000f73 (sz=32, trace=300210, class=java.lang.String@500000d6)
OBJ 50000f74 (sz=48, trace=300026, class=java.nio.HeapCharBuffer@500000b7)
OBJ 50000f75 (sz=48, trace=300026, class=java.nio.HeapCharBuffer@500000b7)
ARR 50000f76 (sz=32, trace=300209, nelems=0, elem type=char[])
OBJ 50000f77 (sz=32, trace=300210, class=java.lang.String@500000d6)
OBJ 50000f78 (sz=48, trace=300026, class=java.nio.HeapCharBuffer@500000b7)
OBJ 50000f79 (sz=48, trace=300026, class=java.nio.HeapCharBuffer@500000b7)
ARR 50000f7a (sz=32, trace=300209, nelems=0, elem type=char[])
OBJ 50000f7b (sz=32, trace=300210, class=java.lang.String@500000d6)
OBJ 50000f7c (sz=48, trace=300026, class=java.nio.HeapCharBuffer@500000b7)
OBJ 50000f7d (sz=48, trace=300026, class=java.nio.HeapCharBuffer@500000b7)
ARR 50000f7e (sz=32, trace=300209, nelems=0, elem type=char[])
OBJ 50000f7f (sz=32, trace=300210, class=java.lang.String@500000d6)
OBJ 50000f80 (sz=48, trace=300026, class=java.nio.HeapCharBuffer@500000b7)
OBJ 50000f81 (sz=48, trace=300026, class=java.nio.HeapCharBuffer@500000b7)
ARR 50000f82 (sz=32, trace=300209, nelems=0, elem type=char[])
OBJ 50000f83 (sz=32, trace=300210, class=java.lang.String@500000d6)
OBJ 50000f84 (sz=48, trace=300026, class=java.nio.HeapCharBuffer@500000b7)
OBJ 50000f85 (sz=48, trace=300026, class=java.nio.HeapCharBuffer@500000b7)
ARR 50000f86 (sz=32, trace=300209, nelems=0, elem type=char[])
OBJ 50000f87 (sz=32, trace=300210, class=java.lang.String@500000d6)
OBJ 50000f88 (sz=48, trace=300026, class=java.nio.HeapCharBuffer@500000b7)
OBJ 50000f89 (sz=48, trace=300026, class=java.nio.HeapCharBuffer@500000b7)
ARR 50000f8a (sz=32, trace=300209, nelems=0, elem type=char[])
OBJ 50000f8b (sz=32, trace=300210, class=java.lang.String@500000d6)
OBJ 50000f8c (sz=48, trace=300026, class=java.nio.HeapCharBuffer@500000b7)
OBJ 50000f8d (sz=48, trace=300026, class=java.nio.HeapCharBuffer@500000b7)
ARR 50000f8e (sz=32, trace=300209, nelems=0, elem type=char[])
OBJ 50000f8f (sz=32, trace=300210, class=java.lang.String@500000d6)
OBJ 50000f90 (sz=48, trace=300026, class=java.nio.HeapCharBuffer@500000b7)
OBJ 50000f91 (sz=48, trace=300026, class=java.nio.HeapCharBuffer@500000b7)
ARR 50000f92 (sz=32, trace=300209, nelems=0, elem type=char[])
OBJ 50000f93 (sz=32, trace=300210, class=java.lang.String@500000d6)
OBJ 50000f94 (sz=48, trace=300026, class=java.nio.HeapCharBuffer@500000b7)
OBJ 50000f95 (sz=48, trace=300026, class=java.nio.HeapCharBuffer@500000b7)
ARR 50000f96 (sz=32, trace=300209, nelems=0, elem type=char[])
OBJ 50000f97 (sz=32, trace=300210, class=java.lang.String@500000d6)
OBJ 50000f98 (sz=48, trace=300026, class=java.nio.HeapCharBuffer@500000b7)
OBJ 50000f99 (sz=48, trace=300026, class=java.nio.HeapCharBuffer@500000b7)
ARR 50000f9a (sz=32, trace=300209, nelems=0, elem type=char[])
OBJ 50000f9b (sz=32, trace=300210, class=java.lang.String@500000d6)
OBJ 50000f9c (sz=48, trace=300026, class=java.nio.HeapCharBuffer@500000b7)
OBJ 50000f9d (sz=48, trace=300026, class=java.nio.HeapCharBuffer@500000b7)
ARR 50000f9e (sz=32, trace=300209, nelems=0, elem type=char[])
OBJ 50000f9f (sz=32, trace=300210, class=java.lang.String@500000d6)
OBJ 50000fa0 (sz=48, trace=300026, class=java.nio.HeapCharBuffer@500000b7)
OBJ 50000fa1 (sz=48, trace=300026, class=java.nio.HeapCharBuffer@500000b7)
ARR 50000fa2 (sz=32, trace=300209, nelems=0, elem type=char[])
OBJ 50000fa3 (sz=32, trace=300210, class=java.lang.String@500000d6)
OBJ 50000fa4 (sz=48, trace=300026, class=java.nio.HeapCharBuffer@500000b7)
OBJ 50000fa5 (sz=48, trace=300026, class=java.nio.HeapCharBuffer@500000b7)
ARR 50000fa6 (sz=32, trace=300209, nelems=0, elem type=char[])
OBJ 50000fa7 (sz=32, trace=300210, class=java.lang.String@500000d6)
OBJ 50000fa8 (sz=48, trace=300026, class=java.nio.HeapCharBuffer@500000b7)
OBJ 50000fa9 (sz=48, trace=300026, class=java.nio.HeapCharBuffer@500000b7)
ARR 50000faa (sz=32, trace=300209, nelems=0, elem type=char[])
OBJ 50000fab (sz=32, trace=300210, class=java.lang.String@500000d6)
OBJ 50000fac (sz=48, trace=300026, class=java.nio.HeapCharBuffer@500000b7)
OBJ 50000fad (sz=48, trace=300026, class=java.nio.HeapCharBuffer@500000b7)
ARR 50000fae (sz=32, trace=300209, nelems=0, elem type=char[])
OBJ 50000faf (sz=32, trace=300210, class=java.lang.String@500000d6)
OBJ 50000fb0 (sz=48, trace=300026, class=java.nio.HeapCharBuffer@500000b7)
OBJ 50000fb1 (sz=48, trace=300026, class=java.nio.HeapCharBuffer@500000b7)
ARR 50000fb2 (sz=32, trace=300209, nelems=0, elem type=char[])
OBJ 50000fb3 (sz=32, trace=300210, class=java.lang.String@500000d6)
OBJ 50000fb4 (sz=48, trace=300026, class=java.nio.HeapCharBuffer@500000b7)
OBJ 50000fb5 (sz=48, trace=300026, class=java.nio.HeapCharBuffer@500000b7)
ARR 50000fb6 (sz=32, trace=300209, nelems=0, elem type=char[])
OBJ 50000fb7 (sz=32, trace=300210, class=java.lang.String@500000d6)
OBJ 50000fb8 (sz=48, trace=300026, class=java.nio.HeapCharBuffer@500000b7)
OBJ 50000fb9 (sz=48, trace=300026, class=java.nio.HeapCharBuffer@500000b7)
ARR 50000fba (sz=32, trace=300209, nelems=0, elem type=char[])
OBJ 50000fbb (sz=32, trace=300210, class=java.lang.String@500000d6)
OBJ 50000fbc (sz=48, trace=300026, class=java.nio.HeapCharBuffer@500000b7)
OBJ 50000fbd (sz=48, trace=300026, class=java.nio.HeapCharBuffer@500000b7)
ARR 50000fbe (sz=32, trace=300209, nelems=0, elem type=char[])
OBJ 50000fbf (sz=32, trace=300210, class=java.lang.String@500000d6)
OBJ 50000fc0 (sz=48, trace=300026, class=java.nio.HeapCharBuffer@500000b7)
OBJ 50000fc1 (sz=48, trace=300026, class=java.nio.HeapCharBuffer@500000b7)
ARR 50000fc2 (sz=32, trace=300209, nelems=0, elem type=char[])
OBJ 50000fc3 (sz=32, trace=300210, class=java.lang.String@500000d6)
OBJ 50000fc4 (sz=48, trace=300026, class=java.nio.HeapCharBuffer@500000b7)
OBJ 50000fc5 (sz=48, trace=300026, class=java.nio.HeapCharBuffer@500000b7)
ARR 50000fc6 (sz=32, trace=300209, nelems=0, elem type=char[])
OBJ 50000fc7 (sz=32, trace=300210, class=java.lang.String@500000d6)
OBJ 50000fc8 (sz=48, trace=300026, class=java.nio.HeapCharBuffer@500000b7)
OBJ 50000fc9 (sz=48, trace=300026, class=java.nio.HeapCharBuffer@500000b7)
ARR 50000fca (sz=32, trace=300209, nelems=0, elem type=char[])
OBJ 50000fcb (sz=32, trace=300210, class=java.lang.String@500000d6)
OBJ 50000fcc (sz=48, trace=300026, class=java.nio.HeapCharBuffer@500000b7)
OBJ 50000fcd (sz=48, trace=300026, class=java.nio.HeapCharBuffer@500000b7)
ARR 50000fce (sz=32, trace=300209, nelems=0, elem type=char[])
OBJ 50000fcf (sz=32, trace=300210, class=java.lang.String@500000d6)
OBJ 50000fd0 (sz=48, trace=300026, class=java.nio.HeapCharBuffer@500000b7)
OBJ 50000fd1 (sz=48, trace=300026, class=java.nio.HeapCharBuffer@500000b7)
ARR 50000fd2 (sz=32, trace=300209, nelems=0, elem type=char[])
OBJ 50000fd3 (sz=32, trace=300210, class=java.lang.String@500000d6)
OBJ 50000fd4 (sz=48, trace=300026, class=java.nio.HeapCharBuffer@500000b7)
OBJ 50000fd5 (sz=48, trace=300026, class=java.nio.HeapCharBuffer@500000b7)
ARR 50000fd6 (sz=32, trace=300209, nelems=0, elem type=char[])
OBJ 50000fd7 (sz=32, trace=300210, class=java.lang.String@500000d6)
OBJ 50000fd8 (sz=48, trace=300026, class=java.nio.HeapCharBuffer@500000b7)
OBJ 50000fd9 (sz=48, trace=300026, class=java.nio.HeapCharBuffer@500000b7)
ARR 50000fda (sz=32, trace=300209, nelems=0, elem type=char[])
OBJ 50000fdb (sz=32, trace=300210, class=java.lang.String@500000d6)
OBJ 50000fdc (sz=48, trace=300026, class=java.nio.HeapCharBuffer@500000b7)
OBJ 50000fdd (sz=48, trace=300026, class=java.nio.HeapCharBuffer@500000b7)
ARR 50000fde (sz=32, trace=300209, nelems=0, elem type=char[])
OBJ 50000fdf (sz=32, trace=300210, class=java.lang.String@500000d6)
OBJ 50000fe0 (sz=48, trace=300026, class=java.nio.HeapCharBuffer@500000b7)
OBJ 50000fe1 (sz=48, trace=300026, class=java.nio.HeapCharBuffer@500000b7)
ARR 50000fe2 (sz=32, trace=300209, nelems=0, elem type=char[])
OBJ 50000fe3 (sz=32, trace=300210, class=java.lang.String@500000d6)
OBJ 50000fe4 (sz=48, trace=300026, class=java.nio.HeapCharBuffer@500000b7)
OBJ 50000fe5 (sz=48, trace=300026, class=java.nio.HeapCharBuffer@500000b7)
ARR 50000fe6 (sz=32, trace=300209, nelems=0, elem type=char[])
OBJ 50000fe7 (sz=32, trace=300210, class=java.lang.String@500000d6)
OBJ 50000fe8 (sz=48, trace=300026, class=java.nio.HeapCharBuffer@500000b7)
OBJ 50000fe9 (sz=48, trace=300026, class=java.nio.HeapCharBuffer@500000b7)
ARR 50000fea (sz=32, trace=300209, nelems=0, elem type=char[])
OBJ 50000feb (sz=32, trace=300210, class=java.lang.String@500000d6)
OBJ 50000fec (sz=48, trace=300026, class=java.nio.HeapCharBuffer@500000b7)
OBJ 50000fed (sz=48, trace=300026, class=java.nio.HeapCharBuffer@500000b7)
ARR 50000fee (sz=32, trace=300209, nelems=0, elem type=char[])
OBJ 50000fef (sz=32, trace=300210, class=java.lang.String@500000d6)
OBJ 50000ff0 (sz=48, trace=300026, class=java.nio.HeapCharBuffer@500000b7)
OBJ 50000ff1 (sz=48, trace=300026, class=java.nio.HeapCharBuffer@500000b7)
ARR 50000ff2 (sz=32, trace=300209, nelems=0, elem type=char[])
OBJ 50000ff3 (sz=32, trace=300210, class=java.lang.String@500000d6)
OBJ 50000ff4 (sz=48, trace=300026, class=java.nio.HeapCharBuffer@500000b7)
OBJ 50000ff5 (sz=48, trace=300026, class=java.nio.HeapCharBuffer@500000b7)
ARR 50000ff6 (sz=32, trace=300209, nelems=0, elem type=char[])
OBJ 50000ff7 (sz=32, trace=300210, class=java.lang.String@500000d6)
OBJ 50000ff8 (sz=48, trace=300026, class=java.nio.HeapCharBuffer@500000b7)
OBJ 50000ff9 (sz=48, trace=300026, class=java.nio.HeapCharBuffer@500000b7)
ARR 50000ffa (sz=32, trace=300209, nelems=0, elem type=char[])
OBJ 50000ffb (sz=32, trace=300210, class=java.lang.String@500000d6)
OBJ 50000ffc (sz=48, trace=300026, class=java.nio.HeapCharBuffer@500000b7)
OBJ 50000ffd (sz=48, trace=300026, class=java.nio.HeapCharBuffer@500000b7)
ARR 50000ffe (sz=32, trace=300209, nelems=0, elem type=char[])
OBJ 50000fff (sz=32, trace=300210, class=java.lang.String@500000d6)
OBJ 50001000 (sz=48, trace=300026, class=java.nio.HeapCharBuffer@500000b7)
OBJ 50001001 (sz=48, trace=300026, class=java.nio.HeapCharBuffer@500000b7)
ARR 50001002 (sz=32, trace=300209, nelems=0, elem type=char[])
OBJ 50001003 (sz=32, trace=300210, class=java.lang.String@500000d6)
OBJ 50001004 (sz=48, trace=300026, class=java.nio.HeapCharBuffer@500000b7)
OBJ 50001005 (sz=48, trace=300026, class=java.nio.HeapCharBuffer@500000b7)
ARR 50001006 (sz=32, trace=300209, nelems=0, elem type=char[])
OBJ 50001007 (sz=32, trace=300210, class=java.lang.String@500000d6)
OBJ 50001008 (sz=48, trace=300026, class=java.nio.HeapCharBuffer@500000b7)
OBJ 50001009 (sz=48, trace=300026, class=java.nio.HeapCharBuffer@500000b7)
ARR 5000100a (sz=32, trace=300209, nelems=0, elem type=char[])
OBJ 5000100b (sz=32, trace=300210, class=java.lang.String@500000d6)
OBJ 5000100c (sz=48, trace=300026, class=java.nio.HeapCharBuffer@500000b7)
OBJ 5000100d (sz=48, trace=300026, class=java.nio.HeapCharBuffer@500000b7)
ARR 5000100e (sz=32, trace=300209, nelems=0, elem type=char[])
OBJ 5000100f (sz=32, trace=300210, class=java.lang.String@500000d6)
OBJ 50001010 (sz=48, trace=300026, class=java.nio.HeapCharBuffer@500000b7)
OBJ 50001011 (sz=48, trace=300026, class=java.nio.HeapCharBuffer@500000b7)
ARR 50001012 (sz=32, trace=300209, nelems=0, elem type=char[])
OBJ 50001013 (sz=32, trace=300210, class=java.lang.String@500000d6)
OBJ 50001014 (sz=48, trace=300026, class=java.nio.HeapCharBuffer@500000b7)
OBJ 50001015 (sz=48, trace=300026, class=java.nio.HeapCharBuffer@500000b7)
ARR 50001016 (sz=32, trace=300209, nelems=0, elem type=char[])
OBJ 50001017 (sz=32, trace=300210, class=java.lang.String@500000d6)
OBJ 50001018 (sz=48, trace=300026, class=java.nio.HeapCharBuffer@500000b7)
OBJ 50001019 (sz=48, trace=300026, class=java.nio.HeapCharBuffer@500000b7)
ARR 5000101a (sz=32, trace=300209, nelems=0, elem type=char[])
OBJ 5000101b (sz=32, trace=300210, class=java.lang.String@500000d6)
OBJ 5000101c (sz=48, trace=300026, class=java.nio.HeapCharBuffer@500000b7)
OBJ 5000101d (sz=48, trace=300026, class=java.nio.HeapCharBuffer@500000b7)
ARR 5000101e (sz=32, trace=300209, nelems=0, elem type=char[])
OBJ 5000101f (sz=32, trace=300210, class=java.lang.String@500000d6)
OBJ 50001020 (sz=48, trace=300026, class=java.nio.HeapCharBuffer@500000b7)
OBJ 50001021 (sz=48, trace=300026, class=java.nio.HeapCharBuffer@500000b7)
ARR 50001022 (sz=32, trace=300209, nelems=0, elem type=char[])
OBJ 50001023 (sz=32, trace=300210, class=java.lang.String@500000d6)
OBJ 50001024 (sz=48, trace=300026, class=java.nio.HeapCharBuffer@500000b7)
OBJ 50001025 (sz=48, trace=300026, class=java.nio.HeapCharBuffer@500000b7)
ARR 50001026 (sz=32, trace=300209, nelems=0, elem type=char[])
OBJ 50001027 (sz=32, trace=300210, class=java.lang.String@500000d6)
OBJ 50001028 (sz=48, trace=300026, class=java.nio.HeapCharBuffer@500000b7)
OBJ 50001029 (sz=48, trace=300026, class=java.nio.HeapCharBuffer@500000b7)
ARR 5000102a (sz=32, trace=300209, nelems=0, elem type=char[])
OBJ 5000102b (sz=32, trace=300210, class=java.lang.String@500000d6)
OBJ 5000102c (sz=48, trace=300026, class=java.nio.HeapCharBuffer@500000b7)
OBJ 5000102d (sz=48, trace=300026, class=java.nio.HeapCharBuffer@500000b7)
ARR 5000102e (sz=32, trace=300209, nelems=0, elem type=char[])
OBJ 5000102f (sz=32, trace=300210, class=java.lang.String@500000d6)
OBJ 50001030 (sz=48, trace=300026, class=java.nio.HeapCharBuffer@500000b7)
OBJ 50001031 (sz=48, trace=300026, class=java.nio.HeapCharBuffer@500000b7)
ARR 50001032 (sz=32, trace=300209, nelems=0, elem type=char[])
OBJ 50001033 (sz=32, trace=300210, class=java.lang.String@500000d6)
OBJ 50001034 (sz=48, trace=300026, class=java.nio.HeapCharBuffer@500000b7)
OBJ 50001035 (sz=48, trace=300026, class=java.nio.HeapCharBuffer@500000b7)
ARR 50001036 (sz=32, trace=300209, nelems=0, elem type=char[])
OBJ 50001037 (sz=32, trace=300210, class=java.lang.String@500000d6)
OBJ 50001038 (sz=48, trace=300026, class=java.nio.HeapCharBuffer@500000b7)
OBJ 50001039 (sz=48, trace=300026, class=java.nio.HeapCharBuffer@500000b7)
ARR 5000103a (sz=32, trace=300209, nelems=0, elem type=char[])
OBJ 5000103b (sz=32, trace=300210, class=java.lang.String@500000d6)
OBJ 5000103c (sz=48, trace=300026, class=java.nio.HeapCharBuffer@500000b7)
OBJ 5000103d (sz=48, trace=300026, class=java.nio.HeapCharBuffer@500000b7)
ARR 5000103e (sz=32, trace=300209, nelems=0, elem type=char[])
OBJ 5000103f (sz=32, trace=300210, class=java.lang.String@500000d6)
OBJ 50001040 (sz=48, trace=300026, class=java.nio.HeapCharBuffer@500000b7)
OBJ 50001041 (sz=48, trace=300026, class=java.nio.HeapCharBuffer@500000b7)
ARR 50001042 (sz=32, trace=300209, nelems=0, elem type=char[])
OBJ 50001043 (sz=32, trace=300210, class=java.lang.String@500000d6)
OBJ 50001044 (sz=48, trace=300026, class=java.nio.HeapCharBuffer@500000b7)
OBJ 50001045 (sz=48, trace=300026, class=java.nio.HeapCharBuffer@500000b7)
ARR 50001046 (sz=32, trace=300209, nelems=0, elem type=char[])
OBJ 50001047 (sz=32, trace=300210, class=java.lang.String@500000d6)
OBJ 50001048 (sz=48, trace=300026, class=java.nio.HeapCharBuffer@500000b7)
OBJ 50001049 (sz=48, trace=300026, class=java.nio.HeapCharBuffer@500000b7)
ARR 5000104a (sz=32, trace=300209, nelems=0, elem type=char[])
OBJ 5000104b (sz=32, trace=300210, class=java.lang.String@500000d6)
OBJ 5000104c (sz=48, trace=300026, class=java.nio.HeapCharBuffer@500000b7)
OBJ 5000104d (sz=48, trace=300026, class=java.nio.HeapCharBuffer@500000b7)
ARR 5000104e (sz=32, trace=300209, nelems=0, elem type=char[])
OBJ 5000104f (sz=32, trace=300210, class=java.lang.String@500000d6)
OBJ 50001050 (sz=48, trace=300026, class=java.nio.HeapCharBuffer@500000b7)
OBJ 50001051 (sz=48, trace=300026, class=java.nio.HeapCharBuffer@500000b7)
ARR 50001052 (sz=32, trace=300209, nelems=0, elem type=char[])
OBJ 50001053 (sz=32, trace=300210, class=java.lang.String@500000d6)
OBJ 50001054 (sz=48, trace=300026, class=java.nio.HeapCharBuffer@500000b7)
OBJ 50001055 (sz=48, trace=300026, class=java.nio.HeapCharBuffer@500000b7)
ARR 50001056 (sz=32, trace=300209, nelems=0, elem type=char[])
OBJ 50001057 (sz=32, trace=300210, class=java.lang.String@500000d6)
OBJ 50001058 (sz=48, trace=300026, class=java.nio.HeapCharBuffer@500000b7)
OBJ 50001059 (sz=48, trace=300026, class=java.nio.HeapCharBuffer@500000b7)
ARR 5000105a (sz=32, trace=300209, nelems=0, elem type=char[])
OBJ 5000105b (sz=32, trace=300210, class=java.lang.String@500000d6)
OBJ 5000105c (sz=48, trace=300026, class=java.nio.HeapCharBuffer@500000b7)
OBJ 5000105d (sz=48, trace=300026, class=java.nio.HeapCharBuffer@500000b7)
ARR 5000105e (sz=32, trace=300209, nelems=0, elem type=char[])
OBJ 5000105f (sz=32, trace=300210, class=java.lang.String@500000d6)
OBJ 50001060 (sz=48, trace=300026, class=java.nio.HeapCharBuffer@500000b7)
OBJ 50001061 (sz=48, trace=300026, class=java.nio.HeapCharBuffer@500000b7)
ARR 50001062 (sz=32, trace=300209, nelems=0, elem type=char[])
OBJ 50001063 (sz=32, trace=300210, class=java.lang.String@500000d6)
OBJ 50001064 (sz=48, trace=300026, class=java.nio.HeapCharBuffer@500000b7)
OBJ 50001065 (sz=48, trace=300026, class=java.nio.HeapCharBuffer@500000b7)
ARR 50001066 (sz=32, trace=300209, nelems=0, elem type=char[])
OBJ 50001067 (sz=32, trace=300210, class=java.lang.String@500000d6)
OBJ 50001068 (sz=48, trace=300026, class=java.nio.HeapCharBuffer@500000b7)
OBJ 50001069 (sz=48, trace=300026, class=java.nio.HeapCharBuffer@500000b7)
ARR 5000106a (sz=32, trace=300209, nelems=0, elem type=char[])
OBJ 5000106b (sz=32, trace=300210, class=java.lang.String@500000d6)
OBJ 5000106c (sz=48, trace=300026, class=java.nio.HeapCharBuffer@500000b7)
OBJ 5000106d (sz=48, trace=300026, class=java.nio.HeapCharBuffer@500000b7)
ARR 5000106e (sz=32, trace=300209, nelems=0, elem type=char[])
OBJ 5000106f (sz=32, trace=300210, class=java.lang.String@500000d6)
OBJ 50001070 (sz=48, trace=300026, class=java.nio.HeapCharBuffer@500000b7)
OBJ 50001071 (sz=48, trace=300026, class=java.nio.HeapCharBuffer@500000b7)
ARR 50001072 (sz=32, trace=300209, nelems=0, elem type=char[])
OBJ 50001073 (sz=32, trace=300210, class=java.lang.String@500000d6)
OBJ 50001074 (sz=48, trace=300026, class=java.nio.HeapCharBuffer@500000b7)
OBJ 50001075 (sz=48, trace=300026, class=java.nio.HeapCharBuffer@500000b7)
ARR 50001076 (sz=32, trace=300209, nelems=0, elem type=char[])
OBJ 50001077 (sz=32, trace=300210, class=java.lang.String@500000d6)
OBJ 50001078 (sz=48, trace=300026, class=java.nio.HeapCharBuffer@500000b7)
OBJ 50001079 (sz=48, trace=300026, class=java.nio.HeapCharBuffer@500000b7)
ARR 5000107a (sz=32, trace=300209, nelems=0, elem type=char[])
OBJ 5000107b (sz=32, trace=300210, class=java.lang.String@500000d6)
OBJ 5000107c (sz=48, trace=300026, class=java.nio.HeapCharBuffer@500000b7)
OBJ 5000107d (sz=48, trace=300026, class=java.nio.HeapCharBuffer@500000b7)
ARR 5000107e (sz=32, trace=300209, nelems=0, elem type=char[])
OBJ 5000107f (sz=32, trace=300210, class=java.lang.String@500000d6)
OBJ 50001080 (sz=48, trace=300026, class=java.nio.HeapCharBuffer@500000b7)
OBJ 50001081 (sz=48, trace=300026, class=java.nio.HeapCharBuffer@500000b7)
ARR 50001082 (sz=32, trace=300209, nelems=0, elem type=char[])
OBJ 50001083 (sz=32, trace=300210, class=java.lang.String@500000d6)
OBJ 50001084 (sz=48, trace=300026, class=java.nio.HeapCharBuffer@500000b7)
OBJ 50001085 (sz=48, trace=300026, class=java.nio.HeapCharBuffer@500000b7)
ARR 50001086 (sz=32, trace=300209, nelems=0, elem type=char[])
OBJ 50001087 (sz=32, trace=300210, class=java.lang.String@500000d6)
OBJ 50001088 (sz=48, trace=300026, class=java.nio.HeapCharBuffer@500000b7)
OBJ 50001089 (sz=48, trace=300026, class=java.nio.HeapCharBuffer@500000b7)
ARR 5000108a (sz=32, trace=300209, nelems=0, elem type=char[])
OBJ 5000108b (sz=32, trace=300210, class=java.lang.String@500000d6)
OBJ 5000108c (sz=48, trace=300026, class=java.nio.HeapCharBuffer@500000b7)
OBJ 5000108d (sz=48, trace=300026, class=java.nio.HeapCharBuffer@500000b7)
ARR 5000108e (sz=32, trace=300209, nelems=0, elem type=char[])
OBJ 5000108f (sz=32, trace=300210, class=java.lang.String@500000d6)
OBJ 50001090 (sz=48, trace=300026, class=java.nio.HeapCharBuffer@500000b7)
OBJ 50001091 (sz=48, trace=300026, class=java.nio.HeapCharBuffer@500000b7)
ARR 50001092 (sz=32, trace=300209, nelems=0, elem type=char[])
OBJ 50001093 (sz=32, trace=300210, class=java.lang.String@500000d6)
OBJ 50001094 (sz=48, trace=300026, class=java.nio.HeapCharBuffer@500000b7)
OBJ 50001095 (sz=48, trace=300026, class=java.nio.HeapCharBuffer@500000b7)
ARR 50001096 (sz=32, trace=300209, nelems=0, elem type=char[])
OBJ 50001097 (sz=32, trace=300210, class=java.lang.String@500000d6)
OBJ 50001098 (sz=48, trace=300026, class=java.nio.HeapCharBuffer@500000b7)
OBJ 50001099 (sz=48, trace=300026, class=java.nio.HeapCharBuffer@500000b7)
ARR 5000109a (sz=32, trace=300209, nelems=0, elem type=char[])
OBJ 5000109b (sz=32, trace=300210, class=java.lang.String@500000d6)
OBJ 5000109c (sz=48, trace=300026, class=java.nio.HeapCharBuffer@500000b7)
OBJ 5000109d (sz=48, trace=300026, class=java.nio.HeapCharBuffer@500000b7)
ARR 5000109e (sz=32, trace=300209, nelems=0, elem type=char[])
OBJ 5000109f (sz=32, trace=300210, class=java.lang.String@500000d6)
OBJ 500010a0 (sz=48, trace=300026, class=java.nio.HeapCharBuffer@500000b7)
OBJ 500010a1 (sz=48, trace=300026, class=java.nio.HeapCharBuffer@500000b7)
ARR 500010a2 (sz=32, trace=300209, nelems=0, elem type=char[])
OBJ 500010a3 (sz=32, trace=300210, class=java.lang.String@500000d6)
OBJ 500010a4 (sz=48, trace=300026, class=java.nio.HeapCharBuffer@500000b7)
OBJ 500010a5 (sz=48, trace=300026, class=java.nio.HeapCharBuffer@500000b7)
ARR 500010a6 (sz=32, trace=300209, nelems=0, elem type=char[])
OBJ 500010a7 (sz=32, trace=300210, class=java.lang.String@500000d6)
OBJ 500010a8 (sz=48, trace=300026, class=java.nio.HeapCharBuffer@500000b7)
OBJ 500010a9 (sz=48, trace=300026, class=java.nio.HeapCharBuffer@500000b7)
ARR 500010aa (sz=32, trace=300209, nelems=0, elem type=char[])
OBJ 500010ab (sz=32, trace=300210, class=java.lang.String@500000d6)
OBJ 500010ac (sz=48, trace=300026, class=java.nio.HeapCharBuffer@500000b7)
OBJ 500010ad (sz=48, trace=300026, class=java.nio.HeapCharBuffer@500000b7)
ARR 500010ae (sz=32, trace=300209, nelems=0, elem type=char[])
OBJ 500010af (sz=32, trace=300210, class=java.lang.String@500000d6)
OBJ 500010b0 (sz=48, trace=300026, class=java.nio.HeapCharBuffer@500000b7)
OBJ 500010b1 (sz=48, trace=300026, class=java.nio.HeapCharBuffer@500000b7)
ARR 500010b2 (sz=32, trace=300209, nelems=0, elem type=char[])
OBJ 500010b3 (sz=32, trace=300210, class=java.lang.String@500000d6)
OBJ 500010b4 (sz=48, trace=300026, class=java.nio.HeapCharBuffer@500000b7)
OBJ 500010b5 (sz=48, trace=300026, class=java.nio.HeapCharBuffer@500000b7)
ARR 500010b6 (sz=32, trace=300209, nelems=0, elem type=char[])
OBJ 500010b7 (sz=32, trace=300210, class=java.lang.String@500000d6)
OBJ 500010b8 (sz=48, trace=300026, class=java.nio.HeapCharBuffer@500000b7)
OBJ 500010b9 (sz=48, trace=300026, class=java.nio.HeapCharBuffer@500000b7)
ARR 500010ba (sz=32, trace=300209, nelems=0, elem type=char[])
OBJ 500010bb (sz=32, trace=300210, class=java.lang.String@500000d6)
OBJ 500010bc (sz=48, trace=300026, class=java.nio.HeapCharBuffer@500000b7)
OBJ 500010bd (sz=48, trace=300026, class=java.nio.HeapCharBuffer@500000b7)
ARR 500010be (sz=32, trace=300209, nelems=0, elem type=char[])
OBJ 500010bf (sz=32, trace=300210, class=java.lang.String@500000d6)
OBJ 500010c0 (sz=48, trace=300026, class=java.nio.HeapCharBuffer@500000b7)
OBJ 500010c1 (sz=48, trace=300026, class=java.nio.HeapCharBuffer@500000b7)
ARR 500010c2 (sz=32, trace=300209, nelems=0, elem type=char[])
OBJ 500010c3 (sz=32, trace=300210, class=java.lang.String@500000d6)
OBJ 500010c4 (sz=48, trace=300026, class=java.nio.HeapCharBuffer@500000b7)
OBJ 500010c5 (sz=48, trace=300026, class=java.nio.HeapCharBuffer@500000b7)
ARR 500010c6 (sz=32, trace=300209, nelems=0, elem type=char[])
OBJ 500010c7 (sz=32, trace=300210, class=java.lang.String@500000d6)
OBJ 500010c8 (sz=48, trace=300026, class=java.nio.HeapCharBuffer@500000b7)
OBJ 500010c9 (sz=48, trace=300026, class=java.nio.HeapCharBuffer@500000b7)
ARR 500010ca (sz=32, trace=300209, nelems=0, elem type=char[])
OBJ 500010cb (sz=32, trace=300210, class=java.lang.String@500000d6)
OBJ 500010cc (sz=48, trace=300026, class=java.nio.HeapCharBuffer@500000b7)
OBJ 500010cd (sz=48, trace=300026, class=java.nio.HeapCharBuffer@500000b7)
ARR 500010ce (sz=32, trace=300209, nelems=0, elem type=char[])
OBJ 500010cf (sz=32, trace=300210, class=java.lang.String@500000d6)
OBJ 500010d0 (sz=48, trace=300026, class=java.nio.HeapCharBuffer@500000b7)
OBJ 500010d1 (sz=48, trace=300026, class=java.nio.HeapCharBuffer@500000b7)
ARR 500010d2 (sz=32, trace=300209, nelems=0, elem type=char[])
OBJ 500010d3 (sz=32, trace=300210, class=java.lang.String@500000d6)
OBJ 500010d4 (sz=48, trace=300026, class=java.nio.HeapCharBuffer@500000b7)
OBJ 500010d5 (sz=48, trace=300026, class=java.nio.HeapCharBuffer@500000b7)
ARR 500010d6 (sz=32, trace=300209, nelems=0, elem type=char[])
OBJ 500010d7 (sz=32, trace=300210, class=java.lang.String@500000d6)
OBJ 500010d8 (sz=48, trace=300026, class=java.nio.HeapCharBuffer@500000b7)
OBJ 500010d9 (sz=48, trace=300026, class=java.nio.HeapCharBuffer@500000b7)
ARR 500010da (sz=32, trace=300209, nelems=0, elem type=char[])
OBJ 500010db (sz=32, trace=300210, class=java.lang.String@500000d6)
OBJ 500010dc (sz=48, trace=300026, class=java.nio.HeapCharBuffer@500000b7)
OBJ 500010dd (sz=48, trace=300026, class=java.nio.HeapCharBuffer@500000b7)
ARR 500010de (sz=32, trace=300209, nelems=0, elem type=char[])
OBJ 500010df (sz=32, trace=300210, class=java.lang.String@500000d6)
OBJ 500010e0 (sz=48, trace=300026, class=java.nio.HeapCharBuffer@500000b7)
OBJ 500010e1 (sz=48, trace=300026, class=java.nio.HeapCharBuffer@500000b7)
ARR 500010e2 (sz=32, trace=300209, nelems=0, elem type=char[])
OBJ 500010e3 (sz=32, trace=300210, class=java.lang.String@500000d6)
OBJ 500010e4 (sz=48, trace=300026, class=java.nio.HeapCharBuffer@500000b7)
OBJ 500010e5 (sz=48, trace=300026, class=java.nio.HeapCharBuffer@500000b7)
ARR 500010e6 (sz=32, trace=300209, nelems=0, elem type=char[])
OBJ 500010e7 (sz=32, trace=300210, class=java.lang.String@500000d6)
OBJ 500010e8 (sz=48, trace=300026, class=java.nio.HeapCharBuffer@500000b7)
OBJ 500010e9 (sz=48, trace=300026, class=java.nio.HeapCharBuffer@500000b7)
ARR 500010ea (sz=32, trace=300209, nelems=0, elem type=char[])
OBJ 500010eb (sz=32, trace=300210, class=java.lang.String@500000d6)
OBJ 500010ec (sz=48, trace=300026, class=java.nio.HeapCharBuffer@500000b7)
OBJ 500010ed (sz=48, trace=300026, class=java.nio.HeapCharBuffer@500000b7)
ARR 500010ee (sz=32, trace=300209, nelems=0, elem type=char[])
OBJ 500010ef (sz=32, trace=300210, class=java.lang.String@500000d6)
OBJ 500010f0 (sz=48, trace=300026, class=java.nio.HeapCharBuffer@500000b7)
OBJ 500010f1 (sz=48, trace=300026, class=java.nio.HeapCharBuffer@500000b7)
ARR 500010f2 (sz=32, trace=300209, nelems=0, elem type=char[])
OBJ 500010f3 (sz=32, trace=300210, class=java.lang.String@500000d6)
OBJ 500010f4 (sz=48, trace=300026, class=java.nio.HeapCharBuffer@500000b7)
OBJ 500010f5 (sz=48, trace=300026, class=java.nio.HeapCharBuffer@500000b7)
ARR 500010f6 (sz=32, trace=300209, nelems=0, elem type=char[])
OBJ 500010f7 (sz=32, trace=300210, class=java.lang.String@500000d6)
OBJ 500010f8 (sz=48, trace=300026, class=java.nio.HeapCharBuffer@500000b7)
OBJ 500010f9 (sz=48, trace=300026, class=java.nio.HeapCharBuffer@500000b7)
ARR 500010fa (sz=32, trace=300209, nelems=0, elem type=char[])
OBJ 500010fb (sz=32, trace=300210, class=java.lang.String@500000d6)
OBJ 500010fc (sz=48, trace=300026, class=java.nio.HeapCharBuffer@500000b7)
OBJ 500010fd (sz=48, trace=300026, class=java.nio.HeapCharBuffer@500000b7)
ARR 500010fe (sz=32, trace=300209, nelems=0, elem type=char[])
OBJ 500010ff (sz=32, trace=300210, class=java.lang.String@500000d6)
OBJ 50001100 (sz=48, trace=300026, class=java.nio.HeapCharBuffer@500000b7)
OBJ 50001101 (sz=48, trace=300026, class=java.nio.HeapCharBuffer@500000b7)
ARR 50001102 (sz=32, trace=300209, nelems=0, elem type=char[])
OBJ 50001103 (sz=32, trace=300210, class=java.lang.String@500000d6)
OBJ 50001104 (sz=48, trace=300026, class=java.nio.HeapCharBuffer@500000b7)
OBJ 50001105 (sz=48, trace=300026, class=java.nio.HeapCharBuffer@500000b7)
ARR 50001106 (sz=32, trace=300209, nelems=0, elem type=char[])
OBJ 50001107 (sz=32, trace=300210, class=java.lang.String@500000d6)
OBJ 50001108 (sz=48, trace=300026, class=java.nio.HeapCharBuffer@500000b7)
OBJ 50001109 (sz=48, trace=300026, class=java.nio.HeapCharBuffer@500000b7)
ARR 5000110a (sz=32, trace=300209, nelems=0, elem type=char[])
OBJ 5000110b (sz=32, trace=300210, class=java.lang.String@500000d6)
OBJ 5000110c (sz=48, trace=300026, class=java.nio.HeapCharBuffer@500000b7)
OBJ 5000110d (sz=48, trace=300026, class=java.nio.HeapCharBuffer@500000b7)
ARR 5000110e (sz=32, trace=300209, nelems=0, elem type=char[])
OBJ 5000110f (sz=32, trace=300210, class=java.lang.String@500000d6)
OBJ 50001110 (sz=48, trace=300026, class=java.nio.HeapCharBuffer@500000b7)
OBJ 50001111 (sz=48, trace=300026, class=java.nio.HeapCharBuffer@500000b7)
ARR 50001112 (sz=32, trace=300209, nelems=0, elem type=char[])
OBJ 50001113 (sz=32, trace=300210, class=java.lang.String@500000d6)
OBJ 50001114 (sz=48, trace=300026, class=java.nio.HeapCharBuffer@500000b7)
OBJ 50001115 (sz=48, trace=300026, class=java.nio.HeapCharBuffer@500000b7)
ARR 50001116 (sz=32, trace=300209, nelems=0, elem type=char[])
OBJ 50001117 (sz=32, trace=300210, class=java.lang.String@500000d6)
OBJ 50001118 (sz=48, trace=300026, class=java.nio.HeapCharBuffer@500000b7)
OBJ 50001119 (sz=48, trace=300026, class=java.nio.HeapCharBuffer@500000b7)
ARR 5000111a (sz=32, trace=300209, nelems=0, elem type=char[])
OBJ 5000111b (sz=32, trace=300210, class=java.lang.String@500000d6)
OBJ 5000111c (sz=48, trace=300026, class=java.nio.HeapCharBuffer@500000b7)
OBJ 5000111d (sz=48, trace=300026, class=java.nio.HeapCharBuffer@500000b7)
ARR 5000111e (sz=32, trace=300209, nelems=0, elem type=char[])
OBJ 5000111f (sz=32, trace=300210, class=java.lang.String@500000d6)
OBJ 50001120 (sz=48, trace=300026, class=java.nio.HeapCharBuffer@500000b7)
OBJ 50001121 (sz=48, trace=300026, class=java.nio.HeapCharBuffer@500000b7)
ARR 50001122 (sz=32, trace=300209, nelems=0, elem type=char[])
OBJ 50001123 (sz=32, trace=300210, class=java.lang.String@500000d6)
OBJ 50001124 (sz=48, trace=300026, class=java.nio.HeapCharBuffer@500000b7)
OBJ 50001125 (sz=48, trace=300026, class=java.nio.HeapCharBuffer@500000b7)
ARR 50001126 (sz=32, trace=300209, nelems=0, elem type=char[])
OBJ 50001127 (sz=32, trace=300210, class=java.lang.String@500000d6)
OBJ 50001128 (sz=48, trace=300026, class=java.nio.HeapCharBuffer@500000b7)
OBJ 50001129 (sz=48, trace=300026, class=java.nio.HeapCharBuffer@500000b7)
ARR 5000112a (sz=32, trace=300209, nelems=0, elem type=char[])
OBJ 5000112b (sz=32, trace=300210, class=java.lang.String@500000d6)
OBJ 5000112c (sz=48, trace=300026, class=java.nio.HeapCharBuffer@500000b7)
OBJ 5000112d (sz=48, trace=300026, class=java.nio.HeapCharBuffer@500000b7)
ARR 5000112e (sz=32, trace=300209, nelems=0, elem type=char[])
OBJ 5000112f (sz=32, trace=300210, class=java.lang.String@500000d6)
OBJ 50001130 (sz=48, trace=300026, class=java.nio.HeapCharBuffer@500000b7)
OBJ 50001131 (sz=48, trace=300026, class=java.nio.HeapCharBuffer@500000b7)
ARR 50001132 (sz=32, trace=300209, nelems=0, elem type=char[])
OBJ 50001133 (sz=32, trace=300210, class=java.lang.String@500000d6)
OBJ 50001134 (sz=48, trace=300026, class=java.nio.HeapCharBuffer@500000b7)
OBJ 50001135 (sz=48, trace=300026, class=java.nio.HeapCharBuffer@500000b7)
ARR 50001136 (sz=32, trace=300209, nelems=0, elem type=char[])
OBJ 50001137 (sz=32, trace=300210, class=java.lang.String@500000d6)
OBJ 50001138 (sz=48, trace=300026, class=java.nio.HeapCharBuffer@500000b7)
OBJ 50001139 (sz=48, trace=300026, class=java.nio.HeapCharBuffer@500000b7)
ARR 5000113a (sz=32, trace=300209, nelems=0, elem type=char[])
OBJ 5000113b (sz=32, trace=300210, class=java.lang.String@500000d6)
OBJ 5000113c (sz=48, trace=300026, class=java.nio.HeapCharBuffer@500000b7)
OBJ 5000113d (sz=48, trace=300026, class=java.nio.HeapCharBuffer@500000b7)
ARR 5000113e (sz=32, trace=300209, nelems=0, elem type=char[])
OBJ 5000113f (sz=32, trace=300210, class=java.lang.String@500000d6)
OBJ 50001140 (sz=48, trace=300026, class=java.nio.HeapCharBuffer@500000b7)
OBJ 50001141 (sz=48, trace=300026, class=java.nio.HeapCharBuffer@500000b7)
ARR 50001142 (sz=32, trace=300209, nelems=0, elem type=char[])
OBJ 50001143 (sz=32, trace=300210, class=java.lang.String@500000d6)
OBJ 50001144 (sz=48, trace=300026, class=java.nio.HeapCharBuffer@500000b7)
OBJ 50001145 (sz=48, trace=300026, class=java.nio.HeapCharBuffer@500000b7)
ARR 50001146 (sz=32, trace=300209, nelems=0, elem type=char[])
OBJ 50001147 (sz=32, trace=300210, class=java.lang.String@500000d6)
OBJ 50001148 (sz=48, trace=300026, class=java.nio.HeapCharBuffer@500000b7)
OBJ 50001149 (sz=48, trace=300026, class=java.nio.HeapCharBuffer@500000b7)
ARR 5000114a (sz=32, trace=300209, nelems=0, elem type=char[])
OBJ 5000114b (sz=32, trace=300210, class=java.lang.String@500000d6)
OBJ 5000114c (sz=48, trace=300026, class=java.nio.HeapCharBuffer@500000b7)
OBJ 5000114d (sz=48, trace=300026, class=java.nio.HeapCharBuffer@500000b7)
ARR 5000114e (sz=32, trace=300209, nelems=0, elem type=char[])
OBJ 5000114f (sz=32, trace=300210, class=java.lang.String@500000d6)
OBJ 50001150 (sz=48, trace=300026, class=java.nio.HeapCharBuffer@500000b7)
OBJ 50001151 (sz=48, trace=300026, class=java.nio.HeapCharBuffer@500000b7)
ARR 50001152 (sz=32, trace=300209, nelems=0, elem type=char[])
OBJ 50001153 (sz=32, trace=300210, class=java.lang.String@500000d6)
OBJ 50001154 (sz=48, trace=300026, class=java.nio.HeapCharBuffer@500000b7)
OBJ 50001155 (sz=48, trace=300026, class=java.nio.HeapCharBuffer@500000b7)
ARR 50001156 (sz=32, trace=300209, nelems=0, elem type=char[])
OBJ 50001157 (sz=32, trace=300210, class=java.lang.String@500000d6)
OBJ 50001158 (sz=48, trace=300026, class=java.nio.HeapCharBuffer@500000b7)
OBJ 50001159 (sz=48, trace=300026, class=java.nio.HeapCharBuffer@500000b7)
ARR 5000115a (sz=32, trace=300209, nelems=0, elem type=char[])
OBJ 5000115b (sz=32, trace=300210, class=java.lang.String@500000d6)
OBJ 5000115c (sz=48, trace=300026, class=java.nio.HeapCharBuffer@500000b7)
OBJ 5000115d (sz=48, trace=300026, class=java.nio.HeapCharBuffer@500000b7)
ARR 5000115e (sz=32, trace=300209, nelems=0, elem type=char[])
OBJ 5000115f (sz=32, trace=300210, class=java.lang.String@500000d6)
OBJ 50001160 (sz=48, trace=300026, class=java.nio.HeapCharBuffer@500000b7)
OBJ 50001161 (sz=48, trace=300026, class=java.nio.HeapCharBuffer@500000b7)
ARR 50001162 (sz=32, trace=300209, nelems=0, elem type=char[])
OBJ 50001163 (sz=32, trace=300210, class=java.lang.String@500000d6)
OBJ 50001164 (sz=48, trace=300026, class=java.nio.HeapCharBuffer@500000b7)
OBJ 50001165 (sz=48, trace=300026, class=java.nio.HeapCharBuffer@500000b7)
ARR 50001166 (sz=32, trace=300209, nelems=0, elem type=char[])
OBJ 50001167 (sz=32, trace=300210, class=java.lang.String@500000d6)
OBJ 50001168 (sz=48, trace=300026, class=java.nio.HeapCharBuffer@500000b7)
OBJ 50001169 (sz=48, trace=300026, class=java.nio.HeapCharBuffer@500000b7)
ARR 5000116a (sz=32, trace=300209, nelems=0, elem type=char[])
OBJ 5000116b (sz=32, trace=300210, class=java.lang.String@500000d6)
OBJ 5000116c (sz=48, trace=300026, class=java.nio.HeapCharBuffer@500000b7)
OBJ 5000116d (sz=48, trace=300026, class=java.nio.HeapCharBuffer@500000b7)
ARR 5000116e (sz=32, trace=300209, nelems=0, elem type=char[])
OBJ 5000116f (sz=32, trace=300210, class=java.lang.String@500000d6)
OBJ 50001170 (sz=48, trace=300026, class=java.nio.HeapCharBuffer@500000b7)
OBJ 50001171 (sz=48, trace=300026, class=java.nio.HeapCharBuffer@500000b7)
ARR 50001172 (sz=32, trace=300209, nelems=0, elem type=char[])
OBJ 50001173 (sz=32, trace=300210, class=java.lang.String@500000d6)
OBJ 50001174 (sz=48, trace=300026, class=java.nio.HeapCharBuffer@500000b7)
OBJ 50001175 (sz=48, trace=300026, class=java.nio.HeapCharBuffer@500000b7)
ARR 50001176 (sz=32, trace=300209, nelems=0, elem type=char[])
OBJ 50001177 (sz=32, trace=300210, class=java.lang.String@500000d6)
OBJ 50001178 (sz=48, trace=300026, class=java.nio.HeapCharBuffer@500000b7)
OBJ 50001179 (sz=48, trace=300026, class=java.nio.HeapCharBuffer@500000b7)
ARR 5000117a (sz=32, trace=300209, nelems=0, elem type=char[])
OBJ 5000117b (sz=32, trace=300210, class=java.lang.String@500000d6)
OBJ 5000117c (sz=48, trace=300026, class=java.nio.HeapCharBuffer@500000b7)
OBJ 5000117d (sz=48, trace=300026, class=java.nio.HeapCharBuffer@500000b7)
ARR 5000117e (sz=32, trace=300209, nelems=0, elem type=char[])
OBJ 5000117f (sz=32, trace=300210, class=java.lang.String@500000d6)
OBJ 50001180 (sz=48, trace=300026, class=java.nio.HeapCharBuffer@500000b7)
OBJ 50001181 (sz=48, trace=300026, class=java.nio.HeapCharBuffer@500000b7)
ARR 50001182 (sz=32, trace=300209, nelems=0, elem type=char[])
OBJ 50001183 (sz=32, trace=300210, class=java.lang.String@500000d6)
OBJ 50001184 (sz=48, trace=300026, class=java.nio.HeapCharBuffer@500000b7)
OBJ 50001185 (sz=48, trace=300026, class=java.nio.HeapCharBuffer@500000b7)
ARR 50001186 (sz=32, trace=300209, nelems=0, elem type=char[])
OBJ 50001187 (sz=32, trace=300210, class=java.lang.String@500000d6)
OBJ 50001188 (sz=48, trace=300026, class=java.nio.HeapCharBuffer@500000b7)
OBJ 50001189 (sz=48, trace=300026, class=java.nio.HeapCharBuffer@500000b7)
ARR 5000118a (sz=32, trace=300209, nelems=0, elem type=char[])
OBJ 5000118b (sz=32, trace=300210, class=java.lang.String@500000d6)
OBJ 5000118c (sz=48, trace=300026, class=java.nio.HeapCharBuffer@500000b7)
OBJ 5000118d (sz=48, trace=300026, class=java.nio.HeapCharBuffer@500000b7)
ARR 5000118e (sz=32, trace=300209, nelems=0, elem type=char[])
OBJ 5000118f (sz=32, trace=300210, class=java.lang.String@500000d6)
OBJ 50001190 (sz=48, trace=300026, class=java.nio.HeapCharBuffer@500000b7)
OBJ 50001191 (sz=48, trace=300026, class=java.nio.HeapCharBuffer@500000b7)
ARR 50001192 (sz=32, trace=300209, nelems=0, elem type=char[])
OBJ 50001193 (sz=32, trace=300210, class=java.lang.String@500000d6)
OBJ 50001194 (sz=48, trace=300026, class=java.nio.HeapCharBuffer@500000b7)
OBJ 50001195 (sz=48, trace=300026, class=java.nio.HeapCharBuffer@500000b7)
ARR 50001196 (sz=32, trace=300209, nelems=0, elem type=char[])
OBJ 50001197 (sz=32, trace=300210, class=java.lang.String@500000d6)
OBJ 50001198 (sz=48, trace=300026, class=java.nio.HeapCharBuffer@500000b7)
OBJ 50001199 (sz=48, trace=300026, class=java.nio.HeapCharBuffer@500000b7)
ARR 5000119a (sz=32, trace=300209, nelems=0, elem type=char[])
OBJ 5000119b (sz=32, trace=300210, class=java.lang.String@500000d6)
OBJ 5000119c (sz=48, trace=300026, class=java.nio.HeapCharBuffer@500000b7)
OBJ 5000119d (sz=48, trace=300026, class=java.nio.HeapCharBuffer@500000b7)
ARR 5000119e (sz=32, trace=300209, nelems=0, elem type=char[])
OBJ 5000119f (sz=32, trace=300210, class=java.lang.String@500000d6)
OBJ 500011a0 (sz=48, trace=300026, class=java.nio.HeapCharBuffer@500000b7)
OBJ 500011a1 (sz=48, trace=300026, class=java.nio.HeapCharBuffer@500000b7)
ARR 500011a2 (sz=32, trace=300209, nelems=0, elem type=char[])
OBJ 500011a3 (sz=32, trace=300210, class=java.lang.String@500000d6)
OBJ 500011a4 (sz=48, trace=300026, class=java.nio.HeapCharBuffer@500000b7)
OBJ 500011a5 (sz=48, trace=300026, class=java.nio.HeapCharBuffer@500000b7)
ARR 500011a6 (sz=32, trace=300209, nelems=0, elem type=char[])
OBJ 500011a7 (sz=32, trace=300210, class=java.lang.String@500000d6)
OBJ 500011a8 (sz=48, trace=300026, class=java.nio.HeapCharBuffer@500000b7)
OBJ 500011a9 (sz=48, trace=300026, class=java.nio.HeapCharBuffer@500000b7)
ARR 500011aa (sz=32, trace=300209, nelems=0, elem type=char[])
OBJ 500011ab (sz=32, trace=300210, class=java.lang.String@500000d6)
OBJ 500011ac (sz=48, trace=300026, class=java.nio.HeapCharBuffer@500000b7)
OBJ 500011ad (sz=48, trace=300026, class=java.nio.HeapCharBuffer@500000b7)
ARR 500011ae (sz=32, trace=300209, nelems=0, elem type=char[])
OBJ 500011af (sz=32, trace=300210, class=java.lang.String@500000d6)
OBJ 500011b0 (sz=48, trace=300026, class=java.nio.HeapCharBuffer@500000b7)
OBJ 500011b1 (sz=48, trace=300026, class=java.nio.HeapCharBuffer@500000b7)
ARR 500011b2 (sz=32, trace=300209, nelems=0, elem type=char[])
OBJ 500011b3 (sz=32, trace=300210, class=java.lang.String@500000d6)
OBJ 500011b4 (sz=48, trace=300026, class=java.nio.HeapCharBuffer@500000b7)
OBJ 500011b5 (sz=48, trace=300026, class=java.nio.HeapCharBuffer@500000b7)
ARR 500011b6 (sz=32, trace=300209, nelems=0, elem type=char[])
OBJ 500011b7 (sz=32, trace=300210, class=java.lang.String@500000d6)
OBJ 500011b8 (sz=48, trace=300026, class=java.nio.HeapCharBuffer@500000b7)
OBJ 500011b9 (sz=48, trace=300026, class=java.nio.HeapCharBuffer@500000b7)
ARR 500011ba (sz=32, trace=300209, nelems=0, elem type=char[])
OBJ 500011bb (sz=32, trace=300210, class=java.lang.String@500000d6)
OBJ 500011bc (sz=48, trace=300026, class=java.nio.HeapCharBuffer@500000b7)
OBJ 500011bd (sz=48, trace=300026, class=java.nio.HeapCharBuffer@500000b7)
ARR 500011be (sz=32, trace=300209, nelems=0, elem type=char[])
OBJ 500011bf (sz=32, trace=300210, class=java.lang.String@500000d6)
OBJ 500011c0 (sz=48, trace=300026, class=java.nio.HeapCharBuffer@500000b7)
OBJ 500011c1 (sz=48, trace=300026, class=java.nio.HeapCharBuffer@500000b7)
ARR 500011c2 (sz=32, trace=300209, nelems=0, elem type=char[])
OBJ 500011c3 (sz=32, trace=300210, class=java.lang.String@500000d6)
OBJ 500011c4 (sz=48, trace=300026, class=java.nio.HeapCharBuffer@500000b7)
OBJ 500011c5 (sz=48, trace=300026, class=java.nio.HeapCharBuffer@500000b7)
ARR 500011c6 (sz=32, trace=300209, nelems=0, elem type=char[])
OBJ 500011c7 (sz=32, trace=300210, class=java.lang.String@500000d6)
OBJ 500011c8 (sz=48, trace=300026, class=java.nio.HeapCharBuffer@500000b7)
OBJ 500011c9 (sz=48, trace=300026, class=java.nio.HeapCharBuffer@500000b7)
ARR 500011ca (sz=32, trace=300209, nelems=0, elem type=char[])
OBJ 500011cb (sz=32, trace=300210, class=java.lang.String@500000d6)
OBJ 500011cc (sz=48, trace=300026, class=java.nio.HeapCharBuffer@500000b7)
OBJ 500011cd (sz=48, trace=300026, class=java.nio.HeapCharBuffer@500000b7)
ARR 500011ce (sz=32, trace=300209, nelems=0, elem type=char[])
OBJ 500011cf (sz=32, trace=300210, class=java.lang.String@500000d6)
OBJ 500011d0 (sz=48, trace=300026, class=java.nio.HeapCharBuffer@500000b7)
OBJ 500011d1 (sz=48, trace=300026, class=java.nio.HeapCharBuffer@500000b7)
ARR 500011d2 (sz=32, trace=300209, nelems=0, elem type=char[])
OBJ 500011d3 (sz=32, trace=300210, class=java.lang.String@500000d6)
OBJ 500011d4 (sz=48, trace=300026, class=java.nio.HeapCharBuffer@500000b7)
OBJ 500011d5 (sz=48, trace=300026, class=java.nio.HeapCharBuffer@500000b7)
ARR 500011d6 (sz=32, trace=300209, nelems=0, elem type=char[])
OBJ 500011d7 (sz=32, trace=300210, class=java.lang.String@500000d6)
OBJ 500011d8 (sz=48, trace=300026, class=java.nio.HeapCharBuffer@500000b7)
OBJ 500011d9 (sz=48, trace=300026, class=java.nio.HeapCharBuffer@500000b7)
ARR 500011da (sz=32, trace=300209, nelems=0, elem type=char[])
OBJ 500011db (sz=32, trace=300210, class=java.lang.String@500000d6)
OBJ 500011dc (sz=48, trace=300026, class=java.nio.HeapCharBuffer@500000b7)
OBJ 500011dd (sz=48, trace=300026, class=java.nio.HeapCharBuffer@500000b7)
ARR 500011de (sz=32, trace=300209, nelems=0, elem type=char[])
OBJ 500011df (sz=32, trace=300210, class=java.lang.String@500000d6)
OBJ 500011e0 (sz=48, trace=300026, class=java.nio.HeapCharBuffer@500000b7)
OBJ 500011e1 (sz=48, trace=300026, class=java.nio.HeapCharBuffer@500000b7)
ARR 500011e2 (sz=32, trace=300209, nelems=0, elem type=char[])
OBJ 500011e3 (sz=32, trace=300210, class=java.lang.String@500000d6)
OBJ 500011e4 (sz=48, trace=300026, class=java.nio.HeapCharBuffer@500000b7)
OBJ 500011e5 (sz=48, trace=300026, class=java.nio.HeapCharBuffer@500000b7)
ARR 500011e6 (sz=32, trace=300209, nelems=0, elem type=char[])
OBJ 500011e7 (sz=32, trace=300210, class=java.lang.String@500000d6)
OBJ 500011e8 (sz=48, trace=300026, class=java.nio.HeapCharBuffer@500000b7)
OBJ 500011e9 (sz=48, trace=300026, class=java.nio.HeapCharBuffer@500000b7)
ARR 500011ea (sz=32, trace=300209, nelems=0, elem type=char[])
OBJ 500011eb (sz=32, trace=300210, class=java.lang.String@500000d6)
OBJ 500011ec (sz=48, trace=300026, class=java.nio.HeapCharBuffer@500000b7)
OBJ 500011ed (sz=48, trace=300026, class=java.nio.HeapCharBuffer@500000b7)
ARR 500011ee (sz=32, trace=300209, nelems=0, elem type=char[])
OBJ 500011ef (sz=32, trace=300210, class=java.lang.String@500000d6)
OBJ 500011f0 (sz=48, trace=300026, class=java.nio.HeapCharBuffer@500000b7)
OBJ 500011f1 (sz=48, trace=300026, class=java.nio.HeapCharBuffer@500000b7)
ARR 500011f2 (sz=32, trace=300209, nelems=0, elem type=char[])
OBJ 500011f3 (sz=32, trace=300210, class=java.lang.String@500000d6)
OBJ 500011f4 (sz=48, trace=300026, class=java.nio.HeapCharBuffer@500000b7)
OBJ 500011f5 (sz=48, trace=300026, class=java.nio.HeapCharBuffer@500000b7)
ARR 500011f6 (sz=32, trace=300209, nelems=0, elem type=char[])
OBJ 500011f7 (sz=32, trace=300210, class=java.lang.String@500000d6)
OBJ 500011f8 (sz=48, trace=300026, class=java.nio.HeapCharBuffer@500000b7)
OBJ 500011f9 (sz=48, trace=300026, class=java.nio.HeapCharBuffer@500000b7)
ARR 500011fa (sz=32, trace=300209, nelems=0, elem type=char[])
OBJ 500011fb (sz=32, trace=300210, class=java.lang.String@500000d6)
OBJ 500011fc (sz=48, trace=300026, class=java.nio.HeapCharBuffer@500000b7)
OBJ 500011fd (sz=48, trace=300026, class=java.nio.HeapCharBuffer@500000b7)
ARR 500011fe (sz=32, trace=300209, nelems=0, elem type=char[])
OBJ 500011ff (sz=32, trace=300210, class=java.lang.String@500000d6)
OBJ 50001200 (sz=48, trace=300026, class=java.nio.HeapCharBuffer@500000b7)
OBJ 50001201 (sz=48, trace=300026, class=java.nio.HeapCharBuffer@500000b7)
ARR 50001202 (sz=32, trace=300209, nelems=0, elem type=char[])
OBJ 50001203 (sz=32, trace=300210, class=java.lang.String@500000d6)
OBJ 50001204 (sz=48, trace=300026, class=java.nio.HeapCharBuffer@500000b7)
OBJ 50001205 (sz=48, trace=300026, class=java.nio.HeapCharBuffer@500000b7)
ARR 50001206 (sz=32, trace=300209, nelems=0, elem type=char[])
OBJ 50001207 (sz=32, trace=300210, class=java.lang.String@500000d6)
OBJ 50001208 (sz=48, trace=300026, class=java.nio.HeapCharBuffer@500000b7)
OBJ 50001209 (sz=48, trace=300026, class=java.nio.HeapCharBuffer@500000b7)
ARR 5000120a (sz=32, trace=300209, nelems=0, elem type=char[])
OBJ 5000120b (sz=32, trace=300210, class=java.lang.String@500000d6)
OBJ 5000120c (sz=48, trace=300026, class=java.nio.HeapCharBuffer@500000b7)
OBJ 5000120d (sz=48, trace=300026, class=java.nio.HeapCharBuffer@500000b7)
ARR 5000120e (sz=32, trace=300209, nelems=0, elem type=char[])
OBJ 5000120f (sz=32, trace=300210, class=java.lang.String@500000d6)
OBJ 50001210 (sz=48, trace=300026, class=java.nio.HeapCharBuffer@500000b7)
OBJ 50001211 (sz=48, trace=300026, class=java.nio.HeapCharBuffer@500000b7)
ARR 50001212 (sz=32, trace=300209, nelems=0, elem type=char[])
OBJ 50001213 (sz=32, trace=300210, class=java.lang.String@500000d6)
OBJ 50001214 (sz=48, trace=300026, class=java.nio.HeapCharBuffer@500000b7)
OBJ 50001215 (sz=48, trace=300026, class=java.nio.HeapCharBuffer@500000b7)
ARR 50001216 (sz=32, trace=300209, nelems=0, elem type=char[])
OBJ 50001217 (sz=32, trace=300210, class=java.lang.String@500000d6)
OBJ 50001218 (sz=48, trace=300026, class=java.nio.HeapCharBuffer@500000b7)
OBJ 50001219 (sz=48, trace=300026, class=java.nio.HeapCharBuffer@500000b7)
ARR 5000121a (sz=32, trace=300209, nelems=0, elem type=char[])
OBJ 5000121b (sz=32, trace=300210, class=java.lang.String@500000d6)
OBJ 5000121c (sz=48, trace=300026, class=java.nio.HeapCharBuffer@500000b7)
OBJ 5000121d (sz=48, trace=300026, class=java.nio.HeapCharBuffer@500000b7)
ARR 5000121e (sz=32, trace=300209, nelems=0, elem type=char[])
OBJ 5000121f (sz=32, trace=300210, class=java.lang.String@500000d6)
OBJ 50001220 (sz=48, trace=300026, class=java.nio.HeapCharBuffer@500000b7)
OBJ 50001221 (sz=48, trace=300026, class=java.nio.HeapCharBuffer@500000b7)
ARR 50001222 (sz=32, trace=300209, nelems=0, elem type=char[])
OBJ 50001223 (sz=32, trace=300210, class=java.lang.String@500000d6)
OBJ 50001224 (sz=48, trace=300026, class=java.nio.HeapCharBuffer@500000b7)
OBJ 50001225 (sz=48, trace=300026, class=java.nio.HeapCharBuffer@500000b7)
ARR 50001226 (sz=32, trace=300209, nelems=0, elem type=char[])
OBJ 50001227 (sz=32, trace=300210, class=java.lang.String@500000d6)
OBJ 50001228 (sz=48, trace=300026, class=java.nio.HeapCharBuffer@500000b7)
OBJ 50001229 (sz=48, trace=300026, class=java.nio.HeapCharBuffer@500000b7)
ARR 5000122a (sz=32, trace=300209, nelems=0, elem type=char[])
OBJ 5000122b (sz=32, trace=300210, class=java.lang.String@500000d6)
OBJ 5000122c (sz=48, trace=300026, class=java.nio.HeapCharBuffer@500000b7)
OBJ 5000122d (sz=48, trace=300026, class=java.nio.HeapCharBuffer@500000b7)
ARR 5000122e (sz=32, trace=300209, nelems=0, elem type=char[])
OBJ 5000122f (sz=32, trace=300210, class=java.lang.String@500000d6)
OBJ 50001230 (sz=48, trace=300026, class=java.nio.HeapCharBuffer@500000b7)
OBJ 50001231 (sz=48, trace=300026, class=java.nio.HeapCharBuffer@500000b7)
ARR 50001232 (sz=32, trace=300209, nelems=0, elem type=char[])
OBJ 50001233 (sz=32, trace=300210, class=java.lang.String@500000d6)
OBJ 50001234 (sz=48, trace=300026, class=java.nio.HeapCharBuffer@500000b7)
OBJ 50001235 (sz=48, trace=300026, class=java.nio.HeapCharBuffer@500000b7)
ARR 50001236 (sz=32, trace=300209, nelems=0, elem type=char[])
OBJ 50001237 (sz=32, trace=300210, class=java.lang.String@500000d6)
OBJ 50001238 (sz=48, trace=300026, class=java.nio.HeapCharBuffer@500000b7)
OBJ 50001239 (sz=48, trace=300026, class=java.nio.HeapCharBuffer@500000b7)
ARR 5000123a (sz=32, trace=300209, nelems=0, elem type=char[])
OBJ 5000123b (sz=32, trace=300210, class=java.lang.String@500000d6)
OBJ 5000123c (sz=48, trace=300026, class=java.nio.HeapCharBuffer@500000b7)
OBJ 5000123d (sz=48, trace=300026, class=java.nio.HeapCharBuffer@500000b7)
ARR 5000123e (sz=32, trace=300209, nelems=0, elem type=char[])
OBJ 5000123f (sz=32, trace=300210, class=java.lang.String@500000d6)
OBJ 50001240 (sz=48, trace=300026, class=java.nio.HeapCharBuffer@500000b7)
OBJ 50001241 (sz=48, trace=300026, class=java.nio.HeapCharBuffer@500000b7)
ARR 50001242 (sz=32, trace=300209, nelems=0, elem type=char[])
OBJ 50001243 (sz=32, trace=300210, class=java.lang.String@500000d6)
OBJ 50001244 (sz=48, trace=300026, class=java.nio.HeapCharBuffer@500000b7)
OBJ 50001245 (sz=48, trace=300026, class=java.nio.HeapCharBuffer@500000b7)
ARR 50001246 (sz=32, trace=300209, nelems=0, elem type=char[])
OBJ 50001247 (sz=32, trace=300210, class=java.lang.String@500000d6)
OBJ 50001248 (sz=48, trace=300026, class=java.nio.HeapCharBuffer@500000b7)
OBJ 50001249 (sz=48, trace=300026, class=java.nio.HeapCharBuffer@500000b7)
ARR 5000124a (sz=32, trace=300209, nelems=0, elem type=char[])
OBJ 5000124b (sz=32, trace=300210, class=java.lang.String@500000d6)
OBJ 5000124c (sz=48, trace=300026, class=java.nio.HeapCharBuffer@500000b7)
OBJ 5000124d (sz=48, trace=300026, class=java.nio.HeapCharBuffer@500000b7)
ARR 5000124e (sz=32, trace=300209, nelems=0, elem type=char[])
OBJ 5000124f (sz=32, trace=300210, class=java.lang.String@500000d6)
OBJ 50001250 (sz=48, trace=300026, class=java.nio.HeapCharBuffer@500000b7)
OBJ 50001251 (sz=48, trace=300026, class=java.nio.HeapCharBuffer@500000b7)
ARR 50001252 (sz=32, trace=300209, nelems=0, elem type=char[])
OBJ 50001253 (sz=32, trace=300210, class=java.lang.String@500000d6)
OBJ 50001254 (sz=48, trace=300026, class=java.nio.HeapCharBuffer@500000b7)
OBJ 50001255 (sz=48, trace=300026, class=java.nio.HeapCharBuffer@500000b7)
ARR 50001256 (sz=32, trace=300209, nelems=0, elem type=char[])
OBJ 50001257 (sz=32, trace=300210, class=java.lang.String@500000d6)
OBJ 50001258 (sz=48, trace=300026, class=java.nio.HeapCharBuffer@500000b7)
OBJ 50001259 (sz=48, trace=300026, class=java.nio.HeapCharBuffer@500000b7)
ARR 5000125a (sz=32, trace=300209, nelems=0, elem type=char[])
OBJ 5000125b (sz=32, trace=300210, class=java.lang.String@500000d6)
OBJ 5000125c (sz=48, trace=300026, class=java.nio.HeapCharBuffer@500000b7)
OBJ 5000125d (sz=48, trace=300026, class=java.nio.HeapCharBuffer@500000b7)
ARR 5000125e (sz=32, trace=300209, nelems=0, elem type=char[])
OBJ 5000125f (sz=32, trace=300210, class=java.lang.String@500000d6)
OBJ 50001260 (sz=48, trace=300026, class=java.nio.HeapCharBuffer@500000b7)
OBJ 50001261 (sz=48, trace=300026, class=java.nio.HeapCharBuffer@500000b7)
ARR 50001262 (sz=32, trace=300209, nelems=0, elem type=char[])
OBJ 50001263 (sz=32, trace=300210, class=java.lang.String@500000d6)
OBJ 50001264 (sz=48, trace=300026, class=java.nio.HeapCharBuffer@500000b7)
OBJ 50001265 (sz=48, trace=300026, class=java.nio.HeapCharBuffer@500000b7)
ARR 50001266 (sz=32, trace=300209, nelems=0, elem type=char[])
OBJ 50001267 (sz=32, trace=300210, class=java.lang.String@500000d6)
OBJ 50001268 (sz=48, trace=300026, class=java.nio.HeapCharBuffer@500000b7)
OBJ 50001269 (sz=48, trace=300026, class=java.nio.HeapCharBuffer@500000b7)
ARR 5000126a (sz=32, trace=300209, nelems=0, elem type=char[])
OBJ 5000126b (sz=32, trace=300210, class=java.lang.String@500000d6)
OBJ 5000126c (sz=48, trace=300026, class=java.nio.HeapCharBuffer@500000b7)
OBJ 5000126d (sz=48, trace=300026, class=java.nio.HeapCharBuffer@500000b7)
ARR 5000126e (sz=32, trace=300209, nelems=0, elem type=char[])
OBJ 5000126f (sz=32, trace=300210, class=java.lang.String@500000d6)
OBJ 50001270 (sz=48, trace=300026, class=java.nio.HeapCharBuffer@500000b7)
OBJ 50001271 (sz=48, trace=300026, class=java.nio.HeapCharBuffer@500000b7)
ARR 50001272 (sz=32, trace=300209, nelems=0, elem type=char[])
OBJ 50001273 (sz=32, trace=300210, class=java.lang.String@500000d6)
OBJ 50001274 (sz=48, trace=300026, class=java.nio.HeapCharBuffer@500000b7)
OBJ 50001275 (sz=48, trace=300026, class=java.nio.HeapCharBuffer@500000b7)
ARR 50001276 (sz=32, trace=300209, nelems=0, elem type=char[])
OBJ 50001277 (sz=32, trace=300210, class=java.lang.String@500000d6)
OBJ 50001278 (sz=48, trace=300026, class=java.nio.HeapCharBuffer@500000b7)
OBJ 50001279 (sz=48, trace=300026, class=java.nio.HeapCharBuffer@500000b7)
ARR 5000127a (sz=32, trace=300209, nelems=0, elem type=char[])
OBJ 5000127b (sz=32, trace=300210, class=java.lang.String@500000d6)
OBJ 5000127c (sz=48, trace=300026, class=java.nio.HeapCharBuffer@500000b7)
OBJ 5000127d (sz=48, trace=300026, class=java.nio.HeapCharBuffer@500000b7)
ARR 5000127e (sz=32, trace=300209, nelems=0, elem type=char[])
OBJ 5000127f (sz=32, trace=300210, class=java.lang.String@500000d6)
OBJ 50001280 (sz=48, trace=300026, class=java.nio.HeapCharBuffer@500000b7)
OBJ 50001281 (sz=48, trace=300026, class=java.nio.HeapCharBuffer@500000b7)
ARR 50001282 (sz=32, trace=300209, nelems=0, elem type=char[])
OBJ 50001283 (sz=32, trace=300210, class=java.lang.String@500000d6)
OBJ 50001284 (sz=48, trace=300026, class=java.nio.HeapCharBuffer@500000b7)
OBJ 50001285 (sz=48, trace=300026, class=java.nio.HeapCharBuffer@500000b7)
ARR 50001286 (sz=32, trace=300209, nelems=0, elem type=char[])
OBJ 50001287 (sz=32, trace=300210, class=java.lang.String@500000d6)
OBJ 50001288 (sz=48, trace=300026, class=java.nio.HeapCharBuffer@500000b7)
OBJ 50001289 (sz=48, trace=300026, class=java.nio.HeapCharBuffer@500000b7)
ARR 5000128a (sz=32, trace=300209, nelems=0, elem type=char[])
OBJ 5000128b (sz=32, trace=300210, class=java.lang.String@500000d6)
OBJ 5000128c (sz=48, trace=300026, class=java.nio.HeapCharBuffer@500000b7)
OBJ 5000128d (sz=48, trace=300026, class=java.nio.HeapCharBuffer@500000b7)
ARR 5000128e (sz=32, trace=300209, nelems=0, elem type=char[])
OBJ 5000128f (sz=32, trace=300210, class=java.lang.String@500000d6)
OBJ 50001290 (sz=48, trace=300026, class=java.nio.HeapCharBuffer@500000b7)
OBJ 50001291 (sz=48, trace=300026, class=java.nio.HeapCharBuffer@500000b7)
ARR 50001292 (sz=32, trace=300209, nelems=0, elem type=char[])
OBJ 50001293 (sz=32, trace=300210, class=java.lang.String@500000d6)
OBJ 50001294 (sz=48, trace=300026, class=java.nio.HeapCharBuffer@500000b7)
OBJ 50001295 (sz=48, trace=300026, class=java.nio.HeapCharBuffer@500000b7)
ARR 50001296 (sz=32, trace=300209, nelems=0, elem type=char[])
OBJ 50001297 (sz=32, trace=300210, class=java.lang.String@500000d6)
OBJ 50001298 (sz=48, trace=300026, class=java.nio.HeapCharBuffer@500000b7)
OBJ 50001299 (sz=48, trace=300026, class=java.nio.HeapCharBuffer@500000b7)
ARR 5000129a (sz=32, trace=300209, nelems=0, elem type=char[])
OBJ 5000129b (sz=32, trace=300210, class=java.lang.String@500000d6)
OBJ 5000129c (sz=48, trace=300026, class=java.nio.HeapCharBuffer@500000b7)
OBJ 5000129d (sz=48, trace=300026, class=java.nio.HeapCharBuffer@500000b7)
ARR 5000129e (sz=32, trace=300209, nelems=0, elem type=char[])
OBJ 5000129f (sz=32, trace=300210, class=java.lang.String@500000d6)
OBJ 500012a0 (sz=48, trace=300026, class=java.nio.HeapCharBuffer@500000b7)
OBJ 500012a1 (sz=48, trace=300026, class=java.nio.HeapCharBuffer@500000b7)
ARR 500012a2 (sz=32, trace=300209, nelems=0, elem type=char[])
OBJ 500012a3 (sz=32, trace=300210, class=java.lang.String@500000d6)
OBJ 500012a4 (sz=48, trace=300026, class=java.nio.HeapCharBuffer@500000b7)
OBJ 500012a5 (sz=48, trace=300026, class=java.nio.HeapCharBuffer@500000b7)
ARR 500012a6 (sz=32, trace=300209, nelems=0, elem type=char[])
OBJ 500012a7 (sz=32, trace=300210, class=java.lang.String@500000d6)
OBJ 500012a8 (sz=48, trace=300026, class=java.nio.HeapCharBuffer@500000b7)
OBJ 500012a9 (sz=48, trace=300026, class=java.nio.HeapCharBuffer@500000b7)
ARR 500012aa (sz=32, trace=300209, nelems=0, elem type=char[])
OBJ 500012ab (sz=32, trace=300210, class=java.lang.String@500000d6)
OBJ 500012ac (sz=48, trace=300026, class=java.nio.HeapCharBuffer@500000b7)
OBJ 500012ad (sz=48, trace=300026, class=java.nio.HeapCharBuffer@500000b7)
ARR 500012ae (sz=32, trace=300209, nelems=0, elem type=char[])
OBJ 500012af (sz=32, trace=300210, class=java.lang.String@500000d6)
OBJ 500012b0 (sz=48, trace=300026, class=java.nio.HeapCharBuffer@500000b7)
OBJ 500012b1 (sz=48, trace=300026, class=java.nio.HeapCharBuffer@500000b7)
ARR 500012b2 (sz=32, trace=300209, nelems=0, elem type=char[])
OBJ 500012b3 (sz=32, trace=300210, class=java.lang.String@500000d6)
OBJ 500012b4 (sz=48, trace=300026, class=java.nio.HeapCharBuffer@500000b7)
OBJ 500012b5 (sz=48, trace=300026, class=java.nio.HeapCharBuffer@500000b7)
ARR 500012b6 (sz=32, trace=300209, nelems=0, elem type=char[])
OBJ 500012b7 (sz=32, trace=300210, class=java.lang.String@500000d6)
OBJ 500012b8 (sz=48, trace=300026, class=java.nio.HeapCharBuffer@500000b7)
OBJ 500012b9 (sz=48, trace=300026, class=java.nio.HeapCharBuffer@500000b7)
ARR 500012ba (sz=32, trace=300209, nelems=0, elem type=char[])
OBJ 500012bb (sz=32, trace=300210, class=java.lang.String@500000d6)
OBJ 500012bc (sz=48, trace=300026, class=java.nio.HeapCharBuffer@500000b7)
OBJ 500012bd (sz=48, trace=300026, class=java.nio.HeapCharBuffer@500000b7)
ARR 500012be (sz=32, trace=300209, nelems=0, elem type=char[])
OBJ 500012bf (sz=32, trace=300210, class=java.lang.String@500000d6)
OBJ 500012c0 (sz=48, trace=300026, class=java.nio.HeapCharBuffer@500000b7)
OBJ 500012c1 (sz=48, trace=300026, class=java.nio.HeapCharBuffer@500000b7)
ARR 500012c2 (sz=32, trace=300209, nelems=0, elem type=char[])
OBJ 500012c3 (sz=32, trace=300210, class=java.lang.String@500000d6)
OBJ 500012c4 (sz=48, trace=300026, class=java.nio.HeapCharBuffer@500000b7)
OBJ 500012c5 (sz=48, trace=300026, class=java.nio.HeapCharBuffer@500000b7)
ARR 500012c6 (sz=32, trace=300209, nelems=0, elem type=char[])
OBJ 500012c7 (sz=32, trace=300210, class=java.lang.String@500000d6)
OBJ 500012c8 (sz=48, trace=300026, class=java.nio.HeapCharBuffer@500000b7)
OBJ 500012c9 (sz=48, trace=300026, class=java.nio.HeapCharBuffer@500000b7)
ARR 500012ca (sz=32, trace=300209, nelems=0, elem type=char[])
OBJ 500012cb (sz=32, trace=300210, class=java.lang.String@500000d6)
OBJ 500012cc (sz=48, trace=300026, class=java.nio.HeapCharBuffer@500000b7)
OBJ 500012cd (sz=48, trace=300026, class=java.nio.HeapCharBuffer@500000b7)
ARR 500012ce (sz=32, trace=300209, nelems=0, elem type=char[])
OBJ 500012cf (sz=32, trace=300210, class=java.lang.String@500000d6)
OBJ 500012d0 (sz=48, trace=300026, class=java.nio.HeapCharBuffer@500000b7)
OBJ 500012d1 (sz=48, trace=300026, class=java.nio.HeapCharBuffer@500000b7)
ARR 500012d2 (sz=32, trace=300209, nelems=0, elem type=char[])
OBJ 500012d3 (sz=32, trace=300210, class=java.lang.String@500000d6)
OBJ 500012d4 (sz=48, trace=300026, class=java.nio.HeapCharBuffer@500000b7)
OBJ 500012d5 (sz=48, trace=300026, class=java.nio.HeapCharBuffer@500000b7)
ARR 500012d6 (sz=32, trace=300209, nelems=0, elem type=char[])
OBJ 500012d7 (sz=32, trace=300210, class=java.lang.String@500000d6)
OBJ 500012d8 (sz=48, trace=300026, class=java.nio.HeapCharBuffer@500000b7)
OBJ 500012d9 (sz=48, trace=300026, class=java.nio.HeapCharBuffer@500000b7)
ARR 500012da (sz=32, trace=300209, nelems=0, elem type=char[])
OBJ 500012db (sz=32, trace=300210, class=java.lang.String@500000d6)
OBJ 500012dc (sz=48, trace=300026, class=java.nio.HeapCharBuffer@500000b7)
OBJ 500012dd (sz=48, trace=300026, class=java.nio.HeapCharBuffer@500000b7)
ARR 500012de (sz=32, trace=300209, nelems=0, elem type=char[])
OBJ 500012df (sz=32, trace=300210, class=java.lang.String@500000d6)
OBJ 500012e0 (sz=48, trace=300026, class=java.nio.HeapCharBuffer@500000b7)
OBJ 500012e1 (sz=48, trace=300026, class=java.nio.HeapCharBuffer@500000b7)
ARR 500012e2 (sz=32, trace=300209, nelems=0, elem type=char[])
OBJ 500012e3 (sz=32, trace=300210, class=java.lang.String@500000d6)
OBJ 500012e4 (sz=48, trace=300026, class=java.nio.HeapCharBuffer@500000b7)
OBJ 500012e5 (sz=48, trace=300026, class=java.nio.HeapCharBuffer@500000b7)
ARR 500012e6 (sz=32, trace=300209, nelems=0, elem type=char[])
OBJ 500012e7 (sz=32, trace=300210, class=java.lang.String@500000d6)
OBJ 500012e8 (sz=48, trace=300026, class=java.nio.HeapCharBuffer@500000b7)
OBJ 500012e9 (sz=48, trace=300026, class=java.nio.HeapCharBuffer@500000b7)
ARR 500012ea (sz=32, trace=300209, nelems=0, elem type=char[])
OBJ 500012eb (sz=32, trace=300210, class=java.lang.String@500000d6)
OBJ 500012ec (sz=48, trace=300026, class=java.nio.HeapCharBuffer@500000b7)
OBJ 500012ed (sz=48, trace=300026, class=java.nio.HeapCharBuffer@500000b7)
ARR 500012ee (sz=32, trace=300209, nelems=0, elem type=char[])
OBJ 500012ef (sz=32, trace=300210, class=java.lang.String@500000d6)
OBJ 500012f0 (sz=48, trace=300026, class=java.nio.HeapCharBuffer@500000b7)
OBJ 500012f1 (sz=48, trace=300026, class=java.nio.HeapCharBuffer@500000b7)
ARR 500012f2 (sz=32, trace=300209, nelems=0, elem type=char[])
OBJ 500012f3 (sz=32, trace=300210, class=java.lang.String@500000d6)
OBJ 500012f4 (sz=48, trace=300026, class=java.nio.HeapCharBuffer@500000b7)
OBJ 500012f5 (sz=48, trace=300026, class=java.nio.HeapCharBuffer@500000b7)
ARR 500012f6 (sz=32, trace=300209, nelems=0, elem type=char[])
OBJ 500012f7 (sz=32, trace=300210, class=java.lang.String@500000d6)
OBJ 500012f8 (sz=48, trace=300026, class=java.nio.HeapCharBuffer@500000b7)
OBJ 500012f9 (sz=48, trace=300026, class=java.nio.HeapCharBuffer@500000b7)
ARR 500012fa (sz=32, trace=300209, nelems=0, elem type=char[])
OBJ 500012fb (sz=32, trace=300210, class=java.lang.String@500000d6)
OBJ 500012fc (sz=48, trace=300026, class=java.nio.HeapCharBuffer@500000b7)
OBJ 500012fd (sz=48, trace=300026, class=java.nio.HeapCharBuffer@500000b7)
ARR 500012fe (sz=32, trace=300209, nelems=0, elem type=char[])
OBJ 500012ff (sz=32, trace=300210, class=java.lang.String@500000d6)
OBJ 50001300 (sz=48, trace=300026, class=java.nio.HeapCharBuffer@500000b7)
OBJ 50001301 (sz=48, trace=300026, class=java.nio.HeapCharBuffer@500000b7)
ARR 50001302 (sz=32, trace=300209, nelems=0, elem type=char[])
OBJ 50001303 (sz=32, trace=300210, class=java.lang.String@500000d6)
OBJ 50001304 (sz=48, trace=300026, class=java.nio.HeapCharBuffer@500000b7)
OBJ 50001305 (sz=48, trace=300026, class=java.nio.HeapCharBuffer@500000b7)
ARR 50001306 (sz=32, trace=300209, nelems=0, elem type=char[])
OBJ 50001307 (sz=32, trace=300210, class=java.lang.String@500000d6)
OBJ 50001308 (sz=48, trace=300026, class=java.nio.HeapCharBuffer@500000b7)
OBJ 50001309 (sz=48, trace=300026, class=java.nio.HeapCharBuffer@500000b7)
ARR 5000130a (sz=32, trace=300209, nelems=0, elem type=char[])
OBJ 5000130b (sz=32, trace=300210, class=java.lang.String@500000d6)
OBJ 5000130c (sz=48, trace=300026, class=java.nio.HeapCharBuffer@500000b7)
OBJ 5000130d (sz=48, trace=300026, class=java.nio.HeapCharBuffer@500000b7)
ARR 5000130e (sz=32, trace=300209, nelems=0, elem type=char[])
OBJ 5000130f (sz=32, trace=300210, class=java.lang.String@500000d6)
OBJ 50001310 (sz=48, trace=300026, class=java.nio.HeapCharBuffer@500000b7)
OBJ 50001311 (sz=48, trace=300026, class=java.nio.HeapCharBuffer@500000b7)
ARR 50001312 (sz=32, trace=300209, nelems=0, elem type=char[])
OBJ 50001313 (sz=32, trace=300210, class=java.lang.String@500000d6)
OBJ 50001314 (sz=48, trace=300026, class=java.nio.HeapCharBuffer@500000b7)
OBJ 50001315 (sz=48, trace=300026, class=java.nio.HeapCharBuffer@500000b7)
ARR 50001316 (sz=32, trace=300209, nelems=0, elem type=char[])
OBJ 50001317 (sz=32, trace=300210, class=java.lang.String@500000d6)
OBJ 50001318 (sz=48, trace=300026, class=java.nio.HeapCharBuffer@500000b7)
OBJ 50001319 (sz=48, trace=300026, class=java.nio.HeapCharBuffer@500000b7)
ARR 5000131a (sz=32, trace=300209, nelems=0, elem type=char[])
OBJ 5000131b (sz=32, trace=300210, class=java.lang.String@500000d6)
OBJ 5000131c (sz=48, trace=300026, class=java.nio.HeapCharBuffer@500000b7)
OBJ 5000131d (sz=48, trace=300026, class=java.nio.HeapCharBuffer@500000b7)
ARR 5000131e (sz=32, trace=300209, nelems=0, elem type=char[])
OBJ 5000131f (sz=32, trace=300210, class=java.lang.String@500000d6)
OBJ 50001320 (sz=48, trace=300026, class=java.nio.HeapCharBuffer@500000b7)
OBJ 50001321 (sz=48, trace=300026, class=java.nio.HeapCharBuffer@500000b7)
ARR 50001322 (sz=32, trace=300209, nelems=0, elem type=char[])
OBJ 50001323 (sz=32, trace=300210, class=java.lang.String@500000d6)
OBJ 50001324 (sz=48, trace=300026, class=java.nio.HeapCharBuffer@500000b7)
OBJ 50001325 (sz=48, trace=300026, class=java.nio.HeapCharBuffer@500000b7)
ARR 50001326 (sz=32, trace=300209, nelems=0, elem type=char[])
OBJ 50001327 (sz=32, trace=300210, class=java.lang.String@500000d6)
OBJ 50001328 (sz=48, trace=300026, class=java.nio.HeapCharBuffer@500000b7)
OBJ 50001329 (sz=48, trace=300026, class=java.nio.HeapCharBuffer@500000b7)
ARR 5000132a (sz=32, trace=300209, nelems=0, elem type=char[])
OBJ 5000132b (sz=32, trace=300210, class=java.lang.String@500000d6)
OBJ 5000132c (sz=48, trace=300026, class=java.nio.HeapCharBuffer@500000b7)
OBJ 5000132d (sz=48, trace=300026, class=java.nio.HeapCharBuffer@500000b7)
ARR 5000132e (sz=32, trace=300209, nelems=0, elem type=char[])
OBJ 5000132f (sz=32, trace=300210, class=java.lang.String@500000d6)
OBJ 50001330 (sz=48, trace=300026, class=java.nio.HeapCharBuffer@500000b7)
OBJ 50001331 (sz=48, trace=300026, class=java.nio.HeapCharBuffer@500000b7)
ARR 50001332 (sz=32, trace=300209, nelems=0, elem type=char[])
OBJ 50001333 (sz=32, trace=300210, class=java.lang.String@500000d6)
OBJ 50001334 (sz=48, trace=300026, class=java.nio.HeapCharBuffer@500000b7)
OBJ 50001335 (sz=48, trace=300026, class=java.nio.HeapCharBuffer@500000b7)
ARR 50001336 (sz=32, trace=300209, nelems=0, elem type=char[])
OBJ 50001337 (sz=32, trace=300210, class=java.lang.String@500000d6)
OBJ 50001338 (sz=48, trace=300026, class=java.nio.HeapCharBuffer@500000b7)
OBJ 50001339 (sz=48, trace=300026, class=java.nio.HeapCharBuffer@500000b7)
ARR 5000133a (sz=32, trace=300209, nelems=0, elem type=char[])
OBJ 5000133b (sz=32, trace=300210, class=java.lang.String@500000d6)
OBJ 5000133c (sz=48, trace=300026, class=java.nio.HeapCharBuffer@500000b7)
OBJ 5000133d (sz=48, trace=300026, class=java.nio.HeapCharBuffer@500000b7)
ARR 5000133e (sz=32, trace=300209, nelems=0, elem type=char[])
OBJ 5000133f (sz=32, trace=300210, class=java.lang.String@500000d6)
OBJ 50001340 (sz=48, trace=300026, class=java.nio.HeapCharBuffer@500000b7)
OBJ 50001341 (sz=48, trace=300026, class=java.nio.HeapCharBuffer@500000b7)
ARR 50001342 (sz=32, trace=300209, nelems=0, elem type=char[])
OBJ 50001343 (sz=32, trace=300210, class=java.lang.String@500000d6)
OBJ 50001344 (sz=48, trace=300026, class=java.nio.HeapCharBuffer@500000b7)
OBJ 50001345 (sz=48, trace=300026, class=java.nio.HeapCharBuffer@500000b7)
ARR 50001346 (sz=32, trace=300209, nelems=0, elem type=char[])
OBJ 50001347 (sz=32, trace=300210, class=java.lang.String@500000d6)
OBJ 50001348 (sz=48, trace=300026, class=java.nio.HeapCharBuffer@500000b7)
OBJ 50001349 (sz=48, trace=300026, class=java.nio.HeapCharBuffer@500000b7)
ARR 5000134a (sz=32, trace=300209, nelems=0, elem type=char[])
OBJ 5000134b (sz=32, trace=300210, class=java.lang.String@500000d6)
OBJ 5000134c (sz=48, trace=300026, class=java.nio.HeapCharBuffer@500000b7)
OBJ 5000134d (sz=48, trace=300026, class=java.nio.HeapCharBuffer@500000b7)
ARR 5000134e (sz=32, trace=300209, nelems=0, elem type=char[])
OBJ 5000134f (sz=32, trace=300210, class=java.lang.String@500000d6)
OBJ 50001350 (sz=48, trace=300026, class=java.nio.HeapCharBuffer@500000b7)
OBJ 50001351 (sz=48, trace=300026, class=java.nio.HeapCharBuffer@500000b7)
ARR 50001352 (sz=32, trace=300209, nelems=0, elem type=char[])
OBJ 50001353 (sz=32, trace=300210, class=java.lang.String@500000d6)
OBJ 50001354 (sz=48, trace=300026, class=java.nio.HeapCharBuffer@500000b7)
OBJ 50001355 (sz=48, trace=300026, class=java.nio.HeapCharBuffer@500000b7)
ARR 50001356 (sz=32, trace=300209, nelems=0, elem type=char[])
OBJ 50001357 (sz=32, trace=300210, class=java.lang.String@500000d6)
OBJ 50001358 (sz=48, trace=300026, class=java.nio.HeapCharBuffer@500000b7)
OBJ 50001359 (sz=48, trace=300026, class=java.nio.HeapCharBuffer@500000b7)
ARR 5000135a (sz=32, trace=300209, nelems=0, elem type=char[])
OBJ 5000135b (sz=32, trace=300210, class=java.lang.String@500000d6)
OBJ 5000135c (sz=48, trace=300026, class=java.nio.HeapCharBuffer@500000b7)
OBJ 5000135d (sz=48, trace=300026, class=java.nio.HeapCharBuffer@500000b7)
ARR 5000135e (sz=32, trace=300209, nelems=0, elem type=char[])
OBJ 5000135f (sz=32, trace=300210, class=java.lang.String@500000d6)
OBJ 50001360 (sz=48, trace=300026, class=java.nio.HeapCharBuffer@500000b7)
OBJ 50001361 (sz=48, trace=300026, class=java.nio.HeapCharBuffer@500000b7)
ARR 50001362 (sz=32, trace=300209, nelems=0, elem type=char[])
OBJ 50001363 (sz=32, trace=300210, class=java.lang.String@500000d6)
OBJ 50001364 (sz=48, trace=300026, class=java.nio.HeapCharBuffer@500000b7)
OBJ 50001365 (sz=48, trace=300026, class=java.nio.HeapCharBuffer@500000b7)
ARR 50001366 (sz=32, trace=300209, nelems=0, elem type=char[])
OBJ 50001367 (sz=32, trace=300210, class=java.lang.String@500000d6)
OBJ 50001368 (sz=48, trace=300026, class=java.nio.HeapCharBuffer@500000b7)
OBJ 50001369 (sz=48, trace=300026, class=java.nio.HeapCharBuffer@500000b7)
ARR 5000136a (sz=32, trace=300209, nelems=0, elem type=char[])
OBJ 5000136b (sz=32, trace=300210, class=java.lang.String@500000d6)
OBJ 5000136c (sz=48, trace=300026, class=java.nio.HeapCharBuffer@500000b7)
OBJ 5000136d (sz=48, trace=300026, class=java.nio.HeapCharBuffer@500000b7)
ARR 5000136e (sz=32, trace=300209, nelems=0, elem type=char[])
OBJ 5000136f (sz=32, trace=300210, class=java.lang.String@500000d6)
OBJ 50001370 (sz=48, trace=300026, class=java.nio.HeapCharBuffer@500000b7)
OBJ 50001371 (sz=48, trace=300026, class=java.nio.HeapCharBuffer@500000b7)
ARR 50001372 (sz=32, trace=300209, nelems=0, elem type=char[])
OBJ 50001373 (sz=32, trace=300210, class=java.lang.String@500000d6)
OBJ 50001374 (sz=48, trace=300026, class=java.nio.HeapCharBuffer@500000b7)
OBJ 50001375 (sz=48, trace=300026, class=java.nio.HeapCharBuffer@500000b7)
ARR 50001376 (sz=32, trace=300209, nelems=0, elem type=char[])
OBJ 50001377 (sz=32, trace=300210, class=java.lang.String@500000d6)
OBJ 50001378 (sz=48, trace=300026, class=java.nio.HeapCharBuffer@500000b7)
OBJ 50001379 (sz=48, trace=300026, class=java.nio.HeapCharBuffer@500000b7)
ARR 5000137a (sz=32, trace=300209, nelems=0, elem type=char[])
OBJ 5000137b (sz=32, trace=300210, class=java.lang.String@500000d6)
OBJ 5000137c (sz=48, trace=300026, class=java.nio.HeapCharBuffer@500000b7)
OBJ 5000137d (sz=48, trace=300026, class=java.nio.HeapCharBuffer@500000b7)
ARR 5000137e (sz=32, trace=300209, nelems=0, elem type=char[])
OBJ 5000137f (sz=32, trace=300210, class=java.lang.String@500000d6)
OBJ 50001380 (sz=48, trace=300026, class=java.nio.HeapCharBuffer@500000b7)
OBJ 50001381 (sz=48, trace=300026, class=java.nio.HeapCharBuffer@500000b7)
ARR 50001382 (sz=32, trace=300209, nelems=0, elem type=char[])
OBJ 50001383 (sz=32, trace=300210, class=java.lang.String@500000d6)
OBJ 50001384 (sz=48, trace=300026, class=java.nio.HeapCharBuffer@500000b7)
OBJ 50001385 (sz=48, trace=300026, class=java.nio.HeapCharBuffer@500000b7)
ARR 50001386 (sz=32, trace=300209, nelems=0, elem type=char[])
OBJ 50001387 (sz=32, trace=300210, class=java.lang.String@500000d6)
OBJ 50001388 (sz=48, trace=300026, class=java.nio.HeapCharBuffer@500000b7)
OBJ 50001389 (sz=48, trace=300026, class=java.nio.HeapCharBuffer@500000b7)
ARR 5000138a (sz=32, trace=300209, nelems=0, elem type=char[])
OBJ 5000138b (sz=32, trace=300210, class=java.lang.String@500000d6)
OBJ 5000138c (sz=48, trace=300026, class=java.nio.HeapCharBuffer@500000b7)
OBJ 5000138d (sz=48, trace=300026, class=java.nio.HeapCharBuffer@500000b7)
ARR 5000138e (sz=32, trace=300209, nelems=0, elem type=char[])
OBJ 5000138f (sz=32, trace=300210, class=java.lang.String@500000d6)
OBJ 50001390 (sz=48, trace=300026, class=java.nio.HeapCharBuffer@500000b7)
OBJ 50001391 (sz=48, trace=300026, class=java.nio.HeapCharBuffer@500000b7)
ARR 50001392 (sz=32, trace=300209, nelems=0, elem type=char[])
OBJ 50001393 (sz=32, trace=300210, class=java.lang.String@500000d6)
OBJ 50001394 (sz=48, trace=300026, class=java.nio.HeapCharBuffer@500000b7)
OBJ 50001395 (sz=48, trace=300026, class=java.nio.HeapCharBuffer@500000b7)
ARR 50001396 (sz=32, trace=300209, nelems=0, elem type=char[])
OBJ 50001397 (sz=32, trace=300210, class=java.lang.String@500000d6)
OBJ 50001398 (sz=48, trace=300026, class=java.nio.HeapCharBuffer@500000b7)
OBJ 50001399 (sz=48, trace=300026, class=java.nio.HeapCharBuffer@500000b7)
ARR 5000139a (sz=32, trace=300209, nelems=0, elem type=char[])
OBJ 5000139b (sz=32, trace=300210, class=java.lang.String@500000d6)
OBJ 5000139c (sz=48, trace=300026, class=java.nio.HeapCharBuffer@500000b7)
OBJ 5000139d (sz=48, trace=300026, class=java.nio.HeapCharBuffer@500000b7)
ARR 5000139e (sz=32, trace=300209, nelems=0, elem type=char[])
OBJ 5000139f (sz=32, trace=300210, class=java.lang.String@500000d6)
OBJ 500013a0 (sz=48, trace=300026, class=java.nio.HeapCharBuffer@500000b7)
OBJ 500013a1 (sz=48, trace=300026, class=java.nio.HeapCharBuffer@500000b7)
ARR 500013a2 (sz=32, trace=300209, nelems=0, elem type=char[])
OBJ 500013a3 (sz=32, trace=300210, class=java.lang.String@500000d6)
OBJ 500013a4 (sz=48, trace=300026, class=java.nio.HeapCharBuffer@500000b7)
OBJ 500013a5 (sz=48, trace=300026, class=java.nio.HeapCharBuffer@500000b7)
ARR 500013a6 (sz=32, trace=300209, nelems=0, elem type=char[])
OBJ 500013a7 (sz=32, trace=300210, class=java.lang.String@500000d6)
OBJ 500013a8 (sz=48, trace=300026, class=java.nio.HeapCharBuffer@500000b7)
OBJ 500013a9 (sz=48, trace=300026, class=java.nio.HeapCharBuffer@500000b7)
ARR 500013aa (sz=32, trace=300209, nelems=0, elem type=char[])
OBJ 500013ab (sz=32, trace=300210, class=java.lang.String@500000d6)
OBJ 500013ac (sz=48, trace=300026, class=java.nio.HeapCharBuffer@500000b7)
OBJ 500013ad (sz=48, trace=300026, class=java.nio.HeapCharBuffer@500000b7)
ARR 500013ae (sz=32, trace=300209, nelems=0, elem type=char[])
OBJ 500013af (sz=32, trace=300210, class=java.lang.String@500000d6)
OBJ 500013b0 (sz=48, trace=300026, class=java.nio.HeapCharBuffer@500000b7)
OBJ 500013b1 (sz=48, trace=300026, class=java.nio.HeapCharBuffer@500000b7)
ARR 500013b2 (sz=32, trace=300209, nelems=0, elem type=char[])
OBJ 500013b3 (sz=32, trace=300210, class=java.lang.String@500000d6)
OBJ 500013b4 (sz=48, trace=300026, class=java.nio.HeapCharBuffer@500000b7)
OBJ 500013b5 (sz=48, trace=300026, class=java.nio.HeapCharBuffer@500000b7)
ARR 500013b6 (sz=32, trace=300209, nelems=0, elem type=char[])
OBJ 500013b7 (sz=32, trace=300210, class=java.lang.String@500000d6)
OBJ 500013b8 (sz=48, trace=300026, class=java.nio.HeapCharBuffer@500000b7)
OBJ 500013b9 (sz=48, trace=300026, class=java.nio.HeapCharBuffer@500000b7)
ARR 500013ba (sz=32, trace=300209, nelems=0, elem type=char[])
OBJ 500013bb (sz=32, trace=300210, class=java.lang.String@500000d6)
OBJ 500013bc (sz=48, trace=300026, class=java.nio.HeapCharBuffer@500000b7)
OBJ 500013bd (sz=48, trace=300026, class=java.nio.HeapCharBuffer@500000b7)
ARR 500013be (sz=32, trace=300209, nelems=0, elem type=char[])
OBJ 500013bf (sz=32, trace=300210, class=java.lang.String@500000d6)
OBJ 500013c0 (sz=48, trace=300026, class=java.nio.HeapCharBuffer@500000b7)
OBJ 500013c1 (sz=48, trace=300026, class=java.nio.HeapCharBuffer@500000b7)
ARR 500013c2 (sz=32, trace=300209, nelems=0, elem type=char[])
OBJ 500013c3 (sz=32, trace=300210, class=java.lang.String@500000d6)
OBJ 500013c4 (sz=48, trace=300026, class=java.nio.HeapCharBuffer@500000b7)
OBJ 500013c5 (sz=48, trace=300026, class=java.nio.HeapCharBuffer@500000b7)
ARR 500013c6 (sz=32, trace=300209, nelems=0, elem type=char[])
OBJ 500013c7 (sz=32, trace=300210, class=java.lang.String@500000d6)
OBJ 500013c8 (sz=48, trace=300026, class=java.nio.HeapCharBuffer@500000b7)
OBJ 500013c9 (sz=48, trace=300026, class=java.nio.HeapCharBuffer@500000b7)
ARR 500013ca (sz=32, trace=300209, nelems=0, elem type=char[])
OBJ 500013cb (sz=32, trace=300210, class=java.lang.String@500000d6)
OBJ 500013cc (sz=48, trace=300026, class=java.nio.HeapCharBuffer@500000b7)
OBJ 500013cd (sz=48, trace=300026, class=java.nio.HeapCharBuffer@500000b7)
ARR 500013ce (sz=32, trace=300209, nelems=0, elem type=char[])
OBJ 500013cf (sz=32, trace=300210, class=java.lang.String@500000d6)
OBJ 500013d0 (sz=48, trace=300026, class=java.nio.HeapCharBuffer@500000b7)
OBJ 500013d1 (sz=48, trace=300026, class=java.nio.HeapCharBuffer@500000b7)
ARR 500013d2 (sz=32, trace=300209, nelems=0, elem type=char[])
OBJ 500013d3 (sz=32, trace=300210, class=java.lang.String@500000d6)
OBJ 500013d4 (sz=48, trace=300026, class=java.nio.HeapCharBuffer@500000b7)
OBJ 500013d5 (sz=48, trace=300026, class=java.nio.HeapCharBuffer@500000b7)
ARR 500013d6 (sz=32, trace=300209, nelems=0, elem type=char[])
OBJ 500013d7 (sz=32, trace=300210, class=java.lang.String@500000d6)
OBJ 500013d8 (sz=48, trace=300026, class=java.nio.HeapCharBuffer@500000b7)
OBJ 500013d9 (sz=48, trace=300026, class=java.nio.HeapCharBuffer@500000b7)
ARR 500013da (sz=32, trace=300209, nelems=0, elem type=char[])
OBJ 500013db (sz=32, trace=300210, class=java.lang.String@500000d6)
OBJ 500013dc (sz=48, trace=300026, class=java.nio.HeapCharBuffer@500000b7)
OBJ 500013dd (sz=48, trace=300026, class=java.nio.HeapCharBuffer@500000b7)
ARR 500013de (sz=32, trace=300209, nelems=0, elem type=char[])
OBJ 500013df (sz=32, trace=300210, class=java.lang.String@500000d6)
OBJ 500013e0 (sz=48, trace=300026, class=java.nio.HeapCharBuffer@500000b7)
OBJ 500013e1 (sz=48, trace=300026, class=java.nio.HeapCharBuffer@500000b7)
ARR 500013e2 (sz=32, trace=300209, nelems=0, elem type=char[])
OBJ 500013e3 (sz=32, trace=300210, class=java.lang.String@500000d6)
OBJ 500013e4 (sz=48, trace=300026, class=java.nio.HeapCharBuffer@500000b7)
OBJ 500013e5 (sz=48, trace=300026, class=java.nio.HeapCharBuffer@500000b7)
ARR 500013e6 (sz=32, trace=300209, nelems=0, elem type=char[])
OBJ 500013e7 (sz=32, trace=300210, class=java.lang.String@500000d6)
OBJ 500013e8 (sz=48, trace=300026, class=java.nio.HeapCharBuffer@500000b7)
OBJ 500013e9 (sz=48, trace=300026, class=java.nio.HeapCharBuffer@500000b7)
ARR 500013ea (sz=32, trace=300209, nelems=0, elem type=char[])
OBJ 500013eb (sz=32, trace=300210, class=java.lang.String@500000d6)
OBJ 500013ec (sz=48, trace=300026, class=java.nio.HeapCharBuffer@500000b7)
OBJ 500013ed (sz=48, trace=300026, class=java.nio.HeapCharBuffer@500000b7)
ARR 500013ee (sz=32, trace=300209, nelems=0, elem type=char[])
OBJ 500013ef (sz=32, trace=300210, class=java.lang.String@500000d6)
OBJ 500013f0 (sz=48, trace=300026, class=java.nio.HeapCharBuffer@500000b7)
OBJ 500013f1 (sz=48, trace=300026, class=java.nio.HeapCharBuffer@500000b7)
ARR 500013f2 (sz=32, trace=300209, nelems=0, elem type=char[])
OBJ 500013f3 (sz=32, trace=300210, class=java.lang.String@500000d6)
OBJ 500013f4 (sz=48, trace=300026, class=java.nio.HeapCharBuffer@500000b7)
OBJ 500013f5 (sz=48, trace=300026, class=java.nio.HeapCharBuffer@500000b7)
ARR 500013f6 (sz=32, trace=300209, nelems=0, elem type=char[])
OBJ 500013f7 (sz=32, trace=300210, class=java.lang.String@500000d6)
OBJ 500013f8 (sz=48, trace=300026, class=java.nio.HeapCharBuffer@500000b7)
OBJ 500013f9 (sz=48, trace=300026, class=java.nio.HeapCharBuffer@500000b7)
ARR 500013fa (sz=32, trace=300209, nelems=0, elem type=char[])
OBJ 500013fb (sz=32, trace=300210, class=java.lang.String@500000d6)
OBJ 500013fc (sz=48, trace=300026, class=java.nio.HeapCharBuffer@500000b7)
OBJ 500013fd (sz=48, trace=300026, class=java.nio.HeapCharBuffer@500000b7)
ARR 500013fe (sz=32, trace=300209, nelems=0, elem type=char[])
OBJ 500013ff (sz=32, trace=300210, class=java.lang.String@500000d6)
OBJ 50001400 (sz=48, trace=300026, class=java.nio.HeapCharBuffer@500000b7)
OBJ 50001401 (sz=48, trace=300026, class=java.nio.HeapCharBuffer@500000b7)
ARR 50001402 (sz=32, trace=300209, nelems=0, elem type=char[])
OBJ 50001403 (sz=32, trace=300210, class=java.lang.String@500000d6)
OBJ 50001404 (sz=48, trace=300026, class=java.nio.HeapCharBuffer@500000b7)
OBJ 50001405 (sz=48, trace=300026, class=java.nio.HeapCharBuffer@500000b7)
ARR 50001406 (sz=32, trace=300209, nelems=0, elem type=char[])
OBJ 50001407 (sz=32, trace=300210, class=java.lang.String@500000d6)
OBJ 50001408 (sz=48, trace=300026, class=java.nio.HeapCharBuffer@500000b7)
OBJ 50001409 (sz=48, trace=300026, class=java.nio.HeapCharBuffer@500000b7)
ARR 5000140a (sz=32, trace=300209, nelems=0, elem type=char[])
OBJ 5000140b (sz=32, trace=300210, class=java.lang.String@500000d6)
OBJ 5000140c (sz=48, trace=300026, class=java.nio.HeapCharBuffer@500000b7)
OBJ 5000140d (sz=48, trace=300026, class=java.nio.HeapCharBuffer@500000b7)
ARR 5000140e (sz=32, trace=300209, nelems=0, elem type=char[])
OBJ 5000140f (sz=32, trace=300210, class=java.lang.String@500000d6)
OBJ 50001410 (sz=48, trace=300026, class=java.nio.HeapCharBuffer@500000b7)
OBJ 50001411 (sz=48, trace=300026, class=java.nio.HeapCharBuffer@500000b7)
ARR 50001412 (sz=32, trace=300209, nelems=0, elem type=char[])
OBJ 50001413 (sz=32, trace=300210, class=java.lang.String@500000d6)
OBJ 50001414 (sz=48, trace=300026, class=java.nio.HeapCharBuffer@500000b7)
OBJ 50001415 (sz=48, trace=300026, class=java.nio.HeapCharBuffer@500000b7)
ARR 50001416 (sz=32, trace=300209, nelems=0, elem type=char[])
OBJ 50001417 (sz=32, trace=300210, class=java.lang.String@500000d6)
OBJ 50001418 (sz=48, trace=300026, class=java.nio.HeapCharBuffer@500000b7)
OBJ 50001419 (sz=48, trace=300026, class=java.nio.HeapCharBuffer@500000b7)
ARR 5000141a (sz=32, trace=300209, nelems=0, elem type=char[])
OBJ 5000141b (sz=32, trace=300210, class=java.lang.String@500000d6)
OBJ 5000141c (sz=48, trace=300026, class=java.nio.HeapCharBuffer@500000b7)
OBJ 5000141d (sz=48, trace=300026, class=java.nio.HeapCharBuffer@500000b7)
ARR 5000141e (sz=32, trace=300209, nelems=0, elem type=char[])
OBJ 5000141f (sz=32, trace=300210, class=java.lang.String@500000d6)
OBJ 50001420 (sz=48, trace=300026, class=java.nio.HeapCharBuffer@500000b7)
OBJ 50001421 (sz=48, trace=300026, class=java.nio.HeapCharBuffer@500000b7)
ARR 50001422 (sz=32, trace=300209, nelems=0, elem type=char[])
OBJ 50001423 (sz=32, trace=300210, class=java.lang.String@500000d6)
OBJ 50001424 (sz=48, trace=300026, class=java.nio.HeapCharBuffer@500000b7)
OBJ 50001425 (sz=48, trace=300026, class=java.nio.HeapCharBuffer@500000b7)
ARR 50001426 (sz=32, trace=300209, nelems=0, elem type=char[])
OBJ 50001427 (sz=32, trace=300210, class=java.lang.String@500000d6)
OBJ 50001428 (sz=48, trace=300026, class=java.nio.HeapCharBuffer@500000b7)
OBJ 50001429 (sz=48, trace=300026, class=java.nio.HeapCharBuffer@500000b7)
ARR 5000142a (sz=32, trace=300209, nelems=0, elem type=char[])
OBJ 5000142b (sz=32, trace=300210, class=java.lang.String@500000d6)
OBJ 5000142c (sz=48, trace=300026, class=java.nio.HeapCharBuffer@500000b7)
OBJ 5000142d (sz=48, trace=300026, class=java.nio.HeapCharBuffer@500000b7)
ARR 5000142e (sz=32, trace=300209, nelems=0, elem type=char[])
OBJ 5000142f (sz=32, trace=300210, class=java.lang.String@500000d6)
OBJ 50001430 (sz=48, trace=300026, class=java.nio.HeapCharBuffer@500000b7)
OBJ 50001431 (sz=48, trace=300026, class=java.nio.HeapCharBuffer@500000b7)
ARR 50001432 (sz=32, trace=300209, nelems=0, elem type=char[])
OBJ 50001433 (sz=32, trace=300210, class=java.lang.String@500000d6)
OBJ 50001434 (sz=48, trace=300026, class=java.nio.HeapCharBuffer@500000b7)
OBJ 50001435 (sz=48, trace=300026, class=java.nio.HeapCharBuffer@500000b7)
ARR 50001436 (sz=32, trace=300209, nelems=0, elem type=char[])
OBJ 50001437 (sz=32, trace=300210, class=java.lang.String@500000d6)
OBJ 50001438 (sz=48, trace=300026, class=java.nio.HeapCharBuffer@500000b7)
OBJ 50001439 (sz=48, trace=300026, class=java.nio.HeapCharBuffer@500000b7)
ARR 5000143a (sz=32, trace=300209, nelems=0, elem type=char[])
OBJ 5000143b (sz=32, trace=300210, class=java.lang.String@500000d6)
OBJ 5000143c (sz=48, trace=300026, class=java.nio.HeapCharBuffer@500000b7)
OBJ 5000143d (sz=48, trace=300026, class=java.nio.HeapCharBuffer@500000b7)
ARR 5000143e (sz=32, trace=300209, nelems=0, elem type=char[])
OBJ 5000143f (sz=32, trace=300210, class=java.lang.String@500000d6)
OBJ 50001440 (sz=48, trace=300026, class=java.nio.HeapCharBuffer@500000b7)
OBJ 50001441 (sz=48, trace=300026, class=java.nio.HeapCharBuffer@500000b7)
ARR 50001442 (sz=32, trace=300209, nelems=0, elem type=char[])
OBJ 50001443 (sz=32, trace=300210, class=java.lang.String@500000d6)
OBJ 50001444 (sz=48, trace=300026, class=java.nio.HeapCharBuffer@500000b7)
OBJ 50001445 (sz=48, trace=300026, class=java.nio.HeapCharBuffer@500000b7)
ARR 50001446 (sz=32, trace=300209, nelems=0, elem type=char[])
OBJ 50001447 (sz=32, trace=300210, class=java.lang.String@500000d6)
OBJ 50001448 (sz=48, trace=300026, class=java.nio.HeapCharBuffer@500000b7)
OBJ 50001449 (sz=48, trace=300026, class=java.nio.HeapCharBuffer@500000b7)
ARR 5000144a (sz=32, trace=300209, nelems=0, elem type=char[])
OBJ 5000144b (sz=32, trace=300210, class=java.lang.String@500000d6)
OBJ 5000144c (sz=48, trace=300026, class=java.nio.HeapCharBuffer@500000b7)
OBJ 5000144d (sz=48, trace=300026, class=java.nio.HeapCharBuffer@500000b7)
ARR 5000144e (sz=32, trace=300209, nelems=0, elem type=char[])
OBJ 5000144f (sz=32, trace=300210, class=java.lang.String@500000d6)
OBJ 50001450 (sz=48, trace=300026, class=java.nio.HeapCharBuffer@500000b7)
OBJ 50001451 (sz=48, trace=300026, class=java.nio.HeapCharBuffer@500000b7)
ARR 50001452 (sz=32, trace=300209, nelems=0, elem type=char[])
OBJ 50001453 (sz=32, trace=300210, class=java.lang.String@500000d6)
OBJ 50001454 (sz=48, trace=300026, class=java.nio.HeapCharBuffer@500000b7)
OBJ 50001455 (sz=48, trace=300026, class=java.nio.HeapCharBuffer@500000b7)
ARR 50001456 (sz=32, trace=300209, nelems=0, elem type=char[])
OBJ 50001457 (sz=32, trace=300210, class=java.lang.String@500000d6)
OBJ 50001458 (sz=48, trace=300026, class=java.nio.HeapCharBuffer@500000b7)
OBJ 50001459 (sz=48, trace=300026, class=java.nio.HeapCharBuffer@500000b7)
ARR 5000145a (sz=32, trace=300209, nelems=0, elem type=char[])
OBJ 5000145b (sz=32, trace=300210, class=java.lang.String@500000d6)
OBJ 5000145c (sz=48, trace=300026, class=java.nio.HeapCharBuffer@500000b7)
OBJ 5000145d (sz=48, trace=300026, class=java.nio.HeapCharBuffer@500000b7)
ARR 5000145e (sz=32, trace=300209, nelems=0, elem type=char[])
OBJ 5000145f (sz=32, trace=300210, class=java.lang.String@500000d6)
OBJ 50001460 (sz=48, trace=300026, class=java.nio.HeapCharBuffer@500000b7)
OBJ 50001461 (sz=48, trace=300026, class=java.nio.HeapCharBuffer@500000b7)
ARR 50001462 (sz=32, trace=300209, nelems=0, elem type=char[])
OBJ 50001463 (sz=32, trace=300210, class=java.lang.String@500000d6)
OBJ 50001464 (sz=48, trace=300026, class=java.nio.HeapCharBuffer@500000b7)
OBJ 50001465 (sz=48, trace=300026, class=java.nio.HeapCharBuffer@500000b7)
ARR 50001466 (sz=32, trace=300209, nelems=0, elem type=char[])
OBJ 50001467 (sz=32, trace=300210, class=java.lang.String@500000d6)
OBJ 50001468 (sz=48, trace=300026, class=java.nio.HeapCharBuffer@500000b7)
OBJ 50001469 (sz=48, trace=300026, class=java.nio.HeapCharBuffer@500000b7)
ARR 5000146a (sz=32, trace=300209, nelems=0, elem type=char[])
OBJ 5000146b (sz=32, trace=300210, class=java.lang.String@500000d6)
OBJ 5000146c (sz=48, trace=300026, class=java.nio.HeapCharBuffer@500000b7)
OBJ 5000146d (sz=48, trace=300026, class=java.nio.HeapCharBuffer@500000b7)
ARR 5000146e (sz=32, trace=300209, nelems=0, elem type=char[])
OBJ 5000146f (sz=32, trace=300210, class=java.lang.String@500000d6)
OBJ 50001470 (sz=48, trace=300026, class=java.nio.HeapCharBuffer@500000b7)
OBJ 50001471 (sz=48, trace=300026, class=java.nio.HeapCharBuffer@500000b7)
ARR 50001472 (sz=32, trace=300209, nelems=0, elem type=char[])
OBJ 50001473 (sz=32, trace=300210, class=java.lang.String@500000d6)
OBJ 50001474 (sz=48, trace=300026, class=java.nio.HeapCharBuffer@500000b7)
OBJ 50001475 (sz=48, trace=300026, class=java.nio.HeapCharBuffer@500000b7)
ARR 50001476 (sz=32, trace=300209, nelems=0, elem type=char[])
OBJ 50001477 (sz=32, trace=300210, class=java.lang.String@500000d6)
OBJ 50001478 (sz=48, trace=300026, class=java.nio.HeapCharBuffer@500000b7)
OBJ 50001479 (sz=48, trace=300026, class=java.nio.HeapCharBuffer@500000b7)
ARR 5000147a (sz=32, trace=300209, nelems=0, elem type=char[])
OBJ 5000147b (sz=32, trace=300210, class=java.lang.String@500000d6)
OBJ 5000147c (sz=48, trace=300026, class=java.nio.HeapCharBuffer@500000b7)
OBJ 5000147d (sz=48, trace=300026, class=java.nio.HeapCharBuffer@500000b7)
ARR 5000147e (sz=32, trace=300209, nelems=0, elem type=char[])
OBJ 5000147f (sz=32, trace=300210, class=java.lang.String@500000d6)
OBJ 50001480 (sz=48, trace=300026, class=java.nio.HeapCharBuffer@500000b7)
OBJ 50001481 (sz=48, trace=300026, class=java.nio.HeapCharBuffer@500000b7)
ARR 50001482 (sz=32, trace=300209, nelems=0, elem type=char[])
OBJ 50001483 (sz=32, trace=300210, class=java.lang.String@500000d6)
OBJ 50001484 (sz=48, trace=300026, class=java.nio.HeapCharBuffer@500000b7)
OBJ 50001485 (sz=48, trace=300026, class=java.nio.HeapCharBuffer@500000b7)
ARR 50001486 (sz=32, trace=300209, nelems=0, elem type=char[])
OBJ 50001487 (sz=32, trace=300210, class=java.lang.String@500000d6)
OBJ 50001488 (sz=48, trace=300026, class=java.nio.HeapCharBuffer@500000b7)
OBJ 50001489 (sz=48, trace=300026, class=java.nio.HeapCharBuffer@500000b7)
ARR 5000148a (sz=32, trace=300209, nelems=0, elem type=char[])
OBJ 5000148b (sz=32, trace=300210, class=java.lang.String@500000d6)
OBJ 5000148c (sz=48, trace=300026, class=java.nio.HeapCharBuffer@500000b7)
OBJ 5000148d (sz=48, trace=300026, class=java.nio.HeapCharBuffer@500000b7)
ARR 5000148e (sz=32, trace=300209, nelems=0, elem type=char[])
OBJ 5000148f (sz=32, trace=300210, class=java.lang.String@500000d6)
OBJ 50001490 (sz=48, trace=300026, class=java.nio.HeapCharBuffer@500000b7)
OBJ 50001491 (sz=48, trace=300026, class=java.nio.HeapCharBuffer@500000b7)
ARR 50001492 (sz=32, trace=300209, nelems=0, elem type=char[])
OBJ 50001493 (sz=32, trace=300210, class=java.lang.String@500000d6)
OBJ 50001494 (sz=48, trace=300026, class=java.nio.HeapCharBuffer@500000b7)
OBJ 50001495 (sz=48, trace=300026, class=java.nio.HeapCharBuffer@500000b7)
ARR 50001496 (sz=32, trace=300209, nelems=0, elem type=char[])
OBJ 50001497 (sz=32, trace=300210, class=java.lang.String@500000d6)
OBJ 50001498 (sz=48, trace=300026, class=java.nio.HeapCharBuffer@500000b7)
OBJ 50001499 (sz=48, trace=300026, class=java.nio.HeapCharBuffer@500000b7)
ARR 5000149a (sz=32, trace=300209, nelems=0, elem type=char[])
OBJ 5000149b (sz=32, trace=300210, class=java.lang.String@500000d6)
OBJ 5000149c (sz=48, trace=300026, class=java.nio.HeapCharBuffer@500000b7)
OBJ 5000149d (sz=48, trace=300026, class=java.nio.HeapCharBuffer@500000b7)
ARR 5000149e (sz=32, trace=300209, nelems=0, elem type=char[])
OBJ 5000149f (sz=32, trace=300210, class=java.lang.String@500000d6)
OBJ 500014a0 (sz=48, trace=300026, class=java.nio.HeapCharBuffer@500000b7)
OBJ 500014a1 (sz=48, trace=300026, class=java.nio.HeapCharBuffer@500000b7)
ARR 500014a2 (sz=32, trace=300209, nelems=0, elem type=char[])
OBJ 500014a3 (sz=32, trace=300210, class=java.lang.String@500000d6)
OBJ 500014a4 (sz=48, trace=300026, class=java.nio.HeapCharBuffer@500000b7)
OBJ 500014a5 (sz=48, trace=300026, class=java.nio.HeapCharBuffer@500000b7)
ARR 500014a6 (sz=32, trace=300209, nelems=0, elem type=char[])
OBJ 500014a7 (sz=32, trace=300210, class=java.lang.String@500000d6)
OBJ 500014a8 (sz=48, trace=300026, class=java.nio.HeapCharBuffer@500000b7)
OBJ 500014a9 (sz=48, trace=300026, class=java.nio.HeapCharBuffer@500000b7)
ARR 500014aa (sz=32, trace=300209, nelems=0, elem type=char[])
OBJ 500014ab (sz=32, trace=300210, class=java.lang.String@500000d6)
OBJ 500014ac (sz=48, trace=300026, class=java.nio.HeapCharBuffer@500000b7)
OBJ 500014ad (sz=48, trace=300026, class=java.nio.HeapCharBuffer@500000b7)
ARR 500014ae (sz=32, trace=300209, nelems=0, elem type=char[])
OBJ 500014af (sz=32, trace=300210, class=java.lang.String@500000d6)
OBJ 500014b0 (sz=48, trace=300026, class=java.nio.HeapCharBuffer@500000b7)
OBJ 500014b1 (sz=48, trace=300026, class=java.nio.HeapCharBuffer@500000b7)
ARR 500014b2 (sz=32, trace=300209, nelems=0, elem type=char[])
OBJ 500014b3 (sz=32, trace=300210, class=java.lang.String@500000d6)
OBJ 500014b4 (sz=48, trace=300026, class=java.nio.HeapCharBuffer@500000b7)
OBJ 500014b5 (sz=48, trace=300026, class=java.nio.HeapCharBuffer@500000b7)
ARR 500014b6 (sz=32, trace=300209, nelems=0, elem type=char[])
OBJ 500014b7 (sz=32, trace=300210, class=java.lang.String@500000d6)
OBJ 500014b8 (sz=48, trace=300026, class=java.nio.HeapCharBuffer@500000b7)
OBJ 500014b9 (sz=48, trace=300026, class=java.nio.HeapCharBuffer@500000b7)
ARR 500014ba (sz=32, trace=300209, nelems=0, elem type=char[])
OBJ 500014bb (sz=32, trace=300210, class=java.lang.String@500000d6)
OBJ 500014bc (sz=48, trace=300026, class=java.nio.HeapCharBuffer@500000b7)
OBJ 500014bd (sz=48, trace=300026, class=java.nio.HeapCharBuffer@500000b7)
ARR 500014be (sz=32, trace=300209, nelems=0, elem type=char[])
OBJ 500014bf (sz=32, trace=300210, class=java.lang.String@500000d6)
OBJ 500014c0 (sz=48, trace=300026, class=java.nio.HeapCharBuffer@500000b7)
OBJ 500014c1 (sz=48, trace=300026, class=java.nio.HeapCharBuffer@500000b7)
ARR 500014c2 (sz=32, trace=300209, nelems=0, elem type=char[])
OBJ 500014c3 (sz=32, trace=300210, class=java.lang.String@500000d6)
OBJ 500014c4 (sz=48, trace=300026, class=java.nio.HeapCharBuffer@500000b7)
OBJ 500014c5 (sz=48, trace=300026, class=java.nio.HeapCharBuffer@500000b7)
ARR 500014c6 (sz=32, trace=300209, nelems=0, elem type=char[])
OBJ 500014c7 (sz=32, trace=300210, class=java.lang.String@500000d6)
OBJ 500014c8 (sz=48, trace=300026, class=java.nio.HeapCharBuffer@500000b7)
OBJ 500014c9 (sz=48, trace=300026, class=java.nio.HeapCharBuffer@500000b7)
ARR 500014ca (sz=32, trace=300209, nelems=0, elem type=char[])
OBJ 500014cb (sz=32, trace=300210, class=java.lang.String@500000d6)
OBJ 500014cc (sz=48, trace=300026, class=java.nio.HeapCharBuffer@500000b7)
OBJ 500014cd (sz=48, trace=300026, class=java.nio.HeapCharBuffer@500000b7)
ARR 500014ce (sz=32, trace=300209, nelems=0, elem type=char[])
OBJ 500014cf (sz=32, trace=300210, class=java.lang.String@500000d6)
OBJ 500014d0 (sz=48, trace=300026, class=java.nio.HeapCharBuffer@500000b7)
OBJ 500014d1 (sz=48, trace=300026, class=java.nio.HeapCharBuffer@500000b7)
ARR 500014d2 (sz=32, trace=300209, nelems=0, elem type=char[])
OBJ 500014d3 (sz=32, trace=300210, class=java.lang.String@500000d6)
OBJ 500014d4 (sz=48, trace=300026, class=java.nio.HeapCharBuffer@500000b7)
OBJ 500014d5 (sz=48, trace=300026, class=java.nio.HeapCharBuffer@500000b7)
ARR 500014d6 (sz=32, trace=300209, nelems=0, elem type=char[])
OBJ 500014d7 (sz=32, trace=300210, class=java.lang.String@500000d6)
OBJ 500014d8 (sz=48, trace=300026, class=java.nio.HeapCharBuffer@500000b7)
OBJ 500014d9 (sz=48, trace=300026, class=java.nio.HeapCharBuffer@500000b7)
ARR 500014da (sz=32, trace=300209, nelems=0, elem type=char[])
OBJ 500014db (sz=32, trace=300210, class=java.lang.String@500000d6)
OBJ 500014dc (sz=48, trace=300026, class=java.nio.HeapCharBuffer@500000b7)
OBJ 500014dd (sz=48, trace=300026, class=java.nio.HeapCharBuffer@500000b7)
ARR 500014de (sz=32, trace=300209, nelems=0, elem type=char[])
OBJ 500014df (sz=32, trace=300210, class=java.lang.String@500000d6)
OBJ 500014e0 (sz=48, trace=300026, class=java.nio.HeapCharBuffer@500000b7)
OBJ 500014e1 (sz=48, trace=300026, class=java.nio.HeapCharBuffer@500000b7)
ARR 500014e2 (sz=32, trace=300209, nelems=0, elem type=char[])
OBJ 500014e3 (sz=32, trace=300210, class=java.lang.String@500000d6)
OBJ 500014e4 (sz=48, trace=300026, class=java.nio.HeapCharBuffer@500000b7)
OBJ 500014e5 (sz=48, trace=300026, class=java.nio.HeapCharBuffer@500000b7)
ARR 500014e6 (sz=32, trace=300209, nelems=0, elem type=char[])
OBJ 500014e7 (sz=32, trace=300210, class=java.lang.String@500000d6)
OBJ 500014e8 (sz=48, trace=300026, class=java.nio.HeapCharBuffer@500000b7)
OBJ 500014e9 (sz=48, trace=300026, class=java.nio.HeapCharBuffer@500000b7)
ARR 500014ea (sz=32, trace=300209, nelems=0, elem type=char[])
OBJ 500014eb (sz=32, trace=300210, class=java.lang.String@500000d6)
OBJ 500014ec (sz=48, trace=300026, class=java.nio.HeapCharBuffer@500000b7)
OBJ 500014ed (sz=48, trace=300026, class=java.nio.HeapCharBuffer@500000b7)
ARR 500014ee (sz=32, trace=300209, nelems=0, elem type=char[])
OBJ 500014ef (sz=32, trace=300210, class=java.lang.String@500000d6)
OBJ 500014f0 (sz=48, trace=300026, class=java.nio.HeapCharBuffer@500000b7)
OBJ 500014f1 (sz=48, trace=300026, class=java.nio.HeapCharBuffer@500000b7)
ARR 500014f2 (sz=32, trace=300209, nelems=0, elem type=char[])
OBJ 500014f3 (sz=32, trace=300210, class=java.lang.String@500000d6)
OBJ 500014f4 (sz=48, trace=300026, class=java.nio.HeapCharBuffer@500000b7)
OBJ 500014f5 (sz=48, trace=300026, class=java.nio.HeapCharBuffer@500000b7)
ARR 500014f6 (sz=32, trace=300209, nelems=0, elem type=char[])
OBJ 500014f7 (sz=32, trace=300210, class=java.lang.String@500000d6)
OBJ 500014f8 (sz=48, trace=300026, class=java.nio.HeapCharBuffer@500000b7)
OBJ 500014f9 (sz=48, trace=300026, class=java.nio.HeapCharBuffer@500000b7)
ARR 500014fa (sz=32, trace=300209, nelems=0, elem type=char[])
OBJ 500014fb (sz=32, trace=300210, class=java.lang.String@500000d6)
OBJ 500014fc (sz=48, trace=300026, class=java.nio.HeapCharBuffer@500000b7)
OBJ 500014fd (sz=48, trace=300026, class=java.nio.HeapCharBuffer@500000b7)
ARR 500014fe (sz=32, trace=300209, nelems=0, elem type=char[])
OBJ 500014ff (sz=32, trace=300210, class=java.lang.String@500000d6)
OBJ 50001500 (sz=48, trace=300026, class=java.nio.HeapCharBuffer@500000b7)
OBJ 50001501 (sz=48, trace=300026, class=java.nio.HeapCharBuffer@500000b7)
ARR 50001502 (sz=32, trace=300209, nelems=0, elem type=char[])
OBJ 50001503 (sz=32, trace=300210, class=java.lang.String@500000d6)
OBJ 50001504 (sz=48, trace=300026, class=java.nio.HeapCharBuffer@500000b7)
OBJ 50001505 (sz=48, trace=300026, class=java.nio.HeapCharBuffer@500000b7)
ARR 50001506 (sz=32, trace=300209, nelems=0, elem type=char[])
OBJ 50001507 (sz=32, trace=300210, class=java.lang.String@500000d6)
OBJ 50001508 (sz=48, trace=300026, class=java.nio.HeapCharBuffer@500000b7)
OBJ 50001509 (sz=48, trace=300026, class=java.nio.HeapCharBuffer@500000b7)
ARR 5000150a (sz=32, trace=300209, nelems=0, elem type=char[])
OBJ 5000150b (sz=32, trace=300210, class=java.lang.String@500000d6)
OBJ 5000150c (sz=48, trace=300026, class=java.nio.HeapCharBuffer@500000b7)
OBJ 5000150d (sz=48, trace=300026, class=java.nio.HeapCharBuffer@500000b7)
ARR 5000150e (sz=32, trace=300209, nelems=0, elem type=char[])
OBJ 5000150f (sz=32, trace=300210, class=java.lang.String@500000d6)
OBJ 50001510 (sz=48, trace=300026, class=java.nio.HeapCharBuffer@500000b7)
OBJ 50001511 (sz=48, trace=300026, class=java.nio.HeapCharBuffer@500000b7)
ARR 50001512 (sz=32, trace=300209, nelems=0, elem type=char[])
OBJ 50001513 (sz=32, trace=300210, class=java.lang.String@500000d6)
OBJ 50001514 (sz=48, trace=300026, class=java.nio.HeapCharBuffer@500000b7)
OBJ 50001515 (sz=48, trace=300026, class=java.nio.HeapCharBuffer@500000b7)
ARR 50001516 (sz=32, trace=300209, nelems=0, elem type=char[])
OBJ 50001517 (sz=32, trace=300210, class=java.lang.String@500000d6)
OBJ 50001518 (sz=48, trace=300026, class=java.nio.HeapCharBuffer@500000b7)
OBJ 50001519 (sz=48, trace=300026, class=java.nio.HeapCharBuffer@500000b7)
ARR 5000151a (sz=32, trace=300209, nelems=0, elem type=char[])
OBJ 5000151b (sz=32, trace=300210, class=java.lang.String@500000d6)
OBJ 5000151c (sz=48, trace=300026, class=java.nio.HeapCharBuffer@500000b7)
OBJ 5000151d (sz=48, trace=300026, class=java.nio.HeapCharBuffer@500000b7)
ARR 5000151e (sz=32, trace=300209, nelems=0, elem type=char[])
OBJ 5000151f (sz=32, trace=300210, class=java.lang.String@500000d6)
OBJ 50001520 (sz=48, trace=300026, class=java.nio.HeapCharBuffer@500000b7)
OBJ 50001521 (sz=48, trace=300026, class=java.nio.HeapCharBuffer@500000b7)
ARR 50001522 (sz=32, trace=300209, nelems=0, elem type=char[])
OBJ 50001523 (sz=32, trace=300210, class=java.lang.String@500000d6)
OBJ 50001524 (sz=48, trace=300026, class=java.nio.HeapCharBuffer@500000b7)
OBJ 50001525 (sz=48, trace=300026, class=java.nio.HeapCharBuffer@500000b7)
ARR 50001526 (sz=32, trace=300209, nelems=0, elem type=char[])
OBJ 50001527 (sz=32, trace=300210, class=java.lang.String@500000d6)
OBJ 50001528 (sz=48, trace=300026, class=java.nio.HeapCharBuffer@500000b7)
OBJ 50001529 (sz=48, trace=300026, class=java.nio.HeapCharBuffer@500000b7)
ARR 5000152a (sz=32, trace=300209, nelems=0, elem type=char[])
OBJ 5000152b (sz=32, trace=300210, class=java.lang.String@500000d6)
OBJ 5000152c (sz=48, trace=300026, class=java.nio.HeapCharBuffer@500000b7)
OBJ 5000152d (sz=48, trace=300026, class=java.nio.HeapCharBuffer@500000b7)
ARR 5000152e (sz=32, trace=300209, nelems=0, elem type=char[])
OBJ 5000152f (sz=32, trace=300210, class=java.lang.String@500000d6)
OBJ 50001530 (sz=48, trace=300026, class=java.nio.HeapCharBuffer@500000b7)
OBJ 50001531 (sz=48, trace=300026, class=java.nio.HeapCharBuffer@500000b7)
ARR 50001532 (sz=32, trace=300209, nelems=0, elem type=char[])
OBJ 50001533 (sz=32, trace=300210, class=java.lang.String@500000d6)
OBJ 50001534 (sz=48, trace=300026, class=java.nio.HeapCharBuffer@500000b7)
OBJ 50001535 (sz=48, trace=300026, class=java.nio.HeapCharBuffer@500000b7)
ARR 50001536 (sz=32, trace=300209, nelems=0, elem type=char[])
OBJ 50001537 (sz=32, trace=300210, class=java.lang.String@500000d6)
OBJ 50001538 (sz=48, trace=300026, class=java.nio.HeapCharBuffer@500000b7)
OBJ 50001539 (sz=48, trace=300026, class=java.nio.HeapCharBuffer@500000b7)
ARR 5000153a (sz=32, trace=300209, nelems=0, elem type=char[])
OBJ 5000153b (sz=32, trace=300210, class=java.lang.String@500000d6)
OBJ 5000153c (sz=48, trace=300026, class=java.nio.HeapCharBuffer@500000b7)
OBJ 5000153d (sz=48, trace=300026, class=java.nio.HeapCharBuffer@500000b7)
ARR 5000153e (sz=32, trace=300209, nelems=0, elem type=char[])
OBJ 5000153f (sz=32, trace=300210, class=java.lang.String@500000d6)
OBJ 50001540 (sz=48, trace=300026, class=java.nio.HeapCharBuffer@500000b7)
OBJ 50001541 (sz=48, trace=300026, class=java.nio.HeapCharBuffer@500000b7)
ARR 50001542 (sz=32, trace=300209, nelems=0, elem type=char[])
OBJ 50001543 (sz=32, trace=300210, class=java.lang.String@500000d6)
OBJ 50001544 (sz=48, trace=300026, class=java.nio.HeapCharBuffer@500000b7)
OBJ 50001545 (sz=48, trace=300026, class=java.nio.HeapCharBuffer@500000b7)
ARR 50001546 (sz=32, trace=300209, nelems=0, elem type=char[])
OBJ 50001547 (sz=32, trace=300210, class=java.lang.String@500000d6)
OBJ 50001548 (sz=48, trace=300026, class=java.nio.HeapCharBuffer@500000b7)
OBJ 50001549 (sz=48, trace=300026, class=java.nio.HeapCharBuffer@500000b7)
ARR 5000154a (sz=32, trace=300209, nelems=0, elem type=char[])
OBJ 5000154b (sz=32, trace=300210, class=java.lang.String@500000d6)
OBJ 5000154c (sz=48, trace=300026, class=java.nio.HeapCharBuffer@500000b7)
OBJ 5000154d (sz=48, trace=300026, class=java.nio.HeapCharBuffer@500000b7)
ARR 5000154e (sz=32, trace=300209, nelems=0, elem type=char[])
OBJ 5000154f (sz=32, trace=300210, class=java.lang.String@500000d6)
OBJ 50001550 (sz=48, trace=300026, class=java.nio.HeapCharBuffer@500000b7)
OBJ 50001551 (sz=48, trace=300026, class=java.nio.HeapCharBuffer@500000b7)
ARR 50001552 (sz=32, trace=300209, nelems=0, elem type=char[])
OBJ 50001553 (sz=32, trace=300210, class=java.lang.String@500000d6)
OBJ 50001554 (sz=48, trace=300026, class=java.nio.HeapCharBuffer@500000b7)
OBJ 50001555 (sz=48, trace=300026, class=java.nio.HeapCharBuffer@500000b7)
ARR 50001556 (sz=32, trace=300209, nelems=0, elem type=char[])
OBJ 50001557 (sz=32, trace=300210, class=java.lang.String@500000d6)
OBJ 50001558 (sz=48, trace=300026, class=java.nio.HeapCharBuffer@500000b7)
OBJ 50001559 (sz=48, trace=300026, class=java.nio.HeapCharBuffer@500000b7)
ARR 5000155a (sz=32, trace=300209, nelems=0, elem type=char[])
OBJ 5000155b (sz=32, trace=300210, class=java.lang.String@500000d6)
OBJ 5000155c (sz=48, trace=300026, class=java.nio.HeapCharBuffer@500000b7)
OBJ 5000155d (sz=48, trace=300026, class=java.nio.HeapCharBuffer@500000b7)
ARR 5000155e (sz=32, trace=300209, nelems=0, elem type=char[])
OBJ 5000155f (sz=32, trace=300210, class=java.lang.String@500000d6)
OBJ 50001560 (sz=48, trace=300026, class=java.nio.HeapCharBuffer@500000b7)
OBJ 50001561 (sz=48, trace=300026, class=java.nio.HeapCharBuffer@500000b7)
ARR 50001562 (sz=32, trace=300209, nelems=0, elem type=char[])
OBJ 50001563 (sz=32, trace=300210, class=java.lang.String@500000d6)
OBJ 50001564 (sz=48, trace=300026, class=java.nio.HeapCharBuffer@500000b7)
OBJ 50001565 (sz=48, trace=300026, class=java.nio.HeapCharBuffer@500000b7)
ARR 50001566 (sz=32, trace=300209, nelems=0, elem type=char[])
OBJ 50001567 (sz=32, trace=300210, class=java.lang.String@500000d6)
OBJ 50001568 (sz=48, trace=300026, class=java.nio.HeapCharBuffer@500000b7)
OBJ 50001569 (sz=48, trace=300026, class=java.nio.HeapCharBuffer@500000b7)
ARR 5000156a (sz=32, trace=300209, nelems=0, elem type=char[])
OBJ 5000156b (sz=32, trace=300210, class=java.lang.String@500000d6)
OBJ 5000156c (sz=48, trace=300026, class=java.nio.HeapCharBuffer@500000b7)
OBJ 5000156d (sz=48, trace=300026, class=java.nio.HeapCharBuffer@500000b7)
ARR 5000156e (sz=32, trace=300209, nelems=0, elem type=char[])
OBJ 5000156f (sz=32, trace=300210, class=java.lang.String@500000d6)
OBJ 50001570 (sz=48, trace=300026, class=java.nio.HeapCharBuffer@500000b7)
OBJ 50001571 (sz=48, trace=300026, class=java.nio.HeapCharBuffer@500000b7)
ARR 50001572 (sz=32, trace=300209, nelems=0, elem type=char[])
OBJ 50001573 (sz=32, trace=300210, class=java.lang.String@500000d6)
OBJ 50001574 (sz=48, trace=300026, class=java.nio.HeapCharBuffer@500000b7)
OBJ 50001575 (sz=48, trace=300026, class=java.nio.HeapCharBuffer@500000b7)
ARR 50001576 (sz=32, trace=300209, nelems=0, elem type=char[])
OBJ 50001577 (sz=32, trace=300210, class=java.lang.String@500000d6)
OBJ 50001578 (sz=48, trace=300026, class=java.nio.HeapCharBuffer@500000b7)
OBJ 50001579 (sz=48, trace=300026, class=java.nio.HeapCharBuffer@500000b7)
ARR 5000157a (sz=32, trace=300209, nelems=0, elem type=char[])
OBJ 5000157b (sz=32, trace=300210, class=java.lang.String@500000d6)
OBJ 5000157c (sz=48, trace=300026, class=java.nio.HeapCharBuffer@500000b7)
OBJ 5000157d (sz=48, trace=300026, class=java.nio.HeapCharBuffer@500000b7)
ARR 5000157e (sz=32, trace=300209, nelems=0, elem type=char[])
OBJ 5000157f (sz=32, trace=300210, class=java.lang.String@500000d6)
OBJ 50001580 (sz=48, trace=300026, class=java.nio.HeapCharBuffer@500000b7)
OBJ 50001581 (sz=48, trace=300026, class=java.nio.HeapCharBuffer@500000b7)
ARR 50001582 (sz=32, trace=300209, nelems=0, elem type=char[])
OBJ 50001583 (sz=32, trace=300210, class=java.lang.String@500000d6)
OBJ 50001584 (sz=48, trace=300026, class=java.nio.HeapCharBuffer@500000b7)
OBJ 50001585 (sz=48, trace=300026, class=java.nio.HeapCharBuffer@500000b7)
ARR 50001586 (sz=32, trace=300209, nelems=0, elem type=char[])
OBJ 50001587 (sz=32, trace=300210, class=java.lang.String@500000d6)
OBJ 50001588 (sz=48, trace=300026, class=java.nio.HeapCharBuffer@500000b7)
OBJ 50001589 (sz=48, trace=300026, class=java.nio.HeapCharBuffer@500000b7)
ARR 5000158a (sz=32, trace=300209, nelems=0, elem type=char[])
OBJ 5000158b (sz=32, trace=300210, class=java.lang.String@500000d6)
OBJ 5000158c (sz=48, trace=300026, class=java.nio.HeapCharBuffer@500000b7)
OBJ 5000158d (sz=48, trace=300026, class=java.nio.HeapCharBuffer@500000b7)
ARR 5000158e (sz=32, trace=300209, nelems=0, elem type=char[])
OBJ 5000158f (sz=32, trace=300210, class=java.lang.String@500000d6)
OBJ 50001590 (sz=48, trace=300026, class=java.nio.HeapCharBuffer@500000b7)
OBJ 50001591 (sz=48, trace=300026, class=java.nio.HeapCharBuffer@500000b7)
ARR 50001592 (sz=32, trace=300209, nelems=0, elem type=char[])
OBJ 50001593 (sz=32, trace=300210, class=java.lang.String@500000d6)
OBJ 50001594 (sz=48, trace=300026, class=java.nio.HeapCharBuffer@500000b7)
OBJ 50001595 (sz=48, trace=300026, class=java.nio.HeapCharBuffer@500000b7)
ARR 50001596 (sz=32, trace=300209, nelems=0, elem type=char[])
OBJ 50001597 (sz=32, trace=300210, class=java.lang.String@500000d6)
OBJ 50001598 (sz=48, trace=300026, class=java.nio.HeapCharBuffer@500000b7)
OBJ 50001599 (sz=48, trace=300026, class=java.nio.HeapCharBuffer@500000b7)
ARR 5000159a (sz=32, trace=300209, nelems=0, elem type=char[])
OBJ 5000159b (sz=32, trace=300210, class=java.lang.String@500000d6)
OBJ 5000159c (sz=48, trace=300026, class=java.nio.HeapCharBuffer@500000b7)
OBJ 5000159d (sz=48, trace=300026, class=java.nio.HeapCharBuffer@500000b7)
ARR 5000159e (sz=32, trace=300209, nelems=0, elem type=char[])
OBJ 5000159f (sz=32, trace=300210, class=java.lang.String@500000d6)
OBJ 500015a0 (sz=48, trace=300026, class=java.nio.HeapCharBuffer@500000b7)
OBJ 500015a1 (sz=48, trace=300026, class=java.nio.HeapCharBuffer@500000b7)
ARR 500015a2 (sz=32, trace=300209, nelems=0, elem type=char[])
OBJ 500015a3 (sz=32, trace=300210, class=java.lang.String@500000d6)
OBJ 500015a4 (sz=48, trace=300026, class=java.nio.HeapCharBuffer@500000b7)
OBJ 500015a5 (sz=48, trace=300026, class=java.nio.HeapCharBuffer@500000b7)
ARR 500015a6 (sz=32, trace=300209, nelems=0, elem type=char[])
OBJ 500015a7 (sz=32, trace=300210, class=java.lang.String@500000d6)
OBJ 500015a8 (sz=48, trace=300026, class=java.nio.HeapCharBuffer@500000b7)
OBJ 500015a9 (sz=48, trace=300026, class=java.nio.HeapCharBuffer@500000b7)
ARR 500015aa (sz=32, trace=300209, nelems=0, elem type=char[])
OBJ 500015ab (sz=32, trace=300210, class=java.lang.String@500000d6)
OBJ 500015ac (sz=48, trace=300026, class=java.nio.HeapCharBuffer@500000b7)
OBJ 500015ad (sz=48, trace=300026, class=java.nio.HeapCharBuffer@500000b7)
ARR 500015ae (sz=32, trace=300209, nelems=0, elem type=char[])
OBJ 500015af (sz=32, trace=300210, class=java.lang.String@500000d6)
OBJ 500015b0 (sz=48, trace=300026, class=java.nio.HeapCharBuffer@500000b7)
OBJ 500015b1 (sz=48, trace=300026, class=java.nio.HeapCharBuffer@500000b7)
ARR 500015b2 (sz=32, trace=300209, nelems=0, elem type=char[])
OBJ 500015b3 (sz=32, trace=300210, class=java.lang.String@500000d6)
OBJ 500015b4 (sz=48, trace=300026, class=java.nio.HeapCharBuffer@500000b7)
OBJ 500015b5 (sz=48, trace=300026, class=java.nio.HeapCharBuffer@500000b7)
ARR 500015b6 (sz=32, trace=300209, nelems=0, elem type=char[])
OBJ 500015b7 (sz=32, trace=300210, class=java.lang.String@500000d6)
OBJ 500015b8 (sz=48, trace=300026, class=java.nio.HeapCharBuffer@500000b7)
OBJ 500015b9 (sz=48, trace=300026, class=java.nio.HeapCharBuffer@500000b7)
ARR 500015ba (sz=32, trace=300209, nelems=0, elem type=char[])
OBJ 500015bb (sz=32, trace=300210, class=java.lang.String@500000d6)
OBJ 500015bc (sz=48, trace=300026, class=java.nio.HeapCharBuffer@500000b7)
OBJ 500015bd (sz=48, trace=300026, class=java.nio.HeapCharBuffer@500000b7)
ARR 500015be (sz=32, trace=300209, nelems=0, elem type=char[])
OBJ 500015bf (sz=32, trace=300210, class=java.lang.String@500000d6)
OBJ 500015c0 (sz=48, trace=300026, class=java.nio.HeapCharBuffer@500000b7)
OBJ 500015c1 (sz=48, trace=300026, class=java.nio.HeapCharBuffer@500000b7)
ARR 500015c2 (sz=32, trace=300209, nelems=0, elem type=char[])
OBJ 500015c3 (sz=32, trace=300210, class=java.lang.String@500000d6)
OBJ 500015c4 (sz=48, trace=300026, class=java.nio.HeapCharBuffer@500000b7)
OBJ 500015c5 (sz=48, trace=300026, class=java.nio.HeapCharBuffer@500000b7)
ARR 500015c6 (sz=32, trace=300209, nelems=0, elem type=char[])
OBJ 500015c7 (sz=32, trace=300210, class=java.lang.String@500000d6)
OBJ 500015c8 (sz=48, trace=300026, class=java.nio.HeapCharBuffer@500000b7)
OBJ 500015c9 (sz=48, trace=300026, class=java.nio.HeapCharBuffer@500000b7)
ARR 500015ca (sz=32, trace=300209, nelems=0, elem type=char[])
OBJ 500015cb (sz=32, trace=300210, class=java.lang.String@500000d6)
OBJ 500015cc (sz=48, trace=300026, class=java.nio.HeapCharBuffer@500000b7)
OBJ 500015cd (sz=48, trace=300026, class=java.nio.HeapCharBuffer@500000b7)
ARR 500015ce (sz=32, trace=300209, nelems=0, elem type=char[])
OBJ 500015cf (sz=32, trace=300210, class=java.lang.String@500000d6)
OBJ 500015d0 (sz=48, trace=300026, class=java.nio.HeapCharBuffer@500000b7)
OBJ 500015d1 (sz=48, trace=300026, class=java.nio.HeapCharBuffer@500000b7)
ARR 500015d2 (sz=32, trace=300209, nelems=0, elem type=char[])
OBJ 500015d3 (sz=32, trace=300210, class=java.lang.String@500000d6)
OBJ 500015d4 (sz=48, trace=300026, class=java.nio.HeapCharBuffer@500000b7)
OBJ 500015d5 (sz=48, trace=300026, class=java.nio.HeapCharBuffer@500000b7)
ARR 500015d6 (sz=32, trace=300209, nelems=0, elem type=char[])
OBJ 500015d7 (sz=32, trace=300210, class=java.lang.String@500000d6)
OBJ 500015d8 (sz=48, trace=300026, class=java.nio.HeapCharBuffer@500000b7)
OBJ 500015d9 (sz=48, trace=300026, class=java.nio.HeapCharBuffer@500000b7)
ARR 500015da (sz=32, trace=300209, nelems=0, elem type=char[])
OBJ 500015db (sz=32, trace=300210, class=java.lang.String@500000d6)
OBJ 500015dc (sz=48, trace=300026, class=java.nio.HeapCharBuffer@500000b7)
OBJ 500015dd (sz=48, trace=300026, class=java.nio.HeapCharBuffer@500000b7)
ARR 500015de (sz=32, trace=300209, nelems=0, elem type=char[])
OBJ 500015df (sz=32, trace=300210, class=java.lang.String@500000d6)
OBJ 500015e0 (sz=48, trace=300026, class=java.nio.HeapCharBuffer@500000b7)
OBJ 500015e1 (sz=48, trace=300026, class=java.nio.HeapCharBuffer@500000b7)
ARR 500015e2 (sz=32, trace=300209, nelems=0, elem type=char[])
OBJ 500015e3 (sz=32, trace=300210, class=java.lang.String@500000d6)
OBJ 500015e4 (sz=48, trace=300026, class=java.nio.HeapCharBuffer@500000b7)
OBJ 500015e5 (sz=48, trace=300026, class=java.nio.HeapCharBuffer@500000b7)
ARR 500015e6 (sz=32, trace=300209, nelems=0, elem type=char[])
OBJ 500015e7 (sz=32, trace=300210, class=java.lang.String@500000d6)
OBJ 500015e8 (sz=48, trace=300026, class=java.nio.HeapCharBuffer@500000b7)
OBJ 500015e9 (sz=48, trace=300026, class=java.nio.HeapCharBuffer@500000b7)
ARR 500015ea (sz=32, trace=300209, nelems=0, elem type=char[])
OBJ 500015eb (sz=32, trace=300210, class=java.lang.String@500000d6)
OBJ 500015ec (sz=48, trace=300026, class=java.nio.HeapCharBuffer@500000b7)
OBJ 500015ed (sz=48, trace=300026, class=java.nio.HeapCharBuffer@500000b7)
ARR 500015ee (sz=32, trace=300209, nelems=0, elem type=char[])
OBJ 500015ef (sz=32, trace=300210, class=java.lang.String@500000d6)
OBJ 500015f0 (sz=48, trace=300026, class=java.nio.HeapCharBuffer@500000b7)
OBJ 500015f1 (sz=48, trace=300026, class=java.nio.HeapCharBuffer@500000b7)
ARR 500015f2 (sz=32, trace=300209, nelems=0, elem type=char[])
OBJ 500015f3 (sz=32, trace=300210, class=java.lang.String@500000d6)
OBJ 500015f4 (sz=48, trace=300026, class=java.nio.HeapCharBuffer@500000b7)
OBJ 500015f5 (sz=48, trace=300026, class=java.nio.HeapCharBuffer@500000b7)
ARR 500015f6 (sz=32, trace=300209, nelems=0, elem type=char[])
OBJ 500015f7 (sz=32, trace=300210, class=java.lang.String@500000d6)
OBJ 500015f8 (sz=48, trace=300026, class=java.nio.HeapCharBuffer@500000b7)
OBJ 500015f9 (sz=48, trace=300026, class=java.nio.HeapCharBuffer@500000b7)
ARR 500015fa (sz=32, trace=300209, nelems=0, elem type=char[])
OBJ 500015fb (sz=32, trace=300210, class=java.lang.String@500000d6)
OBJ 500015fc (sz=48, trace=300026, class=java.nio.HeapCharBuffer@500000b7)
OBJ 500015fd (sz=48, trace=300026, class=java.nio.HeapCharBuffer@500000b7)
ARR 500015fe (sz=32, trace=300209, nelems=0, elem type=char[])
OBJ 500015ff (sz=32, trace=300210, class=java.lang.String@500000d6)
OBJ 50001600 (sz=48, trace=300026, class=java.nio.HeapCharBuffer@500000b7)
OBJ 50001601 (sz=48, trace=300026, class=java.nio.HeapCharBuffer@500000b7)
ARR 50001602 (sz=32, trace=300209, nelems=0, elem type=char[])
OBJ 50001603 (sz=32, trace=300210, class=java.lang.String@500000d6)
OBJ 50001604 (sz=48, trace=300026, class=java.nio.HeapCharBuffer@500000b7)
OBJ 50001605 (sz=48, trace=300026, class=java.nio.HeapCharBuffer@500000b7)
ARR 50001606 (sz=32, trace=300209, nelems=0, elem type=char[])
OBJ 50001607 (sz=32, trace=300210, class=java.lang.String@500000d6)
OBJ 50001608 (sz=48, trace=300026, class=java.nio.HeapCharBuffer@500000b7)
OBJ 50001609 (sz=48, trace=300026, class=java.nio.HeapCharBuffer@500000b7)
ARR 5000160a (sz=32, trace=300209, nelems=0, elem type=char[])
OBJ 5000160b (sz=32, trace=300210, class=java.lang.String@500000d6)
OBJ 5000160c (sz=48, trace=300026, class=java.nio.HeapCharBuffer@500000b7)
OBJ 5000160d (sz=48, trace=300026, class=java.nio.HeapCharBuffer@500000b7)
ARR 5000160e (sz=32, trace=300209, nelems=0, elem type=char[])
OBJ 5000160f (sz=32, trace=300210, class=java.lang.String@500000d6)
OBJ 50001610 (sz=48, trace=300026, class=java.nio.HeapCharBuffer@500000b7)
OBJ 50001611 (sz=48, trace=300026, class=java.nio.HeapCharBuffer@500000b7)
ARR 50001612 (sz=32, trace=300209, nelems=0, elem type=char[])
OBJ 50001613 (sz=32, trace=300210, class=java.lang.String@500000d6)
OBJ 50001614 (sz=48, trace=300026, class=java.nio.HeapCharBuffer@500000b7)
OBJ 50001615 (sz=48, trace=300026, class=java.nio.HeapCharBuffer@500000b7)
ARR 50001616 (sz=32, trace=300209, nelems=0, elem type=char[])
OBJ 50001617 (sz=32, trace=300210, class=java.lang.String@500000d6)
OBJ 50001618 (sz=48, trace=300026, class=java.nio.HeapCharBuffer@500000b7)
OBJ 50001619 (sz=48, trace=300026, class=java.nio.HeapCharBuffer@500000b7)
ARR 5000161a (sz=32, trace=300209, nelems=0, elem type=char[])
OBJ 5000161b (sz=32, trace=300210, class=java.lang.String@500000d6)
OBJ 5000161c (sz=48, trace=300026, class=java.nio.HeapCharBuffer@500000b7)
OBJ 5000161d (sz=48, trace=300026, class=java.nio.HeapCharBuffer@500000b7)
OBJ 5000161e (sz=112, trace=300001, class=java.lang.Thread@5000003d)
	name		50001620
	group		50001647
	inheritedAccessControlContext	50001ece
	blockerLock	5000161f
	me		5000161e
OBJ 5000161f (sz=16, trace=300002, class=java.lang.Object@50000021)
ARR 50001620 (sz=26, trace=300003, nelems=13, elem type=char[])
ARR 50001622 (sz=56, trace=300211, nelems=0, elem type=java.lang.Runnable[]@50000136)
OBJ 50001624 (sz=16, trace=300213, class=java.lang.Shutdown$Lock@50001623)
OBJ 50001625 (sz=16, trace=300214, class=java.lang.Shutdown$Lock@50001623)
OBJ 50001628 (sz=32, trace=300000, class=java.lang.NullPointerException@50000112)
OBJ 50001629 (sz=32, trace=300000, class=java.lang.ArithmeticException@5000000e)
	detailMessage	50001ecf
OBJ 5000162a (sz=72, trace=300000, class=sun.misc.Launcher$AppClassLoader@500000fe)
	parent		50001759
	package2certs	50001758
	nocerts		500002cd
	classes		50001757
	domains		50001756
	packages	50001755
	nativeLibraries	50001754
	pdcache		50001753
	ucp		50001752
	acc		50001751
OBJ 5000162b (sz=16, trace=300000, class=java.lang.ref.Reference$Lock@50000107)
OBJ 5000162c (sz=16, trace=300000, class=java.lang.ref.ReferenceQueue$Lock@5000007c)
OBJ 5000162d (sz=112, trace=300000, class=java.lang.Thread@5000003d)
	name		50001eb8
	group		50001648
	contextClassLoader	5000162a
	inheritedAccessControlContext	50001eb7
	blockerLock	50001eb6
	me		5000162d
OBJ 5000162e (sz=112, trace=300000, class=java.lang.Thread@5000003d)
	name		50001ebb
	group		50001648
	contextClassLoader	5000162a
	inheritedAccessControlContext	50001eba
	blockerLock	50001eb9
	me		5000162e
OBJ 5000162f (sz=112, trace=300000, class=java.lang.ref.Finalizer$FinalizerThread@5000000b)
	name		50001ebe
	group		50001648
	inheritedAccessControlContext	50001ebd
	blockerLock	50001ebc
	me		5000162f
OBJ 50001630 (sz=112, trace=300000, class=java.lang.ref.Reference$ReferenceHandler@5000005c)
	name		50001eb3
	group		50001648
	inheritedAccessControlContext	50001eb2
	blockerLock	50001eb1
	me		50001630
OBJ 50001631 (sz=104, trace=300000, class=java.lang.Class@50000070)
OBJ 50001632 (sz=104, trace=300000, class=java.lang.Class@50000070)
OBJ 50001633 (sz=104, trace=300000, class=java.lang.Class@50000070)
OBJ 50001634 (sz=104, trace=300000, class=java.lang.Class@50000070)
OBJ 50001635 (sz=104, trace=300000, class=java.lang.Class@50000070)
OBJ 50001636 (sz=104, trace=300000, class=java.lang.Class@50000070)
OBJ 50001637 (sz=104, trace=300000, class=java.lang.Class@50000070)
OBJ 50001638 (sz=104, trace=300000, class=java.lang.Class@50000070)
OBJ 50001639 (sz=104, trace=300000, class=java.lang.Class@50000070)
OBJ 5000163a (sz=584, trace=300000, class=java.lang.Class@50000070)
ARR 5000163b (sz=0, trace=300000, nelems=0, elem type=byte[])
ARR 5000163c (sz=0, trace=300000, nelems=0, elem type=short[])
ARR 5000163d (sz=0, trace=300000, nelems=0, elem type=int[])
ARR 5000163e (sz=16, trace=300000, nelems=0, elem type=java.lang.Class[]@50000071)
OBJ 5000163f (sz=32, trace=300000, class=java.lang.String@500000d6)
	value		50001ea8
OBJ 50001640 (sz=32, trace=300000, class=java.lang.String@500000d6)
	value		50001edd
OBJ 50001641 (sz=32, trace=300000, class=java.lang.OutOfMemoryError@50000139)
	detailMessage	50001edb
OBJ 50001642 (sz=32, trace=300000, class=java.lang.OutOfMemoryError@50000139)
	detailMessage	50001ed9
OBJ 50001643 (sz=32, trace=300000, class=java.lang.OutOfMemoryError@50000139)
	detailMessage	50001ed7
OBJ 50001644 (sz=32, trace=300000, class=java.lang.OutOfMemoryError@50000139)
	detailMessage	50001ed5
ARR 50001645 (sz=32, trace=300000, nelems=4, elem type=java.lang.OutOfMemoryError[]@5000013a)
	[0]		50001ed1
	[1]		50001ed2
	[2]		50001ed3
	[3]		50001ed4
OBJ 50001646 (sz=32, trace=300000, class=java.lang.VirtualMachineError@50000067)
OBJ 50001647 (sz=48, trace=300000, class=java.lang.ThreadGroup@50000006)
	parent		50001648
	name		50001ecc
	threads		50001ecb
OBJ 50001648 (sz=48, trace=300000, class=java.lang.ThreadGroup@50000006)
	name		500016e0
	threads		50001eb5
	groups		50001eb4
OBJ 50001649 (sz=32, trace=300000, class=java.lang.ref.ReferenceQueue@50000065)
	lock		5000162c
OBJ 5000164a (sz=32, trace=300000, class=java.lang.String@500000d6)
	value		5000164e
OBJ 5000164b (sz=32, trace=300000, class=sun.misc.SoftCache@5000002b)
	hash		50001eae
	queue		50001ead
OBJ 5000164c (sz=24, trace=300000, class=java.lang.RuntimePermission@50000126)
	name		5000164a
	path		5000164a
ARR 5000164d (sz=16, trace=300000, nelems=0, elem type=java.lang.StackTraceElement[]@50000130)
ARR 5000164e (sz=64, trace=300000, nelems=32, elem type=char[])
OBJ 5000164f (sz=32, trace=300000, class=java.lang.String@500000d6)
	value		50001eac
OBJ 50001650 (sz=32, trace=300000, class=java.lang.String@500000d6)
	value		50001eab
OBJ 50001651 (sz=32, trace=300000, class=java.lang.String@500000d6)
	value		50001eaa
OBJ 50001652 (sz=32, trace=300000, class=java.lang.String@500000d6)
	value		50001c93
OBJ 50001653 (sz=32, trace=300000, class=java.lang.String@500000d6)
	value		50001ea9
OBJ 50001654 (sz=32, trace=300000, class=java.lang.String@500000d6)
	value		50001ea7
OBJ 50001655 (sz=32, trace=300000, class=java.lang.String@500000d6)
	value		50001c9a
OBJ 50001656 (sz=16, trace=300000, class=java.lang.String$CaseInsensitiveComparator@500000ca)
ARR 50001657 (sz=16, trace=300000, nelems=0, elem type=java.io.ObjectStreamField[]@500000eb)
OBJ 50001658 (sz=32, trace=300000, class=java.lang.String@500000d6)
	value		50001778
OBJ 50001659 (sz=32, trace=300000, class=java.lang.String@500000d6)
	value		50001e6e
OBJ 5000165a (sz=32, trace=300000, class=java.lang.String@500000d6)
	value		50001e80
OBJ 5000165b (sz=32, trace=300000, class=java.lang.String@500000d6)
	value		50001e69
OBJ 5000165c (sz=32, trace=300000, class=java.lang.String@500000d6)
	value		50001e79
OBJ 5000165d (sz=32, trace=300000, class=java.lang.String@500000d6)
	value		50001e61
OBJ 5000165e (sz=32, trace=300000, class=java.lang.String@500000d6)
	value		50001e99
OBJ 5000165f (sz=32, trace=300000, class=java.lang.String@500000d6)
	value		50001e55
OBJ 50001660 (sz=32, trace=300000, class=java.lang.String@500000d6)
	value		50001ea2
OBJ 50001661 (sz=32, trace=300000, class=java.lang.String@500000d6)
	value		50001e7c
OBJ 50001662 (sz=32, trace=300000, class=java.lang.String@500000d6)
	value		50001e76
OBJ 50001663 (sz=32, trace=300000, class=java.lang.String@500000d6)
	value		50001e7e
OBJ 50001664 (sz=32, trace=300000, class=java.lang.String@500000d6)
	value		50001e68
OBJ 50001665 (sz=32, trace=300000, class=java.lang.String@500000d6)
	value		50001e67
OBJ 50001666 (sz=32, trace=300000, class=java.lang.String@500000d6)
	value		50001e8a
OBJ 50001667 (sz=32, trace=300000, class=java.lang.String@500000d6)
	value		50001e5c
OBJ 50001668 (sz=32, trace=300000, class=java.lang.String@500000d6)
	value		50001e6d
OBJ 50001669 (sz=32, trace=300000, class=java.lang.String@500000d6)
	value		50001e60
OBJ 5000166a (sz=32, trace=300000, class=java.lang.String@500000d6)
	value		50001e75
OBJ 5000166b (sz=32, trace=300000, class=java.lang.String@500000d6)
	value		50001e5b
OBJ 5000166c (sz=32, trace=300000, class=java.lang.String@500000d6)
	value		50001e78
OBJ 5000166d (sz=32, trace=300000, class=java.lang.String@500000d6)
	value		50001e8e
OBJ 5000166e (sz=32, trace=300000, class=java.lang.String@500000d6)
	value		50001e77
OBJ 5000166f (sz=32, trace=300000, class=java.lang.String@500000d6)
	value		50001e93
OBJ 50001670 (sz=32, trace=300000, class=java.lang.String@500000d6)
	value		50001e51
OBJ 50001671 (sz=32, trace=300000, class=java.lang.String@500000d6)
	value		50001e98
OBJ 50001672 (sz=32, trace=300000, class=java.lang.String@500000d6)
	value		50001e50
OBJ 50001673 (sz=32, trace=300000, class=java.lang.String@500000d6)
	value		50001e54
OBJ 50001674 (sz=32, trace=300000, class=java.lang.String@500000d6)
	value		50001e53
OBJ 50001675 (sz=32, trace=300000, class=java.lang.String@500000d6)
	value		50001e94
OBJ 50001676 (sz=32, trace=300000, class=java.lang.String@500000d6)
	value		50001e57
OBJ 50001677 (sz=32, trace=300000, class=java.lang.String@500000d6)
	value		50001ea1
OBJ 50001678 (sz=32, trace=300000, class=java.lang.String@500000d6)
	value		50001e56
OBJ 50001679 (sz=32, trace=300000, class=java.lang.String@500000d6)
	value		50001ea6
OBJ 5000167a (sz=32, trace=300000, class=java.lang.String@500000d6)
	value		50001ea5
OBJ 5000167b (sz=32, trace=300000, class=java.lang.String@500000d6)
	value		50001ea4
OBJ 5000167c (sz=32, trace=300000, class=java.lang.String@500000d6)
	value		50001ea3
OBJ 5000167d (sz=32, trace=300000, class=java.lang.String@500000d6)
	value		50001e7b
OBJ 5000167e (sz=32, trace=300000, class=java.lang.String@500000d6)
	value		50001e7f
OBJ 5000167f (sz=32, trace=300000, class=java.lang.String@500000d6)
	value		50001e7a
OBJ 50001680 (sz=32, trace=300000, class=java.lang.String@500000d6)
	value		50001e86
OBJ 50001681 (sz=32, trace=300000, class=java.util.Locale@500000c3)
	language	50001667
	country		50001662
	variant		50001658
OBJ 50001682 (sz=32, trace=300000, class=java.util.Locale@500000c3)
	language	50001658
	country		50001658
	variant		50001658
OBJ 50001683 (sz=32, trace=300000, class=java.util.Locale@500000c3)
	language	5000166c
	country		50001659
	variant		50001658
OBJ 50001684 (sz=32, trace=300000, class=java.util.Locale@500000c3)
	language	50001667
	country		50001659
	variant		50001658
OBJ 50001685 (sz=32, trace=300000, class=java.util.Locale@500000c3)
	language	50001667
	country		5000165d
	variant		50001658
OBJ 50001686 (sz=32, trace=300000, class=java.util.Locale@500000c3)
	language	5000167d
	country		50001661
	variant		50001658
OBJ 50001687 (sz=32, trace=300000, class=java.util.Locale@500000c3)
	language	5000167d
	country		5000165a
	variant		50001658
OBJ 50001688 (sz=32, trace=300000, class=java.util.Locale@500000c3)
	language	50001676
	country		50001660
	variant		50001658
OBJ 50001689 (sz=32, trace=300000, class=java.util.Locale@500000c3)
	language	50001673
	country		5000165f
	variant		50001658
OBJ 5000168a (sz=32, trace=300000, class=java.util.Locale@500000c3)
	language	50001670
	country		5000165e
	variant		50001658
OBJ 5000168b (sz=32, trace=300000, class=java.util.Locale@500000c3)
	language	50001664
	country		5000165b
	variant		50001658
OBJ 5000168c (sz=32, trace=300000, class=java.util.Locale@500000c3)
	language	5000166c
	country		5000165c
	variant		50001658
OBJ 5000168d (sz=32, trace=300000, class=java.util.Locale@500000c3)
	language	5000167d
	country		50001658
	variant		50001658
OBJ 5000168e (sz=32, trace=300000, class=java.util.Locale@500000c3)
	language	50001676
	country		50001658
	variant		50001658
OBJ 5000168f (sz=32, trace=300000, class=java.util.Locale@500000c3)
	language	50001673
	country		50001658
	variant		50001658
OBJ 50001690 (sz=32, trace=300000, class=java.util.Locale@500000c3)
	language	50001670
	country		50001658
	variant		50001658
OBJ 50001691 (sz=32, trace=300000, class=java.util.Locale@500000c3)
	language	50001664
	country		50001658
	variant		50001658
OBJ 50001692 (sz=32, trace=300000, class=java.util.Locale@500000c3)
	language	5000166c
	country		50001658
	variant		50001658
OBJ 50001693 (sz=32, trace=300000, class=java.util.Locale@500000c3)
	language	50001667
	country		50001658
	variant		50001658
OBJ 50001694 (sz=48, trace=300000, class=java.util.concurrent.ConcurrentHashMap@50000083)
	segments	50001695
ARR 50001695 (sz=80, trace=300000, nelems=16, elem type=java.util.concurrent.ConcurrentHashMap$Segment[]@500000a8)
	[0]		50001696
	[1]		50001697
	[2]		50001698
	[3]		50001699
	[4]		5000169a
	[5]		5000169b
	[6]		5000169c
	[7]		5000169d
	[8]		5000169e
	[9]		5000169f
	[10]		500016a0
	[11]		500016a1
	[12]		500016a2
	[13]		500016a3
	[14]		500016a4
	[15]		500016a5
OBJ 50001696 (sz=40, trace=300000, class=java.util.concurrent.ConcurrentHashMap$Segment@500000a7)
	sync		50001e9f
	table		50001e9e
OBJ 50001697 (sz=40, trace=300000, class=java.util.concurrent.ConcurrentHashMap$Segment@500000a7)
	sync		50001e9d
	table		50001e9c
OBJ 50001698 (sz=40, trace=300000, class=java.util.concurrent.ConcurrentHashMap$Segment@500000a7)
	sync		50001e9b
	table		50001e9a
OBJ 50001699 (sz=40, trace=300000, class=java.util.concurrent.ConcurrentHashMap$Segment@500000a7)
	sync		50001e96
	table		50001e95
OBJ 5000169a (sz=40, trace=300000, class=java.util.concurrent.ConcurrentHashMap$Segment@500000a7)
	sync		50001e90
	table		50001e8f
OBJ 5000169b (sz=40, trace=300000, class=java.util.concurrent.ConcurrentHashMap$Segment@500000a7)
	sync		50001e8c
	table		50001e8b
OBJ 5000169c (sz=40, trace=300000, class=java.util.concurrent.ConcurrentHashMap$Segment@500000a7)
	sync		50001e88
	table		50001e87
OBJ 5000169d (sz=40, trace=300000, class=java.util.concurrent.ConcurrentHashMap$Segment@500000a7)
	sync		50001e84
	table		50001e83
OBJ 5000169e (sz=40, trace=300000, class=java.util.concurrent.ConcurrentHashMap$Segment@500000a7)
	sync		50001e82
	table		50001e81
OBJ 5000169f (sz=40, trace=300000, class=java.util.concurrent.ConcurrentHashMap$Segment@500000a7)
	sync		50001e70
	table		50001e6f
OBJ 500016a0 (sz=40, trace=300000, class=java.util.concurrent.ConcurrentHashMap$Segment@500000a7)
	sync		50001e6b
	table		50001e6a
OBJ 500016a1 (sz=40, trace=300000, class=java.util.concurrent.ConcurrentHashMap$Segment@500000a7)
	sync		50001e65
	table		50001e64
OBJ 500016a2 (sz=40, trace=300000, class=java.util.concurrent.ConcurrentHashMap$Segment@500000a7)
	sync		50001e63
	table		50001e62
OBJ 500016a3 (sz=40, trace=300000, class=java.util.concurrent.ConcurrentHashMap$Segment@500000a7)
	sync		50001e5e
	table		50001e5d
OBJ 500016a4 (sz=40, trace=300000, class=java.util.concurrent.ConcurrentHashMap$Segment@500000a7)
	sync		50001e59
	table		50001e58
OBJ 500016a5 (sz=40, trace=300000, class=java.util.concurrent.ConcurrentHashMap$Segment@500000a7)
	sync		500016a7
	table		500016a6
ARR 500016a6 (sz=32, trace=300000, nelems=3, elem type=java.util.concurrent.ConcurrentHashMap$HashEntry[]@50000134)
	[1]		50001e4e
	[2]		50001e4f
OBJ 500016a7 (sz=32, trace=300000, class=java.util.concurrent.locks.ReentrantLock$NonfairSync@50000108)
OBJ 500016a8 (sz=32, trace=300000, class=java.lang.String@500000d6)
	value		50001e4d
OBJ 500016a9 (sz=32, trace=300000, class=java.lang.String@500000d6)
	value		50001e4c
OBJ 500016aa (sz=32, trace=300000, class=java.lang.String@500000d6)
	value		50001e4b
OBJ 500016ab (sz=32, trace=300000, class=java.lang.String@500000d6)
	value		50001e4a
OBJ 500016ac (sz=32, trace=300000, class=java.lang.String@500000d6)
	value		50001e49
OBJ 500016ad (sz=16, trace=300000, class=sun.misc.Unsafe@50000069)
OBJ 500016ae (sz=32, trace=300000, class=java.util.Collections$SynchronizedMap@500000f9)
	m		500016af
	mutex		500016ae
OBJ 500016af (sz=48, trace=300000, class=java.util.HashMap@50000052)
	table		500016b0
ARR 500016b0 (sz=80, trace=300000, nelems=0, elem type=java.util.HashMap$Entry[]@500000db)
OBJ 500016b1 (sz=32, trace=300000, class=java.lang.String@500000d6)
	value		50001e44
OBJ 500016b2 (sz=16, trace=300000, class=sun.reflect.ReflectionFactory@500000e9)
ARR 500016b3 (sz=16, trace=300000, nelems=0, elem type=java.io.ObjectStreamField[]@500000eb)
OBJ 500016b4 (sz=32, trace=300000, class=java.lang.String@500000d6)
	value		500016b7
OBJ 500016b5 (sz=16, trace=300000, class=java.lang.reflect.ReflectAccess@5000004a)
OBJ 500016b6 (sz=24, trace=300000, class=java.lang.RuntimePermission@50000126)
	name		500016b4
	path		500016b4
ARR 500016b7 (sz=46, trace=300000, nelems=23, elem type=char[])
OBJ 500016b8 (sz=32, trace=300000, class=java.lang.String@500000d6)
	value		50001cba
OBJ 500016b9 (sz=32, trace=300000, class=java.lang.String@500000d6)
	value		50001cc4
OBJ 500016ba (sz=32, trace=300000, class=java.lang.String@500000d6)
	value		50001cc3
OBJ 500016bb (sz=32, trace=300000, class=java.lang.String@500000d6)
	value		500017e5
OBJ 500016bc (sz=32, trace=300000, class=java.lang.String@500000d6)
	value		50001e3d
OBJ 500016bd (sz=32, trace=300000, class=java.lang.String@500000d6)
	value		500016c0
OBJ 500016be (sz=32, trace=300000, class=java.lang.String@500000d6)
	value		500017c8
OBJ 500016bf (sz=32, trace=300000, class=java.lang.String@500000d6)
	value		500016c1
ARR 500016c0 (sz=18, trace=300000, nelems=9, elem type=char[])
ARR 500016c1 (sz=34, trace=300000, nelems=17, elem type=char[])
ARR 500016c2 (sz=16, trace=300000, nelems=0, elem type=java.io.ObjectStreamField[]@500000eb)
OBJ 500016c3 (sz=16, trace=300000, class=java.io.File$1@500000fc)
OBJ 500016c4 (sz=16, trace=300000, class=java.security.AccessControlContext$1@5000004d)
OBJ 500016c5 (sz=16, trace=300000, class=java.nio.Bits$1@50000096)
OBJ 500016c6 (sz=16, trace=300000, class=java.net.URLClassLoader$7@5000010a)
OBJ 500016c7 (sz=16, trace=300000, class=java.lang.System$2@50000027)
ARR 500016c8 (sz=40, trace=300000, nelems=10, elem type=int[])
OBJ 500016c9 (sz=32, trace=300000, class=java.lang.String@500000d6)
	value		50001e36
OBJ 500016ca (sz=48, trace=300000, class=java.util.Properties@50000106)
	table		50001d28
OBJ 500016cb (sz=32, trace=300000, class=java.io.PrintStream@50000076)
	out		50001d1a
	textOut		50001d19
	charOut		50001d18
OBJ 500016cc (sz=32, trace=300000, class=java.io.PrintStream@50000076)
	out		50001d07
	textOut		50001d06
	charOut		50001d05
OBJ 500016cd (sz=40, trace=300000, class=java.io.BufferedInputStream@50000074)
	in		500016cf
	buf		500016ce
ARR 500016ce (sz=8192, trace=300000, nelems=8192, elem type=byte[])
OBJ 500016cf (sz=32, trace=300000, class=java.io.FileInputStream@500000ba)
	fd		500016d1
	closeLock	500016d0
OBJ 500016d0 (sz=16, trace=300000, class=java.lang.Object@50000021)
OBJ 500016d1 (sz=32, trace=300000, class=java.io.FileDescriptor@50000084)
	useCount	500016d2
OBJ 500016d2 (sz=16, trace=300000, class=java.util.concurrent.atomic.AtomicInteger@50000094)
OBJ 500016d3 (sz=32, trace=300000, class=java.lang.String@500000d6)
	value		500016d4
ARR 500016d4 (sz=10, trace=300000, nelems=5, elem type=char[])
OBJ 500016d5 (sz=32, trace=300000, class=java.io.FileDescriptor@50000084)
	useCount	500016d8
OBJ 500016d6 (sz=32, trace=300000, class=java.io.FileDescriptor@50000084)
	useCount	500016d7
OBJ 500016d7 (sz=16, trace=300000, class=java.util.concurrent.atomic.AtomicInteger@50000094)
OBJ 500016d8 (sz=16, trace=300000, class=java.util.concurrent.atomic.AtomicInteger@50000094)
OBJ 500016d9 (sz=16, trace=300000, class=java.lang.ThreadLocal@500000d8)
OBJ 500016da (sz=16, trace=300000, class=java.util.concurrent.atomic.AtomicInteger@50000094)
OBJ 500016db (sz=32, trace=300000, class=java.lang.String@500000d6)
	value		500016e2
OBJ 500016dc (sz=32, trace=300000, class=java.lang.ref.ReferenceQueue$Null@5000008a)
	lock		500016df
OBJ 500016dd (sz=32, trace=300000, class=java.lang.ref.ReferenceQueue$Null@5000008a)
	lock		500016de
OBJ 500016de (sz=16, trace=300000, class=java.lang.ref.ReferenceQueue$Lock@5000007c)
OBJ 500016df (sz=16, trace=300000, class=java.lang.ref.ReferenceQueue$Lock@5000007c)
OBJ 500016e0 (sz=32, trace=300000, class=java.lang.String@500000d6)
	value		500016e1
ARR 500016e1 (sz=12, trace=300000, nelems=6, elem type=char[])
ARR 500016e2 (sz=34, trace=300000, nelems=17, elem type=char[])
OBJ 500016e3 (sz=32, trace=300000, class=java.lang.String@500000d6)
	value		50001d01
OBJ 500016e4 (sz=32, trace=300000, class=java.lang.String@500000d6)
	value		50001d00
OBJ 500016e5 (sz=32, trace=300000, class=java.io.WinNTFileSystem@500000f3)
	cache		500016e7
	prefixCache	500016e6
OBJ 500016e6 (sz=40, trace=300000, class=java.io.ExpiringCache@50000037)
	map		50001719
OBJ 500016e7 (sz=40, trace=300000, class=java.io.ExpiringCache@50000037)
	map		500016e8
OBJ 500016e8 (sz=56, trace=300000, class=java.io.ExpiringCache$1@500000dd)
	table		500016ea
	header		500016e9
	this$0		500016e7
OBJ 500016e9 (sz=40, trace=300000, class=java.util.LinkedHashMap$Entry@50000016)
	before		50000285
	after		500016f0
ARR 500016ea (sz=80, trace=300000, nelems=16, elem type=java.util.HashMap$Entry[]@500000db)
	[0]		500016eb
	[1]		50000285
	[3]		500016ec
	[7]		500016ed
	[8]		500001f0
	[10]		500016ee
	[15]		500016ef
OBJ 500016eb (sz=40, trace=300000, class=java.util.LinkedHashMap$Entry@50000016)
	key		50001715
	value		50001714
	before		500016ed
	after		500016ef
OBJ 500016ec (sz=40, trace=300000, class=java.util.LinkedHashMap$Entry@50000016)
	key		5000170b
	value		5000170a
	before		500016fd
	after		500016ed
OBJ 500016ed (sz=40, trace=300000, class=java.util.LinkedHashMap$Entry@50000016)
	key		50001710
	value		5000170f
	before		500016ec
	after		500016eb
OBJ 500016ee (sz=40, trace=300000, class=java.util.LinkedHashMap$Entry@50000016)
	key		50001706
	value		50001705
	before		500016f0
	after		500016fd
OBJ 500016ef (sz=40, trace=300000, class=java.util.LinkedHashMap$Entry@50000016)
	key		500016f2
	value		500016f1
	next		500016f0
	before		500016eb
	after		500001f0
OBJ 500016f0 (sz=40, trace=300000, class=java.util.LinkedHashMap$Entry@50000016)
	key		500016f7
	value		500016f6
	before		500016e9
	after		500016ee
OBJ 500016f1 (sz=24, trace=300000, class=java.io.ExpiringCache$Entry@500000ac)
	val		500016f4
OBJ 500016f2 (sz=32, trace=300000, class=java.lang.String@500000d6)
	value		500016f3
ARR 500016f3 (sz=106, trace=300000, nelems=53, elem type=char[])
OBJ 500016f4 (sz=32, trace=300000, class=java.lang.String@500000d6)
	value		500016f5
ARR 500016f5 (sz=102, trace=300000, nelems=51, elem type=char[])
OBJ 500016f6 (sz=24, trace=300000, class=java.io.ExpiringCache$Entry@500000ac)
	val		500016f9
OBJ 500016f7 (sz=32, trace=300000, class=java.lang.String@500000d6)
	value		500016f8
ARR 500016f8 (sz=98, trace=300000, nelems=49, elem type=char[])
OBJ 500016f9 (sz=32, trace=300000, class=java.lang.String@500000d6)
	value		500016fa
ARR 500016fa (sz=98, trace=300000, nelems=49, elem type=char[])
OBJ 500016fb (sz=32, trace=300000, class=java.lang.String@500000d6)
	value		500016fc
ARR 500016fc (sz=124, trace=300000, nelems=62, elem type=char[])
OBJ 500016fd (sz=40, trace=300000, class=java.util.LinkedHashMap$Entry@50000016)
	key		50001701
	value		50001700
	before		500016ee
	after		500016ec
OBJ 500016fe (sz=32, trace=300000, class=java.lang.String@500000d6)
	value		500016ff
ARR 500016ff (sz=120, trace=300000, nelems=60, elem type=char[])
OBJ 50001700 (sz=24, trace=300000, class=java.io.ExpiringCache$Entry@500000ac)
	val		50001703
OBJ 50001701 (sz=32, trace=300000, class=java.lang.String@500000d6)
	value		50001702
ARR 50001702 (sz=110, trace=300000, nelems=55, elem type=char[])
OBJ 50001703 (sz=32, trace=300000, class=java.lang.String@500000d6)
	value		50001704
ARR 50001704 (sz=110, trace=300000, nelems=55, elem type=char[])
OBJ 50001705 (sz=24, trace=300000, class=java.io.ExpiringCache$Entry@500000ac)
	val		50001708
OBJ 50001706 (sz=32, trace=300000, class=java.lang.String@500000d6)
	value		50001707
ARR 50001707 (sz=146, trace=300000, nelems=73, elem type=char[])
OBJ 50001708 (sz=32, trace=300000, class=java.lang.String@500000d6)
	value		50001709
ARR 50001709 (sz=90, trace=300000, nelems=45, elem type=char[])
OBJ 5000170a (sz=24, trace=300000, class=java.io.ExpiringCache$Entry@500000ac)
	val		5000170d
OBJ 5000170b (sz=32, trace=300000, class=java.lang.String@500000d6)
	value		5000170c
ARR 5000170c (sz=120, trace=300000, nelems=60, elem type=char[])
OBJ 5000170d (sz=32, trace=300000, class=java.lang.String@500000d6)
	value		5000170e
ARR 5000170e (sz=120, trace=300000, nelems=60, elem type=char[])
OBJ 5000170f (sz=24, trace=300000, class=java.io.ExpiringCache$Entry@500000ac)
	val		50001712
OBJ 50001710 (sz=32, trace=300000, class=java.lang.String@500000d6)
	value		50001711
ARR 50001711 (sz=130, trace=300000, nelems=65, elem type=char[])
OBJ 50001712 (sz=32, trace=300000, class=java.lang.String@500000d6)
	value		50001713
ARR 50001713 (sz=130, trace=300000, nelems=65, elem type=char[])
OBJ 50001714 (sz=24, trace=300000, class=java.io.ExpiringCache$Entry@500000ac)
	val		50001717
OBJ 50001715 (sz=32, trace=300000, class=java.lang.String@500000d6)
	value		50001716
ARR 50001716 (sz=124, trace=300000, nelems=62, elem type=char[])
OBJ 50001717 (sz=32, trace=300000, class=java.lang.String@500000d6)
	value		50001718
ARR 50001718 (sz=120, trace=300000, nelems=60, elem type=char[])
OBJ 50001719 (sz=56, trace=300000, class=java.io.ExpiringCache$1@500000dd)
	table		5000171b
	header		5000171a
	this$0		500016e6
OBJ 5000171a (sz=40, trace=300000, class=java.util.LinkedHashMap$Entry@50000016)
	before		5000171c
	after		5000171e
ARR 5000171b (sz=80, trace=300000, nelems=16, elem type=java.util.HashMap$Entry[]@500000db)
	[9]		5000171c
	[10]		5000171d
	[15]		5000171e
OBJ 5000171c (sz=40, trace=300000, class=java.util.LinkedHashMap$Entry@50000016)
	key		50001723
	value		50001722
	before		5000171d
	after		5000171a
OBJ 5000171d (sz=40, trace=300000, class=java.util.LinkedHashMap$Entry@50000016)
	key		50001726
	value		50001725
	before		5000171e
	after		5000171c
OBJ 5000171e (sz=40, trace=300000, class=java.util.LinkedHashMap$Entry@50000016)
	key		50001720
	value		5000171f
	before		5000171a
	after		5000171d
OBJ 5000171f (sz=24, trace=300000, class=java.io.ExpiringCache$Entry@500000ac)
	val		50001721
OBJ 50001720 (sz=32, trace=300000, class=java.lang.String@500000d6)
	value		500016f8
OBJ 50001721 (sz=32, trace=300000, class=java.lang.String@500000d6)
	value		500016fa
OBJ 50001722 (sz=24, trace=300000, class=java.io.ExpiringCache$Entry@500000ac)
	val		50001724
OBJ 50001723 (sz=32, trace=300000, class=java.lang.String@500000d6)
	value		500016f3
OBJ 50001724 (sz=32, trace=300000, class=java.lang.String@500000d6)
	value		500016f5
OBJ 50001725 (sz=24, trace=300000, class=java.io.ExpiringCache$Entry@500000ac)
	val		50001727
OBJ 50001726 (sz=32, trace=300000, class=java.lang.String@500000d6)
	value		50001702
OBJ 50001727 (sz=32, trace=300000, class=java.lang.String@500000d6)
	value		50001704
OBJ 50001728 (sz=32, trace=300000, class=java.lang.String@500000d6)
	value		50001cff
OBJ 50001729 (sz=32, trace=300000, class=java.lang.String@500000d6)
	value		50001cfe
OBJ 5000172a (sz=32, trace=300000, class=java.lang.String@500000d6)
	value		50001cfd
ARR 5000172b (sz=120, trace=300000, nelems=0, elem type=java.lang.String[]@500000d7)
OBJ 5000172c (sz=32, trace=300000, class=java.lang.String@500000d6)
	value		50001736
OBJ 5000172d (sz=32, trace=300000, class=java.lang.String@500000d6)
	value		50001733
ARR 5000172e (sz=32, trace=300000, nelems=3, elem type=java.io.ObjectStreamField[]@500000eb)
	[0]		5000172f
	[1]		50001730
	[2]		50001731
OBJ 5000172f (sz=40, trace=300000, class=java.io.ObjectStreamField@500000ea)
	name		500016d3
	signature	50001738
	type		5000013e
OBJ 50001730 (sz=40, trace=300000, class=java.io.ObjectStreamField@500000ea)
	name		5000172c
	signature	50001735
	type		50001631
OBJ 50001731 (sz=40, trace=300000, class=java.io.ObjectStreamField@500000ea)
	name		5000172d
	signature	50001732
	type		50001635
OBJ 50001732 (sz=32, trace=300000, class=java.lang.String@500000d6)
	value		50001734
ARR 50001733 (sz=12, trace=300000, nelems=6, elem type=char[])
ARR 50001734 (sz=2, trace=300000, nelems=1, elem type=char[])
OBJ 50001735 (sz=32, trace=300000, class=java.lang.String@500000d6)
	value		50001737
ARR 50001736 (sz=10, trace=300000, nelems=5, elem type=char[])
ARR 50001737 (sz=2, trace=300000, nelems=1, elem type=char[])
OBJ 50001738 (sz=32, trace=300000, class=java.lang.String@500000d6)
	value		50001739
ARR 50001739 (sz=4, trace=300000, nelems=2, elem type=char[])
OBJ 5000173a (sz=32, trace=300000, class=java.lang.String@500000d6)
	value		50001cf8
OBJ 5000173b (sz=32, trace=300000, class=java.lang.String@500000d6)
	value		50001cf7
ARR 5000173c (sz=40, trace=300000, nelems=10, elem type=int[])
ARR 5000173d (sz=200, trace=300000, nelems=100, elem type=char[])
ARR 5000173e (sz=200, trace=300000, nelems=100, elem type=char[])
ARR 5000173f (sz=72, trace=300000, nelems=36, elem type=char[])
OBJ 50001740 (sz=32, trace=300000, class=java.lang.String@500000d6)
	value		50001cf6
OBJ 50001741 (sz=32, trace=300000, class=java.lang.String@500000d6)
	value		50001cf5
OBJ 50001742 (sz=32, trace=300000, class=java.lang.String@500000d6)
	value		50001cf4
OBJ 50001743 (sz=32, trace=300000, class=java.lang.String@500000d6)
	value		50001744
ARR 50001744 (sz=70, trace=300000, nelems=35, elem type=char[])
ARR 50001745 (sz=32, trace=300000, nelems=16, elem type=char[])
OBJ 50001746 (sz=16, trace=300000, class=java.util.Hashtable$EmptyIterator@5000000f)
OBJ 50001747 (sz=16, trace=300000, class=java.util.Hashtable$EmptyEnumerator@50000003)
OBJ 50001748 (sz=16, trace=300000, class=java.lang.Runtime@5000012e)
OBJ 50001749 (sz=32, trace=300000, class=java.lang.String@500000d6)
	value		50001cf3
OBJ 5000174a (sz=32, trace=300000, class=java.lang.String@500000d6)
	value		50001cf2
OBJ 5000174b (sz=32, trace=300000, class=java.lang.String@500000d6)
	value		50001cf1
ARR 5000174c (sz=24, trace=300000, nelems=1, elem type=java.lang.String[]@500000d7)
	[0]		50001ced
ARR 5000174d (sz=88, trace=300000, nelems=18, elem type=java.lang.String[]@500000d7)
	[0]		50001cda
	[1]		50001cdb
	[2]		50001cdc
	[3]		50001cdd
	[4]		50001cde
	[5]		50001cdf
	[6]		50001ce0
	[7]		50001ce1
	[8]		50001ce2
	[9]		50001ce3
	[10]		50001ce4
	[11]		50001ce5
	[12]		50001ce6
	[13]		50001ce7
	[14]		50001ce8
	[15]		50001ce9
	[16]		50001cea
	[17]		50001ceb
OBJ 5000174e (sz=32, trace=300000, class=java.util.Stack@50000025)
	elementData	50001cd9
OBJ 5000174f (sz=32, trace=300000, class=java.util.Vector@500000c5)
	elementData	50001cd7
OBJ 50001750 (sz=32, trace=300000, class=java.util.Vector@500000c5)
	elementData	50001cd6
OBJ 50001751 (sz=32, trace=300000, class=java.security.AccessControlContext@500000cf)
OBJ 50001752 (sz=32, trace=300000, class=sun.misc.URLClassPath@50000032)
	path		50001cce
	urls		50001ccd
	loaders		50001ccc
	lmap		50001ccb
	jarHandler	50001cca
OBJ 50001753 (sz=48, trace=300000, class=java.util.HashMap@50000052)
	table		50001cc9
OBJ 50001754 (sz=32, trace=300000, class=java.util.Vector@500000c5)
	elementData	50001cc8
OBJ 50001755 (sz=48, trace=300000, class=java.util.HashMap@50000052)
	table		50001cc7
OBJ 50001756 (sz=16, trace=300000, class=java.util.HashSet@50000059)
	map		50001cc5
OBJ 50001757 (sz=32, trace=300000, class=java.util.Vector@500000c5)
	elementData	50001cbd
OBJ 50001758 (sz=48, trace=300000, class=java.util.Hashtable@50000060)
	table		50001cbc
OBJ 50001759 (sz=80, trace=300000, class=sun.misc.Launcher$ExtClassLoader@50000137)
	package2certs	50001762
	classes		50001761
	domains		50001760
	packages	5000175f
	nativeLibraries	5000175e
	pdcache		5000175d
	ucp		5000175c
	acc		5000175b
	dirs		5000175a
ARR 5000175a (sz=24, trace=300000, nelems=2, elem type=java.io.File[]@50000098)
	[0]		50001c58
	[1]		50001c59
OBJ 5000175b (sz=32, trace=300000, class=java.security.AccessControlContext@500000cf)
OBJ 5000175c (sz=32, trace=300000, class=sun.misc.URLClassPath@50000032)
	path		5000176f
	urls		5000176e
	loaders		5000176d
	lmap		5000176c
	jarHandler	5000176b
OBJ 5000175d (sz=48, trace=300000, class=java.util.HashMap@50000052)
	table		5000176a
OBJ 5000175e (sz=32, trace=300000, class=java.util.Vector@500000c5)
	elementData	50001769
OBJ 5000175f (sz=48, trace=300000, class=java.util.HashMap@50000052)
	table		50001768
OBJ 50001760 (sz=16, trace=300000, class=java.util.HashSet@50000059)
	map		50001765
OBJ 50001761 (sz=32, trace=300000, class=java.util.Vector@500000c5)
	elementData	50001764
OBJ 50001762 (sz=48, trace=300000, class=java.util.Hashtable@50000060)
	table		50001763
ARR 50001763 (sz=64, trace=300000, nelems=0, elem type=java.util.Hashtable$Entry[]@500000c7)
ARR 50001764 (sz=56, trace=300000, nelems=0, elem type=java.lang.Object[]@50000022)
OBJ 50001765 (sz=48, trace=300000, class=java.util.HashMap@50000052)
	table		50001766
ARR 50001766 (sz=80, trace=300000, nelems=0, elem type=java.util.HashMap$Entry[]@500000db)
OBJ 50001767 (sz=16, trace=300000, class=java.lang.Object@50000021)
ARR 50001768 (sz=80, trace=300000, nelems=0, elem type=java.util.HashMap$Entry[]@500000db)
ARR 50001769 (sz=56, trace=300000, nelems=0, elem type=java.lang.Object[]@50000022)
ARR 5000176a (sz=80, trace=300000, nelems=0, elem type=java.util.HashMap$Entry[]@500000db)
OBJ 5000176b (sz=16, trace=300000, class=sun.net.www.protocol.jar.Handler@5000005a)
OBJ 5000176c (sz=48, trace=300000, class=java.util.HashMap@50000052)
	table		50001c4b
OBJ 5000176d (sz=24, trace=300000, class=java.util.ArrayList@500000b8)
	elementData	500017f5
OBJ 5000176e (sz=32, trace=300000, class=java.util.Stack@50000025)
	elementData	500017f4
OBJ 5000176f (sz=24, trace=300000, class=java.util.ArrayList@500000b8)
	elementData	50001770
ARR 50001770 (sz=56, trace=300000, nelems=3, elem type=java.lang.Object[]@50000022)
	[0]		50001771
	[1]		50001772
	[2]		50001773
OBJ 50001771 (sz=64, trace=300000, class=java.net.URL@500000d2)
	protocol	50001776
	host		50001658
	file		500017f2
	authority	50001658
	path		500017f2
	handler		50001774
OBJ 50001772 (sz=64, trace=300000, class=java.net.URL@500000d2)
	protocol	50001776
	host		50001658
	file		500017f0
	authority	50001658
	path		500017f0
	handler		50001774
OBJ 50001773 (sz=64, trace=300000, class=java.net.URL@500000d2)
	protocol	50001776
	host		50001658
	file		50001775
	authority	50001658
	path		50001775
	handler		50001774
OBJ 50001774 (sz=16, trace=300000, class=sun.net.www.protocol.file.Handler@5000002d)
OBJ 50001775 (sz=32, trace=300000, class=java.lang.String@500000d6)
	value		50001779
OBJ 50001776 (sz=32, trace=300000, class=java.lang.String@500000d6)
	value		50001777
ARR 50001777 (sz=8, trace=300000, nelems=4, elem type=char[])
ARR 50001778 (sz=0, trace=300000, nelems=0, elem type=char[])
ARR 50001779 (sz=136, trace=300000, nelems=68, elem type=char[])
OBJ 5000177a (sz=32, trace=300000, class=java.lang.String@500000d6)
	value		5000177f
OBJ 5000177b (sz=32, trace=300000, class=java.lang.String@500000d6)
	value		50001780
OBJ 5000177c (sz=32, trace=300000, class=java.lang.String@500000d6)
	value		50001782
OBJ 5000177d (sz=32, trace=300000, class=java.lang.String@500000d6)
	value		500017ee
OBJ 5000177e (sz=32, trace=300000, class=java.lang.String@500000d6)
	value		50001781
ARR 5000177f (sz=28, trace=300000, nelems=14, elem type=char[])
ARR 50001780 (sz=24, trace=300000, nelems=12, elem type=char[])
ARR 50001781 (sz=20, trace=300000, nelems=10, elem type=char[])
ARR 50001782 (sz=26, trace=300000, nelems=13, elem type=char[])
OBJ 50001783 (sz=32, trace=300000, class=java.lang.String@500000d6)
	value		50001786
OBJ 50001784 (sz=32, trace=300000, class=java.lang.String@500000d6)
	value		50001785
ARR 50001785 (sz=38, trace=300000, nelems=19, elem type=char[])
ARR 50001786 (sz=50, trace=300000, nelems=25, elem type=char[])
OBJ 50001787 (sz=32, trace=300000, class=java.lang.String@500000d6)
	value		500017c5
OBJ 50001788 (sz=32, trace=300000, class=java.lang.String@500000d6)
	value		500017c4
OBJ 50001789 (sz=32, trace=300000, class=java.lang.String@500000d6)
	value		500017c3
OBJ 5000178a (sz=32, trace=300000, class=java.lang.String@500000d6)
	value		500017c2
OBJ 5000178b (sz=32, trace=300000, class=java.lang.String@500000d6)
	value		500017b9
OBJ 5000178c (sz=32, trace=300000, class=java.lang.String@500000d6)
	value		500017c1
OBJ 5000178d (sz=32, trace=300000, class=java.lang.String@500000d6)
	value		500017c0
OBJ 5000178e (sz=32, trace=300000, class=java.lang.String@500000d6)
	value		500017bf
OBJ 5000178f (sz=32, trace=300000, class=java.lang.String@500000d6)
	value		500017be
ARR 50001790 (sz=32, trace=300000, nelems=16, elem type=char[])
OBJ 50001791 (sz=24, trace=300000, class=java.util.BitSet@5000012a)
	words		50001792
ARR 50001792 (sz=32, trace=300000, nelems=4, elem type=long[])
OBJ 50001793 (sz=32, trace=300000, class=java.lang.String@500000d6)
	value		50001797
ARR 50001794 (sz=24, trace=300000, nelems=1, elem type=java.io.ObjectStreamField[]@500000eb)
	[0]		50001795
OBJ 50001795 (sz=40, trace=300000, class=java.io.ObjectStreamField@500000ea)
	name		50001793
	signature	50001796
	type		50000141
OBJ 50001796 (sz=32, trace=300000, class=java.lang.String@500000d6)
	value		50001798
ARR 50001797 (sz=8, trace=300000, nelems=4, elem type=char[])
ARR 50001798 (sz=4, trace=300000, nelems=2, elem type=char[])
OBJ 50001799 (sz=32, trace=300000, class=java.lang.String@500000d6)
	value		500017bb
OBJ 5000179a (sz=32, trace=300000, class=java.lang.String@500000d6)
	value		500017ba
OBJ 5000179b (sz=32, trace=300000, class=java.lang.String@500000d6)
	value		500017a1
OBJ 5000179c (sz=32, trace=300000, class=java.lang.String@500000d6)
	value		500017b8
OBJ 5000179d (sz=32, trace=300000, class=java.lang.String@500000d6)
	value		500017b7
OBJ 5000179e (sz=32, trace=300000, class=java.lang.String@500000d6)
	value		500017b6
OBJ 5000179f (sz=16, trace=300000, class=java.lang.Object@50000021)
OBJ 500017a0 (sz=48, trace=300000, class=java.util.Hashtable@50000060)
	table		500017a2
ARR 500017a1 (sz=52, trace=300000, nelems=26, elem type=char[])
ARR 500017a2 (sz=64, trace=300000, nelems=7, elem type=java.util.Hashtable$Entry[]@500000c7)
	[6]		500017a3
OBJ 500017a3 (sz=32, trace=300000, class=java.util.Hashtable$Entry@500000c6)
	key		50001776
	value		50001774
OBJ 500017a4 (sz=32, trace=300000, class=java.lang.String@500000d6)
	value		500017a9
OBJ 500017a5 (sz=32, trace=300000, class=java.lang.String@500000d6)
	value		500017a8
ARR 500017a6 (sz=1024, trace=300000, nelems=256, elem type=int[])
ARR 500017a7 (sz=4, trace=300000, nelems=2, elem type=char[])
ARR 500017a8 (sz=1024, trace=300000, nelems=512, elem type=char[])
ARR 500017a9 (sz=8, trace=300000, nelems=4, elem type=char[])
OBJ 500017aa (sz=32, trace=300000, class=java.lang.String@500000d6)
	value		500017b5
OBJ 500017ab (sz=32, trace=300000, class=java.lang.String@500000d6)
	value		500017b4
OBJ 500017ac (sz=32, trace=300000, class=java.lang.String@500000d6)
	value		500017b3
OBJ 500017ad (sz=32, trace=300000, class=java.lang.String@500000d6)
	value		500017b2
OBJ 500017ae (sz=32, trace=300000, class=java.lang.String@500000d6)
	value		500017b1
OBJ 500017af (sz=32, trace=300000, class=java.lang.String@500000d6)
	value		500017b0
ARR 500017b0 (sz=2, trace=300000, nelems=1, elem type=char[])
ARR 500017b1 (sz=6, trace=300000, nelems=3, elem type=char[])
ARR 500017b2 (sz=8, trace=300000, nelems=4, elem type=char[])
ARR 500017b3 (sz=6, trace=300000, nelems=3, elem type=char[])
ARR 500017b4 (sz=4, trace=300000, nelems=2, elem type=char[])
ARR 500017b5 (sz=4, trace=300000, nelems=2, elem type=char[])
ARR 500017b6 (sz=2, trace=300000, nelems=1, elem type=char[])
ARR 500017b7 (sz=8, trace=300000, nelems=4, elem type=char[])
ARR 500017b8 (sz=40, trace=300000, nelems=20, elem type=char[])
ARR 500017b9 (sz=2, trace=300000, nelems=1, elem type=char[])
ARR 500017ba (sz=16, trace=300000, nelems=8, elem type=char[])
ARR 500017bb (sz=2, trace=300000, nelems=1, elem type=char[])
OBJ 500017bc (sz=32, trace=300000, class=java.lang.String@500000d6)
	value		500017bd
ARR 500017bd (sz=12, trace=300000, nelems=6, elem type=char[])
ARR 500017be (sz=14, trace=300000, nelems=7, elem type=char[])
ARR 500017bf (sz=24, trace=300000, nelems=12, elem type=char[])
ARR 500017c0 (sz=4, trace=300000, nelems=2, elem type=char[])
ARR 500017c1 (sz=14, trace=300000, nelems=7, elem type=char[])
ARR 500017c2 (sz=10, trace=300000, nelems=5, elem type=char[])
ARR 500017c3 (sz=18, trace=300000, nelems=9, elem type=char[])
ARR 500017c4 (sz=2, trace=300000, nelems=1, elem type=char[])
ARR 500017c5 (sz=16, trace=300000, nelems=8, elem type=char[])
OBJ 500017c6 (sz=32, trace=300000, class=java.lang.String@500000d6)
	value		500017ef
OBJ 500017c7 (sz=32, trace=300000, class=java.lang.String@500000d6)
	value		500017c9
ARR 500017c8 (sz=22, trace=300000, nelems=11, elem type=char[])
ARR 500017c9 (sz=36, trace=300000, nelems=18, elem type=char[])
OBJ 500017ca (sz=32, trace=300000, class=java.lang.String@500000d6)
	value		500017d6
OBJ 500017cb (sz=32, trace=300000, class=java.lang.String@500000d6)
	value		500017dc
OBJ 500017cc (sz=32, trace=300000, class=java.lang.String@500000d6)
	value		500017db
OBJ 500017cd (sz=32, trace=300000, class=java.lang.String@500000d6)
	value		500017d8
OBJ 500017ce (sz=32, trace=300000, class=java.lang.String@500000d6)
	value		500017da
OBJ 500017cf (sz=32, trace=300000, class=java.lang.String@500000d6)
	value		500017d4
OBJ 500017d0 (sz=32, trace=300000, class=java.lang.String@500000d6)
	value		500017d5
OBJ 500017d1 (sz=32, trace=300000, class=java.lang.String@500000d6)
	value		500017d9
OBJ 500017d2 (sz=32, trace=300000, class=java.lang.String@500000d6)
	value		500017d7
OBJ 500017d3 (sz=32, trace=300000, class=java.lang.String@500000d6)
	value		500017e4
ARR 500017d4 (sz=8, trace=300000, nelems=4, elem type=char[])
ARR 500017d5 (sz=12, trace=300000, nelems=6, elem type=char[])
ARR 500017d6 (sz=18, trace=300000, nelems=9, elem type=char[])
ARR 500017d7 (sz=76, trace=300000, nelems=38, elem type=char[])
ARR 500017d8 (sz=40, trace=300000, nelems=20, elem type=char[])
ARR 500017d9 (sz=42, trace=300000, nelems=21, elem type=char[])
ARR 500017da (sz=22, trace=300000, nelems=11, elem type=char[])
ARR 500017db (sz=50, trace=300000, nelems=25, elem type=char[])
ARR 500017dc (sz=32, trace=300000, nelems=16, elem type=char[])
OBJ 500017dd (sz=32, trace=300000, class=java.lang.String@500000d6)
	value		500017e3
OBJ 500017de (sz=32, trace=300000, class=java.lang.String@500000d6)
	value		500017e2
OBJ 500017df (sz=32, trace=300000, class=java.lang.String@500000d6)
	value		500017e1
ARR 500017e0 (sz=32, trace=300000, nelems=16, elem type=char[])
ARR 500017e1 (sz=38, trace=300000, nelems=19, elem type=char[])
ARR 500017e2 (sz=48, trace=300000, nelems=24, elem type=char[])
ARR 500017e3 (sz=32, trace=300000, nelems=16, elem type=char[])
ARR 500017e4 (sz=12, trace=300000, nelems=6, elem type=char[])
ARR 500017e5 (sz=2, trace=300000, nelems=1, elem type=char[])
OBJ 500017e6 (sz=32, trace=300000, class=java.lang.String@500000d6)
	value		500017e9
OBJ 500017e7 (sz=32, trace=300000, class=java.lang.String@500000d6)
	value		500017ec
OBJ 500017e8 (sz=32, trace=300000, class=java.lang.String@500000d6)
	value		500017ea
ARR 500017e9 (sz=26, trace=300000, nelems=13, elem type=char[])
ARR 500017ea (sz=72, trace=300000, nelems=36, elem type=char[])
OBJ 500017eb (sz=32, trace=300000, class=java.lang.String@500000d6)
	value		500017ed
ARR 500017ec (sz=10, trace=300000, nelems=5, elem type=char[])
ARR 500017ed (sz=42, trace=300000, nelems=21, elem type=char[])
ARR 500017ee (sz=8, trace=300000, nelems=4, elem type=char[])
ARR 500017ef (sz=26, trace=300000, nelems=13, elem type=char[])
OBJ 500017f0 (sz=32, trace=300000, class=java.lang.String@500000d6)
	value		500017f1
ARR 500017f1 (sz=126, trace=300000, nelems=63, elem type=char[])
OBJ 500017f2 (sz=32, trace=300000, class=java.lang.String@500000d6)
	value		500017f3
ARR 500017f3 (sz=116, trace=300000, nelems=58, elem type=char[])
ARR 500017f4 (sz=56, trace=300000, nelems=0, elem type=java.lang.Object[]@50000022)
ARR 500017f5 (sz=56, trace=300000, nelems=3, elem type=java.lang.Object[]@50000022)
	[0]		50000181
	[1]		500001a2
	[2]		500001c3
OBJ 500017f6 (sz=24, trace=300000, class=sun.misc.MetaIndex@500000e4)
	contents	500017fb
OBJ 500017f7 (sz=32, trace=300000, class=java.lang.String@500000d6)
	value		500017f8
ARR 500017f8 (sz=6, trace=300000, nelems=3, elem type=char[])
OBJ 500017f9 (sz=32, trace=300000, class=java.lang.String@500000d6)
	value		500017fa
ARR 500017fa (sz=4, trace=300000, nelems=2, elem type=char[])
ARR 500017fb (sz=32, trace=300000, nelems=3, elem type=java.lang.String[]@500000d7)
	[0]		500017fc
	[1]		500017fd
	[2]		500017fe
OBJ 500017fc (sz=32, trace=300000, class=java.lang.String@500000d6)
	value		50001801
OBJ 500017fd (sz=32, trace=300000, class=java.lang.String@500000d6)
	value		50001800
OBJ 500017fe (sz=32, trace=300000, class=java.lang.String@500000d6)
	value		500017ff
ARR 500017ff (sz=38, trace=300000, nelems=19, elem type=char[])
ARR 50001800 (sz=40, trace=300000, nelems=20, elem type=char[])
ARR 50001801 (sz=30, trace=300000, nelems=15, elem type=char[])
OBJ 50001802 (sz=32, trace=300000, class=java.lang.String@500000d6)
	value		50001c4a
OBJ 50001803 (sz=32, trace=300000, class=java.lang.String@500000d6)
	value		50001c49
OBJ 50001804 (sz=48, trace=300000, class=java.util.HashMap@50000052)
	table		50001805
ARR 50001805 (sz=80, trace=300000, nelems=9, elem type=java.util.HashMap$Entry[]@500000db)
	[6]		50001806
	[7]		50001807
	[8]		50001808
OBJ 50001806 (sz=32, trace=300000, class=java.util.HashMap$Entry@500000da)
	key		50001816
	value		50001815
OBJ 50001807 (sz=32, trace=300000, class=java.util.HashMap$Entry@500000da)
	key		50001812
	value		500017f6
OBJ 50001808 (sz=32, trace=300000, class=java.util.HashMap$Entry@500000da)
	key		5000180a
	value		50001809
OBJ 50001809 (sz=24, trace=300000, class=sun.misc.MetaIndex@500000e4)
	contents	5000180d
OBJ 5000180a (sz=24, trace=300000, class=java.io.File@50000097)
	path		5000180b
OBJ 5000180b (sz=32, trace=300000, class=java.lang.String@500000d6)
	value		5000180c
ARR 5000180c (sz=110, trace=300000, nelems=55, elem type=char[])
ARR 5000180d (sz=24, trace=300000, nelems=2, elem type=java.lang.String[]@500000d7)
	[0]		5000180e
	[1]		5000180f
OBJ 5000180e (sz=32, trace=300000, class=java.lang.String@500000d6)
	value		50001811
OBJ 5000180f (sz=32, trace=300000, class=java.lang.String@500000d6)
	value		50001810
ARR 50001810 (sz=14, trace=300000, nelems=7, elem type=char[])
ARR 50001811 (sz=126, trace=300000, nelems=63, elem type=char[])
OBJ 50001812 (sz=24, trace=300000, class=java.io.File@50000097)
	path		50001813
OBJ 50001813 (sz=32, trace=300000, class=java.lang.String@500000d6)
	value		50001814
ARR 50001814 (sz=130, trace=300000, nelems=65, elem type=char[])
OBJ 50001815 (sz=24, trace=300000, class=sun.misc.MetaIndex@500000e4)
	contents	50001819
OBJ 50001816 (sz=24, trace=300000, class=java.io.File@50000097)
	path		50001817
OBJ 50001817 (sz=32, trace=300000, class=java.lang.String@500000d6)
	value		50001818
ARR 50001818 (sz=120, trace=300000, nelems=60, elem type=char[])
ARR 50001819 (sz=24, trace=300000, nelems=2, elem type=java.lang.String[]@500000d7)
	[0]		5000181a
	[1]		5000181b
OBJ 5000181a (sz=32, trace=300000, class=java.lang.String@500000d6)
	value		5000181d
OBJ 5000181b (sz=32, trace=300000, class=java.lang.String@500000d6)
	value		5000181c
ARR 5000181c (sz=16, trace=300000, nelems=8, elem type=char[])
ARR 5000181d (sz=16, trace=300000, nelems=8, elem type=char[])
OBJ 5000181e (sz=32, trace=300000, class=java.lang.String@500000d6)
	value		50001824
OBJ 5000181f (sz=32, trace=300000, class=java.lang.String@500000d6)
	value		50001825
OBJ 50001820 (sz=32, trace=300000, class=java.lang.String@500000d6)
	value		50001826
OBJ 50001821 (sz=16, trace=300000, class=java.nio.charset.CodingErrorAction@50000010)
	name		50001820
OBJ 50001822 (sz=16, trace=300000, class=java.nio.charset.CodingErrorAction@50000010)
	name		5000181f
OBJ 50001823 (sz=16, trace=300000, class=java.nio.charset.CodingErrorAction@50000010)
	name		5000181e
ARR 50001824 (sz=12, trace=300000, nelems=6, elem type=char[])
ARR 50001825 (sz=14, trace=300000, nelems=7, elem type=char[])
ARR 50001826 (sz=12, trace=300000, nelems=6, elem type=char[])
OBJ 50001827 (sz=32, trace=300000, class=java.lang.String@500000d6)
	value		50001831
OBJ 50001828 (sz=32, trace=300000, class=java.lang.String@500000d6)
	value		50001832
OBJ 50001829 (sz=32, trace=300000, class=java.lang.String@500000d6)
	value		50001833
OBJ 5000182a (sz=32, trace=300000, class=java.lang.String@500000d6)
	value		50001830
OBJ 5000182b (sz=16, trace=300000, class=java.nio.charset.CoderResult$2@50000061)
OBJ 5000182c (sz=16, trace=300000, class=java.nio.charset.CoderResult$1@50000072)
OBJ 5000182d (sz=24, trace=300000, class=java.nio.charset.CoderResult@50000004)
OBJ 5000182e (sz=24, trace=300000, class=java.nio.charset.CoderResult@50000004)
ARR 5000182f (sz=32, trace=300000, nelems=4, elem type=java.lang.String[]@500000d7)
	[0]		50001829
	[1]		50001828
	[2]		50001827
	[3]		5000182a
ARR 50001830 (sz=20, trace=300000, nelems=10, elem type=char[])
ARR 50001831 (sz=18, trace=300000, nelems=9, elem type=char[])
ARR 50001832 (sz=16, trace=300000, nelems=8, elem type=char[])
ARR 50001833 (sz=18, trace=300000, nelems=9, elem type=char[])
OBJ 50001834 (sz=32, trace=300000, class=java.lang.String@500000d6)
	value		50001c3e
OBJ 50001835 (sz=32, trace=300000, class=java.lang.String@500000d6)
	value		5000183d
OBJ 50001836 (sz=32, trace=300000, class=java.lang.String@500000d6)
	value		5000183c
OBJ 50001837 (sz=32, trace=300000, class=java.lang.String@500000d6)
	value		5000183b
OBJ 50001838 (sz=32, trace=300000, class=java.lang.String@500000d6)
	value		5000183e
OBJ 50001839 (sz=32, trace=300000, class=java.lang.String@500000d6)
	value		50001c48
ARR 5000183a (sz=32, trace=300000, nelems=4, elem type=java.lang.String[]@500000d7)
	[0]		50001838
	[1]		50001835
	[2]		50001836
	[3]		50001837
ARR 5000183b (sz=14, trace=300000, nelems=7, elem type=char[])
ARR 5000183c (sz=20, trace=300000, nelems=10, elem type=char[])
ARR 5000183d (sz=12, trace=300000, nelems=6, elem type=char[])
ARR 5000183e (sz=10, trace=300000, nelems=5, elem type=char[])
OBJ 5000183f (sz=32, trace=300000, class=java.lang.String@500000d6)
	value		50001c47
OBJ 50001840 (sz=32, trace=300000, class=java.lang.String@500000d6)
	value		50001c46
OBJ 50001841 (sz=24, trace=300000, class=sun.nio.cs.MS1252@50000049)
	name		500018e4
	aliases		50001b8d
OBJ 50001842 (sz=16, trace=300000, class=java.lang.Object@50000021)
OBJ 50001843 (sz=16, trace=300000, class=java.lang.ThreadLocal@500000d8)
ARR 50001844 (sz=24, trace=300000, nelems=2, elem type=java.lang.Object[]@50000022)
	[0]		500018e4
	[1]		50001841
ARR 50001845 (sz=24, trace=300000, nelems=2, elem type=java.lang.Object[]@50000022)
	[0]		50001c44
	[1]		50001841
OBJ 50001846 (sz=32, trace=300000, class=sun.nio.cs.StandardCharsets@5000010f)
	classMap	5000184a
	aliasMap	50001849
	cache		50001848
	packagePrefix	50001847
OBJ 50001847 (sz=32, trace=300000, class=java.lang.String@500000d6)
	value		50001c33
OBJ 50001848 (sz=40, trace=300000, class=sun.nio.cs.StandardCharsets$Cache@50000132)
	ht		50001b69
OBJ 50001849 (sz=40, trace=300000, class=sun.nio.cs.StandardCharsets$Aliases@5000012d)
	ht		5000190a
OBJ 5000184a (sz=40, trace=300000, class=sun.nio.cs.StandardCharsets$Classes@5000001b)
	ht		5000184b
ARR 5000184b (sz=144, trace=300000, nelems=32, elem type=java.lang.Object[]@50000022)
	[0]		5000184c
	[2]		5000184d
	[3]		5000184e
	[4]		5000184f
	[5]		50001850
	[6]		50001851
	[7]		50001852
	[8]		50001853
	[9]		50001854
	[10]		50001855
	[11]		50001856
	[12]		50001857
	[14]		50001858
	[15]		50001859
	[16]		5000185a
	[17]		5000185b
	[18]		5000185c
	[19]		5000185d
	[22]		5000185e
	[24]		5000185f
	[28]		50001860
	[29]		50001861
	[31]		50001862
ARR 5000184c (sz=24, trace=300000, nelems=2, elem type=java.lang.Object[]@50000022)
	[0]		50001906
	[1]		50001907
ARR 5000184d (sz=32, trace=300000, nelems=3, elem type=java.lang.Object[]@50000022)
	[0]		500018f8
	[1]		500018f9
	[2]		500018fa
ARR 5000184e (sz=32, trace=300000, nelems=3, elem type=java.lang.Object[]@50000022)
	[0]		500018ef
	[1]		500018f0
	[2]		500018f1
ARR 5000184f (sz=32, trace=300000, nelems=3, elem type=java.lang.Object[]@50000022)
	[0]		500018e1
	[1]		500018e2
	[2]		500018e3
ARR 50001850 (sz=32, trace=300000, nelems=3, elem type=java.lang.Object[]@50000022)
	[0]		500018d8
	[1]		500018d9
	[2]		500018da
ARR 50001851 (sz=24, trace=300000, nelems=2, elem type=java.lang.Object[]@50000022)
	[0]		500018d4
	[1]		500018d5
ARR 50001852 (sz=24, trace=300000, nelems=2, elem type=java.lang.Object[]@50000022)
	[0]		500018d0
	[1]		500018d1
ARR 50001853 (sz=32, trace=300000, nelems=3, elem type=java.lang.Object[]@50000022)
	[0]		500018c7
	[1]		500018c8
	[2]		500018c9
ARR 50001854 (sz=32, trace=300000, nelems=3, elem type=java.lang.Object[]@50000022)
	[0]		500018be
	[1]		500018bf
	[2]		500018c0
ARR 50001855 (sz=24, trace=300000, nelems=2, elem type=java.lang.Object[]@50000022)
	[0]		500018ba
	[1]		500018bb
ARR 50001856 (sz=32, trace=300000, nelems=3, elem type=java.lang.Object[]@50000022)
	[0]		500018b1
	[1]		500018b2
	[2]		500018b3
ARR 50001857 (sz=24, trace=300000, nelems=2, elem type=java.lang.Object[]@50000022)
	[0]		500018ad
	[1]		500018ae
ARR 50001858 (sz=24, trace=300000, nelems=2, elem type=java.lang.Object[]@50000022)
	[0]		500018a9
	[1]		500018aa
ARR 50001859 (sz=24, trace=300000, nelems=2, elem type=java.lang.Object[]@50000022)
	[0]		500018a5
	[1]		500018a6
ARR 5000185a (sz=32, trace=300000, nelems=3, elem type=java.lang.Object[]@50000022)
	[0]		5000189c
	[1]		5000189d
	[2]		5000189e
ARR 5000185b (sz=32, trace=300000, nelems=3, elem type=java.lang.Object[]@50000022)
	[0]		50001893
	[1]		50001894
	[2]		50001895
ARR 5000185c (sz=32, trace=300000, nelems=3, elem type=java.lang.Object[]@50000022)
	[0]		50001885
	[1]		50001886
	[2]		50001887
ARR 5000185d (sz=32, trace=300000, nelems=3, elem type=java.lang.Object[]@50000022)
	[0]		50001877
	[1]		50001878
	[2]		50001879
ARR 5000185e (sz=24, trace=300000, nelems=2, elem type=java.lang.Object[]@50000022)
	[0]		50001873
	[1]		50001874
ARR 5000185f (sz=24, trace=300000, nelems=2, elem type=java.lang.Object[]@50000022)
	[0]		5000186f
	[1]		50001870
ARR 50001860 (sz=24, trace=300000, nelems=2, elem type=java.lang.Object[]@50000022)
	[0]		5000186b
	[1]		5000186c
ARR 50001861 (sz=24, trace=300000, nelems=2, elem type=java.lang.Object[]@50000022)
	[0]		50001867
	[1]		50001868
ARR 50001862 (sz=24, trace=300000, nelems=2, elem type=java.lang.Object[]@50000022)
	[0]		50001863
	[1]		50001864
OBJ 50001863 (sz=32, trace=300000, class=java.lang.String@500000d6)
	value		50001866
OBJ 50001864 (sz=32, trace=300000, class=java.lang.String@500000d6)
	value		50001865
ARR 50001865 (sz=16, trace=300000, nelems=8, elem type=char[])
ARR 50001866 (sz=16, trace=300000, nelems=8, elem type=char[])
OBJ 50001867 (sz=32, trace=300000, class=java.lang.String@500000d6)
	value		5000186a
OBJ 50001868 (sz=32, trace=300000, class=java.lang.String@500000d6)
	value		50001869
ARR 50001869 (sz=12, trace=300000, nelems=6, elem type=char[])
ARR 5000186a (sz=12, trace=300000, nelems=6, elem type=char[])
OBJ 5000186b (sz=32, trace=300000, class=java.lang.String@500000d6)
	value		5000186e
OBJ 5000186c (sz=32, trace=300000, class=java.lang.String@500000d6)
	value		5000186d
ARR 5000186d (sz=12, trace=300000, nelems=6, elem type=char[])
ARR 5000186e (sz=12, trace=300000, nelems=6, elem type=char[])
OBJ 5000186f (sz=32, trace=300000, class=java.lang.String@500000d6)
	value		50001872
OBJ 50001870 (sz=32, trace=300000, class=java.lang.String@500000d6)
	value		50001871
ARR 50001871 (sz=24, trace=300000, nelems=12, elem type=char[])
ARR 50001872 (sz=28, trace=300000, nelems=14, elem type=char[])
OBJ 50001873 (sz=32, trace=300000, class=java.lang.String@500000d6)
	value		50001876
OBJ 50001874 (sz=32, trace=300000, class=java.lang.String@500000d6)
	value		50001875
ARR 50001875 (sz=24, trace=300000, nelems=12, elem type=char[])
ARR 50001876 (sz=28, trace=300000, nelems=14, elem type=char[])
OBJ 50001877 (sz=32, trace=300000, class=java.lang.String@500000d6)
	value		50001884
OBJ 50001878 (sz=32, trace=300000, class=java.lang.String@500000d6)
	value		50001883
ARR 50001879 (sz=32, trace=300000, nelems=3, elem type=java.lang.Object[]@50000022)
	[0]		5000187a
	[1]		5000187b
	[2]		5000187c
OBJ 5000187a (sz=32, trace=300000, class=java.lang.String@500000d6)
	value		50001882
OBJ 5000187b (sz=32, trace=300000, class=java.lang.String@500000d6)
	value		50001881
ARR 5000187c (sz=24, trace=300000, nelems=2, elem type=java.lang.Object[]@50000022)
	[0]		5000187d
	[1]		5000187e
OBJ 5000187d (sz=32, trace=300000, class=java.lang.String@500000d6)
	value		50001880
OBJ 5000187e (sz=32, trace=300000, class=java.lang.String@500000d6)
	value		5000187f
ARR 5000187f (sz=24, trace=300000, nelems=12, elem type=char[])
ARR 50001880 (sz=28, trace=300000, nelems=14, elem type=char[])
ARR 50001881 (sz=12, trace=300000, nelems=6, elem type=char[])
ARR 50001882 (sz=12, trace=300000, nelems=6, elem type=char[])
ARR 50001883 (sz=12, trace=300000, nelems=6, elem type=char[])
ARR 50001884 (sz=16, trace=300000, nelems=8, elem type=char[])
OBJ 50001885 (sz=32, trace=300000, class=java.lang.String@500000d6)
	value		50001892
OBJ 50001886 (sz=32, trace=300000, class=java.lang.String@500000d6)
	value		50001891
ARR 50001887 (sz=32, trace=300000, nelems=3, elem type=java.lang.Object[]@50000022)
	[0]		50001888
	[1]		50001889
	[2]		5000188a
OBJ 50001888 (sz=32, trace=300000, class=java.lang.String@500000d6)
	value		50001890
OBJ 50001889 (sz=32, trace=300000, class=java.lang.String@500000d6)
	value		5000188f
ARR 5000188a (sz=24, trace=300000, nelems=2, elem type=java.lang.Object[]@50000022)
	[0]		5000188b
	[1]		5000188c
OBJ 5000188b (sz=32, trace=300000, class=java.lang.String@500000d6)
	value		5000188e
OBJ 5000188c (sz=32, trace=300000, class=java.lang.String@500000d6)
	value		5000188d
ARR 5000188d (sz=22, trace=300000, nelems=11, elem type=char[])
ARR 5000188e (sz=22, trace=300000, nelems=11, elem type=char[])
ARR 5000188f (sz=12, trace=300000, nelems=6, elem type=char[])
ARR 50001890 (sz=12, trace=300000, nelems=6, elem type=char[])
ARR 50001891 (sz=12, trace=300000, nelems=6, elem type=char[])
ARR 50001892 (sz=12, trace=300000, nelems=6, elem type=char[])
OBJ 50001893 (sz=32, trace=300000, class=java.lang.String@500000d6)
	value		5000189b
OBJ 50001894 (sz=32, trace=300000, class=java.lang.String@500000d6)
	value		5000189a
ARR 50001895 (sz=24, trace=300000, nelems=2, elem type=java.lang.Object[]@50000022)
	[0]		50001896
	[1]		50001897
OBJ 50001896 (sz=32, trace=300000, class=java.lang.String@500000d6)
	value		50001899
OBJ 50001897 (sz=32, trace=300000, class=java.lang.String@500000d6)
	value		50001898
ARR 50001898 (sz=16, trace=300000, nelems=8, elem type=char[])
ARR 50001899 (sz=16, trace=300000, nelems=8, elem type=char[])
ARR 5000189a (sz=22, trace=300000, nelems=11, elem type=char[])
ARR 5000189b (sz=22, trace=300000, nelems=11, elem type=char[])
OBJ 5000189c (sz=32, trace=300000, class=java.lang.String@500000d6)
	value		500018a4
OBJ 5000189d (sz=32, trace=300000, class=java.lang.String@500000d6)
	value		500018a3
ARR 5000189e (sz=24, trace=300000, nelems=2, elem type=java.lang.Object[]@50000022)
	[0]		5000189f
	[1]		500018a0
OBJ 5000189f (sz=32, trace=300000, class=java.lang.String@500000d6)
	value		500018a2
OBJ 500018a0 (sz=32, trace=300000, class=java.lang.String@500000d6)
	value		500018a1
ARR 500018a1 (sz=12, trace=300000, nelems=6, elem type=char[])
ARR 500018a2 (sz=12, trace=300000, nelems=6, elem type=char[])
ARR 500018a3 (sz=12, trace=300000, nelems=6, elem type=char[])
ARR 500018a4 (sz=12, trace=300000, nelems=6, elem type=char[])
OBJ 500018a5 (sz=32, trace=300000, class=java.lang.String@500000d6)
	value		500018a8
OBJ 500018a6 (sz=32, trace=300000, class=java.lang.String@500000d6)
	value		500018a7
ARR 500018a7 (sz=12, trace=300000, nelems=6, elem type=char[])
ARR 500018a8 (sz=12, trace=300000, nelems=6, elem type=char[])
OBJ 500018a9 (sz=32, trace=300000, class=java.lang.String@500000d6)
	value		500018ac
OBJ 500018aa (sz=32, trace=300000, class=java.lang.String@500000d6)
	value		500018ab
ARR 500018ab (sz=12, trace=300000, nelems=6, elem type=char[])
ARR 500018ac (sz=16, trace=300000, nelems=8, elem type=char[])
OBJ 500018ad (sz=32, trace=300000, class=java.lang.String@500000d6)
	value		500018b0
OBJ 500018ae (sz=32, trace=300000, class=java.lang.String@500000d6)
	value		500018af
ARR 500018af (sz=20, trace=300000, nelems=10, elem type=char[])
ARR 500018b0 (sz=20, trace=300000, nelems=10, elem type=char[])
OBJ 500018b1 (sz=32, trace=300000, class=java.lang.String@500000d6)
	value		500018b9
OBJ 500018b2 (sz=32, trace=300000, class=java.lang.String@500000d6)
	value		500018b8
ARR 500018b3 (sz=24, trace=300000, nelems=2, elem type=java.lang.Object[]@50000022)
	[0]		500018b4
	[1]		500018b5
OBJ 500018b4 (sz=32, trace=300000, class=java.lang.String@500000d6)
	value		500018b7
OBJ 500018b5 (sz=32, trace=300000, class=java.lang.String@500000d6)
	value		500018b6
ARR 500018b6 (sz=20, trace=300000, nelems=10, elem type=char[])
ARR 500018b7 (sz=20, trace=300000, nelems=10, elem type=char[])
ARR 500018b8 (sz=12, trace=300000, nelems=6, elem type=char[])
ARR 500018b9 (sz=16, trace=300000, nelems=8, elem type=char[])
OBJ 500018ba (sz=32, trace=300000, class=java.lang.String@500000d6)
	value		500018bd
OBJ 500018bb (sz=32, trace=300000, class=java.lang.String@500000d6)
	value		500018bc
ARR 500018bc (sz=20, trace=300000, nelems=10, elem type=char[])
ARR 500018bd (sz=20, trace=300000, nelems=10, elem type=char[])
OBJ 500018be (sz=32, trace=300000, class=java.lang.String@500000d6)
	value		500018c6
OBJ 500018bf (sz=32, trace=300000, class=java.lang.String@500000d6)
	value		500018c5
ARR 500018c0 (sz=24, trace=300000, nelems=2, elem type=java.lang.Object[]@50000022)
	[0]		500018c1
	[1]		500018c2
OBJ 500018c1 (sz=32, trace=300000, class=java.lang.String@500000d6)
	value		500018c4
OBJ 500018c2 (sz=32, trace=300000, class=java.lang.String@500000d6)
	value		500018c3
ARR 500018c3 (sz=10, trace=300000, nelems=5, elem type=char[])
ARR 500018c4 (sz=10, trace=300000, nelems=5, elem type=char[])
ARR 500018c5 (sz=20, trace=300000, nelems=10, elem type=char[])
ARR 500018c6 (sz=20, trace=300000, nelems=10, elem type=char[])
OBJ 500018c7 (sz=32, trace=300000, class=java.lang.String@500000d6)
	value		500018cf
OBJ 500018c8 (sz=32, trace=300000, class=java.lang.String@500000d6)
	value		500018ce
ARR 500018c9 (sz=24, trace=300000, nelems=2, elem type=java.lang.Object[]@50000022)
	[0]		500018ca
	[1]		500018cb
OBJ 500018ca (sz=32, trace=300000, class=java.lang.String@500000d6)
	value		500018cd
OBJ 500018cb (sz=32, trace=300000, class=java.lang.String@500000d6)
	value		500018cc
ARR 500018cc (sz=20, trace=300000, nelems=10, elem type=char[])
ARR 500018cd (sz=20, trace=300000, nelems=10, elem type=char[])
ARR 500018ce (sz=20, trace=300000, nelems=10, elem type=char[])
ARR 500018cf (sz=20, trace=300000, nelems=10, elem type=char[])
OBJ 500018d0 (sz=32, trace=300000, class=java.lang.String@500000d6)
	value		500018d3
OBJ 500018d1 (sz=32, trace=300000, class=java.lang.String@500000d6)
	value		500018d2
ARR 500018d2 (sz=16, trace=300000, nelems=8, elem type=char[])
ARR 500018d3 (sz=16, trace=300000, nelems=8, elem type=char[])
OBJ 500018d4 (sz=32, trace=300000, class=java.lang.String@500000d6)
	value		500018d7
OBJ 500018d5 (sz=32, trace=300000, class=java.lang.String@500000d6)
	value		500018d6
ARR 500018d6 (sz=12, trace=300000, nelems=6, elem type=char[])
ARR 500018d7 (sz=24, trace=300000, nelems=12, elem type=char[])
OBJ 500018d8 (sz=32, trace=300000, class=java.lang.String@500000d6)
	value		500018e0
OBJ 500018d9 (sz=32, trace=300000, class=java.lang.String@500000d6)
	value		500018df
ARR 500018da (sz=24, trace=300000, nelems=2, elem type=java.lang.Object[]@50000022)
	[0]		500018db
	[1]		500018dc
OBJ 500018db (sz=32, trace=300000, class=java.lang.String@500000d6)
	value		500018de
OBJ 500018dc (sz=32, trace=300000, class=java.lang.String@500000d6)
	value		500018dd
ARR 500018dd (sz=12, trace=300000, nelems=6, elem type=char[])
ARR 500018de (sz=12, trace=300000, nelems=6, elem type=char[])
ARR 500018df (sz=12, trace=300000, nelems=6, elem type=char[])
ARR 500018e0 (sz=24, trace=300000, nelems=12, elem type=char[])
OBJ 500018e1 (sz=32, trace=300000, class=java.lang.String@500000d6)
	value		500018ee
OBJ 500018e2 (sz=32, trace=300000, class=java.lang.String@500000d6)
	value		500018ed
ARR 500018e3 (sz=32, trace=300000, nelems=3, elem type=java.lang.Object[]@50000022)
	[0]		500018e4
	[1]		500018e5
	[2]		500018e6
OBJ 500018e4 (sz=32, trace=300000, class=java.lang.String@500000d6)
	value		500018ec
OBJ 500018e5 (sz=32, trace=300000, class=java.lang.String@500000d6)
	value		500018eb
ARR 500018e6 (sz=24, trace=300000, nelems=2, elem type=java.lang.Object[]@50000022)
	[0]		500018e7
	[1]		500018e8
OBJ 500018e7 (sz=32, trace=300000, class=java.lang.String@500000d6)
	value		500018ea
OBJ 500018e8 (sz=32, trace=300000, class=java.lang.String@500000d6)
	value		500018e9
ARR 500018e9 (sz=16, trace=300000, nelems=8, elem type=char[])
ARR 500018ea (sz=16, trace=300000, nelems=8, elem type=char[])
ARR 500018eb (sz=12, trace=300000, nelems=6, elem type=char[])
ARR 500018ec (sz=24, trace=300000, nelems=12, elem type=char[])
ARR 500018ed (sz=12, trace=300000, nelems=6, elem type=char[])
ARR 500018ee (sz=24, trace=300000, nelems=12, elem type=char[])
OBJ 500018ef (sz=32, trace=300000, class=java.lang.String@500000d6)
	value		500018f7
OBJ 500018f0 (sz=32, trace=300000, class=java.lang.String@500000d6)
	value		500018f6
ARR 500018f1 (sz=24, trace=300000, nelems=2, elem type=java.lang.Object[]@50000022)
	[0]		500018f2
	[1]		500018f3
OBJ 500018f2 (sz=32, trace=300000, class=java.lang.String@500000d6)
	value		500018f5
OBJ 500018f3 (sz=32, trace=300000, class=java.lang.String@500000d6)
	value		500018f4
ARR 500018f4 (sz=12, trace=300000, nelems=6, elem type=char[])
ARR 500018f5 (sz=24, trace=300000, nelems=12, elem type=char[])
ARR 500018f6 (sz=12, trace=300000, nelems=6, elem type=char[])
ARR 500018f7 (sz=24, trace=300000, nelems=12, elem type=char[])
OBJ 500018f8 (sz=32, trace=300000, class=java.lang.String@500000d6)
	value		50001905
OBJ 500018f9 (sz=32, trace=300000, class=java.lang.String@500000d6)
	value		50001904
ARR 500018fa (sz=32, trace=300000, nelems=3, elem type=java.lang.Object[]@50000022)
	[0]		500018fb
	[1]		500018fc
	[2]		500018fd
OBJ 500018fb (sz=32, trace=300000, class=java.lang.String@500000d6)
	value		50001903
OBJ 500018fc (sz=32, trace=300000, class=java.lang.String@500000d6)
	value		50001902
ARR 500018fd (sz=24, trace=300000, nelems=2, elem type=java.lang.Object[]@50000022)
	[0]		500018fe
	[1]		500018ff
OBJ 500018fe (sz=32, trace=300000, class=java.lang.String@500000d6)
	value		50001901
OBJ 500018ff (sz=32, trace=300000, class=java.lang.String@500000d6)
	value		50001900
ARR 50001900 (sz=16, trace=300000, nelems=8, elem type=char[])
ARR 50001901 (sz=16, trace=300000, nelems=8, elem type=char[])
ARR 50001902 (sz=12, trace=300000, nelems=6, elem type=char[])
ARR 50001903 (sz=12, trace=300000, nelems=6, elem type=char[])
ARR 50001904 (sz=12, trace=300000, nelems=6, elem type=char[])
ARR 50001905 (sz=12, trace=300000, nelems=6, elem type=char[])
OBJ 50001906 (sz=32, trace=300000, class=java.lang.String@500000d6)
	value		50001909
OBJ 50001907 (sz=32, trace=300000, class=java.lang.String@500000d6)
	value		50001908
ARR 50001908 (sz=12, trace=300000, nelems=6, elem type=char[])
ARR 50001909 (sz=12, trace=300000, nelems=6, elem type=char[])
ARR 5000190a (sz=4112, trace=300000, nelems=1016, elem type=java.lang.Object[]@50000022)
	[1]		5000190b
	[2]		5000190c
	[3]		5000190d
	[5]		5000190e
	[6]		5000190f
	[10]		50001910
	[19]		50001911
	[24]		50001912
	[25]		50001913
	[26]		50001914
	[28]		50001915
	[29]		50001916
	[55]		50001917
	[58]		50001918
	[86]		50001919
	[87]		5000191a
	[89]		5000191b
	[90]		5000191c
	[92]		5000191d
	[94]		5000191e
	[95]		5000191f
	[96]		50001920
	[106]		50001921
	[121]		50001922
	[125]		50001923
	[134]		50001924
	[137]		50001925
	[141]		50001926
	[143]		50001927
	[144]		50001928
	[170]		50001929
	[173]		5000192a
	[177]		5000192b
	[192]		5000192c
	[199]		5000192d
	[205]		5000192e
	[211]		5000192f
	[213]		50001930
	[216]		50001931
	[218]		50001932
	[219]		50001933
	[225]		50001934
	[244]		50001935
	[248]		50001936
	[253]		50001937
	[254]		50001938
	[259]		50001939
	[269]		5000193a
	[277]		5000193b
	[280]		5000193c
	[283]		5000193d
	[284]		5000193e
	[286]		5000193f
	[287]		50001940
	[289]		50001941
	[291]		50001942
	[294]		50001943
	[296]		50001944
	[297]		50001945
	[305]		50001946
	[307]		50001947
	[312]		50001948
	[321]		50001949
	[323]		5000194a
	[324]		5000194b
	[325]		5000194c
	[326]		5000194d
	[327]		5000194e
	[328]		5000194f
	[329]		50001950
	[331]		50001951
	[333]		50001952
	[334]		50001953
	[336]		50001954
	[339]		50001955
	[341]		50001956
	[345]		50001957
	[350]		50001958
	[353]		50001959
	[358]		5000195a
	[359]		5000195b
	[363]		5000195c
	[364]		5000195d
	[378]		5000195e
	[385]		5000195f
	[391]		50001960
	[392]		50001961
	[405]		50001962
	[406]		50001963
	[408]		50001964
	[421]		50001965
	[428]		50001966
	[429]		50001967
	[430]		50001968
	[432]		50001969
	[433]		5000196a
	[436]		5000196b
	[437]		5000196c
	[438]		5000196d
	[443]		5000196e
	[456]		5000196f
	[473]		50001970
	[479]		50001971
	[481]		50001972
	[484]		50001973
	[486]		50001974
	[487]		50001975
	[502]		50001976
	[506]		50001977
	[508]		50001978
	[511]		50001979
	[512]		5000197a
	[513]		5000197b
	[514]		5000197c
	[516]		5000197d
	[520]		5000197e
	[523]		5000197f
	[524]		50001980
	[533]		50001981
	[537]		50001982
	[539]		50001983
	[543]		50001984
	[545]		50001985
	[563]		50001986
	[572]		50001987
	[573]		50001988
	[577]		50001989
	[582]		5000198a
	[588]		5000198b
	[593]		5000198c
	[598]		5000198d
	[609]		5000198e
	[617]		5000198f
	[618]		50001990
	[619]		50001991
	[620]		50001992
	[621]		50001993
	[624]		50001994
	[628]		50001995
	[632]		50001996
	[634]		50001997
	[635]		50001998
	[636]		50001999
	[654]		5000199a
	[669]		5000199b
	[670]		5000199c
	[671]		5000199d
	[676]		5000199e
	[679]		5000199f
	[686]		500019a0
	[703]		500019a1
	[710]		500019a2
	[712]		500019a3
	[732]		500019a4
	[733]		500019a5
	[768]		500019a6
	[774]		500019a7
	[781]		500019a8
	[782]		500019a9
	[783]		500019aa
	[784]		500019ab
	[785]		500019ac
	[787]		500019ad
	[789]		500019ae
	[813]		500019af
	[818]		500019b0
	[832]		500019b1
	[834]		500019b2
	[835]		500019b3
	[836]		500019b4
	[837]		500019b5
	[838]		500019b6
	[840]		500019b7
	[842]		500019b8
	[843]		500019b9
	[846]		500019ba
	[849]		500019bb
	[881]		500019bc
	[896]		500019bd
	[909]		500019be
	[910]		500019bf
	[911]		500019c0
	[912]		500019c1
	[925]		500019c2
	[934]		500019c3
	[937]		500019c4
	[944]		500019c5
	[957]		500019c6
	[993]		500019c7
	[1009]		500019c8
	[1015]		500019c9
ARR 5000190b (sz=24, trace=300000, nelems=2, elem type=java.lang.Object[]@50000022)
	[0]		50001b67
	[1]		5000188b
ARR 5000190c (sz=24, trace=300000, nelems=2, elem type=java.lang.Object[]@50000022)
	[0]		50001b65
	[1]		500018ca
ARR 5000190d (sz=24, trace=300000, nelems=2, elem type=java.lang.Object[]@50000022)
	[0]		50001b63
	[1]		500018c7
ARR 5000190e (sz=24, trace=300000, nelems=2, elem type=java.lang.Object[]@50000022)
	[0]		50001b61
	[1]		500018be
ARR 5000190f (sz=24, trace=300000, nelems=2, elem type=java.lang.Object[]@50000022)
	[0]		50001b5f
	[1]		500018ad
ARR 50001910 (sz=24, trace=300000, nelems=2, elem type=java.lang.Object[]@50000022)
	[0]		50001b5d
	[1]		5000188b
ARR 50001911 (sz=24, trace=300000, nelems=2, elem type=java.lang.Object[]@50000022)
	[0]		50001b5b
	[1]		50001873
ARR 50001912 (sz=24, trace=300000, nelems=2, elem type=java.lang.Object[]@50000022)
	[0]		50001b59
	[1]		50001896
ARR 50001913 (sz=24, trace=300000, nelems=2, elem type=java.lang.Object[]@50000022)
	[0]		50001b57
	[1]		500018b4
ARR 50001914 (sz=24, trace=300000, nelems=2, elem type=java.lang.Object[]@50000022)
	[0]		50001b55
	[1]		500018c7
ARR 50001915 (sz=24, trace=300000, nelems=2, elem type=java.lang.Object[]@50000022)
	[0]		50001b53
	[1]		500018be
ARR 50001916 (sz=24, trace=300000, nelems=2, elem type=java.lang.Object[]@50000022)
	[0]		50001b51
	[1]		500018ba
ARR 50001917 (sz=24, trace=300000, nelems=2, elem type=java.lang.Object[]@50000022)
	[0]		50001b4f
	[1]		500018ad
ARR 50001918 (sz=24, trace=300000, nelems=2, elem type=java.lang.Object[]@50000022)
	[0]		50001b4d
	[1]		5000188b
ARR 50001919 (sz=32, trace=300000, nelems=3, elem type=java.lang.Object[]@50000022)
	[0]		50001b48
	[1]		500018ba
	[2]		50001b49
ARR 5000191a (sz=24, trace=300000, nelems=2, elem type=java.lang.Object[]@50000022)
	[0]		50001b46
	[1]		500018c7
ARR 5000191b (sz=24, trace=300000, nelems=2, elem type=java.lang.Object[]@50000022)
	[0]		50001b44
	[1]		500018be
ARR 5000191c (sz=32, trace=300000, nelems=3, elem type=java.lang.Object[]@50000022)
	[0]		50001b3f
	[1]		500018b4
	[2]		50001b40
ARR 5000191d (sz=24, trace=300000, nelems=2, elem type=java.lang.Object[]@50000022)
	[0]		50001b3d
	[1]		500018b4
ARR 5000191e (sz=24, trace=300000, nelems=2, elem type=java.lang.Object[]@50000022)
	[0]		50001b3b
	[1]		500018ad
ARR 5000191f (sz=24, trace=300000, nelems=2, elem type=java.lang.Object[]@50000022)
	[0]		50001b39
	[1]		500018ca
ARR 50001920 (sz=24, trace=300000, nelems=2, elem type=java.lang.Object[]@50000022)
	[0]		50001b37
	[1]		500018ca
ARR 50001921 (sz=24, trace=300000, nelems=2, elem type=java.lang.Object[]@50000022)
	[0]		50001b35
	[1]		500018c1
ARR 50001922 (sz=24, trace=300000, nelems=2, elem type=java.lang.Object[]@50000022)
	[0]		50001b33
	[1]		500018fe
ARR 50001923 (sz=24, trace=300000, nelems=2, elem type=java.lang.Object[]@50000022)
	[0]		50001b31
	[1]		500018b4
ARR 50001924 (sz=24, trace=300000, nelems=2, elem type=java.lang.Object[]@50000022)
	[0]		50001b2f
	[1]		5000186b
ARR 50001925 (sz=24, trace=300000, nelems=2, elem type=java.lang.Object[]@50000022)
	[0]		50001b2d
	[1]		50001867
ARR 50001926 (sz=24, trace=300000, nelems=2, elem type=java.lang.Object[]@50000022)
	[0]		50001b2b
	[1]		500018c7
ARR 50001927 (sz=24, trace=300000, nelems=2, elem type=java.lang.Object[]@50000022)
	[0]		50001b29
	[1]		500018be
ARR 50001928 (sz=24, trace=300000, nelems=2, elem type=java.lang.Object[]@50000022)
	[0]		50001b27
	[1]		500018ba
ARR 50001929 (sz=24, trace=300000, nelems=2, elem type=java.lang.Object[]@50000022)
	[0]		50001b25
	[1]		500018ad
ARR 5000192a (sz=24, trace=300000, nelems=2, elem type=java.lang.Object[]@50000022)
	[0]		50001b23
	[1]		5000188b
ARR 5000192b (sz=24, trace=300000, nelems=2, elem type=java.lang.Object[]@50000022)
	[0]		50001b21
	[1]		5000187d
ARR 5000192c (sz=24, trace=300000, nelems=2, elem type=java.lang.Object[]@50000022)
	[0]		50001b1f
	[1]		500018d0
ARR 5000192d (sz=32, trace=300000, nelems=3, elem type=java.lang.Object[]@50000022)
	[0]		50001b1a
	[1]		50001888
	[2]		50001b1b
ARR 5000192e (sz=24, trace=300000, nelems=2, elem type=java.lang.Object[]@50000022)
	[0]		50001b18
	[1]		500018b4
ARR 5000192f (sz=32, trace=300000, nelems=3, elem type=java.lang.Object[]@50000022)
	[0]		50001b13
	[1]		500018a5
	[2]		50001b14
ARR 50001930 (sz=24, trace=300000, nelems=2, elem type=java.lang.Object[]@50000022)
	[0]		50001b11
	[1]		5000189c
ARR 50001931 (sz=24, trace=300000, nelems=2, elem type=java.lang.Object[]@50000022)
	[0]		50001b0f
	[1]		50001885
ARR 50001932 (sz=32, trace=300000, nelems=3, elem type=java.lang.Object[]@50000022)
	[0]		50001b0a
	[1]		5000187a
	[2]		50001b0b
ARR 50001933 (sz=32, trace=300000, nelems=3, elem type=java.lang.Object[]@50000022)
	[0]		50001b05
	[1]		50001877
	[2]		50001b06
ARR 50001934 (sz=24, trace=300000, nelems=2, elem type=java.lang.Object[]@50000022)
	[0]		50001b03
	[1]		50001896
ARR 50001935 (sz=24, trace=300000, nelems=2, elem type=java.lang.Object[]@50000022)
	[0]		50001b01
	[1]		50001906
ARR 50001936 (sz=24, trace=300000, nelems=2, elem type=java.lang.Object[]@50000022)
	[0]		50001aff
	[1]		500018f8
ARR 50001937 (sz=24, trace=300000, nelems=2, elem type=java.lang.Object[]@50000022)
	[0]		50001afd
	[1]		500018e7
ARR 50001938 (sz=24, trace=300000, nelems=2, elem type=java.lang.Object[]@50000022)
	[0]		50001afb
	[1]		500018c7
ARR 50001939 (sz=24, trace=300000, nelems=2, elem type=java.lang.Object[]@50000022)
	[0]		50001af9
	[1]		500018db
ARR 5000193a (sz=24, trace=300000, nelems=2, elem type=java.lang.Object[]@50000022)
	[0]		50001af7
	[1]		5000188b
ARR 5000193b (sz=24, trace=300000, nelems=2, elem type=java.lang.Object[]@50000022)
	[0]		50001af5
	[1]		500018b1
ARR 5000193c (sz=24, trace=300000, nelems=2, elem type=java.lang.Object[]@50000022)
	[0]		50001af3
	[1]		500018fe
ARR 5000193d (sz=24, trace=300000, nelems=2, elem type=java.lang.Object[]@50000022)
	[0]		50001af1
	[1]		500018ca
ARR 5000193e (sz=24, trace=300000, nelems=2, elem type=java.lang.Object[]@50000022)
	[0]		50001aef
	[1]		500018c7
ARR 5000193f (sz=24, trace=300000, nelems=2, elem type=java.lang.Object[]@50000022)
	[0]		50001aed
	[1]		500018be
ARR 50001940 (sz=24, trace=300000, nelems=2, elem type=java.lang.Object[]@50000022)
	[0]		50001aeb
	[1]		500018ba
ARR 50001941 (sz=24, trace=300000, nelems=2, elem type=java.lang.Object[]@50000022)
	[0]		50001ae9
	[1]		500018b4
ARR 50001942 (sz=24, trace=300000, nelems=2, elem type=java.lang.Object[]@50000022)
	[0]		50001ae7
	[1]		500018ad
ARR 50001943 (sz=24, trace=300000, nelems=2, elem type=java.lang.Object[]@50000022)
	[0]		50001ae5
	[1]		500018c7
ARR 50001944 (sz=24, trace=300000, nelems=2, elem type=java.lang.Object[]@50000022)
	[0]		50001ae3
	[1]		500018be
ARR 50001945 (sz=24, trace=300000, nelems=2, elem type=java.lang.Object[]@50000022)
	[0]		50001ae1
	[1]		500018ba
ARR 50001946 (sz=24, trace=300000, nelems=2, elem type=java.lang.Object[]@50000022)
	[0]		50001adf
	[1]		50001893
ARR 50001947 (sz=24, trace=300000, nelems=2, elem type=java.lang.Object[]@50000022)
	[0]		50001add
	[1]		5000188b
ARR 50001948 (sz=32, trace=300000, nelems=3, elem type=java.lang.Object[]@50000022)
	[0]		50001ad8
	[1]		500018b4
	[2]		50001ad9
ARR 50001949 (sz=24, trace=300000, nelems=2, elem type=java.lang.Object[]@50000022)
	[0]		50001ad6
	[1]		500018c7
ARR 5000194a (sz=32, trace=300000, nelems=3, elem type=java.lang.Object[]@50000022)
	[0]		50001ad1
	[1]		500018ad
	[2]		50001ad2
ARR 5000194b (sz=24, trace=300000, nelems=2, elem type=java.lang.Object[]@50000022)
	[0]		50001acf
	[1]		500018ba
ARR 5000194c (sz=24, trace=300000, nelems=2, elem type=java.lang.Object[]@50000022)
	[0]		50001acd
	[1]		500018ca
ARR 5000194d (sz=32, trace=300000, nelems=3, elem type=java.lang.Object[]@50000022)
	[0]		50001ac5
	[1]		500018a5
	[2]		50001ac6
ARR 5000194e (sz=24, trace=300000, nelems=2, elem type=java.lang.Object[]@50000022)
	[0]		50001ac3
	[1]		500018ba
ARR 5000194f (sz=32, trace=300000, nelems=3, elem type=java.lang.Object[]@50000022)
	[0]		50001abe
	[1]		5000189c
	[2]		50001abf
ARR 50001950 (sz=24, trace=300000, nelems=2, elem type=java.lang.Object[]@50000022)
	[0]		50001abc
	[1]		500018ad
ARR 50001951 (sz=24, trace=300000, nelems=2, elem type=java.lang.Object[]@50000022)
	[0]		50001aba
	[1]		50001885
ARR 50001952 (sz=32, trace=300000, nelems=3, elem type=java.lang.Object[]@50000022)
	[0]		50001ab5
	[1]		5000187a
	[2]		50001ab6
ARR 50001953 (sz=32, trace=300000, nelems=3, elem type=java.lang.Object[]@50000022)
	[0]		50001ab0
	[1]		50001877
	[2]		50001ab1
ARR 50001954 (sz=24, trace=300000, nelems=2, elem type=java.lang.Object[]@50000022)
	[0]		50001aae
	[1]		500018ca
ARR 50001955 (sz=24, trace=300000, nelems=2, elem type=java.lang.Object[]@50000022)
	[0]		50001aac
	[1]		5000186b
ARR 50001956 (sz=24, trace=300000, nelems=2, elem type=java.lang.Object[]@50000022)
	[0]		50001aaa
	[1]		5000189f
ARR 50001957 (sz=24, trace=300000, nelems=2, elem type=java.lang.Object[]@50000022)
	[0]		50001aa8
	[1]		500018ad
ARR 50001958 (sz=24, trace=300000, nelems=2, elem type=java.lang.Object[]@50000022)
	[0]		50001aa6
	[1]		500018ad
ARR 50001959 (sz=24, trace=300000, nelems=2, elem type=java.lang.Object[]@50000022)
	[0]		50001aa4
	[1]		5000188b
ARR 5000195a (sz=24, trace=300000, nelems=2, elem type=java.lang.Object[]@50000022)
	[0]		50001aa2
	[1]		500018b4
ARR 5000195b (sz=24, trace=300000, nelems=2, elem type=java.lang.Object[]@50000022)
	[0]		50001aa0
	[1]		50001906
ARR 5000195c (sz=24, trace=300000, nelems=2, elem type=java.lang.Object[]@50000022)
	[0]		50001a9e
	[1]		500018f8
ARR 5000195d (sz=24, trace=300000, nelems=2, elem type=java.lang.Object[]@50000022)
	[0]		50001a9c
	[1]		500018ca
ARR 5000195e (sz=24, trace=300000, nelems=2, elem type=java.lang.Object[]@50000022)
	[0]		50001a9a
	[1]		50001896
ARR 5000195f (sz=24, trace=300000, nelems=2, elem type=java.lang.Object[]@50000022)
	[0]		50001a98
	[1]		500018b4
ARR 50001960 (sz=24, trace=300000, nelems=2, elem type=java.lang.Object[]@50000022)
	[0]		50001a96
	[1]		500018ca
ARR 50001961 (sz=24, trace=300000, nelems=2, elem type=java.lang.Object[]@50000022)
	[0]		50001a94
	[1]		500018b1
ARR 50001962 (sz=24, trace=300000, nelems=2, elem type=java.lang.Object[]@50000022)
	[0]		50001a92
	[1]		500018ca
ARR 50001963 (sz=24, trace=300000, nelems=2, elem type=java.lang.Object[]@50000022)
	[0]		50001a90
	[1]		500018c7
ARR 50001964 (sz=24, trace=300000, nelems=2, elem type=java.lang.Object[]@50000022)
	[0]		50001a8e
	[1]		50001888
ARR 50001965 (sz=24, trace=300000, nelems=2, elem type=java.lang.Object[]@50000022)
	[0]		5000188b
	[1]		5000188b
ARR 50001966 (sz=24, trace=300000, nelems=2, elem type=java.lang.Object[]@50000022)
	[0]		50001a8c
	[1]		5000188b
ARR 50001967 (sz=24, trace=300000, nelems=2, elem type=java.lang.Object[]@50000022)
	[0]		50001a8a
	[1]		500018ca
ARR 50001968 (sz=24, trace=300000, nelems=2, elem type=java.lang.Object[]@50000022)
	[0]		50001a88
	[1]		500018c7
ARR 50001969 (sz=24, trace=300000, nelems=2, elem type=java.lang.Object[]@50000022)
	[0]		50001a86
	[1]		500018be
ARR 5000196a (sz=24, trace=300000, nelems=2, elem type=java.lang.Object[]@50000022)
	[0]		50001a84
	[1]		500018ad
ARR 5000196b (sz=24, trace=300000, nelems=2, elem type=java.lang.Object[]@50000022)
	[0]		50001a82
	[1]		500018be
ARR 5000196c (sz=24, trace=300000, nelems=2, elem type=java.lang.Object[]@50000022)
	[0]		50001a80
	[1]		5000188b
ARR 5000196d (sz=24, trace=300000, nelems=2, elem type=java.lang.Object[]@50000022)
	[0]		50001a7e
	[1]		50001896
ARR 5000196e (sz=24, trace=300000, nelems=2, elem type=java.lang.Object[]@50000022)
	[0]		50001a7c
	[1]		5000186f
ARR 5000196f (sz=24, trace=300000, nelems=2, elem type=java.lang.Object[]@50000022)
	[0]		50001a7a
	[1]		5000189f
ARR 50001970 (sz=24, trace=300000, nelems=2, elem type=java.lang.Object[]@50000022)
	[0]		50001a78
	[1]		500018b4
ARR 50001971 (sz=24, trace=300000, nelems=2, elem type=java.lang.Object[]@50000022)
	[0]		500018a5
	[1]		500018a5
ARR 50001972 (sz=24, trace=300000, nelems=2, elem type=java.lang.Object[]@50000022)
	[0]		5000189c
	[1]		5000189c
ARR 50001973 (sz=24, trace=300000, nelems=2, elem type=java.lang.Object[]@50000022)
	[0]		50001885
	[1]		50001885
ARR 50001974 (sz=24, trace=300000, nelems=2, elem type=java.lang.Object[]@50000022)
	[0]		5000187a
	[1]		5000187a
ARR 50001975 (sz=24, trace=300000, nelems=2, elem type=java.lang.Object[]@50000022)
	[0]		50001a76
	[1]		500018a9
ARR 50001976 (sz=24, trace=300000, nelems=2, elem type=java.lang.Object[]@50000022)
	[0]		50001a74
	[1]		500018fe
ARR 50001977 (sz=24, trace=300000, nelems=2, elem type=java.lang.Object[]@50000022)
	[0]		50001a72
	[1]		500018a5
ARR 50001978 (sz=24, trace=300000, nelems=2, elem type=java.lang.Object[]@50000022)
	[0]		50001a70
	[1]		5000189c
ARR 50001979 (sz=24, trace=300000, nelems=2, elem type=java.lang.Object[]@50000022)
	[0]		50001a6e
	[1]		50001885
ARR 5000197a (sz=24, trace=300000, nelems=2, elem type=java.lang.Object[]@50000022)
	[0]		50001906
	[1]		50001906
ARR 5000197b (sz=24, trace=300000, nelems=2, elem type=java.lang.Object[]@50000022)
	[0]		50001a6c
	[1]		5000187a
ARR 5000197c (sz=24, trace=300000, nelems=2, elem type=java.lang.Object[]@50000022)
	[0]		50001a6a
	[1]		500018a9
ARR 5000197d (sz=24, trace=300000, nelems=2, elem type=java.lang.Object[]@50000022)
	[0]		500018f8
	[1]		500018f8
ARR 5000197e (sz=24, trace=300000, nelems=2, elem type=java.lang.Object[]@50000022)
	[0]		50001a68
	[1]		500018d0
ARR 5000197f (sz=24, trace=300000, nelems=2, elem type=java.lang.Object[]@50000022)
	[0]		50001a66
	[1]		50001888
ARR 50001980 (sz=24, trace=300000, nelems=2, elem type=java.lang.Object[]@50000022)
	[0]		50001a64
	[1]		500018db
ARR 50001981 (sz=24, trace=300000, nelems=2, elem type=java.lang.Object[]@50000022)
	[0]		50001a62
	[1]		500018ba
ARR 50001982 (sz=24, trace=300000, nelems=2, elem type=java.lang.Object[]@50000022)
	[0]		50001a60
	[1]		500018ad
ARR 50001983 (sz=24, trace=300000, nelems=2, elem type=java.lang.Object[]@50000022)
	[0]		50001a5e
	[1]		50001906
ARR 50001984 (sz=24, trace=300000, nelems=2, elem type=java.lang.Object[]@50000022)
	[0]		50001a5c
	[1]		500018f8
ARR 50001985 (sz=24, trace=300000, nelems=2, elem type=java.lang.Object[]@50000022)
	[0]		50001a5a
	[1]		500018b1
ARR 50001986 (sz=24, trace=300000, nelems=2, elem type=java.lang.Object[]@50000022)
	[0]		50001a58
	[1]		50001863
ARR 50001987 (sz=24, trace=300000, nelems=2, elem type=java.lang.Object[]@50000022)
	[0]		50001a56
	[1]		500018b1
ARR 50001988 (sz=24, trace=300000, nelems=2, elem type=java.lang.Object[]@50000022)
	[0]		50001a54
	[1]		500018be
ARR 50001989 (sz=24, trace=300000, nelems=2, elem type=java.lang.Object[]@50000022)
	[0]		50001a52
	[1]		50001896
ARR 5000198a (sz=24, trace=300000, nelems=2, elem type=java.lang.Object[]@50000022)
	[0]		50001a50
	[1]		500018fb
ARR 5000198b (sz=24, trace=300000, nelems=2, elem type=java.lang.Object[]@50000022)
	[0]		50001a4e
	[1]		500018b4
ARR 5000198c (sz=24, trace=300000, nelems=2, elem type=java.lang.Object[]@50000022)
	[0]		50001a4c
	[1]		500018b4
ARR 5000198d (sz=24, trace=300000, nelems=2, elem type=java.lang.Object[]@50000022)
	[0]		50001a4a
	[1]		5000187a
ARR 5000198e (sz=24, trace=300000, nelems=2, elem type=java.lang.Object[]@50000022)
	[0]		5000189f
	[1]		5000189f
ARR 5000198f (sz=24, trace=300000, nelems=2, elem type=java.lang.Object[]@50000022)
	[0]		50001a48
	[1]		500018f2
ARR 50001990 (sz=24, trace=300000, nelems=2, elem type=java.lang.Object[]@50000022)
	[0]		50001a46
	[1]		500018ef
ARR 50001991 (sz=24, trace=300000, nelems=2, elem type=java.lang.Object[]@50000022)
	[0]		50001a44
	[1]		500018e4
ARR 50001992 (sz=24, trace=300000, nelems=2, elem type=java.lang.Object[]@50000022)
	[0]		50001a42
	[1]		500018e1
ARR 50001993 (sz=24, trace=300000, nelems=2, elem type=java.lang.Object[]@50000022)
	[0]		50001a40
	[1]		500018d8
ARR 50001994 (sz=32, trace=300000, nelems=3, elem type=java.lang.Object[]@50000022)
	[0]		50001a3b
	[1]		50001906
	[2]		50001a3c
ARR 50001995 (sz=24, trace=300000, nelems=2, elem type=java.lang.Object[]@50000022)
	[0]		50001a39
	[1]		500018f8
ARR 50001996 (sz=24, trace=300000, nelems=2, elem type=java.lang.Object[]@50000022)
	[0]		50001a37
	[1]		50001893
ARR 50001997 (sz=32, trace=300000, nelems=3, elem type=java.lang.Object[]@50000022)
	[0]		50001a32
	[1]		5000188b
	[2]		50001a33
ARR 50001998 (sz=24, trace=300000, nelems=2, elem type=java.lang.Object[]@50000022)
	[0]		50001a30
	[1]		5000186f
ARR 50001999 (sz=24, trace=300000, nelems=2, elem type=java.lang.Object[]@50000022)
	[0]		50001a2e
	[1]		5000189f
ARR 5000199a (sz=24, trace=300000, nelems=2, elem type=java.lang.Object[]@50000022)
	[0]		50001a2c
	[1]		50001877
ARR 5000199b (sz=24, trace=300000, nelems=2, elem type=java.lang.Object[]@50000022)
	[0]		50001a2a
	[1]		50001893
ARR 5000199c (sz=24, trace=300000, nelems=2, elem type=java.lang.Object[]@50000022)
	[0]		50001a28
	[1]		50001896
ARR 5000199d (sz=24, trace=300000, nelems=2, elem type=java.lang.Object[]@50000022)
	[0]		50001a26
	[1]		5000188b
ARR 5000199e (sz=24, trace=300000, nelems=2, elem type=java.lang.Object[]@50000022)
	[0]		50001888
	[1]		50001888
ARR 5000199f (sz=24, trace=300000, nelems=2, elem type=java.lang.Object[]@50000022)
	[0]		50001a24
	[1]		50001896
ARR 500019a0 (sz=24, trace=300000, nelems=2, elem type=java.lang.Object[]@50000022)
	[0]		50001a22
	[1]		500018d0
ARR 500019a1 (sz=24, trace=300000, nelems=2, elem type=java.lang.Object[]@50000022)
	[0]		50001a20
	[1]		50001888
ARR 500019a2 (sz=24, trace=300000, nelems=2, elem type=java.lang.Object[]@50000022)
	[0]		50001a1e
	[1]		50001893
ARR 500019a3 (sz=24, trace=300000, nelems=2, elem type=java.lang.Object[]@50000022)
	[0]		50001a1c
	[1]		5000188b
ARR 500019a4 (sz=24, trace=300000, nelems=2, elem type=java.lang.Object[]@50000022)
	[0]		50001a1a
	[1]		500018ba
ARR 500019a5 (sz=24, trace=300000, nelems=2, elem type=java.lang.Object[]@50000022)
	[0]		50001a18
	[1]		500018db
ARR 500019a6 (sz=24, trace=300000, nelems=2, elem type=java.lang.Object[]@50000022)
	[0]		50001a16
	[1]		500018b4
ARR 500019a7 (sz=24, trace=300000, nelems=2, elem type=java.lang.Object[]@50000022)
	[0]		50001a14
	[1]		50001896
ARR 500019a8 (sz=24, trace=300000, nelems=2, elem type=java.lang.Object[]@50000022)
	[0]		50001a12
	[1]		500018ca
ARR 500019a9 (sz=24, trace=300000, nelems=2, elem type=java.lang.Object[]@50000022)
	[0]		50001a10
	[1]		500018c7
ARR 500019aa (sz=24, trace=300000, nelems=2, elem type=java.lang.Object[]@50000022)
	[0]		50001a0e
	[1]		5000186b
ARR 500019ab (sz=24, trace=300000, nelems=2, elem type=java.lang.Object[]@50000022)
	[0]		50001a0c
	[1]		500018be
ARR 500019ac (sz=24, trace=300000, nelems=2, elem type=java.lang.Object[]@50000022)
	[0]		50001a0a
	[1]		500018ba
ARR 500019ad (sz=24, trace=300000, nelems=2, elem type=java.lang.Object[]@50000022)
	[0]		50001a08
	[1]		500018b4
ARR 500019ae (sz=24, trace=300000, nelems=2, elem type=java.lang.Object[]@50000022)
	[0]		50001a06
	[1]		500018ad
ARR 500019af (sz=24, trace=300000, nelems=2, elem type=java.lang.Object[]@50000022)
	[0]		50001a04
	[1]		50001877
ARR 500019b0 (sz=24, trace=300000, nelems=2, elem type=java.lang.Object[]@50000022)
	[0]		50001a02
	[1]		50001906
ARR 500019b1 (sz=24, trace=300000, nelems=2, elem type=java.lang.Object[]@50000022)
	[0]		50001a00
	[1]		50001896
ARR 500019b2 (sz=24, trace=300000, nelems=2, elem type=java.lang.Object[]@50000022)
	[0]		500019fe
	[1]		500018ca
ARR 500019b3 (sz=32, trace=300000, nelems=3, elem type=java.lang.Object[]@50000022)
	[0]		500019f9
	[1]		500018c7
	[2]		500019fa
ARR 500019b4 (sz=24, trace=300000, nelems=2, elem type=java.lang.Object[]@50000022)
	[0]		500019f7
	[1]		500018b4
ARR 500019b5 (sz=24, trace=300000, nelems=2, elem type=java.lang.Object[]@50000022)
	[0]		500019f5
	[1]		500018be
ARR 500019b6 (sz=24, trace=300000, nelems=2, elem type=java.lang.Object[]@50000022)
	[0]		500019f3
	[1]		500018ba
ARR 500019b7 (sz=32, trace=300000, nelems=3, elem type=java.lang.Object[]@50000022)
	[0]		500019ee
	[1]		5000189c
	[2]		500019ef
ARR 500019b8 (sz=24, trace=300000, nelems=2, elem type=java.lang.Object[]@50000022)
	[0]		500019ec
	[1]		500018ad
ARR 500019b9 (sz=24, trace=300000, nelems=2, elem type=java.lang.Object[]@50000022)
	[0]		500019ea
	[1]		50001885
ARR 500019ba (sz=24, trace=300000, nelems=2, elem type=java.lang.Object[]@50000022)
	[0]		500019e8
	[1]		50001888
ARR 500019bb (sz=24, trace=300000, nelems=2, elem type=java.lang.Object[]@50000022)
	[0]		500019e6
	[1]		50001896
ARR 500019bc (sz=24, trace=300000, nelems=2, elem type=java.lang.Object[]@50000022)
	[0]		500019e4
	[1]		500018c1
ARR 500019bd (sz=24, trace=300000, nelems=2, elem type=java.lang.Object[]@50000022)
	[0]		500019e2
	[1]		50001896
ARR 500019be (sz=24, trace=300000, nelems=2, elem type=java.lang.Object[]@50000022)
	[0]		500019e0
	[1]		500018f2
ARR 500019bf (sz=24, trace=300000, nelems=2, elem type=java.lang.Object[]@50000022)
	[0]		500019de
	[1]		500018ef
ARR 500019c0 (sz=24, trace=300000, nelems=2, elem type=java.lang.Object[]@50000022)
	[0]		500019dc
	[1]		500018e4
ARR 500019c1 (sz=24, trace=300000, nelems=2, elem type=java.lang.Object[]@50000022)
	[0]		500019da
	[1]		500018e1
ARR 500019c2 (sz=24, trace=300000, nelems=2, elem type=java.lang.Object[]@50000022)
	[0]		500019d8
	[1]		50001896
ARR 500019c3 (sz=24, trace=300000, nelems=2, elem type=java.lang.Object[]@50000022)
	[0]		500019d6
	[1]		500018d8
ARR 500019c4 (sz=24, trace=300000, nelems=2, elem type=java.lang.Object[]@50000022)
	[0]		500019d4
	[1]		500018d4
ARR 500019c5 (sz=24, trace=300000, nelems=2, elem type=java.lang.Object[]@50000022)
	[0]		500019d2
	[1]		50001863
ARR 500019c6 (sz=24, trace=300000, nelems=2, elem type=java.lang.Object[]@50000022)
	[0]		500019d0
	[1]		500018db
ARR 500019c7 (sz=24, trace=300000, nelems=2, elem type=java.lang.Object[]@50000022)
	[0]		500019ce
	[1]		500018a5
ARR 500019c8 (sz=24, trace=300000, nelems=2, elem type=java.lang.Object[]@50000022)
	[0]		500019cc
	[1]		5000187d
ARR 500019c9 (sz=24, trace=300000, nelems=2, elem type=java.lang.Object[]@50000022)
	[0]		500019ca
	[1]		500018fb
OBJ 500019ca (sz=32, trace=300000, class=java.lang.String@500000d6)
	value		500019cb
ARR 500019cb (sz=12, trace=300000, nelems=6, elem type=char[])
OBJ 500019cc (sz=32, trace=300000, class=java.lang.String@500000d6)
	value		500019cd
ARR 500019cd (sz=24, trace=300000, nelems=12, elem type=char[])
OBJ 500019ce (sz=32, trace=300000, class=java.lang.String@500000d6)
	value		500019cf
ARR 500019cf (sz=38, trace=300000, nelems=19, elem type=char[])
OBJ 500019d0 (sz=32, trace=300000, class=java.lang.String@500000d6)
	value		500019d1
ARR 500019d1 (sz=12, trace=300000, nelems=6, elem type=char[])
OBJ 500019d2 (sz=32, trace=300000, class=java.lang.String@500000d6)
	value		500019d3
ARR 500019d3 (sz=16, trace=300000, nelems=8, elem type=char[])
OBJ 500019d4 (sz=32, trace=300000, class=java.lang.String@500000d6)
	value		500019d5
ARR 500019d5 (sz=12, trace=300000, nelems=6, elem type=char[])
OBJ 500019d6 (sz=32, trace=300000, class=java.lang.String@500000d6)
	value		500019d7
ARR 500019d7 (sz=12, trace=300000, nelems=6, elem type=char[])
OBJ 500019d8 (sz=32, trace=300000, class=java.lang.String@500000d6)
	value		500019d9
ARR 500019d9 (sz=32, trace=300000, nelems=16, elem type=char[])
OBJ 500019da (sz=32, trace=300000, class=java.lang.String@500000d6)
	value		500019db
ARR 500019db (sz=12, trace=300000, nelems=6, elem type=char[])
OBJ 500019dc (sz=32, trace=300000, class=java.lang.String@500000d6)
	value		500019dd
ARR 500019dd (sz=12, trace=300000, nelems=6, elem type=char[])
OBJ 500019de (sz=32, trace=300000, class=java.lang.String@500000d6)
	value		500019df
ARR 500019df (sz=12, trace=300000, nelems=6, elem type=char[])
OBJ 500019e0 (sz=32, trace=300000, class=java.lang.String@500000d6)
	value		500019e1
ARR 500019e1 (sz=12, trace=300000, nelems=6, elem type=char[])
OBJ 500019e2 (sz=32, trace=300000, class=java.lang.String@500000d6)
	value		500019e3
ARR 500019e3 (sz=32, trace=300000, nelems=16, elem type=char[])
OBJ 500019e4 (sz=32, trace=300000, class=java.lang.String@500000d6)
	value		500019e5
ARR 500019e5 (sz=8, trace=300000, nelems=4, elem type=char[])
OBJ 500019e6 (sz=32, trace=300000, class=java.lang.String@500000d6)
	value		500019e7
ARR 500019e7 (sz=10, trace=300000, nelems=5, elem type=char[])
OBJ 500019e8 (sz=32, trace=300000, class=java.lang.String@500000d6)
	value		500019e9
ARR 500019e9 (sz=22, trace=300000, nelems=11, elem type=char[])
OBJ 500019ea (sz=32, trace=300000, class=java.lang.String@500000d6)
	value		500019eb
ARR 500019eb (sz=16, trace=300000, nelems=8, elem type=char[])
OBJ 500019ec (sz=32, trace=300000, class=java.lang.String@500000d6)
	value		500019ed
ARR 500019ed (sz=20, trace=300000, nelems=10, elem type=char[])
OBJ 500019ee (sz=32, trace=300000, class=java.lang.String@500000d6)
	value		500019f2
ARR 500019ef (sz=24, trace=300000, nelems=2, elem type=java.lang.Object[]@50000022)
	[0]		500019f0
	[1]		500018b4
OBJ 500019f0 (sz=32, trace=300000, class=java.lang.String@500000d6)
	value		500019f1
ARR 500019f1 (sz=20, trace=300000, nelems=10, elem type=char[])
ARR 500019f2 (sz=16, trace=300000, nelems=8, elem type=char[])
OBJ 500019f3 (sz=32, trace=300000, class=java.lang.String@500000d6)
	value		500019f4
ARR 500019f4 (sz=20, trace=300000, nelems=10, elem type=char[])
OBJ 500019f5 (sz=32, trace=300000, class=java.lang.String@500000d6)
	value		500019f6
ARR 500019f6 (sz=20, trace=300000, nelems=10, elem type=char[])
OBJ 500019f7 (sz=32, trace=300000, class=java.lang.String@500000d6)
	value		500019f8
ARR 500019f8 (sz=24, trace=300000, nelems=12, elem type=char[])
OBJ 500019f9 (sz=32, trace=300000, class=java.lang.String@500000d6)
	value		500019fd
ARR 500019fa (sz=24, trace=300000, nelems=2, elem type=java.lang.Object[]@50000022)
	[0]		500019fb
	[1]		500018d0
OBJ 500019fb (sz=32, trace=300000, class=java.lang.String@500000d6)
	value		500019fc
ARR 500019fc (sz=20, trace=300000, nelems=10, elem type=char[])
ARR 500019fd (sz=20, trace=300000, nelems=10, elem type=char[])
OBJ 500019fe (sz=32, trace=300000, class=java.lang.String@500000d6)
	value		500019ff
ARR 500019ff (sz=20, trace=300000, nelems=10, elem type=char[])
OBJ 50001a00 (sz=32, trace=300000, class=java.lang.String@500000d6)
	value		50001a01
ARR 50001a01 (sz=12, trace=300000, nelems=6, elem type=char[])
OBJ 50001a02 (sz=32, trace=300000, class=java.lang.String@500000d6)
	value		50001a03
ARR 50001a03 (sz=36, trace=300000, nelems=18, elem type=char[])
OBJ 50001a04 (sz=32, trace=300000, class=java.lang.String@500000d6)
	value		50001a05
ARR 50001a05 (sz=20, trace=300000, nelems=10, elem type=char[])
OBJ 50001a06 (sz=32, trace=300000, class=java.lang.String@500000d6)
	value		50001a07
ARR 50001a07 (sz=18, trace=300000, nelems=9, elem type=char[])
OBJ 50001a08 (sz=32, trace=300000, class=java.lang.String@500000d6)
	value		50001a09
ARR 50001a09 (sz=18, trace=300000, nelems=9, elem type=char[])
OBJ 50001a0a (sz=32, trace=300000, class=java.lang.String@500000d6)
	value		50001a0b
ARR 50001a0b (sz=18, trace=300000, nelems=9, elem type=char[])
OBJ 50001a0c (sz=32, trace=300000, class=java.lang.String@500000d6)
	value		50001a0d
ARR 50001a0d (sz=18, trace=300000, nelems=9, elem type=char[])
OBJ 50001a0e (sz=32, trace=300000, class=java.lang.String@500000d6)
	value		50001a0f
ARR 50001a0f (sz=14, trace=300000, nelems=7, elem type=char[])
OBJ 50001a10 (sz=32, trace=300000, class=java.lang.String@500000d6)
	value		50001a11
ARR 50001a11 (sz=18, trace=300000, nelems=9, elem type=char[])
OBJ 50001a12 (sz=32, trace=300000, class=java.lang.String@500000d6)
	value		50001a13
ARR 50001a13 (sz=18, trace=300000, nelems=9, elem type=char[])
OBJ 50001a14 (sz=32, trace=300000, class=java.lang.String@500000d6)
	value		50001a15
ARR 50001a15 (sz=12, trace=300000, nelems=6, elem type=char[])
OBJ 50001a16 (sz=32, trace=300000, class=java.lang.String@500000d6)
	value		50001a17
ARR 50001a17 (sz=10, trace=300000, nelems=5, elem type=char[])
OBJ 50001a18 (sz=32, trace=300000, class=java.lang.String@500000d6)
	value		50001a19
ARR 50001a19 (sz=14, trace=300000, nelems=7, elem type=char[])
OBJ 50001a1a (sz=32, trace=300000, class=java.lang.String@500000d6)
	value		50001a1b
ARR 50001a1b (sz=30, trace=300000, nelems=15, elem type=char[])
OBJ 50001a1c (sz=32, trace=300000, class=java.lang.String@500000d6)
	value		50001a1d
ARR 50001a1d (sz=20, trace=300000, nelems=10, elem type=char[])
OBJ 50001a1e (sz=32, trace=300000, class=java.lang.String@500000d6)
	value		50001a1f
ARR 50001a1f (sz=20, trace=300000, nelems=10, elem type=char[])
OBJ 50001a20 (sz=32, trace=300000, class=java.lang.String@500000d6)
	value		50001a21
ARR 50001a21 (sz=14, trace=300000, nelems=7, elem type=char[])
OBJ 50001a22 (sz=32, trace=300000, class=java.lang.String@500000d6)
	value		50001a23
ARR 50001a23 (sz=30, trace=300000, nelems=15, elem type=char[])
OBJ 50001a24 (sz=32, trace=300000, class=java.lang.String@500000d6)
	value		50001a25
ARR 50001a25 (sz=10, trace=300000, nelems=5, elem type=char[])
OBJ 50001a26 (sz=32, trace=300000, class=java.lang.String@500000d6)
	value		50001a27
ARR 50001a27 (sz=14, trace=300000, nelems=7, elem type=char[])
OBJ 50001a28 (sz=32, trace=300000, class=java.lang.String@500000d6)
	value		50001a29
ARR 50001a29 (sz=4, trace=300000, nelems=2, elem type=char[])
OBJ 50001a2a (sz=32, trace=300000, class=java.lang.String@500000d6)
	value		50001a2b
ARR 50001a2b (sz=14, trace=300000, nelems=7, elem type=char[])
OBJ 50001a2c (sz=32, trace=300000, class=java.lang.String@500000d6)
	value		50001a2d
ARR 50001a2d (sz=14, trace=300000, nelems=7, elem type=char[])
OBJ 50001a2e (sz=32, trace=300000, class=java.lang.String@500000d6)
	value		50001a2f
ARR 50001a2f (sz=14, trace=300000, nelems=7, elem type=char[])
OBJ 50001a30 (sz=32, trace=300000, class=java.lang.String@500000d6)
	value		50001a31
ARR 50001a31 (sz=24, trace=300000, nelems=12, elem type=char[])
OBJ 50001a32 (sz=32, trace=300000, class=java.lang.String@500000d6)
	value		50001a36
ARR 50001a33 (sz=24, trace=300000, nelems=2, elem type=java.lang.Object[]@50000022)
	[0]		50001a34
	[1]		500018e7
OBJ 50001a34 (sz=32, trace=300000, class=java.lang.String@500000d6)
	value		50001a35
ARR 50001a35 (sz=16, trace=300000, nelems=8, elem type=char[])
ARR 50001a36 (sz=20, trace=300000, nelems=10, elem type=char[])
OBJ 50001a37 (sz=32, trace=300000, class=java.lang.String@500000d6)
	value		50001a38
ARR 50001a38 (sz=20, trace=300000, nelems=10, elem type=char[])
OBJ 50001a39 (sz=32, trace=300000, class=java.lang.String@500000d6)
	value		50001a3a
ARR 50001a3a (sz=16, trace=300000, nelems=8, elem type=char[])
OBJ 50001a3b (sz=32, trace=300000, class=java.lang.String@500000d6)
	value		50001a3f
ARR 50001a3c (sz=24, trace=300000, nelems=2, elem type=java.lang.Object[]@50000022)
	[0]		50001a3d
	[1]		500018d4
OBJ 50001a3d (sz=32, trace=300000, class=java.lang.String@500000d6)
	value		50001a3e
ARR 50001a3e (sz=12, trace=300000, nelems=6, elem type=char[])
ARR 50001a3f (sz=16, trace=300000, nelems=8, elem type=char[])
OBJ 50001a40 (sz=32, trace=300000, class=java.lang.String@500000d6)
	value		50001a41
ARR 50001a41 (sz=12, trace=300000, nelems=6, elem type=char[])
OBJ 50001a42 (sz=32, trace=300000, class=java.lang.String@500000d6)
	value		50001a43
ARR 50001a43 (sz=12, trace=300000, nelems=6, elem type=char[])
OBJ 50001a44 (sz=32, trace=300000, class=java.lang.String@500000d6)
	value		50001a45
ARR 50001a45 (sz=12, trace=300000, nelems=6, elem type=char[])
OBJ 50001a46 (sz=32, trace=300000, class=java.lang.String@500000d6)
	value		50001a47
ARR 50001a47 (sz=12, trace=300000, nelems=6, elem type=char[])
OBJ 50001a48 (sz=32, trace=300000, class=java.lang.String@500000d6)
	value		50001a49
ARR 50001a49 (sz=12, trace=300000, nelems=6, elem type=char[])
OBJ 50001a4a (sz=32, trace=300000, class=java.lang.String@500000d6)
	value		50001a4b
ARR 50001a4b (sz=16, trace=300000, nelems=8, elem type=char[])
OBJ 50001a4c (sz=32, trace=300000, class=java.lang.String@500000d6)
	value		50001a4d
ARR 50001a4d (sz=30, trace=300000, nelems=15, elem type=char[])
OBJ 50001a4e (sz=32, trace=300000, class=java.lang.String@500000d6)
	value		50001a4f
ARR 50001a4f (sz=16, trace=300000, nelems=8, elem type=char[])
OBJ 50001a50 (sz=32, trace=300000, class=java.lang.String@500000d6)
	value		50001a51
ARR 50001a51 (sz=10, trace=300000, nelems=5, elem type=char[])
OBJ 50001a52 (sz=32, trace=300000, class=java.lang.String@500000d6)
	value		50001a53
ARR 50001a53 (sz=14, trace=300000, nelems=7, elem type=char[])
OBJ 50001a54 (sz=32, trace=300000, class=java.lang.String@500000d6)
	value		50001a55
ARR 50001a55 (sz=30, trace=300000, nelems=15, elem type=char[])
OBJ 50001a56 (sz=32, trace=300000, class=java.lang.String@500000d6)
	value		50001a57
ARR 50001a57 (sz=14, trace=300000, nelems=7, elem type=char[])
OBJ 50001a58 (sz=32, trace=300000, class=java.lang.String@500000d6)
	value		50001a59
ARR 50001a59 (sz=20, trace=300000, nelems=10, elem type=char[])
OBJ 50001a5a (sz=32, trace=300000, class=java.lang.String@500000d6)
	value		50001a5b
ARR 50001a5b (sz=12, trace=300000, nelems=6, elem type=char[])
OBJ 50001a5c (sz=32, trace=300000, class=java.lang.String@500000d6)
	value		50001a5d
ARR 50001a5d (sz=14, trace=300000, nelems=7, elem type=char[])
OBJ 50001a5e (sz=32, trace=300000, class=java.lang.String@500000d6)
	value		50001a5f
ARR 50001a5f (sz=14, trace=300000, nelems=7, elem type=char[])
OBJ 50001a60 (sz=32, trace=300000, class=java.lang.String@500000d6)
	value		50001a61
ARR 50001a61 (sz=20, trace=300000, nelems=10, elem type=char[])
OBJ 50001a62 (sz=32, trace=300000, class=java.lang.String@500000d6)
	value		50001a63
ARR 50001a63 (sz=20, trace=300000, nelems=10, elem type=char[])
OBJ 50001a64 (sz=32, trace=300000, class=java.lang.String@500000d6)
	value		50001a65
ARR 50001a65 (sz=10, trace=300000, nelems=5, elem type=char[])
OBJ 50001a66 (sz=32, trace=300000, class=java.lang.String@500000d6)
	value		50001a67
ARR 50001a67 (sz=10, trace=300000, nelems=5, elem type=char[])
OBJ 50001a68 (sz=32, trace=300000, class=java.lang.String@500000d6)
	value		50001a69
ARR 50001a69 (sz=36, trace=300000, nelems=18, elem type=char[])
OBJ 50001a6a (sz=32, trace=300000, class=java.lang.String@500000d6)
	value		50001a6b
ARR 50001a6b (sz=14, trace=300000, nelems=7, elem type=char[])
OBJ 50001a6c (sz=32, trace=300000, class=java.lang.String@500000d6)
	value		50001a6d
ARR 50001a6d (sz=14, trace=300000, nelems=7, elem type=char[])
OBJ 50001a6e (sz=32, trace=300000, class=java.lang.String@500000d6)
	value		50001a6f
ARR 50001a6f (sz=14, trace=300000, nelems=7, elem type=char[])
OBJ 50001a70 (sz=32, trace=300000, class=java.lang.String@500000d6)
	value		50001a71
ARR 50001a71 (sz=14, trace=300000, nelems=7, elem type=char[])
OBJ 50001a72 (sz=32, trace=300000, class=java.lang.String@500000d6)
	value		50001a73
ARR 50001a73 (sz=14, trace=300000, nelems=7, elem type=char[])
OBJ 50001a74 (sz=32, trace=300000, class=java.lang.String@500000d6)
	value		50001a75
ARR 50001a75 (sz=16, trace=300000, nelems=8, elem type=char[])
OBJ 50001a76 (sz=32, trace=300000, class=java.lang.String@500000d6)
	value		50001a77
ARR 50001a77 (sz=12, trace=300000, nelems=6, elem type=char[])
OBJ 50001a78 (sz=32, trace=300000, class=java.lang.String@500000d6)
	value		50001a79
ARR 50001a79 (sz=20, trace=300000, nelems=10, elem type=char[])
OBJ 50001a7a (sz=32, trace=300000, class=java.lang.String@500000d6)
	value		50001a7b
ARR 50001a7b (sz=10, trace=300000, nelems=5, elem type=char[])
OBJ 50001a7c (sz=32, trace=300000, class=java.lang.String@500000d6)
	value		50001a7d
ARR 50001a7d (sz=24, trace=300000, nelems=12, elem type=char[])
OBJ 50001a7e (sz=32, trace=300000, class=java.lang.String@500000d6)
	value		50001a7f
ARR 50001a7f (sz=28, trace=300000, nelems=14, elem type=char[])
OBJ 50001a80 (sz=32, trace=300000, class=java.lang.String@500000d6)
	value		50001a81
ARR 50001a81 (sz=12, trace=300000, nelems=6, elem type=char[])
OBJ 50001a82 (sz=32, trace=300000, class=java.lang.String@500000d6)
	value		50001a83
ARR 50001a83 (sz=20, trace=300000, nelems=10, elem type=char[])
OBJ 50001a84 (sz=32, trace=300000, class=java.lang.String@500000d6)
	value		50001a85
ARR 50001a85 (sz=12, trace=300000, nelems=6, elem type=char[])
OBJ 50001a86 (sz=32, trace=300000, class=java.lang.String@500000d6)
	value		50001a87
ARR 50001a87 (sz=12, trace=300000, nelems=6, elem type=char[])
OBJ 50001a88 (sz=32, trace=300000, class=java.lang.String@500000d6)
	value		50001a89
ARR 50001a89 (sz=12, trace=300000, nelems=6, elem type=char[])
OBJ 50001a8a (sz=32, trace=300000, class=java.lang.String@500000d6)
	value		50001a8b
ARR 50001a8b (sz=12, trace=300000, nelems=6, elem type=char[])
OBJ 50001a8c (sz=32, trace=300000, class=java.lang.String@500000d6)
	value		50001a8d
ARR 50001a8d (sz=12, trace=300000, nelems=6, elem type=char[])
OBJ 50001a8e (sz=32, trace=300000, class=java.lang.String@500000d6)
	value		50001a8f
ARR 50001a8f (sz=6, trace=300000, nelems=3, elem type=char[])
OBJ 50001a90 (sz=32, trace=300000, class=java.lang.String@500000d6)
	value		50001a91
ARR 50001a91 (sz=20, trace=300000, nelems=10, elem type=char[])
OBJ 50001a92 (sz=32, trace=300000, class=java.lang.String@500000d6)
	value		50001a93
ARR 50001a93 (sz=20, trace=300000, nelems=10, elem type=char[])
OBJ 50001a94 (sz=32, trace=300000, class=java.lang.String@500000d6)
	value		50001a95
ARR 50001a95 (sz=10, trace=300000, nelems=5, elem type=char[])
OBJ 50001a96 (sz=32, trace=300000, class=java.lang.String@500000d6)
	value		50001a97
ARR 50001a97 (sz=14, trace=300000, nelems=7, elem type=char[])
OBJ 50001a98 (sz=32, trace=300000, class=java.lang.String@500000d6)
	value		50001a99
ARR 50001a99 (sz=14, trace=300000, nelems=7, elem type=char[])
OBJ 50001a9a (sz=32, trace=300000, class=java.lang.String@500000d6)
	value		50001a9b
ARR 50001a9b (sz=28, trace=300000, nelems=14, elem type=char[])
OBJ 50001a9c (sz=32, trace=300000, class=java.lang.String@500000d6)
	value		50001a9d
ARR 50001a9d (sz=12, trace=300000, nelems=6, elem type=char[])
OBJ 50001a9e (sz=32, trace=300000, class=java.lang.String@500000d6)
	value		50001a9f
ARR 50001a9f (sz=10, trace=300000, nelems=5, elem type=char[])
OBJ 50001aa0 (sz=32, trace=300000, class=java.lang.String@500000d6)
	value		50001aa1
ARR 50001aa1 (sz=10, trace=300000, nelems=5, elem type=char[])
OBJ 50001aa2 (sz=32, trace=300000, class=java.lang.String@500000d6)
	value		50001aa3
ARR 50001aa3 (sz=12, trace=300000, nelems=6, elem type=char[])
OBJ 50001aa4 (sz=32, trace=300000, class=java.lang.String@500000d6)
	value		50001aa5
ARR 50001aa5 (sz=14, trace=300000, nelems=7, elem type=char[])
OBJ 50001aa6 (sz=32, trace=300000, class=java.lang.String@500000d6)
	value		50001aa7
ARR 50001aa7 (sz=14, trace=300000, nelems=7, elem type=char[])
OBJ 50001aa8 (sz=32, trace=300000, class=java.lang.String@500000d6)
	value		50001aa9
ARR 50001aa9 (sz=30, trace=300000, nelems=15, elem type=char[])
OBJ 50001aaa (sz=32, trace=300000, class=java.lang.String@500000d6)
	value		50001aab
ARR 50001aab (sz=6, trace=300000, nelems=3, elem type=char[])
OBJ 50001aac (sz=32, trace=300000, class=java.lang.String@500000d6)
	value		50001aad
ARR 50001aad (sz=8, trace=300000, nelems=4, elem type=char[])
OBJ 50001aae (sz=32, trace=300000, class=java.lang.String@500000d6)
	value		50001aaf
ARR 50001aaf (sz=20, trace=300000, nelems=10, elem type=char[])
OBJ 50001ab0 (sz=32, trace=300000, class=java.lang.String@500000d6)
	value		50001ab4
ARR 50001ab1 (sz=24, trace=300000, nelems=2, elem type=java.lang.Object[]@50000022)
	[0]		50001ab2
	[1]		500018a9
OBJ 50001ab2 (sz=32, trace=300000, class=java.lang.String@500000d6)
	value		50001ab3
ARR 50001ab3 (sz=10, trace=300000, nelems=5, elem type=char[])
ARR 50001ab4 (sz=10, trace=300000, nelems=5, elem type=char[])
OBJ 50001ab5 (sz=32, trace=300000, class=java.lang.String@500000d6)
	value		50001ab9
ARR 50001ab6 (sz=24, trace=300000, nelems=2, elem type=java.lang.Object[]@50000022)
	[0]		50001ab7
	[1]		5000188b
OBJ 50001ab7 (sz=32, trace=300000, class=java.lang.String@500000d6)
	value		50001ab8
ARR 50001ab8 (sz=4, trace=300000, nelems=2, elem type=char[])
ARR 50001ab9 (sz=10, trace=300000, nelems=5, elem type=char[])
OBJ 50001aba (sz=32, trace=300000, class=java.lang.String@500000d6)
	value		50001abb
ARR 50001abb (sz=10, trace=300000, nelems=5, elem type=char[])
OBJ 50001abc (sz=32, trace=300000, class=java.lang.String@500000d6)
	value		50001abd
ARR 50001abd (sz=4, trace=300000, nelems=2, elem type=char[])
OBJ 50001abe (sz=32, trace=300000, class=java.lang.String@500000d6)
	value		50001ac2
ARR 50001abf (sz=24, trace=300000, nelems=2, elem type=java.lang.Object[]@50000022)
	[0]		50001ac0
	[1]		500018be
OBJ 50001ac0 (sz=32, trace=300000, class=java.lang.String@500000d6)
	value		50001ac1
ARR 50001ac1 (sz=4, trace=300000, nelems=2, elem type=char[])
ARR 50001ac2 (sz=10, trace=300000, nelems=5, elem type=char[])
OBJ 50001ac3 (sz=32, trace=300000, class=java.lang.String@500000d6)
	value		50001ac4
ARR 50001ac4 (sz=16, trace=300000, nelems=8, elem type=char[])
OBJ 50001ac5 (sz=32, trace=300000, class=java.lang.String@500000d6)
	value		50001acc
ARR 50001ac6 (sz=32, trace=300000, nelems=3, elem type=java.lang.Object[]@50000022)
	[0]		50001ac7
	[1]		5000188b
	[2]		50001ac8
OBJ 50001ac7 (sz=32, trace=300000, class=java.lang.String@500000d6)
	value		50001acb
ARR 50001ac8 (sz=24, trace=300000, nelems=2, elem type=java.lang.Object[]@50000022)
	[0]		50001ac9
	[1]		500018c7
OBJ 50001ac9 (sz=32, trace=300000, class=java.lang.String@500000d6)
	value		50001aca
ARR 50001aca (sz=4, trace=300000, nelems=2, elem type=char[])
ARR 50001acb (sz=12, trace=300000, nelems=6, elem type=char[])
ARR 50001acc (sz=10, trace=300000, nelems=5, elem type=char[])
OBJ 50001acd (sz=32, trace=300000, class=java.lang.String@500000d6)
	value		50001ace
ARR 50001ace (sz=4, trace=300000, nelems=2, elem type=char[])
OBJ 50001acf (sz=32, trace=300000, class=java.lang.String@500000d6)
	value		50001ad0
ARR 50001ad0 (sz=14, trace=300000, nelems=7, elem type=char[])
OBJ 50001ad1 (sz=32, trace=300000, class=java.lang.String@500000d6)
	value		50001ad5
ARR 50001ad2 (sz=24, trace=300000, nelems=2, elem type=java.lang.Object[]@50000022)
	[0]		50001ad3
	[1]		500018be
OBJ 50001ad3 (sz=32, trace=300000, class=java.lang.String@500000d6)
	value		50001ad4
ARR 50001ad4 (sz=14, trace=300000, nelems=7, elem type=char[])
ARR 50001ad5 (sz=12, trace=300000, nelems=6, elem type=char[])
OBJ 50001ad6 (sz=32, trace=300000, class=java.lang.String@500000d6)
	value		50001ad7
ARR 50001ad7 (sz=14, trace=300000, nelems=7, elem type=char[])
OBJ 50001ad8 (sz=32, trace=300000, class=java.lang.String@500000d6)
	value		50001adc
ARR 50001ad9 (sz=24, trace=300000, nelems=2, elem type=java.lang.Object[]@50000022)
	[0]		50001ada
	[1]		50001896
OBJ 50001ada (sz=32, trace=300000, class=java.lang.String@500000d6)
	value		50001adb
ARR 50001adb (sz=6, trace=300000, nelems=3, elem type=char[])
ARR 50001adc (sz=12, trace=300000, nelems=6, elem type=char[])
OBJ 50001add (sz=32, trace=300000, class=java.lang.String@500000d6)
	value		50001ade
ARR 50001ade (sz=22, trace=300000, nelems=11, elem type=char[])
OBJ 50001adf (sz=32, trace=300000, class=java.lang.String@500000d6)
	value		50001ae0
ARR 50001ae0 (sz=22, trace=300000, nelems=11, elem type=char[])
OBJ 50001ae1 (sz=32, trace=300000, class=java.lang.String@500000d6)
	value		50001ae2
ARR 50001ae2 (sz=12, trace=300000, nelems=6, elem type=char[])
OBJ 50001ae3 (sz=32, trace=300000, class=java.lang.String@500000d6)
	value		50001ae4
ARR 50001ae4 (sz=12, trace=300000, nelems=6, elem type=char[])
OBJ 50001ae5 (sz=32, trace=300000, class=java.lang.String@500000d6)
	value		50001ae6
ARR 50001ae6 (sz=12, trace=300000, nelems=6, elem type=char[])
OBJ 50001ae7 (sz=32, trace=300000, class=java.lang.String@500000d6)
	value		50001ae8
ARR 50001ae8 (sz=18, trace=300000, nelems=9, elem type=char[])
OBJ 50001ae9 (sz=32, trace=300000, class=java.lang.String@500000d6)
	value		50001aea
ARR 50001aea (sz=18, trace=300000, nelems=9, elem type=char[])
OBJ 50001aeb (sz=32, trace=300000, class=java.lang.String@500000d6)
	value		50001aec
ARR 50001aec (sz=18, trace=300000, nelems=9, elem type=char[])
OBJ 50001aed (sz=32, trace=300000, class=java.lang.String@500000d6)
	value		50001aee
ARR 50001aee (sz=18, trace=300000, nelems=9, elem type=char[])
OBJ 50001aef (sz=32, trace=300000, class=java.lang.String@500000d6)
	value		50001af0
ARR 50001af0 (sz=18, trace=300000, nelems=9, elem type=char[])
OBJ 50001af1 (sz=32, trace=300000, class=java.lang.String@500000d6)
	value		50001af2
ARR 50001af2 (sz=18, trace=300000, nelems=9, elem type=char[])
OBJ 50001af3 (sz=32, trace=300000, class=java.lang.String@500000d6)
	value		50001af4
ARR 50001af4 (sz=42, trace=300000, nelems=21, elem type=char[])
OBJ 50001af5 (sz=32, trace=300000, class=java.lang.String@500000d6)
	value		50001af6
ARR 50001af6 (sz=6, trace=300000, nelems=3, elem type=char[])
OBJ 50001af7 (sz=32, trace=300000, class=java.lang.String@500000d6)
	value		50001af8
ARR 50001af8 (sz=30, trace=300000, nelems=15, elem type=char[])
OBJ 50001af9 (sz=32, trace=300000, class=java.lang.String@500000d6)
	value		50001afa
ARR 50001afa (sz=20, trace=300000, nelems=10, elem type=char[])
OBJ 50001afb (sz=32, trace=300000, class=java.lang.String@500000d6)
	value		50001afc
ARR 50001afc (sz=30, trace=300000, nelems=15, elem type=char[])
OBJ 50001afd (sz=32, trace=300000, class=java.lang.String@500000d6)
	value		50001afe
ARR 50001afe (sz=20, trace=300000, nelems=10, elem type=char[])
OBJ 50001aff (sz=32, trace=300000, class=java.lang.String@500000d6)
	value		50001b00
ARR 50001b00 (sz=6, trace=300000, nelems=3, elem type=char[])
OBJ 50001b01 (sz=32, trace=300000, class=java.lang.String@500000d6)
	value		50001b02
ARR 50001b02 (sz=6, trace=300000, nelems=3, elem type=char[])
OBJ 50001b03 (sz=32, trace=300000, class=java.lang.String@500000d6)
	value		50001b04
ARR 50001b04 (sz=14, trace=300000, nelems=7, elem type=char[])
OBJ 50001b05 (sz=32, trace=300000, class=java.lang.String@500000d6)
	value		50001b09
ARR 50001b06 (sz=24, trace=300000, nelems=2, elem type=java.lang.Object[]@50000022)
	[0]		50001b07
	[1]		500018a9
OBJ 50001b07 (sz=32, trace=300000, class=java.lang.String@500000d6)
	value		50001b08
ARR 50001b08 (sz=6, trace=300000, nelems=3, elem type=char[])
ARR 50001b09 (sz=6, trace=300000, nelems=3, elem type=char[])
OBJ 50001b0a (sz=32, trace=300000, class=java.lang.String@500000d6)
	value		50001b0e
ARR 50001b0b (sz=24, trace=300000, nelems=2, elem type=java.lang.Object[]@50000022)
	[0]		50001b0c
	[1]		50001896
OBJ 50001b0c (sz=32, trace=300000, class=java.lang.String@500000d6)
	value		50001b0d
ARR 50001b0d (sz=16, trace=300000, nelems=8, elem type=char[])
ARR 50001b0e (sz=6, trace=300000, nelems=3, elem type=char[])
OBJ 50001b0f (sz=32, trace=300000, class=java.lang.String@500000d6)
	value		50001b10
ARR 50001b10 (sz=6, trace=300000, nelems=3, elem type=char[])
OBJ 50001b11 (sz=32, trace=300000, class=java.lang.String@500000d6)
	value		50001b12
ARR 50001b12 (sz=6, trace=300000, nelems=3, elem type=char[])
OBJ 50001b13 (sz=32, trace=300000, class=java.lang.String@500000d6)
	value		50001b17
ARR 50001b14 (sz=24, trace=300000, nelems=2, elem type=java.lang.Object[]@50000022)
	[0]		50001b15
	[1]		500018ca
OBJ 50001b15 (sz=32, trace=300000, class=java.lang.String@500000d6)
	value		50001b16
ARR 50001b16 (sz=10, trace=300000, nelems=5, elem type=char[])
ARR 50001b17 (sz=6, trace=300000, nelems=3, elem type=char[])
OBJ 50001b18 (sz=32, trace=300000, class=java.lang.String@500000d6)
	value		50001b19
ARR 50001b19 (sz=10, trace=300000, nelems=5, elem type=char[])
OBJ 50001b1a (sz=32, trace=300000, class=java.lang.String@500000d6)
	value		50001b1e
ARR 50001b1b (sz=24, trace=300000, nelems=2, elem type=java.lang.Object[]@50000022)
	[0]		50001b1c
	[1]		500018ef
OBJ 50001b1c (sz=32, trace=300000, class=java.lang.String@500000d6)
	value		50001b1d
ARR 50001b1d (sz=18, trace=300000, nelems=9, elem type=char[])
ARR 50001b1e (sz=32, trace=300000, nelems=16, elem type=char[])
OBJ 50001b1f (sz=32, trace=300000, class=java.lang.String@500000d6)
	value		50001b20
ARR 50001b20 (sz=16, trace=300000, nelems=8, elem type=char[])
OBJ 50001b21 (sz=32, trace=300000, class=java.lang.String@500000d6)
	value		50001b22
ARR 50001b22 (sz=24, trace=300000, nelems=12, elem type=char[])
OBJ 50001b23 (sz=32, trace=300000, class=java.lang.String@500000d6)
	value		50001b24
ARR 50001b24 (sz=10, trace=300000, nelems=5, elem type=char[])
OBJ 50001b25 (sz=32, trace=300000, class=java.lang.String@500000d6)
	value		50001b26
ARR 50001b26 (sz=10, trace=300000, nelems=5, elem type=char[])
OBJ 50001b27 (sz=32, trace=300000, class=java.lang.String@500000d6)
	value		50001b28
ARR 50001b28 (sz=10, trace=300000, nelems=5, elem type=char[])
OBJ 50001b29 (sz=32, trace=300000, class=java.lang.String@500000d6)
	value		50001b2a
ARR 50001b2a (sz=10, trace=300000, nelems=5, elem type=char[])
OBJ 50001b2b (sz=32, trace=300000, class=java.lang.String@500000d6)
	value		50001b2c
ARR 50001b2c (sz=10, trace=300000, nelems=5, elem type=char[])
OBJ 50001b2d (sz=32, trace=300000, class=java.lang.String@500000d6)
	value		50001b2e
ARR 50001b2e (sz=12, trace=300000, nelems=6, elem type=char[])
OBJ 50001b2f (sz=32, trace=300000, class=java.lang.String@500000d6)
	value		50001b30
ARR 50001b30 (sz=12, trace=300000, nelems=6, elem type=char[])
OBJ 50001b31 (sz=32, trace=300000, class=java.lang.String@500000d6)
	value		50001b32
ARR 50001b32 (sz=16, trace=300000, nelems=8, elem type=char[])
OBJ 50001b33 (sz=32, trace=300000, class=java.lang.String@500000d6)
	value		50001b34
ARR 50001b34 (sz=20, trace=300000, nelems=10, elem type=char[])
OBJ 50001b35 (sz=32, trace=300000, class=java.lang.String@500000d6)
	value		50001b36
ARR 50001b36 (sz=34, trace=300000, nelems=17, elem type=char[])
OBJ 50001b37 (sz=32, trace=300000, class=java.lang.String@500000d6)
	value		50001b38
ARR 50001b38 (sz=6, trace=300000, nelems=3, elem type=char[])
OBJ 50001b39 (sz=32, trace=300000, class=java.lang.String@500000d6)
	value		50001b3a
ARR 50001b3a (sz=30, trace=300000, nelems=15, elem type=char[])
OBJ 50001b3b (sz=32, trace=300000, class=java.lang.String@500000d6)
	value		50001b3c
ARR 50001b3c (sz=12, trace=300000, nelems=6, elem type=char[])
OBJ 50001b3d (sz=32, trace=300000, class=java.lang.String@500000d6)
	value		50001b3e
ARR 50001b3e (sz=12, trace=300000, nelems=6, elem type=char[])
OBJ 50001b3f (sz=32, trace=300000, class=java.lang.String@500000d6)
	value		50001b43
ARR 50001b40 (sz=24, trace=300000, nelems=2, elem type=java.lang.Object[]@50000022)
	[0]		50001b41
	[1]		500018ba
OBJ 50001b41 (sz=32, trace=300000, class=java.lang.String@500000d6)
	value		50001b42
ARR 50001b42 (sz=12, trace=300000, nelems=6, elem type=char[])
ARR 50001b43 (sz=6, trace=300000, nelems=3, elem type=char[])
OBJ 50001b44 (sz=32, trace=300000, class=java.lang.String@500000d6)
	value		50001b45
ARR 50001b45 (sz=12, trace=300000, nelems=6, elem type=char[])
OBJ 50001b46 (sz=32, trace=300000, class=java.lang.String@500000d6)
	value		50001b47
ARR 50001b47 (sz=12, trace=300000, nelems=6, elem type=char[])
OBJ 50001b48 (sz=32, trace=300000, class=java.lang.String@500000d6)
	value		50001b4c
ARR 50001b49 (sz=24, trace=300000, nelems=2, elem type=java.lang.Object[]@50000022)
	[0]		50001b4a
	[1]		500018ca
OBJ 50001b4a (sz=32, trace=300000, class=java.lang.String@500000d6)
	value		50001b4b
ARR 50001b4b (sz=12, trace=300000, nelems=6, elem type=char[])
ARR 50001b4c (sz=36, trace=300000, nelems=18, elem type=char[])
OBJ 50001b4d (sz=32, trace=300000, class=java.lang.String@500000d6)
	value		50001b4e
ARR 50001b4e (sz=6, trace=300000, nelems=3, elem type=char[])
OBJ 50001b4f (sz=32, trace=300000, class=java.lang.String@500000d6)
	value		50001b50
ARR 50001b50 (sz=6, trace=300000, nelems=3, elem type=char[])
OBJ 50001b51 (sz=32, trace=300000, class=java.lang.String@500000d6)
	value		50001b52
ARR 50001b52 (sz=6, trace=300000, nelems=3, elem type=char[])
OBJ 50001b53 (sz=32, trace=300000, class=java.lang.String@500000d6)
	value		50001b54
ARR 50001b54 (sz=6, trace=300000, nelems=3, elem type=char[])
OBJ 50001b55 (sz=32, trace=300000, class=java.lang.String@500000d6)
	value		50001b56
ARR 50001b56 (sz=6, trace=300000, nelems=3, elem type=char[])
OBJ 50001b57 (sz=32, trace=300000, class=java.lang.String@500000d6)
	value		50001b58
ARR 50001b58 (sz=30, trace=300000, nelems=15, elem type=char[])
OBJ 50001b59 (sz=32, trace=300000, class=java.lang.String@500000d6)
	value		50001b5a
ARR 50001b5a (sz=18, trace=300000, nelems=9, elem type=char[])
OBJ 50001b5b (sz=32, trace=300000, class=java.lang.String@500000d6)
	value		50001b5c
ARR 50001b5c (sz=26, trace=300000, nelems=13, elem type=char[])
OBJ 50001b5d (sz=32, trace=300000, class=java.lang.String@500000d6)
	value		50001b5e
ARR 50001b5e (sz=22, trace=300000, nelems=11, elem type=char[])
OBJ 50001b5f (sz=32, trace=300000, class=java.lang.String@500000d6)
	value		50001b60
ARR 50001b60 (sz=22, trace=300000, nelems=11, elem type=char[])
OBJ 50001b61 (sz=32, trace=300000, class=java.lang.String@500000d6)
	value		50001b62
ARR 50001b62 (sz=22, trace=300000, nelems=11, elem type=char[])
OBJ 50001b63 (sz=32, trace=300000, class=java.lang.String@500000d6)
	value		50001b64
ARR 50001b64 (sz=22, trace=300000, nelems=11, elem type=char[])
OBJ 50001b65 (sz=32, trace=300000, class=java.lang.String@500000d6)
	value		50001b66
ARR 50001b66 (sz=22, trace=300000, nelems=11, elem type=char[])
OBJ 50001b67 (sz=32, trace=300000, class=java.lang.String@500000d6)
	value		50001b68
ARR 50001b68 (sz=22, trace=300000, nelems=11, elem type=char[])
ARR 50001b69 (sz=144, trace=300000, nelems=32, elem type=java.lang.Object[]@50000022)
	[0]		50001b6a
	[2]		50001b6b
	[3]		50001b6c
	[4]		50001b6d
	[5]		50001b6e
	[6]		50001b6f
	[7]		50001b70
	[8]		50001b71
	[9]		50001b72
	[10]		50001b73
	[11]		50001b74
	[12]		50001b75
	[14]		50001b76
	[15]		50001b77
	[16]		50001b78
	[17]		50001b79
	[18]		50001b7a
	[19]		50001b7b
	[22]		50001b7c
	[24]		50001b7d
	[28]		50001b7e
	[29]		50001b7f
	[31]		50001b80
ARR 50001b6a (sz=24, trace=300000, nelems=1, elem type=java.lang.Object[]@50000022)
	[0]		50001906
ARR 50001b6b (sz=32, trace=300000, nelems=3, elem type=java.lang.Object[]@50000022)
	[0]		500018f8
	[2]		50001c42
ARR 50001b6c (sz=32, trace=300000, nelems=3, elem type=java.lang.Object[]@50000022)
	[0]		500018ef
	[2]		50001c41
ARR 50001b6d (sz=32, trace=300000, nelems=3, elem type=java.lang.Object[]@50000022)
	[0]		500018e1
	[2]		50001b8b
ARR 50001b6e (sz=32, trace=300000, nelems=3, elem type=java.lang.Object[]@50000022)
	[0]		500018d8
	[2]		50001b8a
ARR 50001b6f (sz=24, trace=300000, nelems=1, elem type=java.lang.Object[]@50000022)
	[0]		500018d4
ARR 50001b70 (sz=24, trace=300000, nelems=1, elem type=java.lang.Object[]@50000022)
	[0]		500018d0
ARR 50001b71 (sz=32, trace=300000, nelems=3, elem type=java.lang.Object[]@50000022)
	[0]		500018c7
	[2]		50001b89
ARR 50001b72 (sz=32, trace=300000, nelems=3, elem type=java.lang.Object[]@50000022)
	[0]		500018be
	[2]		50001b88
ARR 50001b73 (sz=24, trace=300000, nelems=1, elem type=java.lang.Object[]@50000022)
	[0]		500018ba
ARR 50001b74 (sz=32, trace=300000, nelems=3, elem type=java.lang.Object[]@50000022)
	[0]		500018b1
	[2]		50001b87
ARR 50001b75 (sz=24, trace=300000, nelems=1, elem type=java.lang.Object[]@50000022)
	[0]		500018ad
ARR 50001b76 (sz=24, trace=300000, nelems=1, elem type=java.lang.Object[]@50000022)
	[0]		500018a9
ARR 50001b77 (sz=24, trace=300000, nelems=1, elem type=java.lang.Object[]@50000022)
	[0]		500018a5
ARR 50001b78 (sz=32, trace=300000, nelems=3, elem type=java.lang.Object[]@50000022)
	[0]		5000189c
	[2]		50001b86
ARR 50001b79 (sz=32, trace=300000, nelems=3, elem type=java.lang.Object[]@50000022)
	[0]		50001893
	[2]		50001b85
ARR 50001b7a (sz=32, trace=300000, nelems=3, elem type=java.lang.Object[]@50000022)
	[0]		50001885
	[2]		50001b83
ARR 50001b7b (sz=32, trace=300000, nelems=3, elem type=java.lang.Object[]@50000022)
	[0]		50001877
	[2]		50001b81
ARR 50001b7c (sz=24, trace=300000, nelems=1, elem type=java.lang.Object[]@50000022)
	[0]		50001873
ARR 50001b7d (sz=24, trace=300000, nelems=1, elem type=java.lang.Object[]@50000022)
	[0]		5000186f
ARR 50001b7e (sz=24, trace=300000, nelems=1, elem type=java.lang.Object[]@50000022)
	[0]		5000186b
ARR 50001b7f (sz=24, trace=300000, nelems=1, elem type=java.lang.Object[]@50000022)
	[0]		50001867
ARR 50001b80 (sz=24, trace=300000, nelems=1, elem type=java.lang.Object[]@50000022)
	[0]		50001863
ARR 50001b81 (sz=32, trace=300000, nelems=3, elem type=java.lang.Object[]@50000022)
	[0]		5000187a
	[2]		50001b82
ARR 50001b82 (sz=24, trace=300000, nelems=1, elem type=java.lang.Object[]@50000022)
	[0]		5000187d
ARR 50001b83 (sz=32, trace=300000, nelems=3, elem type=java.lang.Object[]@50000022)
	[0]		50001888
	[2]		50001b84
ARR 50001b84 (sz=24, trace=300000, nelems=1, elem type=java.lang.Object[]@50000022)
	[0]		5000188b
ARR 50001b85 (sz=24, trace=300000, nelems=1, elem type=java.lang.Object[]@50000022)
	[0]		50001896
ARR 50001b86 (sz=24, trace=300000, nelems=1, elem type=java.lang.Object[]@50000022)
	[0]		5000189f
ARR 50001b87 (sz=24, trace=300000, nelems=1, elem type=java.lang.Object[]@50000022)
	[0]		500018b4
ARR 50001b88 (sz=24, trace=300000, nelems=1, elem type=java.lang.Object[]@50000022)
	[0]		500018c1
ARR 50001b89 (sz=24, trace=300000, nelems=1, elem type=java.lang.Object[]@50000022)
	[0]		500018ca
ARR 50001b8a (sz=24, trace=300000, nelems=1, elem type=java.lang.Object[]@50000022)
	[0]		500018db
ARR 50001b8b (sz=32, trace=300000, nelems=3, elem type=java.lang.Object[]@50000022)
	[0]		500018e4
	[1]		50001841
	[2]		50001b8c
ARR 50001b8c (sz=24, trace=300000, nelems=1, elem type=java.lang.Object[]@50000022)
	[0]		500018e7
ARR 50001b8d (sz=24, trace=300000, nelems=2, elem type=java.lang.String[]@500000d7)
	[0]		50001a44
	[1]		500019dc
OBJ 50001b8e (sz=32, trace=300000, class=java.lang.String@500000d6)
	value		50001bf3
OBJ 50001b8f (sz=32, trace=300000, class=java.lang.String@500000d6)
	value		50001bf9
OBJ 50001b90 (sz=32, trace=300000, class=java.lang.String@500000d6)
	value		50001bf7
OBJ 50001b91 (sz=32, trace=300000, class=java.lang.String@500000d6)
	value		50001c1a
OBJ 50001b92 (sz=32, trace=300000, class=java.lang.String@500000d6)
	value		50001c1b
OBJ 50001b93 (sz=32, trace=300000, class=java.lang.String@500000d6)
	value		50001c0a
OBJ 50001b94 (sz=32, trace=300000, class=java.lang.String@500000d6)
	value		50001c29
OBJ 50001b95 (sz=32, trace=300000, class=java.lang.String@500000d6)
	value		50001bf5
OBJ 50001b96 (sz=32, trace=300000, class=java.lang.String@500000d6)
	value		50001c0c
OBJ 50001b97 (sz=32, trace=300000, class=java.lang.String@500000d6)
	value		50001c2a
OBJ 50001b98 (sz=32, trace=300000, class=java.lang.String@500000d6)
	value		50001bfe
OBJ 50001b99 (sz=32, trace=300000, class=java.lang.String@500000d6)
	value		50001c2d
OBJ 50001b9a (sz=32, trace=300000, class=java.lang.String@500000d6)
	value		50001bf6
OBJ 50001b9b (sz=32, trace=300000, class=java.lang.String@500000d6)
	value		50001c07
OBJ 50001b9c (sz=32, trace=300000, class=java.lang.String@500000d6)
	value		50001c22
OBJ 50001b9d (sz=32, trace=300000, class=java.lang.String@500000d6)
	value		50001c2b
OBJ 50001b9e (sz=32, trace=300000, class=java.lang.String@500000d6)
	value		50001c0f
OBJ 50001b9f (sz=32, trace=300000, class=java.lang.String@500000d6)
	value		50001c16
OBJ 50001ba0 (sz=32, trace=300000, class=java.lang.String@500000d6)
	value		50001c1f
OBJ 50001ba1 (sz=32, trace=300000, class=java.lang.String@500000d6)
	value		50001c09
OBJ 50001ba2 (sz=32, trace=300000, class=java.lang.String@500000d6)
	value		50001c2c
OBJ 50001ba3 (sz=32, trace=300000, class=java.lang.String@500000d6)
	value		50001c23
OBJ 50001ba4 (sz=32, trace=300000, class=java.lang.String@500000d6)
	value		50001bf8
OBJ 50001ba5 (sz=32, trace=300000, class=java.lang.String@500000d6)
	value		50001c0d
OBJ 50001ba6 (sz=32, trace=300000, class=java.lang.String@500000d6)
	value		50001c2e
OBJ 50001ba7 (sz=32, trace=300000, class=java.lang.String@500000d6)
	value		50001c08
OBJ 50001ba8 (sz=32, trace=300000, class=java.lang.String@500000d6)
	value		50001c11
OBJ 50001ba9 (sz=32, trace=300000, class=java.lang.String@500000d6)
	value		50001c10
OBJ 50001baa (sz=32, trace=300000, class=java.lang.String@500000d6)
	value		50001c14
OBJ 50001bab (sz=32, trace=300000, class=java.lang.String@500000d6)
	value		50001c13
OBJ 50001bac (sz=32, trace=300000, class=java.lang.String@500000d6)
	value		50001c18
OBJ 50001bad (sz=32, trace=300000, class=java.lang.String@500000d6)
	value		50001c17
OBJ 50001bae (sz=32, trace=300000, class=java.lang.String@500000d6)
	value		50001c1d
OBJ 50001baf (sz=32, trace=300000, class=java.lang.String@500000d6)
	value		50001c1c
OBJ 50001bb0 (sz=32, trace=300000, class=java.lang.String@500000d6)
	value		50001c21
OBJ 50001bb1 (sz=32, trace=300000, class=java.lang.String@500000d6)
	value		50001c20
OBJ 50001bb2 (sz=32, trace=300000, class=java.lang.String@500000d6)
	value		50001c26
OBJ 50001bb3 (sz=32, trace=300000, class=java.lang.String@500000d6)
	value		50001c28
OBJ 50001bb4 (sz=32, trace=300000, class=java.lang.String@500000d6)
	value		50001c27
OBJ 50001bb5 (sz=32, trace=300000, class=java.lang.String@500000d6)
	value		50001c06
OBJ 50001bb6 (sz=32, trace=300000, class=java.lang.String@500000d6)
	value		50001c05
OBJ 50001bb7 (sz=32, trace=300000, class=java.lang.String@500000d6)
	value		50001c02
OBJ 50001bb8 (sz=32, trace=300000, class=java.lang.String@500000d6)
	value		50001bfa
OBJ 50001bb9 (sz=32, trace=300000, class=java.lang.String@500000d6)
	value		50001bfb
OBJ 50001bba (sz=32, trace=300000, class=java.lang.String@500000d6)
	value		50001bfc
OBJ 50001bbb (sz=32, trace=300000, class=java.lang.String@500000d6)
	value		50001c01
OBJ 50001bbc (sz=32, trace=300000, class=java.lang.String@500000d6)
	value		50001bff
OBJ 50001bbd (sz=32, trace=300000, class=java.lang.String@500000d6)
	value		50001bfd
OBJ 50001bbe (sz=32, trace=300000, class=java.lang.String@500000d6)
	value		50001c00
OBJ 50001bbf (sz=32, trace=300000, class=java.lang.String@500000d6)
	value		50001c04
OBJ 50001bc0 (sz=32, trace=300000, class=java.lang.String@500000d6)
	value		50001c03
OBJ 50001bc1 (sz=32, trace=300000, class=java.lang.String@500000d6)
	value		50001bf4
OBJ 50001bc2 (sz=32, trace=300000, class=java.lang.String@500000d6)
	value		50001c30
OBJ 50001bc3 (sz=32, trace=300000, class=java.lang.String@500000d6)
	value		50001c31
OBJ 50001bc4 (sz=32, trace=300000, class=java.lang.String@500000d6)
	value		50001c32
OBJ 50001bc5 (sz=32, trace=300000, class=java.lang.String@500000d6)
	value		50001c0b
OBJ 50001bc6 (sz=32, trace=300000, class=java.lang.String@500000d6)
	value		50001c0e
OBJ 50001bc7 (sz=32, trace=300000, class=java.lang.String@500000d6)
	value		50001c12
OBJ 50001bc8 (sz=32, trace=300000, class=java.lang.String@500000d6)
	value		50001c1e
OBJ 50001bc9 (sz=32, trace=300000, class=java.lang.String@500000d6)
	value		50001c15
OBJ 50001bca (sz=32, trace=300000, class=java.lang.String@500000d6)
	value		50001c19
OBJ 50001bcb (sz=32, trace=300000, class=java.lang.String@500000d6)
	value		50001c25
OBJ 50001bcc (sz=32, trace=300000, class=java.lang.String@500000d6)
	value		50001c24
OBJ 50001bcd (sz=32, trace=300000, class=java.lang.String@500000d6)
	value		50001c2f
ARR 50001bce (sz=32, trace=300000, nelems=4, elem type=java.lang.String[]@500000d7)
	[0]		50001a94
	[1]		50001a5a
	[2]		50001a56
	[3]		50001af5
ARR 50001bcf (sz=40, trace=300000, nelems=5, elem type=java.lang.String[]@500000d7)
	[0]		50001a9e
	[1]		500018f8
	[2]		50001a5c
	[3]		50001aff
	[4]		50001bc4
ARR 50001bd0 (sz=40, trace=300000, nelems=6, elem type=java.lang.String[]@500000d7)
	[0]		50001aa0
	[1]		50001906
	[2]		50001a5e
	[3]		50001b01
	[4]		50001bc3
	[5]		50001a02
ARR 50001bd1 (sz=32, trace=300000, nelems=4, elem type=java.lang.String[]@500000d7)
	[0]		50001ab0
	[1]		50001a04
	[2]		50001a2c
	[3]		50001b05
ARR 50001bd2 (sz=40, trace=300000, nelems=5, elem type=java.lang.String[]@500000d7)
	[0]		50001ab5
	[1]		5000187a
	[2]		50001a6c
	[3]		50001b0a
	[4]		50001bc2
ARR 50001bd3 (sz=40, trace=300000, nelems=5, elem type=java.lang.String[]@500000d7)
	[0]		50001aba
	[1]		50001a6e
	[2]		50001885
	[3]		50001b0f
	[4]		500019ea
ARR 50001bd4 (sz=40, trace=300000, nelems=5, elem type=java.lang.String[]@500000d7)
	[0]		50001abe
	[1]		5000189c
	[2]		50001a70
	[3]		50001b11
	[4]		50001bcd
ARR 50001bd5 (sz=40, trace=300000, nelems=5, elem type=java.lang.String[]@500000d7)
	[0]		50001ac5
	[1]		50001a72
	[2]		500018a5
	[3]		50001b13
	[4]		500019ce
ARR 50001bd6 (sz=32, trace=300000, nelems=4, elem type=java.lang.String[]@500000d7)
	[0]		50001a7a
	[1]		5000189f
	[2]		50001a2e
	[3]		50001aaa
ARR 50001bd7 (sz=32, trace=300000, nelems=4, elem type=java.lang.String[]@500000d7)
	[0]		50001ab2
	[1]		50001a76
	[2]		50001a6a
	[3]		50001b07
ARR 50001bd8 (sz=40, trace=300000, nelems=6, elem type=java.lang.String[]@500000d7)
	[0]		50001a66
	[1]		50001888
	[2]		50001a20
	[3]		50001a8e
	[4]		50001b1a
	[5]		500019e8
ARR 50001bd9 (sz=24, trace=300000, nelems=2, elem type=java.lang.String[]@500000d7)
	[0]		50001a3d
	[1]		500019d4
ARR 50001bda (sz=24, trace=300000, nelems=2, elem type=java.lang.String[]@500000d7)
	[0]		50001a40
	[1]		500019d6
ARR 50001bdb (sz=24, trace=300000, nelems=2, elem type=java.lang.String[]@500000d7)
	[0]		50001a42
	[1]		500019da
ARR 50001bdc (sz=32, trace=300000, nelems=3, elem type=java.lang.String[]@500000d7)
	[0]		50001a46
	[1]		500019de
	[2]		50001b1c
ARR 50001bdd (sz=24, trace=300000, nelems=2, elem type=java.lang.String[]@500000d7)
	[0]		50001a48
	[1]		500019e0
ARR 50001bde (sz=24, trace=300000, nelems=1, elem type=java.lang.String[]@500000d7)
	[0]		50001b2d
ARR 50001bdf (sz=32, trace=300000, nelems=3, elem type=java.lang.String[]@500000d7)
	[0]		50001b2f
	[1]		50001aac
	[2]		50001a0e
ARR 50001be0 (sz=80, trace=300000, nelems=15, elem type=java.lang.String[]@500000d7)
	[0]		50001ba6
	[1]		50001a26
	[2]		50001b99
	[3]		50001ba2
	[4]		50001b9d
	[5]		50001b97
	[6]		50001b94
	[7]		50001b23
	[8]		50001b4d
	[9]		50001bb3
	[10]		50001bb4
	[11]		50001bb2
	[12]		50001bcb
	[13]		50001bcc
	[14]		50001ba3
ARR 50001be1 (sz=32, trace=300000, nelems=4, elem type=java.lang.String[]@500000d7)
	[0]		50001a37
	[1]		50001a2a
	[2]		50001adf
	[3]		50001b9c
ARR 50001be2 (sz=72, trace=300000, nelems=13, elem type=java.lang.String[]@500000d7)
	[0]		50001ae7
	[1]		50001b3b
	[2]		50001a60
	[3]		50001bb0
	[4]		50001bb1
	[5]		50001ba0
	[6]		50001a84
	[7]		50001abc
	[8]		50001ad1
	[9]		50001aa6
	[10]		50001b4f
	[11]		50001b25
	[12]		50001bc8
ARR 50001be3 (sz=80, trace=300000, nelems=16, elem type=java.lang.String[]@500000d7)
	[0]		50001ae9
	[1]		50001b3d
	[2]		50001a78
	[3]		50001bae
	[4]		50001baf
	[5]		50001b92
	[6]		50001b91
	[7]		50001a16
	[8]		50001ad8
	[9]		50001bca
	[10]		500019f7
	[11]		50001aa2
	[12]		50001a98
	[13]		50001b3f
	[14]		50001b18
	[15]		50001a08
ARR 50001be4 (sz=64, trace=300000, nelems=12, elem type=java.lang.String[]@500000d7)
	[0]		50001aeb
	[1]		50001b41
	[2]		50001a62
	[3]		50001bac
	[4]		50001bad
	[5]		50001b9f
	[6]		50001ac3
	[7]		50001ae1
	[8]		50001acf
	[9]		50001b27
	[10]		50001b51
	[11]		50001bc9
ARR 50001be5 (sz=72, trace=300000, nelems=13, elem type=java.lang.String[]@500000d7)
	[0]		50001aed
	[1]		50001a0c
	[2]		50001b44
	[3]		50001a82
	[4]		50001baa
	[5]		50001bab
	[6]		50001a86
	[7]		50001ac0
	[8]		50001ae3
	[9]		50001ad3
	[10]		50001b29
	[11]		50001b53
	[12]		50001bc7
ARR 50001be6 (sz=72, trace=300000, nelems=13, elem type=java.lang.String[]@500000d7)
	[0]		50001aef
	[1]		50001b46
	[2]		50001a90
	[3]		50001ba8
	[4]		50001ba9
	[5]		50001b9e
	[6]		50001a88
	[7]		50001ac9
	[8]		50001ae5
	[9]		50001ad6
	[10]		50001b2b
	[11]		50001b55
	[12]		50001bc6
ARR 50001be7 (sz=72, trace=300000, nelems=14, elem type=java.lang.String[]@500000d7)
	[0]		50001a92
	[1]		50001ba5
	[2]		50001a8a
	[3]		50001acd
	[4]		50001b96
	[5]		50001b15
	[6]		50001bc5
	[7]		50001b37
	[8]		50001b93
	[9]		50001ba1
	[10]		50001ba7
	[11]		500018cb
	[12]		50001b4a
	[13]		50001b9b
ARR 50001be8 (sz=24, trace=300000, nelems=2, elem type=java.lang.String[]@500000d7)
	[0]		50001870
	[1]		50001bb5
ARR 50001be9 (sz=24, trace=300000, nelems=2, elem type=java.lang.String[]@500000d7)
	[0]		5000187e
	[1]		50001bb6
ARR 50001bea (sz=24, trace=300000, nelems=2, elem type=java.lang.String[]@500000d7)
	[0]		500018e8
	[1]		50001bbf
ARR 50001beb (sz=24, trace=300000, nelems=2, elem type=java.lang.String[]@500000d7)
	[0]		50001864
	[1]		50001bc0
ARR 50001bec (sz=24, trace=300000, nelems=2, elem type=java.lang.String[]@500000d7)
	[0]		500018fc
	[1]		50001bb7
ARR 50001bed (sz=24, trace=300000, nelems=1, elem type=java.lang.String[]@500000d7)
	[0]		50001bbb
ARR 50001bee (sz=32, trace=300000, nelems=3, elem type=java.lang.String[]@500000d7)
	[0]		500018ff
	[1]		50001bbe
	[2]		50001bbc
ARR 50001bef (sz=32, trace=300000, nelems=4, elem type=java.lang.String[]@500000d7)
	[0]		500018d1
	[1]		50001b98
	[2]		50001bbd
	[3]		50001bba
ARR 50001bf0 (sz=32, trace=300000, nelems=4, elem type=java.lang.String[]@500000d7)
	[0]		500018dc
	[1]		50001a64
	[2]		50001a18
	[3]		50001bb9
ARR 50001bf1 (sz=24, trace=300000, nelems=2, elem type=java.lang.String[]@500000d7)
	[0]		50001bb8
	[1]		50001b35
ARR 50001bf2 (sz=72, trace=300000, nelems=14, elem type=java.lang.String[]@500000d7)
	[0]		50001b0c
	[1]		50001b8f
	[2]		50001ba4
	[3]		50001b90
	[4]		50001b9a
	[5]		50001a28
	[6]		50001b95
	[7]		50001a24
	[8]		50001bc1
	[9]		50001a52
	[10]		50001ada
	[11]		500019e2
	[12]		50001b8e
	[13]		50001a14
ARR 50001bf3 (sz=28, trace=300000, nelems=14, elem type=char[])
ARR 50001bf4 (sz=14, trace=300000, nelems=7, elem type=char[])
ARR 50001bf5 (sz=12, trace=300000, nelems=6, elem type=char[])
ARR 50001bf6 (sz=18, trace=300000, nelems=9, elem type=char[])
ARR 50001bf7 (sz=10, trace=300000, nelems=5, elem type=char[])
ARR 50001bf8 (sz=32, trace=300000, nelems=16, elem type=char[])
ARR 50001bf9 (sz=28, trace=300000, nelems=14, elem type=char[])
ARR 50001bfa (sz=8, trace=300000, nelems=4, elem type=char[])
ARR 50001bfb (sz=20, trace=300000, nelems=10, elem type=char[])
ARR 50001bfc (sz=36, trace=300000, nelems=18, elem type=char[])
ARR 50001bfd (sz=20, trace=300000, nelems=10, elem type=char[])
ARR 50001bfe (sz=30, trace=300000, nelems=15, elem type=char[])
ARR 50001bff (sz=42, trace=300000, nelems=21, elem type=char[])
ARR 50001c00 (sz=20, trace=300000, nelems=10, elem type=char[])
ARR 50001c01 (sz=26, trace=300000, nelems=13, elem type=char[])
ARR 50001c02 (sz=10, trace=300000, nelems=5, elem type=char[])
ARR 50001c03 (sz=20, trace=300000, nelems=10, elem type=char[])
ARR 50001c04 (sz=20, trace=300000, nelems=10, elem type=char[])
ARR 50001c05 (sz=24, trace=300000, nelems=12, elem type=char[])
ARR 50001c06 (sz=24, trace=300000, nelems=12, elem type=char[])
ARR 50001c07 (sz=18, trace=300000, nelems=9, elem type=char[])
ARR 50001c08 (sz=30, trace=300000, nelems=15, elem type=char[])
ARR 50001c09 (sz=18, trace=300000, nelems=9, elem type=char[])
ARR 50001c0a (sz=14, trace=300000, nelems=7, elem type=char[])
ARR 50001c0b (sz=22, trace=300000, nelems=11, elem type=char[])
ARR 50001c0c (sz=12, trace=300000, nelems=6, elem type=char[])
ARR 50001c0d (sz=20, trace=300000, nelems=10, elem type=char[])
ARR 50001c0e (sz=22, trace=300000, nelems=11, elem type=char[])
ARR 50001c0f (sz=18, trace=300000, nelems=9, elem type=char[])
ARR 50001c10 (sz=30, trace=300000, nelems=15, elem type=char[])
ARR 50001c11 (sz=20, trace=300000, nelems=10, elem type=char[])
ARR 50001c12 (sz=22, trace=300000, nelems=11, elem type=char[])
ARR 50001c13 (sz=30, trace=300000, nelems=15, elem type=char[])
ARR 50001c14 (sz=20, trace=300000, nelems=10, elem type=char[])
ARR 50001c15 (sz=36, trace=300000, nelems=18, elem type=char[])
ARR 50001c16 (sz=18, trace=300000, nelems=9, elem type=char[])
ARR 50001c17 (sz=30, trace=300000, nelems=15, elem type=char[])
ARR 50001c18 (sz=20, trace=300000, nelems=10, elem type=char[])
ARR 50001c19 (sz=30, trace=300000, nelems=15, elem type=char[])
ARR 50001c1a (sz=16, trace=300000, nelems=8, elem type=char[])
ARR 50001c1b (sz=16, trace=300000, nelems=8, elem type=char[])
ARR 50001c1c (sz=30, trace=300000, nelems=15, elem type=char[])
ARR 50001c1d (sz=20, trace=300000, nelems=10, elem type=char[])
ARR 50001c1e (sz=22, trace=300000, nelems=11, elem type=char[])
ARR 50001c1f (sz=18, trace=300000, nelems=9, elem type=char[])
ARR 50001c20 (sz=30, trace=300000, nelems=15, elem type=char[])
ARR 50001c21 (sz=20, trace=300000, nelems=10, elem type=char[])
ARR 50001c22 (sz=20, trace=300000, nelems=10, elem type=char[])
ARR 50001c23 (sz=30, trace=300000, nelems=15, elem type=char[])
ARR 50001c24 (sz=22, trace=300000, nelems=11, elem type=char[])
ARR 50001c25 (sz=22, trace=300000, nelems=11, elem type=char[])
ARR 50001c26 (sz=4, trace=300000, nelems=2, elem type=char[])
ARR 50001c27 (sz=12, trace=300000, nelems=6, elem type=char[])
ARR 50001c28 (sz=12, trace=300000, nelems=6, elem type=char[])
ARR 50001c29 (sz=14, trace=300000, nelems=7, elem type=char[])
ARR 50001c2a (sz=12, trace=300000, nelems=6, elem type=char[])
ARR 50001c2b (sz=20, trace=300000, nelems=10, elem type=char[])
ARR 50001c2c (sz=20, trace=300000, nelems=10, elem type=char[])
ARR 50001c2d (sz=22, trace=300000, nelems=11, elem type=char[])
ARR 50001c2e (sz=22, trace=300000, nelems=11, elem type=char[])
ARR 50001c2f (sz=16, trace=300000, nelems=8, elem type=char[])
ARR 50001c30 (sz=16, trace=300000, nelems=8, elem type=char[])
ARR 50001c31 (sz=16, trace=300000, nelems=8, elem type=char[])
ARR 50001c32 (sz=16, trace=300000, nelems=8, elem type=char[])
ARR 50001c33 (sz=20, trace=300000, nelems=10, elem type=char[])
OBJ 50001c34 (sz=32, trace=300000, class=java.lang.String@500000d6)
	value		50001c36
ARR 50001c35 (sz=512, trace=300000, nelems=256, elem type=short[])
ARR 50001c36 (sz=2352, trace=300000, nelems=1176, elem type=char[])
ARR 50001c37 (sz=32, trace=300000, nelems=4, elem type=java.lang.String[]@500000d7)
	[0]		50001838
	[1]		50001835
	[2]		50001836
	[3]		50001837
OBJ 50001c38 (sz=32, trace=300000, class=java.lang.String@500000d6)
	value		50001c3c
OBJ 50001c39 (sz=32, trace=300000, class=java.lang.String@500000d6)
	value		50001c3d
OBJ 50001c3a (sz=16, trace=300000, class=java.nio.ByteOrder@500000e1)
	name		50001c39
OBJ 50001c3b (sz=16, trace=300000, class=java.nio.ByteOrder@500000e1)
	name		50001c38
ARR 50001c3c (sz=20, trace=300000, nelems=10, elem type=char[])
ARR 50001c3d (sz=26, trace=300000, nelems=13, elem type=char[])
ARR 50001c3e (sz=6, trace=300000, nelems=3, elem type=char[])
OBJ 50001c3f (sz=32, trace=300000, class=java.lang.String@500000d6)
	value		50001c40
ARR 50001c40 (sz=512, trace=300000, nelems=256, elem type=char[])
ARR 50001c41 (sz=24, trace=300000, nelems=1, elem type=java.lang.Object[]@50000022)
	[0]		500018f2
ARR 50001c42 (sz=32, trace=300000, nelems=3, elem type=java.lang.Object[]@50000022)
	[0]		500018fb
	[2]		50001c43
ARR 50001c43 (sz=24, trace=300000, nelems=1, elem type=java.lang.Object[]@50000022)
	[0]		500018fe
OBJ 50001c44 (sz=32, trace=300000, class=java.lang.String@500000d6)
	value		50001c45
ARR 50001c45 (sz=12, trace=300000, nelems=6, elem type=char[])
ARR 50001c46 (sz=38, trace=300000, nelems=19, elem type=char[])
ARR 50001c47 (sz=26, trace=300000, nelems=13, elem type=char[])
ARR 50001c48 (sz=2, trace=300000, nelems=1, elem type=char[])
ARR 50001c49 (sz=20, trace=300000, nelems=10, elem type=char[])
ARR 50001c4a (sz=22, trace=300000, nelems=11, elem type=char[])
ARR 50001c4b (sz=80, trace=300000, nelems=13, elem type=java.util.HashMap$Entry[]@500000db)
	[0]		500001d2
	[3]		50000190
	[12]		500001b1
OBJ 50001c4c (sz=32, trace=300000, class=java.lang.String@500000d6)
	value		50001c57
OBJ 50001c4d (sz=32, trace=300000, class=java.lang.String@500000d6)
	value		50001c56
OBJ 50001c4e (sz=32, trace=300000, class=java.lang.String@500000d6)
	value		50001c50
OBJ 50001c4f (sz=32, trace=300000, class=java.lang.String@500000d6)
	value		50001c51
ARR 50001c50 (sz=30, trace=300000, nelems=15, elem type=char[])
ARR 50001c51 (sz=16, trace=300000, nelems=8, elem type=char[])
OBJ 50001c52 (sz=32, trace=300000, class=java.lang.String@500000d6)
	value		50001c53
ARR 50001c53 (sz=6, trace=300000, nelems=3, elem type=char[])
OBJ 50001c54 (sz=32, trace=300000, class=java.lang.String@500000d6)
	value		50001c55
ARR 50001c55 (sz=4, trace=300000, nelems=2, elem type=char[])
ARR 50001c56 (sz=54, trace=300000, nelems=27, elem type=char[])
ARR 50001c57 (sz=24, trace=300000, nelems=12, elem type=char[])
OBJ 50001c58 (sz=24, trace=300000, class=java.io.File@50000097)
	path		50001706
OBJ 50001c59 (sz=24, trace=300000, class=java.io.File@50000097)
	path		50001c5a
OBJ 50001c5a (sz=32, trace=300000, class=java.lang.String@500000d6)
	value		50001707
OBJ 50001c5b (sz=32, trace=300000, class=java.lang.String@500000d6)
	value		50001cbb
OBJ 50001c5c (sz=16, trace=300000, class=sun.misc.Launcher@500000be)
	loader		5000162a
OBJ 50001c5d (sz=16, trace=300000, class=sun.misc.Launcher$Factory@50000110)
OBJ 50001c5e (sz=32, trace=300000, class=java.lang.String@500000d6)
	value		50001cb9
OBJ 50001c5f (sz=32, trace=300000, class=java.lang.String@500000d6)
	value		50001c9c
OBJ 50001c60 (sz=32, trace=300000, class=java.lang.String@500000d6)
	value		50001c8a
OBJ 50001c61 (sz=32, trace=300000, class=java.lang.String@500000d6)
	value		50001c8c
OBJ 50001c62 (sz=32, trace=300000, class=java.lang.String@500000d6)
	value		50001c7e
OBJ 50001c63 (sz=32, trace=300000, class=java.lang.String@500000d6)
	value		50001c82
OBJ 50001c64 (sz=32, trace=300000, class=java.lang.String@500000d6)
	value		50001c9b
OBJ 50001c65 (sz=32, trace=300000, class=java.lang.String@500000d6)
	value		50001c8b
OBJ 50001c66 (sz=32, trace=300000, class=java.lang.String@500000d6)
	value		50001c99
OBJ 50001c67 (sz=32, trace=300000, class=java.lang.String@500000d6)
	value		50001c90
OBJ 50001c68 (sz=32, trace=300000, class=java.lang.String@500000d6)
	value		50001c8e
OBJ 50001c69 (sz=32, trace=300000, class=java.lang.String@500000d6)
	value		50001c98
OBJ 50001c6a (sz=32, trace=300000, class=java.lang.String@500000d6)
	value		50001c8f
OBJ 50001c6b (sz=32, trace=300000, class=java.lang.String@500000d6)
	value		50001c84
OBJ 50001c6c (sz=32, trace=300000, class=java.lang.String@500000d6)
	value		50001c97
OBJ 50001c6d (sz=32, trace=300000, class=java.lang.String@500000d6)
	value		50001c96
OBJ 50001c6e (sz=32, trace=300000, class=java.lang.String@500000d6)
	value		50001c81
OBJ 50001c6f (sz=32, trace=300000, class=java.lang.String@500000d6)
	value		50001c80
OBJ 50001c70 (sz=32, trace=300000, class=java.lang.String@500000d6)
	value		50001c7f
OBJ 50001c71 (sz=32, trace=300000, class=java.lang.String@500000d6)
	value		50001c83
OBJ 50001c72 (sz=32, trace=300000, class=java.lang.String@500000d6)
	value		50001c95
OBJ 50001c73 (sz=32, trace=300000, class=java.lang.String@500000d6)
	value		50001c8d
OBJ 50001c74 (sz=32, trace=300000, class=java.lang.String@500000d6)
	value		50001c91
OBJ 50001c75 (sz=32, trace=300000, class=java.lang.String@500000d6)
	value		50001c94
OBJ 50001c76 (sz=32, trace=300000, class=java.lang.String@500000d6)
	value		50001c92
ARR 50001c77 (sz=16, trace=300000, nelems=0, elem type=java.io.File[]@50000098)
OBJ 50001c78 (sz=16, trace=300000, class=sun.jkernel.DownloadManager$1@5000006d)
OBJ 50001c79 (sz=32, trace=300000, class=java.lang.String@500000d6)
	value		50001c89
OBJ 50001c7a (sz=32, trace=300000, class=java.lang.String@500000d6)
	value		50001c88
OBJ 50001c7b (sz=32, trace=300000, class=java.lang.String@500000d6)
	value		50001c87
OBJ 50001c7c (sz=32, trace=300000, class=java.lang.String@500000d6)
	value		50001c86
OBJ 50001c7d (sz=32, trace=300000, class=java.lang.String@500000d6)
	value		50001c85
ARR 50001c7e (sz=38, trace=300000, nelems=19, elem type=char[])
ARR 50001c7f (sz=46, trace=300000, nelems=23, elem type=char[])
ARR 50001c80 (sz=44, trace=300000, nelems=22, elem type=char[])
ARR 50001c81 (sz=24, trace=300000, nelems=12, elem type=char[])
ARR 50001c82 (sz=28, trace=300000, nelems=14, elem type=char[])
ARR 50001c83 (sz=58, trace=300000, nelems=29, elem type=char[])
ARR 50001c84 (sz=36, trace=300000, nelems=18, elem type=char[])
ARR 50001c85 (sz=52, trace=300000, nelems=26, elem type=char[])
ARR 50001c86 (sz=14, trace=300000, nelems=7, elem type=char[])
ARR 50001c87 (sz=74, trace=300000, nelems=37, elem type=char[])
ARR 50001c88 (sz=30, trace=300000, nelems=15, elem type=char[])
ARR 50001c89 (sz=160, trace=300000, nelems=80, elem type=char[])
ARR 50001c8a (sz=12, trace=300000, nelems=6, elem type=char[])
ARR 50001c8b (sz=14, trace=300000, nelems=7, elem type=char[])
ARR 50001c8c (sz=14, trace=300000, nelems=7, elem type=char[])
ARR 50001c8d (sz=8, trace=300000, nelems=4, elem type=char[])
ARR 50001c8e (sz=24, trace=300000, nelems=12, elem type=char[])
ARR 50001c8f (sz=14, trace=300000, nelems=7, elem type=char[])
ARR 50001c90 (sz=44, trace=300000, nelems=22, elem type=char[])
ARR 50001c91 (sz=24, trace=300000, nelems=12, elem type=char[])
ARR 50001c92 (sz=68, trace=300000, nelems=34, elem type=char[])
ARR 50001c93 (sz=10, trace=300000, nelems=5, elem type=char[])
ARR 50001c94 (sz=18, trace=300000, nelems=9, elem type=char[])
ARR 50001c95 (sz=28, trace=300000, nelems=14, elem type=char[])
ARR 50001c96 (sz=40, trace=300000, nelems=20, elem type=char[])
ARR 50001c97 (sz=18, trace=300000, nelems=9, elem type=char[])
ARR 50001c98 (sz=94, trace=300000, nelems=47, elem type=char[])
ARR 50001c99 (sz=42, trace=300000, nelems=21, elem type=char[])
ARR 50001c9a (sz=8, trace=300000, nelems=4, elem type=char[])
ARR 50001c9b (sz=6, trace=300000, nelems=3, elem type=char[])
ARR 50001c9c (sz=14, trace=300000, nelems=7, elem type=char[])
OBJ 50001c9d (sz=32, trace=300000, class=java.lang.String@500000d6)
	value		50001cb5
OBJ 50001c9e (sz=88, trace=300000, class=java.lang.reflect.Method@500000e2)
	clazz		50000073
	name		50001c9d
	returnType	50000070
	parameterTypes	50001ca1
	exceptionTypes	5000163e
	signature	50001ca0
	root		50001c9f
OBJ 50001c9f (sz=88, trace=300000, class=java.lang.reflect.Method@500000e2)
	clazz		50000073
	name		50001c9d
	returnType	50000070
	parameterTypes	50001ca1
	exceptionTypes	5000163e
	signature	50001ca0
OBJ 50001ca0 (sz=32, trace=300000, class=java.lang.String@500000d6)
	value		50001cb6
ARR 50001ca1 (sz=32, trace=300000, nelems=3, elem type=java.lang.Class[]@50000071)
	[0]		500000d6
	[1]		5000007f
	[2]		500000d1
OBJ 50001ca2 (sz=32, trace=300000, class=java.lang.String@500000d6)
	value		50001ca9
OBJ 50001ca3 (sz=32, trace=300000, class=java.lang.String@500000d6)
	value		50001cb4
OBJ 50001ca4 (sz=88, trace=300000, class=java.lang.reflect.Method@500000e2)
	clazz		500000f2
	name		50001ca2
	returnType	50000070
	parameterTypes	50001ca8
	exceptionTypes	50001ca7
	signature	50001ca6
	root		50001ca5
OBJ 50001ca5 (sz=88, trace=300000, class=java.lang.reflect.Method@500000e2)
	clazz		500000f2
	name		50001ca2
	returnType	50000070
	parameterTypes	50001ca8
	exceptionTypes	50001ca7
	signature	50001ca6
OBJ 50001ca6 (sz=32, trace=300000, class=java.lang.String@500000d6)
	value		50001cac
ARR 50001ca7 (sz=24, trace=300000, nelems=1, elem type=java.lang.Class[]@50000071)
	[0]		500000fa
ARR 50001ca8 (sz=32, trace=300000, nelems=4, elem type=java.lang.Class[]@50000071)
	[0]		500000d6
	[1]		5000007f
	[2]		500000f1
	[3]		50001635
ARR 50001ca9 (sz=30, trace=300000, nelems=15, elem type=char[])
OBJ 50001caa (sz=32, trace=300000, class=java.lang.String@500000d6)
	value		50001cab
ARR 50001cab (sz=12, trace=300000, nelems=6, elem type=char[])
ARR 50001cac (sz=188, trace=300000, nelems=94, elem type=char[])
OBJ 50001cad (sz=32, trace=300000, class=java.lang.String@500000d6)
	value		50001caf
OBJ 50001cae (sz=24, trace=300000, class=java.lang.reflect.ReflectPermission@5000012b)
	name		50001cad
	path		50001cad
ARR 50001caf (sz=40, trace=300000, nelems=20, elem type=char[])
OBJ 50001cb0 (sz=32, trace=300000, class=java.lang.String@500000d6)
	value		50001cb3
OBJ 50001cb1 (sz=16, trace=300000, class=java.lang.Boolean@500000fd)
OBJ 50001cb2 (sz=16, trace=300000, class=java.lang.Boolean@500000fd)
ARR 50001cb3 (sz=14, trace=300000, nelems=7, elem type=char[])
ARR 50001cb4 (sz=6, trace=300000, nelems=3, elem type=char[])
ARR 50001cb5 (sz=38, trace=300000, nelems=19, elem type=char[])
ARR 50001cb6 (sz=174, trace=300000, nelems=87, elem type=char[])
OBJ 50001cb7 (sz=32, trace=300000, class=java.lang.String@500000d6)
	value		50001cb8
ARR 50001cb8 (sz=12, trace=300000, nelems=6, elem type=char[])
ARR 50001cb9 (sz=30, trace=300000, nelems=15, elem type=char[])
ARR 50001cba (sz=12, trace=300000, nelems=6, elem type=char[])
ARR 50001cbb (sz=26, trace=300000, nelems=13, elem type=char[])
ARR 50001cbc (sz=64, trace=300000, nelems=1, elem type=java.util.Hashtable$Entry[]@500000c7)
	[0]		500002ce
ARR 50001cbd (sz=56, trace=300000, nelems=1, elem type=java.lang.Object[]@50000022)
	[0]		500002d4
OBJ 50001cbe (sz=32, trace=300000, class=java.lang.String@500000d6)
	value		50001cbf
ARR 50001cbf (sz=28, trace=300000, nelems=14, elem type=char[])
OBJ 50001cc0 (sz=64, trace=300000, class=java.net.URL@500000d2)
	protocol	50001776
	host		50001658
	file		50001cc1
	authority	50001658
	path		50001cc1
	handler		50001774
OBJ 50001cc1 (sz=32, trace=300000, class=java.lang.String@500000d6)
	value		50001cc2
ARR 50001cc2 (sz=128, trace=300000, nelems=64, elem type=char[])
ARR 50001cc3 (sz=16, trace=300000, nelems=8, elem type=char[])
ARR 50001cc4 (sz=14, trace=300000, nelems=7, elem type=char[])
OBJ 50001cc5 (sz=48, trace=300000, class=java.util.HashMap@50000052)
	table		50001cc6
ARR 50001cc6 (sz=80, trace=300000, nelems=9, elem type=java.util.HashMap$Entry[]@500000db)
	[8]		500002d3
ARR 50001cc7 (sz=80, trace=300000, nelems=0, elem type=java.util.HashMap$Entry[]@500000db)
ARR 50001cc8 (sz=56, trace=300000, nelems=0, elem type=java.lang.Object[]@50000022)
ARR 50001cc9 (sz=80, trace=300000, nelems=7, elem type=java.util.HashMap$Entry[]@500000db)
	[6]		500002cc
OBJ 50001cca (sz=16, trace=300000, class=sun.net.www.protocol.jar.Handler@5000005a)
OBJ 50001ccb (sz=48, trace=300000, class=java.util.HashMap@50000052)
	table		50001cd5
OBJ 50001ccc (sz=24, trace=300000, class=java.util.ArrayList@500000b8)
	elementData	50001cd4
OBJ 50001ccd (sz=32, trace=300000, class=java.util.Stack@50000025)
	elementData	50001cd3
OBJ 50001cce (sz=24, trace=300000, class=java.util.ArrayList@500000b8)
	elementData	50001ccf
ARR 50001ccf (sz=56, trace=300000, nelems=2, elem type=java.lang.Object[]@50000022)
	[0]		50001cc0
	[1]		50001cd0
OBJ 50001cd0 (sz=64, trace=300000, class=java.net.URL@500000d2)
	protocol	50001776
	host		50001658
	file		50001cd1
	authority	50001658
	path		50001cd1
	handler		50001774
OBJ 50001cd1 (sz=32, trace=300000, class=java.lang.String@500000d6)
	value		50001cd2
ARR 50001cd2 (sz=112, trace=300000, nelems=56, elem type=char[])
ARR 50001cd3 (sz=56, trace=300000, nelems=1, elem type=java.lang.Object[]@50000022)
	[0]		50001cd0
ARR 50001cd4 (sz=56, trace=300000, nelems=1, elem type=java.lang.Object[]@50000022)
	[0]		500001df
ARR 50001cd5 (sz=80, trace=300000, nelems=4, elem type=java.util.HashMap$Entry[]@500000db)
	[3]		500001f4
ARR 50001cd6 (sz=56, trace=300000, nelems=1, elem type=java.lang.Object[]@50000022)
	[0]		500016f9
ARR 50001cd7 (sz=56, trace=300000, nelems=1, elem type=java.lang.Object[]@50000022)
	[0]		50001cd8
OBJ 50001cd8 (sz=32, trace=300000, class=java.lang.ClassLoader$NativeLibrary@50000045)
	fromClass	50000087
	name		500016f9
ARR 50001cd9 (sz=56, trace=300000, nelems=0, elem type=java.lang.Object[]@50000022)
OBJ 50001cda (sz=32, trace=300000, class=java.lang.String@500000d6)
	value		50001cec
OBJ 50001cdb (sz=32, trace=300000, class=java.lang.String@500000d6)
	value		50001cec
OBJ 50001cdc (sz=32, trace=300000, class=java.lang.String@500000d6)
	value		50001cec
OBJ 50001cdd (sz=32, trace=300000, class=java.lang.String@500000d6)
	value		50001cec
OBJ 50001cde (sz=32, trace=300000, class=java.lang.String@500000d6)
	value		50001cec
OBJ 50001cdf (sz=32, trace=300000, class=java.lang.String@500000d6)
	value		50001cec
OBJ 50001ce0 (sz=32, trace=300000, class=java.lang.String@500000d6)
	value		50001cec
OBJ 50001ce1 (sz=32, trace=300000, class=java.lang.String@500000d6)
	value		50001cec
OBJ 50001ce2 (sz=32, trace=300000, class=java.lang.String@500000d6)
	value		50001cec
OBJ 50001ce3 (sz=32, trace=300000, class=java.lang.String@500000d6)
	value		50001cec
OBJ 50001ce4 (sz=32, trace=300000, class=java.lang.String@500000d6)
	value		50001cec
OBJ 50001ce5 (sz=32, trace=300000, class=java.lang.String@500000d6)
	value		50001cec
OBJ 50001ce6 (sz=32, trace=300000, class=java.lang.String@500000d6)
	value		50001cec
OBJ 50001ce7 (sz=32, trace=300000, class=java.lang.String@500000d6)
	value		50001cec
OBJ 50001ce8 (sz=32, trace=300000, class=java.lang.String@500000d6)
	value		50001cec
OBJ 50001ce9 (sz=32, trace=300000, class=java.lang.String@500000d6)
	value		50001cec
OBJ 50001cea (sz=32, trace=300000, class=java.lang.String@500000d6)
	value		50001cec
OBJ 50001ceb (sz=32, trace=300000, class=java.lang.String@500000d6)
	value		50001cec
ARR 50001cec (sz=1230, trace=300000, nelems=615, elem type=char[])
OBJ 50001ced (sz=32, trace=300000, class=java.lang.String@500000d6)
	value		50001cee
ARR 50001cee (sz=82, trace=300000, nelems=41, elem type=char[])
OBJ 50001cef (sz=32, trace=300000, class=java.lang.String@500000d6)
	value		50001cf0
ARR 50001cf0 (sz=48, trace=300000, nelems=24, elem type=char[])
ARR 50001cf1 (sz=42, trace=300000, nelems=21, elem type=char[])
ARR 50001cf2 (sz=34, trace=300000, nelems=17, elem type=char[])
ARR 50001cf3 (sz=10, trace=300000, nelems=5, elem type=char[])
ARR 50001cf4 (sz=54, trace=300000, nelems=27, elem type=char[])
ARR 50001cf5 (sz=74, trace=300000, nelems=37, elem type=char[])
ARR 50001cf6 (sz=4, trace=300000, nelems=2, elem type=char[])
ARR 50001cf7 (sz=70, trace=300000, nelems=35, elem type=char[])
ARR 50001cf8 (sz=6, trace=300000, nelems=3, elem type=char[])
OBJ 50001cf9 (sz=32, trace=300000, class=java.lang.String@500000d6)
	value		50001cfc
OBJ 50001cfa (sz=32, trace=300000, class=java.lang.String@500000d6)
	value		50001cfb
ARR 50001cfb (sz=52, trace=300000, nelems=26, elem type=char[])
ARR 50001cfc (sz=42, trace=300000, nelems=21, elem type=char[])
ARR 50001cfd (sz=16, trace=300000, nelems=8, elem type=char[])
ARR 50001cfe (sz=28, trace=300000, nelems=14, elem type=char[])
ARR 50001cff (sz=28, trace=300000, nelems=14, elem type=char[])
ARR 50001d00 (sz=2, trace=300000, nelems=1, elem type=char[])
ARR 50001d01 (sz=2, trace=300000, nelems=1, elem type=char[])
OBJ 50001d02 (sz=32, trace=300000, class=java.lang.String@500000d6)
	value		50001d04
OBJ 50001d03 (sz=32, trace=300000, class=java.util.concurrent.atomic.AtomicReferenceFieldUpdater$AtomicReferenceFieldUpdaterImpl@500000ee)
	tclass		50000074
	vclass		5000013d
ARR 50001d04 (sz=6, trace=300000, nelems=3, elem type=char[])
OBJ 50001d05 (sz=32, trace=300000, class=java.io.OutputStreamWriter@50000005)
	lock		500016cc
	se		50001d0e
OBJ 50001d06 (sz=48, trace=300000, class=java.io.BufferedWriter@50000119)
	lock		50001d05
	out		50001d05
	cb		50001d0d
	lineSeparator	50001d0c
OBJ 50001d07 (sz=24, trace=300000, class=java.io.BufferedOutputStream@500000e7)
	out		50001d09
	buf		50001d08
ARR 50001d08 (sz=128, trace=300000, nelems=128, elem type=byte[])
OBJ 50001d09 (sz=32, trace=300000, class=java.io.FileOutputStream@500000f5)
	fd		500016d6
	closeLock	50001d0a
OBJ 50001d0a (sz=16, trace=300000, class=java.lang.Object@50000021)
OBJ 50001d0b (sz=16, trace=300000, class=java.lang.ThreadLocal@500000d8)
OBJ 50001d0c (sz=32, trace=300000, class=java.lang.String@500000d6)
	value		50001d17
ARR 50001d0d (sz=16384, trace=300000, nelems=8192, elem type=char[])
OBJ 50001d0e (sz=56, trace=300000, class=sun.nio.cs.StreamEncoder@500000b2)
	lock		50001d05
	cs		50001841
	encoder		50001d10
	bb		50001d0f
	out		500016cc
OBJ 50001d0f (sz=48, trace=300000, class=java.nio.HeapByteBuffer@5000011f)
	hb		50001d16
OBJ 50001d10 (sz=72, trace=300000, class=sun.nio.cs.MS1252$Encoder@5000011d)
	charset		50001841
	replacement	50001d13
	malformedInputAction	50001822
	unmappableCharacterAction	50001822
	cachedDecoder	50001d12
	index1		50001c35
	index2		50001c34
	sgp		50001d11
OBJ 50001d11 (sz=24, trace=300000, class=sun.nio.cs.Surrogate$Parser@500000bd)
	error		5000182e
OBJ 50001d12 (sz=32, trace=300000, class=java.lang.ref.WeakReference@500000b3)
	referent	50001d14
	queue		500016dd
ARR 50001d13 (sz=1, trace=300000, nelems=1, elem type=byte[])
OBJ 50001d14 (sz=48, trace=300000, class=sun.nio.cs.MS1252$Decoder@500000b6)
	charset		50001841
	replacement	50001839
	malformedInputAction	50001821
	unmappableCharacterAction	50001821
	byteToCharTable	50001d15
ARR 50001d15 (sz=512, trace=300000, nelems=256, elem type=char[])
ARR 50001d16 (sz=8192, trace=300000, nelems=8192, elem type=byte[])
ARR 50001d17 (sz=4, trace=300000, nelems=2, elem type=char[])
OBJ 50001d18 (sz=32, trace=300000, class=java.io.OutputStreamWriter@50000005)
	lock		500016cb
	se		50001d1f
OBJ 50001d19 (sz=48, trace=300000, class=java.io.BufferedWriter@50000119)
	lock		50001d18
	out		50001d18
	cb		50001d1e
	lineSeparator	50001d0c
OBJ 50001d1a (sz=24, trace=300000, class=java.io.BufferedOutputStream@500000e7)
	out		50001d1c
	buf		50001d1b
ARR 50001d1b (sz=128, trace=300000, nelems=128, elem type=byte[])
OBJ 50001d1c (sz=32, trace=300000, class=java.io.FileOutputStream@500000f5)
	fd		500016d5
	closeLock	50001d1d
OBJ 50001d1d (sz=16, trace=300000, class=java.lang.Object@50000021)
ARR 50001d1e (sz=16384, trace=300000, nelems=8192, elem type=char[])
OBJ 50001d1f (sz=56, trace=300000, class=sun.nio.cs.StreamEncoder@500000b2)
	lock		50001d18
	cs		50001841
	encoder		50001d21
	bb		50001d20
	out		500016cb
OBJ 50001d20 (sz=48, trace=300000, class=java.nio.HeapByteBuffer@5000011f)
	hb		50001d27
OBJ 50001d21 (sz=72, trace=300000, class=sun.nio.cs.MS1252$Encoder@5000011d)
	charset		50001841
	replacement	50001d24
	malformedInputAction	50001822
	unmappableCharacterAction	50001822
	cachedDecoder	50001d23
	index1		50001c35
	index2		50001c34
	sgp		50001d22
OBJ 50001d22 (sz=24, trace=300000, class=sun.nio.cs.Surrogate$Parser@500000bd)
	error		5000182e
OBJ 50001d23 (sz=32, trace=300000, class=java.lang.ref.WeakReference@500000b3)
	referent	50001d25
	queue		500016dd
ARR 50001d24 (sz=1, trace=300000, nelems=1, elem type=byte[])
OBJ 50001d25 (sz=48, trace=300000, class=sun.nio.cs.MS1252$Decoder@500000b6)
	charset		50001841
	replacement	50001839
	malformedInputAction	50001821
	unmappableCharacterAction	50001821
	byteToCharTable	50001d26
ARR 50001d26 (sz=512, trace=300000, nelems=256, elem type=char[])
ARR 50001d27 (sz=8192, trace=300000, nelems=8192, elem type=byte[])
ARR 50001d28 (sz=400, trace=300000, nelems=92, elem type=java.util.Hashtable$Entry[]@500000c7)
	[0]		50001d29
	[2]		50001d2a
	[9]		50001d2b
	[11]		50001d2c
	[13]		50001d2d
	[16]		50001d2e
	[17]		50001d2f
	[18]		50001d30
	[19]		50001d31
	[21]		50001d32
	[22]		50001d33
	[24]		50001d34
	[26]		50001d35
	[27]		50001d36
	[33]		50001d37
	[38]		50001d38
	[39]		50001d39
	[40]		50001d3a
	[41]		50001d3b
	[44]		50001d3c
	[47]		50001d3d
	[49]		50001d3e
	[54]		50001d3f
	[57]		50001d40
	[63]		50001d41
	[64]		50001d42
	[65]		50001d43
	[67]		50001d44
	[70]		50001d45
	[72]		50001d46
	[74]		50001d47
	[76]		50001d48
	[79]		50001d49
	[80]		50001d4a
	[81]		50001d4b
	[82]		50001d4c
	[88]		50001d4d
	[91]		50001d4e
OBJ 50001d29 (sz=32, trace=300000, class=java.util.Hashtable$Entry@500000c6)
	key		50001e1e
	value		50001e1d
OBJ 50001d2a (sz=32, trace=300000, class=java.util.Hashtable$Entry@500000c6)
	key		50001e1a
	value		50001e19
OBJ 50001d2b (sz=32, trace=300000, class=java.util.Hashtable$Entry@500000c6)
	key		50001e12
	value		50001e11
	next		50001e10
OBJ 50001d2c (sz=32, trace=300000, class=java.util.Hashtable$Entry@500000c6)
	key		50001e0d
	value		50001e0c
OBJ 50001d2d (sz=32, trace=300000, class=java.util.Hashtable$Entry@500000c6)
	key		50001e09
	value		50001e08
OBJ 50001d2e (sz=32, trace=300000, class=java.util.Hashtable$Entry@500000c6)
	key		50001e05
	value		50001e04
OBJ 50001d2f (sz=32, trace=300000, class=java.util.Hashtable$Entry@500000c6)
	key		50001e01
	value		50001e00
OBJ 50001d30 (sz=32, trace=300000, class=java.util.Hashtable$Entry@500000c6)
	key		50001dfe
	value		50001dfd
OBJ 50001d31 (sz=32, trace=300000, class=java.util.Hashtable$Entry@500000c6)
	key		50001dfb
	value		50001c4f
OBJ 50001d32 (sz=32, trace=300000, class=java.util.Hashtable$Entry@500000c6)
	key		50001df8
	value		50001df7
OBJ 50001d33 (sz=32, trace=300000, class=java.util.Hashtable$Entry@500000c6)
	key		50001df4
	value		50001df3
OBJ 50001d34 (sz=32, trace=300000, class=java.util.Hashtable$Entry@500000c6)
	key		50001dec
	value		50001deb
	next		50001dea
OBJ 50001d35 (sz=32, trace=300000, class=java.util.Hashtable$Entry@500000c6)
	key		50001de0
	value		50001ddf
	next		50001dde
OBJ 50001d36 (sz=32, trace=300000, class=java.util.Hashtable$Entry@500000c6)
	key		50001ddb
	value		50001dda
OBJ 50001d37 (sz=32, trace=300000, class=java.util.Hashtable$Entry@500000c6)
	key		50001dd4
	value		50001dd3
	next		50001dd2
OBJ 50001d38 (sz=32, trace=300000, class=java.util.Hashtable$Entry@500000c6)
	key		50001dcc
	value		50001c44
	next		50001dcb
OBJ 50001d39 (sz=32, trace=300000, class=java.util.Hashtable$Entry@500000c6)
	key		50001dc8
	value		50001dc7
OBJ 50001d3a (sz=32, trace=300000, class=java.util.Hashtable$Entry@500000c6)
	key		50001dc4
	value		50001dc3
OBJ 50001d3b (sz=32, trace=300000, class=java.util.Hashtable$Entry@500000c6)
	key		50001dc1
	value		50001c7a
OBJ 50001d3c (sz=32, trace=300000, class=java.util.Hashtable$Entry@500000c6)
	key		50001dbe
	value		50001dbd
OBJ 50001d3d (sz=32, trace=300000, class=java.util.Hashtable$Entry@500000c6)
	key		50001dba
	value		50001db9
OBJ 50001d3e (sz=32, trace=300000, class=java.util.Hashtable$Entry@500000c6)
	key		50001db2
	value		50001db1
	next		50001db0
OBJ 50001d3f (sz=32, trace=300000, class=java.util.Hashtable$Entry@500000c6)
	key		50001dae
	value		50001dad
OBJ 50001d40 (sz=32, trace=300000, class=java.util.Hashtable$Entry@500000c6)
	key		50001daa
	value		50001da9
OBJ 50001d41 (sz=32, trace=300000, class=java.util.Hashtable$Entry@500000c6)
	key		50001da6
	value		50001da5
OBJ 50001d42 (sz=32, trace=300000, class=java.util.Hashtable$Entry@500000c6)
	key		50001da2
	value		50001da1
OBJ 50001d43 (sz=32, trace=300000, class=java.util.Hashtable$Entry@500000c6)
	key		50001d9e
	value		50001d9d
OBJ 50001d44 (sz=32, trace=300000, class=java.util.Hashtable$Entry@500000c6)
	key		50001d98
	value		50001d97
	next		50001d96
OBJ 50001d45 (sz=32, trace=300000, class=java.util.Hashtable$Entry@500000c6)
	key		50001d8f
	value		50001d8e
	next		50001d8d
OBJ 50001d46 (sz=32, trace=300000, class=java.util.Hashtable$Entry@500000c6)
	key		50001d8a
	value		50001d89
OBJ 50001d47 (sz=32, trace=300000, class=java.util.Hashtable$Entry@500000c6)
	key		50001c6d
	value		50001d87
OBJ 50001d48 (sz=32, trace=300000, class=java.util.Hashtable$Entry@500000c6)
	key		50001d80
	value		50001d7f
	next		50001d7e
OBJ 50001d49 (sz=32, trace=300000, class=java.util.Hashtable$Entry@500000c6)
	key		50001d72
	value		50001d71
	next		50001d70
OBJ 50001d4a (sz=32, trace=300000, class=java.util.Hashtable$Entry@500000c6)
	key		50001d69
	value		50001d68
	next		50001d67
OBJ 50001d4b (sz=32, trace=300000, class=java.util.Hashtable$Entry@500000c6)
	key		50001d64
	value		50001d63
OBJ 50001d4c (sz=32, trace=300000, class=java.util.Hashtable$Entry@500000c6)
	key		50001d5c
	value		50001d5b
	next		50001d5a
OBJ 50001d4d (sz=32, trace=300000, class=java.util.Hashtable$Entry@500000c6)
	key		50001d54
	value		50001ced
	next		50001d53
OBJ 50001d4e (sz=32, trace=300000, class=java.util.Hashtable$Entry@500000c6)
	key		50001d50
	value		50001d4f
OBJ 50001d4f (sz=32, trace=300000, class=java.lang.String@500000d6)
	value		50001d52
OBJ 50001d50 (sz=32, trace=300000, class=java.lang.String@500000d6)
	value		50001d51
ARR 50001d51 (sz=34, trace=300000, nelems=17, elem type=char[])
ARR 50001d52 (sz=62, trace=300000, nelems=31, elem type=char[])
OBJ 50001d53 (sz=32, trace=300000, class=java.util.Hashtable$Entry@500000c6)
	key		50001d57
	value		50001d56
OBJ 50001d54 (sz=32, trace=300000, class=java.lang.String@500000d6)
	value		50001d55
ARR 50001d55 (sz=42, trace=300000, nelems=21, elem type=char[])
OBJ 50001d56 (sz=32, trace=300000, class=java.lang.String@500000d6)
	value		50001d59
OBJ 50001d57 (sz=32, trace=300000, class=java.lang.String@500000d6)
	value		50001d58
ARR 50001d58 (sz=30, trace=300000, nelems=15, elem type=char[])
ARR 50001d59 (sz=18, trace=300000, nelems=9, elem type=char[])
OBJ 50001d5a (sz=32, trace=300000, class=java.util.Hashtable$Entry@500000c6)
	key		50001d60
	value		50001d5f
OBJ 50001d5b (sz=32, trace=300000, class=java.lang.String@500000d6)
	value		50001d5e
OBJ 50001d5c (sz=32, trace=300000, class=java.lang.String@500000d6)
	value		50001d5d
ARR 50001d5d (sz=28, trace=300000, nelems=14, elem type=char[])
ARR 50001d5e (sz=42, trace=300000, nelems=21, elem type=char[])
OBJ 50001d5f (sz=32, trace=300000, class=java.lang.String@500000d6)
	value		50001d62
OBJ 50001d60 (sz=32, trace=300000, class=java.lang.String@500000d6)
	value		50001d61
ARR 50001d61 (sz=30, trace=300000, nelems=15, elem type=char[])
ARR 50001d62 (sz=40, trace=300000, nelems=20, elem type=char[])
OBJ 50001d63 (sz=32, trace=300000, class=java.lang.String@500000d6)
	value		50001d66
OBJ 50001d64 (sz=32, trace=300000, class=java.lang.String@500000d6)
	value		50001d65
ARR 50001d65 (sz=28, trace=300000, nelems=14, elem type=char[])
ARR 50001d66 (sz=2, trace=300000, nelems=1, elem type=char[])
OBJ 50001d67 (sz=32, trace=300000, class=java.util.Hashtable$Entry@500000c6)
	key		50001d6d
	value		50001d6c
OBJ 50001d68 (sz=32, trace=300000, class=java.lang.String@500000d6)
	value		50001d6b
OBJ 50001d69 (sz=32, trace=300000, class=java.lang.String@500000d6)
	value		50001d6a
ARR 50001d6a (sz=24, trace=300000, nelems=12, elem type=char[])
ARR 50001d6b (sz=66, trace=300000, nelems=33, elem type=char[])
OBJ 50001d6c (sz=32, trace=300000, class=java.lang.String@500000d6)
	value		50001d6f
OBJ 50001d6d (sz=32, trace=300000, class=java.lang.String@500000d6)
	value		50001d6e
ARR 50001d6e (sz=34, trace=300000, nelems=17, elem type=char[])
ARR 50001d6f (sz=12, trace=300000, nelems=6, elem type=char[])
OBJ 50001d70 (sz=32, trace=300000, class=java.util.Hashtable$Entry@500000c6)
	key		50001d77
	value		50001d76
	next		50001d75
OBJ 50001d71 (sz=32, trace=300000, class=java.lang.String@500000d6)
	value		50001d74
OBJ 50001d72 (sz=32, trace=300000, class=java.lang.String@500000d6)
	value		50001d73
ARR 50001d73 (sz=34, trace=300000, nelems=17, elem type=char[])
ARR 50001d74 (sz=24, trace=300000, nelems=12, elem type=char[])
OBJ 50001d75 (sz=32, trace=300000, class=java.util.Hashtable$Entry@500000c6)
	key		50001d7b
	value		50001d7a
OBJ 50001d76 (sz=32, trace=300000, class=java.lang.String@500000d6)
	value		50001d79
OBJ 50001d77 (sz=32, trace=300000, class=java.lang.String@500000d6)
	value		50001d78
ARR 50001d78 (sz=24, trace=300000, nelems=12, elem type=char[])
ARR 50001d79 (sz=4, trace=300000, nelems=2, elem type=char[])
OBJ 50001d7a (sz=32, trace=300000, class=java.lang.String@500000d6)
	value		50001d7d
OBJ 50001d7b (sz=32, trace=300000, class=java.lang.String@500000d6)
	value		50001d7c
ARR 50001d7c (sz=36, trace=300000, nelems=18, elem type=char[])
ARR 50001d7d (sz=28, trace=300000, nelems=14, elem type=char[])
OBJ 50001d7e (sz=32, trace=300000, class=java.util.Hashtable$Entry@500000c6)
	key		50001d84
	value		50001d83
OBJ 50001d7f (sz=32, trace=300000, class=java.lang.String@500000d6)
	value		50001d82
OBJ 50001d80 (sz=32, trace=300000, class=java.lang.String@500000d6)
	value		50001d81
ARR 50001d81 (sz=52, trace=300000, nelems=26, elem type=char[])
ARR 50001d82 (sz=68, trace=300000, nelems=34, elem type=char[])
OBJ 50001d83 (sz=32, trace=300000, class=java.lang.String@500000d6)
	value		50001d86
OBJ 50001d84 (sz=32, trace=300000, class=java.lang.String@500000d6)
	value		50001d85
ARR 50001d85 (sz=16, trace=300000, nelems=8, elem type=char[])
ARR 50001d86 (sz=120, trace=300000, nelems=60, elem type=char[])
OBJ 50001d87 (sz=32, trace=300000, class=java.lang.String@500000d6)
	value		50001d88
ARR 50001d88 (sz=24, trace=300000, nelems=12, elem type=char[])
OBJ 50001d89 (sz=32, trace=300000, class=java.lang.String@500000d6)
	value		50001d8c
OBJ 50001d8a (sz=32, trace=300000, class=java.lang.String@500000d6)
	value		50001d8b
ARR 50001d8b (sz=40, trace=300000, nelems=20, elem type=char[])
ARR 50001d8c (sz=64, trace=300000, nelems=32, elem type=char[])
OBJ 50001d8d (sz=32, trace=300000, class=java.util.Hashtable$Entry@500000c6)
	key		50001d93
	value		50001d92
OBJ 50001d8e (sz=32, trace=300000, class=java.lang.String@500000d6)
	value		50001d91
OBJ 50001d8f (sz=32, trace=300000, class=java.lang.String@500000d6)
	value		50001d90
ARR 50001d90 (sz=36, trace=300000, nelems=18, elem type=char[])
ARR 50001d91 (sz=100, trace=300000, nelems=50, elem type=char[])
OBJ 50001d92 (sz=32, trace=300000, class=java.lang.String@500000d6)
	value		50001d95
OBJ 50001d93 (sz=32, trace=300000, class=java.lang.String@500000d6)
	value		50001d94
ARR 50001d94 (sz=14, trace=300000, nelems=7, elem type=char[])
ARR 50001d95 (sz=10, trace=300000, nelems=5, elem type=char[])
OBJ 50001d96 (sz=32, trace=300000, class=java.util.Hashtable$Entry@500000c6)
	key		50001d9b
	value		50001d0c
OBJ 50001d97 (sz=32, trace=300000, class=java.lang.String@500000d6)
	value		50001d9a
OBJ 50001d98 (sz=32, trace=300000, class=java.lang.String@500000d6)
	value		50001d99
ARR 50001d99 (sz=28, trace=300000, nelems=14, elem type=char[])
ARR 50001d9a (sz=70, trace=300000, nelems=35, elem type=char[])
OBJ 50001d9b (sz=32, trace=300000, class=java.lang.String@500000d6)
	value		50001d9c
ARR 50001d9c (sz=28, trace=300000, nelems=14, elem type=char[])
OBJ 50001d9d (sz=32, trace=300000, class=java.lang.String@500000d6)
	value		50001da0
OBJ 50001d9e (sz=32, trace=300000, class=java.lang.String@500000d6)
	value		50001d9f
ARR 50001d9f (sz=56, trace=300000, nelems=28, elem type=char[])
ARR 50001da0 (sz=42, trace=300000, nelems=21, elem type=char[])
OBJ 50001da1 (sz=32, trace=300000, class=java.lang.String@500000d6)
	value		50001da4
OBJ 50001da2 (sz=32, trace=300000, class=java.lang.String@500000d6)
	value		50001da3
ARR 50001da3 (sz=24, trace=300000, nelems=12, elem type=char[])
ARR 50001da4 (sz=0, trace=300000, nelems=0, elem type=char[])
OBJ 50001da5 (sz=32, trace=300000, class=java.lang.String@500000d6)
	value		50001da8
OBJ 50001da6 (sz=32, trace=300000, class=java.lang.String@500000d6)
	value		50001da7
ARR 50001da7 (sz=14, trace=300000, nelems=7, elem type=char[])
ARR 50001da8 (sz=18, trace=300000, nelems=9, elem type=char[])
OBJ 50001da9 (sz=32, trace=300000, class=java.lang.String@500000d6)
	value		50001dac
OBJ 50001daa (sz=32, trace=300000, class=java.lang.String@500000d6)
	value		50001dab
ARR 50001dab (sz=32, trace=300000, nelems=16, elem type=char[])
ARR 50001dac (sz=12, trace=300000, nelems=6, elem type=char[])
OBJ 50001dad (sz=32, trace=300000, class=java.lang.String@500000d6)
	value		50001cec
OBJ 50001dae (sz=32, trace=300000, class=java.lang.String@500000d6)
	value		50001daf
ARR 50001daf (sz=34, trace=300000, nelems=17, elem type=char[])
OBJ 50001db0 (sz=32, trace=300000, class=java.util.Hashtable$Entry@500000c6)
	key		50001db6
	value		50001db5
OBJ 50001db1 (sz=32, trace=300000, class=java.lang.String@500000d6)
	value		50001db4
OBJ 50001db2 (sz=32, trace=300000, class=java.lang.String@500000d6)
	value		50001db3
ARR 50001db3 (sz=46, trace=300000, nelems=23, elem type=char[])
ARR 50001db4 (sz=62, trace=300000, nelems=31, elem type=char[])
OBJ 50001db5 (sz=32, trace=300000, class=java.lang.String@500000d6)
	value		50001db8
OBJ 50001db6 (sz=32, trace=300000, class=java.lang.String@500000d6)
	value		50001db7
ARR 50001db7 (sz=36, trace=300000, nelems=18, elem type=char[])
ARR 50001db8 (sz=8, trace=300000, nelems=4, elem type=char[])
OBJ 50001db9 (sz=32, trace=300000, class=java.lang.String@500000d6)
	value		50001dbc
OBJ 50001dba (sz=32, trace=300000, class=java.lang.String@500000d6)
	value		50001dbb
ARR 50001dbb (sz=46, trace=300000, nelems=23, elem type=char[])
ARR 50001dbc (sz=62, trace=300000, nelems=31, elem type=char[])
OBJ 50001dbd (sz=32, trace=300000, class=java.lang.String@500000d6)
	value		50001dc0
OBJ 50001dbe (sz=32, trace=300000, class=java.lang.String@500000d6)
	value		50001dbf
ARR 50001dbf (sz=20, trace=300000, nelems=10, elem type=char[])
ARR 50001dc0 (sz=6, trace=300000, nelems=3, elem type=char[])
OBJ 50001dc1 (sz=32, trace=300000, class=java.lang.String@500000d6)
	value		50001dc2
ARR 50001dc2 (sz=18, trace=300000, nelems=9, elem type=char[])
OBJ 50001dc3 (sz=32, trace=300000, class=java.lang.String@500000d6)
	value		50001dc6
OBJ 50001dc4 (sz=32, trace=300000, class=java.lang.String@500000d6)
	value		50001dc5
ARR 50001dc5 (sz=26, trace=300000, nelems=13, elem type=char[])
ARR 50001dc6 (sz=0, trace=300000, nelems=0, elem type=char[])
OBJ 50001dc7 (sz=32, trace=300000, class=java.lang.String@500000d6)
	value		50001dca
OBJ 50001dc8 (sz=32, trace=300000, class=java.lang.String@500000d6)
	value		50001dc9
ARR 50001dc9 (sz=38, trace=300000, nelems=19, elem type=char[])
ARR 50001dca (sz=54, trace=300000, nelems=27, elem type=char[])
OBJ 50001dcb (sz=32, trace=300000, class=java.util.Hashtable$Entry@500000c6)
	key		50001dcf
	value		50001dce
OBJ 50001dcc (sz=32, trace=300000, class=java.lang.String@500000d6)
	value		50001dcd
ARR 50001dcd (sz=26, trace=300000, nelems=13, elem type=char[])
OBJ 50001dce (sz=32, trace=300000, class=java.lang.String@500000d6)
	value		50001dd1
OBJ 50001dcf (sz=32, trace=300000, class=java.lang.String@500000d6)
	value		50001dd0
ARR 50001dd0 (sz=52, trace=300000, nelems=26, elem type=char[])
ARR 50001dd1 (sz=6, trace=300000, nelems=3, elem type=char[])
OBJ 50001dd2 (sz=32, trace=300000, class=java.util.Hashtable$Entry@500000c6)
	key		50001dd7
	value		50001dd6
OBJ 50001dd3 (sz=32, trace=300000, class=java.lang.String@500000d6)
	value		500016f3
OBJ 50001dd4 (sz=32, trace=300000, class=java.lang.String@500000d6)
	value		50001dd5
ARR 50001dd5 (sz=30, trace=300000, nelems=15, elem type=char[])
OBJ 50001dd6 (sz=32, trace=300000, class=java.lang.String@500000d6)
	value		50001dd9
OBJ 50001dd7 (sz=32, trace=300000, class=java.lang.String@500000d6)
	value		50001dd8
ARR 50001dd8 (sz=18, trace=300000, nelems=9, elem type=char[])
ARR 50001dd9 (sz=12, trace=300000, nelems=6, elem type=char[])
OBJ 50001dda (sz=32, trace=300000, class=java.lang.String@500000d6)
	value		50001ddd
OBJ 50001ddb (sz=32, trace=300000, class=java.lang.String@500000d6)
	value		50001ddc
ARR 50001ddc (sz=58, trace=300000, nelems=29, elem type=char[])
ARR 50001ddd (sz=6, trace=300000, nelems=3, elem type=char[])
OBJ 50001dde (sz=32, trace=300000, class=java.util.Hashtable$Entry@500000c6)
	key		50001de4
	value		50001c7b
	next		50001de3
OBJ 50001ddf (sz=32, trace=300000, class=java.lang.String@500000d6)
	value		50001de2
OBJ 50001de0 (sz=32, trace=300000, class=java.lang.String@500000d6)
	value		50001de1
ARR 50001de1 (sz=32, trace=300000, nelems=16, elem type=char[])
ARR 50001de2 (sz=24, trace=300000, nelems=12, elem type=char[])
OBJ 50001de3 (sz=32, trace=300000, class=java.util.Hashtable$Entry@500000c6)
	key		50001de7
	value		50001de6
OBJ 50001de4 (sz=32, trace=300000, class=java.lang.String@500000d6)
	value		50001de5
ARR 50001de5 (sz=18, trace=300000, nelems=9, elem type=char[])
OBJ 50001de6 (sz=32, trace=300000, class=java.lang.String@500000d6)
	value		50001de9
OBJ 50001de7 (sz=32, trace=300000, class=java.lang.String@500000d6)
	value		50001de8
ARR 50001de8 (sz=38, trace=300000, nelems=19, elem type=char[])
ARR 50001de9 (sz=4, trace=300000, nelems=2, elem type=char[])
OBJ 50001dea (sz=32, trace=300000, class=java.util.Hashtable$Entry@500000c6)
	key		50001df0
	value		50001def
OBJ 50001deb (sz=32, trace=300000, class=java.lang.String@500000d6)
	value		50001dee
OBJ 50001dec (sz=32, trace=300000, class=java.lang.String@500000d6)
	value		50001ded
ARR 50001ded (sz=26, trace=300000, nelems=13, elem type=char[])
ARR 50001dee (sz=4, trace=300000, nelems=2, elem type=char[])
OBJ 50001def (sz=32, trace=300000, class=java.lang.String@500000d6)
	value		50001df2
OBJ 50001df0 (sz=32, trace=300000, class=java.lang.String@500000d6)
	value		50001df1
ARR 50001df1 (sz=50, trace=300000, nelems=25, elem type=char[])
ARR 50001df2 (sz=42, trace=300000, nelems=21, elem type=char[])
OBJ 50001df3 (sz=32, trace=300000, class=java.lang.String@500000d6)
	value		50001df6
OBJ 50001df4 (sz=32, trace=300000, class=java.lang.String@500000d6)
	value		50001df5
ARR 50001df5 (sz=22, trace=300000, nelems=11, elem type=char[])
ARR 50001df6 (sz=48, trace=300000, nelems=24, elem type=char[])
OBJ 50001df7 (sz=32, trace=300000, class=java.lang.String@500000d6)
	value		50001dfa
OBJ 50001df8 (sz=32, trace=300000, class=java.lang.String@500000d6)
	value		50001df9
ARR 50001df9 (sz=24, trace=300000, nelems=12, elem type=char[])
ARR 50001dfa (sz=20, trace=300000, nelems=10, elem type=char[])
OBJ 50001dfb (sz=32, trace=300000, class=java.lang.String@500000d6)
	value		50001dfc
ARR 50001dfc (sz=24, trace=300000, nelems=12, elem type=char[])
OBJ 50001dfd (sz=32, trace=300000, class=java.lang.String@500000d6)
	value		50001707
OBJ 50001dfe (sz=32, trace=300000, class=java.lang.String@500000d6)
	value		50001dff
ARR 50001dff (sz=26, trace=300000, nelems=13, elem type=char[])
OBJ 50001e00 (sz=32, trace=300000, class=java.lang.String@500000d6)
	value		50001e03
OBJ 50001e01 (sz=32, trace=300000, class=java.lang.String@500000d6)
	value		50001e02
ARR 50001e02 (sz=38, trace=300000, nelems=19, elem type=char[])
ARR 50001e03 (sz=852, trace=300000, nelems=426, elem type=char[])
OBJ 50001e04 (sz=32, trace=300000, class=java.lang.String@500000d6)
	value		50001e07
OBJ 50001e05 (sz=32, trace=300000, class=java.lang.String@500000d6)
	value		50001e06
ARR 50001e06 (sz=22, trace=300000, nelems=11, elem type=char[])
ARR 50001e07 (sz=42, trace=300000, nelems=21, elem type=char[])
OBJ 50001e08 (sz=32, trace=300000, class=java.lang.String@500000d6)
	value		50001e0b
OBJ 50001e09 (sz=32, trace=300000, class=java.lang.String@500000d6)
	value		50001e0a
ARR 50001e0a (sz=28, trace=300000, nelems=14, elem type=char[])
ARR 50001e0b (sz=2, trace=300000, nelems=1, elem type=char[])
OBJ 50001e0c (sz=32, trace=300000, class=java.lang.String@500000d6)
	value		50001e0f
OBJ 50001e0d (sz=32, trace=300000, class=java.lang.String@500000d6)
	value		50001e0e
ARR 50001e0e (sz=38, trace=300000, nelems=19, elem type=char[])
ARR 50001e0f (sz=82, trace=300000, nelems=41, elem type=char[])
OBJ 50001e10 (sz=32, trace=300000, class=java.util.Hashtable$Entry@500000c6)
	key		50001e16
	value		50001e15
OBJ 50001e11 (sz=32, trace=300000, class=java.lang.String@500000d6)
	value		50001e14
OBJ 50001e12 (sz=32, trace=300000, class=java.lang.String@500000d6)
	value		50001e13
ARR 50001e13 (sz=46, trace=300000, nelems=23, elem type=char[])
ARR 50001e14 (sz=26, trace=300000, nelems=13, elem type=char[])
OBJ 50001e15 (sz=32, trace=300000, class=java.lang.String@500000d6)
	value		50001e18
OBJ 50001e16 (sz=32, trace=300000, class=java.lang.String@500000d6)
	value		50001e17
ARR 50001e17 (sz=28, trace=300000, nelems=14, elem type=char[])
ARR 50001e18 (sz=12, trace=300000, nelems=6, elem type=char[])
OBJ 50001e19 (sz=32, trace=300000, class=java.lang.String@500000d6)
	value		50001e1c
OBJ 50001e1a (sz=32, trace=300000, class=java.lang.String@500000d6)
	value		50001e1b
ARR 50001e1b (sz=22, trace=300000, nelems=11, elem type=char[])
ARR 50001e1c (sz=14, trace=300000, nelems=7, elem type=char[])
OBJ 50001e1d (sz=32, trace=300000, class=java.lang.String@500000d6)
	value		50001e20
OBJ 50001e1e (sz=32, trace=300000, class=java.lang.String@500000d6)
	value		50001e1f
ARR 50001e1f (sz=30, trace=300000, nelems=15, elem type=char[])
ARR 50001e20 (sz=10, trace=300000, nelems=5, elem type=char[])
OBJ 50001e21 (sz=32, trace=300000, class=java.lang.String@500000d6)
	value		50001e22
ARR 50001e22 (sz=72, trace=300000, nelems=36, elem type=char[])
OBJ 50001e23 (sz=32, trace=300000, class=java.lang.String@500000d6)
	value		50001e30
OBJ 50001e24 (sz=32, trace=300000, class=java.lang.String@500000d6)
	value		50001e2e
OBJ 50001e25 (sz=16, trace=300000, class=java.lang.Terminator$1@5000008c)
OBJ 50001e26 (sz=24, trace=300000, class=sun.misc.NativeSignalHandler@50000043)
OBJ 50001e27 (sz=24, trace=300000, class=sun.misc.NativeSignalHandler@50000043)
OBJ 50001e28 (sz=48, trace=300000, class=java.util.Hashtable@50000060)
	table		50001e31
OBJ 50001e29 (sz=48, trace=300000, class=java.util.Hashtable@50000060)
	table		50001e2a
ARR 50001e2a (sz=32, trace=300000, nelems=4, elem type=java.util.Hashtable$Entry[]@500000c7)
	[2]		50001e2b
	[3]		50001e2c
OBJ 50001e2b (sz=32, trace=300000, class=java.util.Hashtable$Entry@500000c6)
	key		50001e2f
	value		50001e25
OBJ 50001e2c (sz=32, trace=300000, class=java.util.Hashtable$Entry@500000c6)
	key		50001e2d
	value		50001e25
OBJ 50001e2d (sz=24, trace=300000, class=sun.misc.Signal@500000b1)
	name		50001e24
ARR 50001e2e (sz=8, trace=300000, nelems=4, elem type=char[])
OBJ 50001e2f (sz=24, trace=300000, class=sun.misc.Signal@500000b1)
	name		50001e23
ARR 50001e30 (sz=6, trace=300000, nelems=3, elem type=char[])
ARR 50001e31 (sz=32, trace=300000, nelems=4, elem type=java.util.Hashtable$Entry[]@500000c7)
	[2]		50001e32
	[3]		50001e33
OBJ 50001e32 (sz=32, trace=300000, class=java.util.Hashtable$Entry@500000c6)
	key		50001e35
	value		50001e2f
OBJ 50001e33 (sz=32, trace=300000, class=java.util.Hashtable$Entry@500000c6)
	key		50001e34
	value		50001e2d
OBJ 50001e34 (sz=16, trace=300000, class=java.lang.Integer@50000044)
OBJ 50001e35 (sz=16, trace=300000, class=java.lang.Integer@50000044)
ARR 50001e36 (sz=6, trace=300000, nelems=3, elem type=char[])
OBJ 50001e37 (sz=32, trace=300000, class=java.lang.String@500000d6)
	value		50001e38
ARR 50001e38 (sz=10, trace=300000, nelems=5, elem type=char[])
OBJ 50001e39 (sz=32, trace=300000, class=java.lang.String@500000d6)
	value		50001e3a
ARR 50001e3a (sz=8, trace=300000, nelems=4, elem type=char[])
OBJ 50001e3b (sz=32, trace=300000, class=java.lang.String@500000d6)
	value		50001e3c
ARR 50001e3c (sz=8, trace=300000, nelems=4, elem type=char[])
ARR 50001e3d (sz=22, trace=300000, nelems=11, elem type=char[])
OBJ 50001e3e (sz=32, trace=300000, class=java.lang.String@500000d6)
	value		50001e41
OBJ 50001e3f (sz=32, trace=300000, class=java.lang.String@500000d6)
	value		50001e40
ARR 50001e40 (sz=46, trace=300000, nelems=23, elem type=char[])
ARR 50001e41 (sz=60, trace=300000, nelems=30, elem type=char[])
OBJ 50001e42 (sz=32, trace=300000, class=java.lang.String@500000d6)
	value		50001e43
ARR 50001e43 (sz=40, trace=300000, nelems=20, elem type=char[])
ARR 50001e44 (sz=10, trace=300000, nelems=5, elem type=char[])
OBJ 50001e45 (sz=16, trace=300000, class=java.util.Collections$ReverseComparator@500000a9)
OBJ 50001e46 (sz=24, trace=300000, class=java.util.Collections$EmptyMap@50000046)
OBJ 50001e47 (sz=16, trace=300000, class=java.util.Collections$EmptyList@5000008f)
OBJ 50001e48 (sz=16, trace=300000, class=java.util.Collections$EmptySet@500000ab)
ARR 50001e49 (sz=20, trace=300000, nelems=10, elem type=char[])
ARR 50001e4a (sz=8, trace=300000, nelems=4, elem type=char[])
ARR 50001e4b (sz=10, trace=300000, nelems=5, elem type=char[])
ARR 50001e4c (sz=8, trace=300000, nelems=4, elem type=char[])
ARR 50001e4d (sz=8, trace=300000, nelems=4, elem type=char[])
OBJ 50001e4e (sz=32, trace=300000, class=java.util.concurrent.ConcurrentHashMap$HashEntry@50000133)
	key		50001674
	value		50001689
	next		50001e52
OBJ 50001e4f (sz=32, trace=300000, class=java.util.concurrent.ConcurrentHashMap$HashEntry@50000133)
	key		50001672
	value		50001690
ARR 50001e50 (sz=8, trace=300000, nelems=4, elem type=char[])
ARR 50001e51 (sz=4, trace=300000, nelems=2, elem type=char[])
OBJ 50001e52 (sz=32, trace=300000, class=java.util.concurrent.ConcurrentHashMap$HashEntry@50000133)
	key		50001678
	value		5000168e
ARR 50001e53 (sz=12, trace=300000, nelems=6, elem type=char[])
ARR 50001e54 (sz=4, trace=300000, nelems=2, elem type=char[])
ARR 50001e55 (sz=4, trace=300000, nelems=2, elem type=char[])
ARR 50001e56 (sz=8, trace=300000, nelems=4, elem type=char[])
ARR 50001e57 (sz=4, trace=300000, nelems=2, elem type=char[])
ARR 50001e58 (sz=24, trace=300000, nelems=2, elem type=java.util.concurrent.ConcurrentHashMap$HashEntry[]@50000134)
	[1]		50001e5a
OBJ 50001e59 (sz=32, trace=300000, class=java.util.concurrent.locks.ReentrantLock$NonfairSync@50000108)
OBJ 50001e5a (sz=32, trace=300000, class=java.util.concurrent.ConcurrentHashMap$HashEntry@50000133)
	key		5000166b
	value		50001693
ARR 50001e5b (sz=8, trace=300000, nelems=4, elem type=char[])
ARR 50001e5c (sz=4, trace=300000, nelems=2, elem type=char[])
ARR 50001e5d (sz=24, trace=300000, nelems=1, elem type=java.util.concurrent.ConcurrentHashMap$HashEntry[]@50000134)
	[0]		50001e5f
OBJ 50001e5e (sz=32, trace=300000, class=java.util.concurrent.locks.ReentrantLock$NonfairSync@50000108)
OBJ 50001e5f (sz=32, trace=300000, class=java.util.concurrent.ConcurrentHashMap$HashEntry@50000133)
	key		50001669
	value		50001685
ARR 50001e60 (sz=12, trace=300000, nelems=6, elem type=char[])
ARR 50001e61 (sz=4, trace=300000, nelems=2, elem type=char[])
ARR 50001e62 (sz=24, trace=300000, nelems=0, elem type=java.util.concurrent.ConcurrentHashMap$HashEntry[]@50000134)
OBJ 50001e63 (sz=32, trace=300000, class=java.util.concurrent.locks.ReentrantLock$NonfairSync@50000108)
ARR 50001e64 (sz=24, trace=300000, nelems=1, elem type=java.util.concurrent.ConcurrentHashMap$HashEntry[]@50000134)
	[0]		50001e66
OBJ 50001e65 (sz=32, trace=300000, class=java.util.concurrent.locks.ReentrantLock$NonfairSync@50000108)
OBJ 50001e66 (sz=32, trace=300000, class=java.util.concurrent.ConcurrentHashMap$HashEntry@50000133)
	key		50001665
	value		5000168b
ARR 50001e67 (sz=12, trace=300000, nelems=6, elem type=char[])
ARR 50001e68 (sz=4, trace=300000, nelems=2, elem type=char[])
ARR 50001e69 (sz=4, trace=300000, nelems=2, elem type=char[])
ARR 50001e6a (sz=24, trace=300000, nelems=1, elem type=java.util.concurrent.ConcurrentHashMap$HashEntry[]@50000134)
	[0]		50001e6c
OBJ 50001e6b (sz=32, trace=300000, class=java.util.concurrent.locks.ReentrantLock$NonfairSync@50000108)
OBJ 50001e6c (sz=32, trace=300000, class=java.util.concurrent.ConcurrentHashMap$HashEntry@50000133)
	key		50001668
	value		50001684
ARR 50001e6d (sz=12, trace=300000, nelems=6, elem type=char[])
ARR 50001e6e (sz=4, trace=300000, nelems=2, elem type=char[])
ARR 50001e6f (sz=48, trace=300000, nelems=7, elem type=java.util.concurrent.ConcurrentHashMap$HashEntry[]@50000134)
	[1]		50001e71
	[4]		50001e72
	[5]		50001e73
	[6]		50001e74
OBJ 50001e70 (sz=32, trace=300000, class=java.util.concurrent.locks.ReentrantLock$NonfairSync@50000108)
OBJ 50001e71 (sz=32, trace=300000, class=java.util.concurrent.ConcurrentHashMap$HashEntry@50000133)
	key		50001663
	value		50001682
	next		50001e7d
OBJ 50001e72 (sz=32, trace=300000, class=java.util.concurrent.ConcurrentHashMap$HashEntry@50000133)
	key		5000167f
	value		50001686
OBJ 50001e73 (sz=32, trace=300000, class=java.util.concurrent.ConcurrentHashMap$HashEntry@50000133)
	key		5000166e
	value		5000168c
OBJ 50001e74 (sz=32, trace=300000, class=java.util.concurrent.ConcurrentHashMap$HashEntry@50000133)
	key		5000166a
	value		50001681
ARR 50001e75 (sz=12, trace=300000, nelems=6, elem type=char[])
ARR 50001e76 (sz=4, trace=300000, nelems=2, elem type=char[])
ARR 50001e77 (sz=12, trace=300000, nelems=6, elem type=char[])
ARR 50001e78 (sz=4, trace=300000, nelems=2, elem type=char[])
ARR 50001e79 (sz=4, trace=300000, nelems=2, elem type=char[])
ARR 50001e7a (sz=12, trace=300000, nelems=6, elem type=char[])
ARR 50001e7b (sz=4, trace=300000, nelems=2, elem type=char[])
ARR 50001e7c (sz=4, trace=300000, nelems=2, elem type=char[])
OBJ 50001e7d (sz=32, trace=300000, class=java.util.concurrent.ConcurrentHashMap$HashEntry@50000133)
	key		5000167e
	value		50001687
ARR 50001e7e (sz=4, trace=300000, nelems=2, elem type=char[])
ARR 50001e7f (sz=12, trace=300000, nelems=6, elem type=char[])
ARR 50001e80 (sz=4, trace=300000, nelems=2, elem type=char[])
ARR 50001e81 (sz=24, trace=300000, nelems=0, elem type=java.util.concurrent.ConcurrentHashMap$HashEntry[]@50000134)
OBJ 50001e82 (sz=32, trace=300000, class=java.util.concurrent.locks.ReentrantLock$NonfairSync@50000108)
ARR 50001e83 (sz=24, trace=300000, nelems=1, elem type=java.util.concurrent.ConcurrentHashMap$HashEntry[]@50000134)
	[0]		50001e85
OBJ 50001e84 (sz=32, trace=300000, class=java.util.concurrent.locks.ReentrantLock$NonfairSync@50000108)
OBJ 50001e85 (sz=32, trace=300000, class=java.util.concurrent.ConcurrentHashMap$HashEntry@50000133)
	key		50001680
	value		5000168d
ARR 50001e86 (sz=8, trace=300000, nelems=4, elem type=char[])
ARR 50001e87 (sz=24, trace=300000, nelems=2, elem type=java.util.concurrent.ConcurrentHashMap$HashEntry[]@50000134)
	[1]		50001e89
OBJ 50001e88 (sz=32, trace=300000, class=java.util.concurrent.locks.ReentrantLock$NonfairSync@50000108)
OBJ 50001e89 (sz=32, trace=300000, class=java.util.concurrent.ConcurrentHashMap$HashEntry@50000133)
	key		50001666
	value		50001691
ARR 50001e8a (sz=8, trace=300000, nelems=4, elem type=char[])
ARR 50001e8b (sz=24, trace=300000, nelems=2, elem type=java.util.concurrent.ConcurrentHashMap$HashEntry[]@50000134)
	[1]		50001e8d
OBJ 50001e8c (sz=32, trace=300000, class=java.util.concurrent.locks.ReentrantLock$NonfairSync@50000108)
OBJ 50001e8d (sz=32, trace=300000, class=java.util.concurrent.ConcurrentHashMap$HashEntry@50000133)
	key		5000166d
	value		50001683
ARR 50001e8e (sz=12, trace=300000, nelems=6, elem type=char[])
ARR 50001e8f (sz=24, trace=300000, nelems=2, elem type=java.util.concurrent.ConcurrentHashMap$HashEntry[]@50000134)
	[0]		50001e91
	[1]		50001e92
OBJ 50001e90 (sz=32, trace=300000, class=java.util.concurrent.locks.ReentrantLock$NonfairSync@50000108)
OBJ 50001e91 (sz=32, trace=300000, class=java.util.concurrent.ConcurrentHashMap$HashEntry@50000133)
	key		50001675
	value		5000168f
OBJ 50001e92 (sz=32, trace=300000, class=java.util.concurrent.ConcurrentHashMap$HashEntry@50000133)
	key		5000166f
	value		50001692
ARR 50001e93 (sz=8, trace=300000, nelems=4, elem type=char[])
ARR 50001e94 (sz=8, trace=300000, nelems=4, elem type=char[])
ARR 50001e95 (sz=24, trace=300000, nelems=1, elem type=java.util.concurrent.ConcurrentHashMap$HashEntry[]@50000134)
	[0]		50001e97
OBJ 50001e96 (sz=32, trace=300000, class=java.util.concurrent.locks.ReentrantLock$NonfairSync@50000108)
OBJ 50001e97 (sz=32, trace=300000, class=java.util.concurrent.ConcurrentHashMap$HashEntry@50000133)
	key		50001671
	value		5000168a
ARR 50001e98 (sz=12, trace=300000, nelems=6, elem type=char[])
ARR 50001e99 (sz=4, trace=300000, nelems=2, elem type=char[])
ARR 50001e9a (sz=24, trace=300000, nelems=0, elem type=java.util.concurrent.ConcurrentHashMap$HashEntry[]@50000134)
OBJ 50001e9b (sz=32, trace=300000, class=java.util.concurrent.locks.ReentrantLock$NonfairSync@50000108)
ARR 50001e9c (sz=24, trace=300000, nelems=0, elem type=java.util.concurrent.ConcurrentHashMap$HashEntry[]@50000134)
OBJ 50001e9d (sz=32, trace=300000, class=java.util.concurrent.locks.ReentrantLock$NonfairSync@50000108)
ARR 50001e9e (sz=24, trace=300000, nelems=2, elem type=java.util.concurrent.ConcurrentHashMap$HashEntry[]@50000134)
	[1]		50001ea0
OBJ 50001e9f (sz=32, trace=300000, class=java.util.concurrent.locks.ReentrantLock$NonfairSync@50000108)
OBJ 50001ea0 (sz=32, trace=300000, class=java.util.concurrent.ConcurrentHashMap$HashEntry@50000133)
	key		50001677
	value		50001688
ARR 50001ea1 (sz=12, trace=300000, nelems=6, elem type=char[])
ARR 50001ea2 (sz=4, trace=300000, nelems=2, elem type=char[])
ARR 50001ea3 (sz=24, trace=300000, nelems=12, elem type=char[])
ARR 50001ea4 (sz=22, trace=300000, nelems=11, elem type=char[])
ARR 50001ea5 (sz=26, trace=300000, nelems=13, elem type=char[])
ARR 50001ea6 (sz=24, trace=300000, nelems=12, elem type=char[])
ARR 50001ea7 (sz=4, trace=300000, nelems=2, elem type=char[])
ARR 50001ea8 (sz=8, trace=300000, nelems=4, elem type=char[])
ARR 50001ea9 (sz=4, trace=300000, nelems=2, elem type=char[])
ARR 50001eaa (sz=22, trace=300000, nelems=11, elem type=char[])
ARR 50001eab (sz=14, trace=300000, nelems=7, elem type=char[])
ARR 50001eac (sz=4, trace=300000, nelems=2, elem type=char[])
OBJ 50001ead (sz=32, trace=300000, class=java.lang.ref.ReferenceQueue@50000065)
	lock		50001eb0
OBJ 50001eae (sz=48, trace=300000, class=java.util.HashMap@50000052)
	table		50001eaf
ARR 50001eaf (sz=80, trace=300000, nelems=0, elem type=java.util.HashMap$Entry[]@500000db)
OBJ 50001eb0 (sz=16, trace=300000, class=java.lang.ref.ReferenceQueue$Lock@5000007c)
OBJ 50001eb1 (sz=16, trace=300000, class=java.lang.Object@50000021)
OBJ 50001eb2 (sz=32, trace=300000, class=java.security.AccessControlContext@500000cf)
ARR 50001eb3 (sz=34, trace=300000, nelems=17, elem type=char[])
ARR 50001eb4 (sz=32, trace=300000, nelems=1, elem type=java.lang.ThreadGroup[]@50000007)
	[0]		50001647
ARR 50001eb5 (sz=32, trace=300000, nelems=4, elem type=java.lang.Thread[]@5000003e)
	[0]		50001630
	[1]		5000162f
	[2]		5000162e
	[3]		5000162d
OBJ 50001eb6 (sz=16, trace=300000, class=java.lang.Object@50000021)
OBJ 50001eb7 (sz=32, trace=300000, class=java.security.AccessControlContext@500000cf)
ARR 50001eb8 (sz=30, trace=300000, nelems=15, elem type=char[])
OBJ 50001eb9 (sz=16, trace=300000, class=java.lang.Object@50000021)
OBJ 50001eba (sz=32, trace=300000, class=java.security.AccessControlContext@500000cf)
ARR 50001ebb (sz=34, trace=300000, nelems=17, elem type=char[])
OBJ 50001ebc (sz=16, trace=300000, class=java.lang.Object@50000021)
OBJ 50001ebd (sz=32, trace=300000, class=java.security.AccessControlContext@500000cf)
ARR 50001ebe (sz=18, trace=300000, nelems=9, elem type=char[])
OBJ 50001ebf (sz=32, trace=300000, class=java.lang.String@500000d6)
	value		50001eca
OBJ 50001ec0 (sz=16, trace=300000, class=java.lang.Object@50000021)
OBJ 50001ec1 (sz=40, trace=300000, class=java.lang.ref.Finalizer@50000093)
	referent	50001ec3
	queue		50001649
	next		50001ec2
	prev		50000210
OBJ 50001ec2 (sz=40, trace=300000, class=java.lang.ref.Finalizer@50000093)
	referent	50001d1c
	queue		50001649
	next		50001ec7
	prev		50001ec1
OBJ 50001ec3 (sz=32, trace=300000, class=java.io.FileInputStream@500000ba)
	fd		50001ec5
	closeLock	50001ec4
OBJ 50001ec4 (sz=16, trace=300000, class=java.lang.Object@50000021)
OBJ 50001ec5 (sz=32, trace=300000, class=java.io.FileDescriptor@50000084)
	useCount	50001ec6
OBJ 50001ec6 (sz=16, trace=300000, class=java.util.concurrent.atomic.AtomicInteger@50000094)
OBJ 50001ec7 (sz=40, trace=300000, class=java.lang.ref.Finalizer@50000093)
	referent	50001d09
	queue		50001649
	next		50001ec8
	prev		50001ec2
OBJ 50001ec8 (sz=40, trace=300000, class=java.lang.ref.Finalizer@50000093)
	referent	500016cf
	queue		50001649
	next		50001ec9
	prev		50001ec7
OBJ 50001ec9 (sz=40, trace=300000, class=java.lang.ref.Finalizer@50000093)
	referent	50001cd8
	queue		50001649
	prev		50001ec8
ARR 50001eca (sz=18, trace=300000, nelems=9, elem type=char[])
ARR 50001ecb (sz=32, trace=300000, nelems=1, elem type=java.lang.Thread[]@5000003e)
	[0]		5000161e
OBJ 50001ecc (sz=32, trace=300000, class=java.lang.String@500000d6)
	value		50001ecd
ARR 50001ecd (sz=8, trace=300000, nelems=4, elem type=char[])
OBJ 50001ece (sz=32, trace=300000, class=java.security.AccessControlContext@500000cf)
OBJ 50001ecf (sz=32, trace=300000, class=java.lang.String@500000d6)
	value		50001ed0
ARR 50001ed0 (sz=18, trace=300000, nelems=9, elem type=char[])
OBJ 50001ed1 (sz=32, trace=300000, class=java.lang.OutOfMemoryError@50000139)
OBJ 50001ed2 (sz=32, trace=300000, class=java.lang.OutOfMemoryError@50000139)
OBJ 50001ed3 (sz=32, trace=300000, class=java.lang.OutOfMemoryError@50000139)
OBJ 50001ed4 (sz=32, trace=300000, class=java.lang.OutOfMemoryError@50000139)
OBJ 50001ed5 (sz=32, trace=300000, class=java.lang.String@500000d6)
	value		50001ed6
ARR 50001ed6 (sz=52, trace=300000, nelems=26, elem type=char[])
OBJ 50001ed7 (sz=32, trace=300000, class=java.lang.String@500000d6)
	value		50001ed8
ARR 50001ed8 (sz=74, trace=300000, nelems=37, elem type=char[])
OBJ 50001ed9 (sz=32, trace=300000, class=java.lang.String@500000d6)
	value		50001eda
ARR 50001eda (sz=26, trace=300000, nelems=13, elem type=char[])
OBJ 50001edb (sz=32, trace=300000, class=java.lang.String@500000d6)
	value		50001edc
ARR 50001edc (sz=30, trace=300000, nelems=15, elem type=char[])
ARR 50001edd (sz=22, trace=300000, nelems=11, elem type=char[])
OBJ 50001ede (sz=32, trace=300000, class=java.lang.String@500000d6)
	value		50001ee3
OBJ 50001edf (sz=32, trace=300000, class=java.lang.String@500000d6)
	value		50001ee2
OBJ 50001ee0 (sz=32, trace=300000, class=java.lang.String@500000d6)
	value		50001ee1
ARR 50001ee1 (sz=24, trace=300000, nelems=12, elem type=char[])
ARR 50001ee2 (sz=26, trace=300000, nelems=13, elem type=char[])
ARR 50001ee3 (sz=14, trace=300000, nelems=7, elem type=char[])
OBJ 50001ee4 (sz=32, trace=300000, class=java.lang.String@500000d6)
	value		50001ee9
OBJ 50001ee5 (sz=32, trace=300000, class=java.lang.String@500000d6)
	value		50001ee8
OBJ 50001ee6 (sz=32, trace=300000, class=java.lang.String@500000d6)
	value		50001ee7
ARR 50001ee7 (sz=46, trace=300000, nelems=23, elem type=char[])
ARR 50001ee8 (sz=20, trace=300000, nelems=10, elem type=char[])
ARR 50001ee9 (sz=70, trace=300000, nelems=35, elem type=char[])
CLS 50000021 (name=java.lang.Object, trace=300000)
	constant pool entry 79	50000030
	constant pool entry 18	50000021
CLS 50000104 (name=java.lang.Throwable, trace=300000)
	super		50000021
	constant pool entry 51	50000021
	constant pool entry 50	50000104
CLS 50000028 (name=java.lang.Error, trace=300000)
	super		50000104
	constant pool entry 6	50000104
CLS 5000011a (name=java.lang.LinkageError, trace=300000)
	super		50000028
	constant pool entry 4	50000028
CLS 50000001 (name=java.lang.NoClassDefFoundError, trace=300000)
	super		5000011a
CLS 50000002 (name=java.io.FileSystem, trace=300000)
	super		50000021
	constant pool entry 77	50000087
	constant pool entry 75	50000021
	constant pool entry 73	50000002
	constant pool entry 2	50001cfa
	constant pool entry 1	50001cf9
CLS 50000003 (name=java.util.Hashtable$EmptyEnumerator, trace=300000)
	super		50000021
	constant pool entry 20	50000021
CLS 50000004 (name=java.nio.charset.CoderResult, trace=300000)
	super		50000021
	static names	5000182f
	static UNDERFLOW	5000182e
	static OVERFLOW	5000182d
	static malformedCache	5000182c
	static unmappableCache	5000182b
	constant pool entry 139	50000030
	constant pool entry 83	50000061
	constant pool entry 82	50000072
	constant pool entry 81	50000004
	constant pool entry 75	500000d6
	constant pool entry 74	50000021
	constant pool entry 73	50000070
	constant pool entry 4	5000182a
	constant pool entry 3	50001829
	constant pool entry 2	50001828
	constant pool entry 1	50001827
CLS 500000dc (name=java.io.Writer, trace=300000)
	super		50000021
	constant pool entry 49	500000d6
	constant pool entry 48	50000021
	constant pool entry 44	500000dc
CLS 50000005 (name=java.io.OutputStreamWriter, trace=300000)
	super		500000dc
	constant pool entry 40	500000b2
	constant pool entry 36	500000dc
	constant pool entry 34	50000005
CLS 50000006 (name=java.lang.ThreadGroup, trace=300000)
	super		50000021
	constant pool entry 264	50000030
	constant pool entry 119	50000006
	constant pool entry 116	5000003d
	constant pool entry 115	50000087
	constant pool entry 112	50000021
	constant pool entry 7	500016e0
CLS 50000007 (name=java.lang.ThreadGroup[], trace=300000)
	super		50000021
CLS 50000008 (name=java.io.Win32FileSystem, trace=300000)
	super		50000002
	static driveDirCache	5000172b
	constant pool entry 327	50000030
	constant pool entry 158	5000001a
	constant pool entry 157	500000c3
	constant pool entry 156	500000f8
	constant pool entry 155	50000087
	constant pool entry 154	50000023
	constant pool entry 153	5000008d
	constant pool entry 152	500000d6
	constant pool entry 148	50000070
	constant pool entry 146	50000008
	constant pool entry 144	50000002
	constant pool entry 143	50000097
	constant pool entry 142	50000037
	constant pool entry 9	5000172a
	constant pool entry 8	50001729
	constant pool entry 7	50001728
CLS 50000009 (name=java.lang.AbstractStringBuilder, trace=300000)
	super		50000021
	static sizeTable	500016c8
	constant pool entry 309	50000030
	constant pool entry 154	50000066
	constant pool entry 153	50000087
	constant pool entry 149	500000d6
	constant pool entry 148	50000021
	constant pool entry 140	50000009
CLS 5000000a (name=java.lang.Iterable, trace=300000)
CLS 5000003d (name=java.lang.Thread, trace=300000)
	super		50000021
	static EMPTY_STACK_TRACE	5000164d
	static SUBCLASS_IMPLEMENTATION_PERMISSION	5000164c
	static subclassAudits	5000164b
	constant pool entry 500	50000030
	constant pool entry 234	5000002b
	constant pool entry 231	500000f8
	constant pool entry 228	50000006
	constant pool entry 223	5000003d
	constant pool entry 222	50000087
	constant pool entry 220	500000d6
	constant pool entry 219	5000012f
	constant pool entry 217	50000126
	constant pool entry 215	50000021
	constant pool entry 9	5000164a
CLS 5000000b (name=java.lang.ref.Finalizer$FinalizerThread, trace=300000)
	super		5000003d
	constant pool entry 22	50000065
	constant pool entry 20	50000093
	constant pool entry 19	5000003d
	constant pool entry 1	50001ebf
CLS 5000002e (name=sun.reflect.MagicAccessorImpl, trace=300000)
	super		50000021
	constant pool entry 8	50000021
CLS 5000005d (name=sun.reflect.FieldAccessorImpl, trace=300000)
	super		5000002e
CLS 500000f6 (name=sun.reflect.UnsafeFieldAccessorImpl, trace=300000)
	super		5000005d
CLS 5000000c (name=sun.reflect.UnsafeStaticFieldAccessorImpl, trace=300000)
	super		500000f6
CLS 5000000d (name=java.net.URLStreamHandlerFactory, trace=300000)
CLS 5000006a (name=java.lang.Exception, trace=300000)
	super		50000104
	constant pool entry 16	50000104
CLS 50000082 (name=java.lang.RuntimeException, trace=300000)
	super		5000006a
CLS 5000000e (name=java.lang.ArithmeticException, trace=300000)
	super		50000082
CLS 5000000f (name=java.util.Hashtable$EmptyIterator, trace=300000)
	super		50000021
	constant pool entry 23	50000021
CLS 50000010 (name=java.nio.charset.CodingErrorAction, trace=300000)
	super		50000021
	static IGNORE	50001823
	static REPLACE	50001822
	static REPORT	50001821
	constant pool entry 21	50000010
	constant pool entry 20	50000021
	constant pool entry 3	50001820
	constant pool entry 2	5000181f
	constant pool entry 1	5000181e
CLS 50000011 (name=java.lang.Appendable, trace=300000)
CLS 50000012 (name=java.nio.charset.spi.CharsetProvider, trace=300000)
	super		50000021
	constant pool entry 22	50000087
	constant pool entry 19	50000021
CLS 50000013 (name=java.util.concurrent.locks.AbstractOwnableSynchronizer, trace=300000)
	super		50000021
	constant pool entry 19	50000013
	constant pool entry 18	50000021
CLS 50000014 (name=java.lang.ClassCastException, trace=300000)
	super		50000082
CLS 50000015 (name=java.util.concurrent.atomic.AtomicReferenceFieldUpdater, trace=300000)
	super		50000021
	constant pool entry 24	500000ee
	constant pool entry 22	50000021
CLS 500000da (name=java.util.HashMap$Entry, trace=300000)
	super		50000021
	constant pool entry 43	500000da
	constant pool entry 40	50000021
CLS 50000016 (name=java.util.LinkedHashMap$Entry, trace=300000)
	super		500000da
	constant pool entry 27	50000016
	constant pool entry 26	50000020
	constant pool entry 25	500000da
CLS 50000055 (name=java.util.concurrent.locks.AbstractQueuedSynchronizer, trace=300000)
	super		50000013
	static unsafe	500016ad
	constant pool entry 183	50000069
	constant pool entry 181	50000088
	constant pool entry 179	50000055
	constant pool entry 178	50000013
	constant pool entry 164	50000070
	constant pool entry 11	500016ac
	constant pool entry 10	500016ab
	constant pool entry 9	500016aa
	constant pool entry 7	500016a9
	constant pool entry 6	500016a8
CLS 50000017 (name=java.util.concurrent.locks.ReentrantLock$Sync, trace=300000)
	super		50000055
	constant pool entry 56	50000017
	constant pool entry 53	50000055
	constant pool entry 52	5000003d
CLS 50000018 (name=java.util.StringTokenizer, trace=300000)
	super		50000021
	constant pool entry 63	50000018
	constant pool entry 60	500000d6
	constant pool entry 59	50000021
	constant pool entry 57	500000e6
CLS 50000019 (name=java.lang.reflect.Modifier, trace=300000)
	super		50000021
	constant pool entry 108	50000113
	constant pool entry 107	500000e9
	constant pool entry 106	500000f8
	constant pool entry 105	5000004a
CLS 5000001a (name=sun.security.action.GetPropertyAction, trace=300000)
	super		50000021
	constant pool entry 23	5000001a
	constant pool entry 21	50000087
	constant pool entry 20	50000021
CLS 5000003a (name=java.util.AbstractMap, trace=300000)
	super		50000021
	constant pool entry 66	5000003a
	constant pool entry 63	50000021
CLS 50000080 (name=sun.util.PreHashedMap, trace=300000)
	super		5000003a
	constant pool entry 93	50000030
	constant pool entry 47	50000080
	constant pool entry 44	5000003a
	constant pool entry 42	500000d6
	constant pool entry 41	50000021
	constant pool entry 40	50000022
CLS 5000001b (name=sun.nio.cs.StandardCharsets$Classes, trace=300000)
	super		50000080
	constant pool entry 192	50000030
	constant pool entry 181	50000080
	constant pool entry 180	5000001b
	constant pool entry 177	50000021
	constant pool entry 76	5000187d
	constant pool entry 75	5000186f
	constant pool entry 74	50001873
	constant pool entry 73	500018b1
	constant pool entry 72	500018a9
	constant pool entry 71	500018d4
	constant pool entry 70	500018d8
	constant pool entry 69	500018e1
	constant pool entry 68	500018e4
	constant pool entry 67	500018ef
	constant pool entry 66	500018f2
	constant pool entry 65	500018c1
	constant pool entry 64	50001863
	constant pool entry 63	500018e7
	constant pool entry 62	500018fb
	constant pool entry 61	500018fe
	constant pool entry 60	500018d0
	constant pool entry 59	500018db
	constant pool entry 58	50001896
	constant pool entry 57	50001867
	constant pool entry 56	5000186b
	constant pool entry 55	500018ad
	constant pool entry 54	500018b4
	constant pool entry 53	500018ba
	constant pool entry 52	500018be
	constant pool entry 51	500018c7
	constant pool entry 50	5000188b
	constant pool entry 49	50001893
	constant pool entry 48	500018ca
	constant pool entry 47	500018f8
	constant pool entry 46	50001906
	constant pool entry 45	5000187a
	constant pool entry 44	50001885
	constant pool entry 43	5000189c
	constant pool entry 42	500018a5
	constant pool entry 41	5000189f
	constant pool entry 40	50001888
	constant pool entry 39	50001877
	constant pool entry 38	500018c2
	constant pool entry 37	5000187e
	constant pool entry 36	50001864
	constant pool entry 35	50001870
	constant pool entry 34	500018e8
	constant pool entry 33	500018fc
	constant pool entry 32	50001874
	constant pool entry 31	500018ff
	constant pool entry 30	500018d1
	constant pool entry 29	500018dc
	constant pool entry 28	50001897
	constant pool entry 27	500018d5
	constant pool entry 26	500018d9
	constant pool entry 25	500018e2
	constant pool entry 24	500018e5
	constant pool entry 23	500018f0
	constant pool entry 22	500018f3
	constant pool entry 21	50001868
	constant pool entry 20	5000186c
	constant pool entry 19	500018ae
	constant pool entry 18	500018b5
	constant pool entry 17	500018bb
	constant pool entry 16	500018bf
	constant pool entry 15	500018c8
	constant pool entry 14	5000188c
	constant pool entry 13	50001894
	constant pool entry 12	500018cb
	constant pool entry 11	500018b2
	constant pool entry 10	500018f9
	constant pool entry 9	50001907
	constant pool entry 8	50001878
	constant pool entry 7	5000187b
	constant pool entry 6	50001886
	constant pool entry 5	5000189d
	constant pool entry 4	500018a6
	constant pool entry 3	500018a0
	constant pool entry 2	500018aa
	constant pool entry 1	50001889
CLS 5000001c (name=java.lang.AssertionStatusDirectives, trace=300000)
	super		50000021
CLS 5000005e (name=java.security.Permission, trace=300000)
	super		50000021
	constant pool entry 56	5000005e
	constant pool entry 49	50000021
CLS 5000001d (name=java.security.BasicPermission, trace=300000)
	super		5000005e
	constant pool entry 73	5000005e
	constant pool entry 72	5000029d
	constant pool entry 71	5000001d
	constant pool entry 70	500000d6
	constant pool entry 4	500016ba
	constant pool entry 3	500016b9
	constant pool entry 2	500016b8
CLS 5000001e (name=java.lang.Class$1, trace=300000)
	super		50000021
	constant pool entry 23	50000050
	constant pool entry 22	50000021
	constant pool entry 21	5000001e
CLS 50000121 (name=java.lang.ref.Reference, trace=300000)
	super		50000021
	static lock	5000162b
	constant pool entry 53	50000065
	constant pool entry 52	5000005c
	constant pool entry 51	50000107
	constant pool entry 49	50000121
	constant pool entry 48	50000006
	constant pool entry 47	5000003d
	constant pool entry 46	50000021
	constant pool entry 1	500016db
CLS 5000001f (name=java.lang.ref.PhantomReference, trace=300000)
	super		50000121
CLS 50000052 (name=java.util.HashMap, trace=300000)
	super		5000003a
	constant pool entry 322	50000030
	constant pool entry 145	500000da
	constant pool entry 143	50000052
	constant pool entry 142	5000003a
	constant pool entry 140	50000021
	constant pool entry 137	50000047
CLS 50000020 (name=java.util.LinkedHashMap, trace=300000)
	super		50000052
	constant pool entry 71	50000016
	constant pool entry 69	50000020
	constant pool entry 67	50000052
CLS 50000022 (name=java.lang.Object[], trace=300000)
	super		50000021
CLS 50000023 (name=java.lang.StringBuilder, trace=300000)
	super		50000009
	constant pool entry 87	50000023
	constant pool entry 85	500000d6
	constant pool entry 82	50000009
CLS 50000024 (name=java.lang.Readable, trace=300000)
CLS 500000a4 (name=java.util.AbstractCollection, trace=300000)
	super		50000021
	constant pool entry 57	50000021
CLS 5000009d (name=java.util.AbstractList, trace=300000)
	super		500000a4
	constant pool entry 67	5000009d
	constant pool entry 66	500000a4
CLS 500000c5 (name=java.util.Vector, trace=300000)
	super		5000009d
	constant pool entry 238	50000030
	constant pool entry 125	500000c5
	constant pool entry 118	5000009d
	constant pool entry 117	50000087
	constant pool entry 115	50000021
CLS 50000025 (name=java.util.Stack, trace=300000)
	super		500000c5
	constant pool entry 32	500000c5
	constant pool entry 31	50000025
CLS 50000026 (name=java.lang.CharacterDataLatin1, trace=300000)
	super		50000021
	static sharpsMap	500017a7
	static A	500017a6
	static A_DATA	500017a5
	constant pool entry 88	50000030
	constant pool entry 66	500000d6
	constant pool entry 64	50000070
	constant pool entry 63	50000026
	constant pool entry 6	500017a5
CLS 50000027 (name=java.lang.System$2, trace=300000)
	super		50000021
	constant pool entry 31	50000021
CLS 50000029 (name=java.lang.Error[], trace=300000)
	super		50000021
CLS 5000002a (name=sun.misc.SignalHandler, trace=300000)
	static SIG_DFL	50001e27
	static SIG_IGN	50001e26
	constant pool entry 16	5000002a
	constant pool entry 15	50000043
CLS 5000002b (name=sun.misc.SoftCache, trace=300000)
	super		5000003a
	constant pool entry 54	5000002b
	constant pool entry 51	50000052
	constant pool entry 50	5000003a
	constant pool entry 49	50000065
CLS 5000002c (name=java.io.InputStream, trace=300000)
	super		50000021
	constant pool entry 44	50000021
CLS 5000009a (name=java.net.URLStreamHandler, trace=300000)
	super		50000021
	constant pool entry 113	5000009a
	constant pool entry 112	500000d2
	constant pool entry 109	50000023
	constant pool entry 108	5000008d
	constant pool entry 107	500000d6
	constant pool entry 105	50000021
	constant pool entry 10	500017af
	constant pool entry 8	500017ae
	constant pool entry 7	500017ad
	constant pool entry 6	500017ac
	constant pool entry 5	500017ab
	constant pool entry 3	500017aa
	constant pool entry 1	50001658
CLS 5000002d (name=sun.net.www.protocol.file.Handler, trace=300000)
	super		5000009a
	constant pool entry 62	5000002d
	constant pool entry 61	50000248
	constant pool entry 60	500000cb
	constant pool entry 59	5000009a
	constant pool entry 58	500000d2
	constant pool entry 56	500000d6
	constant pool entry 54	50000097
	constant pool entry 1	50001658
CLS 5000002f (name=java.nio.charset.Charset, trace=300000)
	super		50000021
	static bugLevel	50001658
	static standardProvider	50001846
	static cache1	50001845
	static cache2	50001844
	static gate	50001843
	static extendedProviderLock	50001842
	static defaultCharset	50001841
	constant pool entry 320	50000030
	constant pool entry 158	5000001a
	constant pool entry 156	5000010f
	constant pool entry 155	500000f4
	constant pool entry 149	500000f8
	constant pool entry 148	50000012
	constant pool entry 138	5000002f
	constant pool entry 135	500000d8
	constant pool entry 134	500000d6
	constant pool entry 133	50000021
	constant pool entry 7	50001840
	constant pool entry 6	5000183f
	constant pool entry 2	50001834
	constant pool entry 1	50001658
CLS 50000030 (name=com.sun.demo.jvmti.hprof.Tracker, trace=300000)
	super		50000021
	constant pool entry 33	5000003d
	constant pool entry 8	50000030
CLS 50000031 (name=java.lang.Cloneable, trace=300000)
CLS 50000032 (name=sun.misc.URLClassPath, trace=300000)
	super		50000021
	static USER_AGENT_JAVA_VERSION	50001c4e
	static JAVA_VERSION	50001c4f
	constant pool entry 163	5000001a
	constant pool entry 161	5000016c
	constant pool entry 160	50000173
	constant pool entry 157	50000171
	constant pool entry 154	50000032
	constant pool entry 152	50000025
	constant pool entry 151	50000052
	constant pool entry 150	500000b8
	constant pool entry 147	500000f8
	constant pool entry 146	5000000d
	constant pool entry 144	500000d2
	constant pool entry 139	500000d6
	constant pool entry 136	50000021
	constant pool entry 129	50001c4e
	constant pool entry 7	50001c4d
	constant pool entry 5	50001c4c
	constant pool entry 4	500017f7
CLS 50000033 (name=java.lang.ArrayStoreException, trace=300000)
	super		50000082
CLS 50000034 (name=java.security.cert.Certificate, trace=300000)
	super		50000021
CLS 50000035 (name=java.security.cert.Certificate[], trace=300000)
	super		50000021
CLS 50000036 (name=sun.reflect.ReflectionFactory$1, trace=300000)
	super		50000021
	constant pool entry 49	500000e9
	constant pool entry 47	50000087
	constant pool entry 44	50000021
	constant pool entry 3	50001e3f
	constant pool entry 2	50001e3e
CLS 50000037 (name=java.io.ExpiringCache, trace=300000)
	super		50000021
	constant pool entry 58	50000086
	constant pool entry 56	50000087
	constant pool entry 54	50000021
	constant pool entry 53	500000ac
	constant pool entry 52	500000dd
	constant pool entry 51	50000037
CLS 50000038 (name=java.util.Iterator, trace=300000)
CLS 50000039 (name=sun.reflect.Reflection, trace=300000)
	super		50000021
	static fieldFilterMap	500016ae
	constant pool entry 74	50000039
	constant pool entry 73	50000086
	constant pool entry 72	50000052
	constant pool entry 71	5000003c
	constant pool entry 70	50000019
	constant pool entry 63	50000070
CLS 50000131 (name=java.io.Reader, trace=300000)
	super		50000021
	constant pool entry 56	50000021
	constant pool entry 52	50000131
CLS 5000003b (name=java.io.InputStreamReader, trace=300000)
	super		50000131
	constant pool entry 40	50000103
	constant pool entry 35	50000131
	constant pool entry 34	5000003b
CLS 5000003c (name=java.util.Collections, trace=300000)
	super		50000021
	static EMPTY_SET	50001e48
	static EMPTY_LIST	50001e47
	static EMPTY_MAP	50001e46
	static REVERSE_ORDER	50001e45
	constant pool entry 198	500000f9
	constant pool entry 189	500000a9
	constant pool entry 188	500000ab
	constant pool entry 187	50000046
	constant pool entry 186	5000008f
	constant pool entry 175	5000003c
CLS 5000003e (name=java.lang.Thread[], trace=300000)
	super		50000021
CLS 50000089 (name=java.lang.Number, trace=300000)
	super		50000021
	constant pool entry 28	50000021
CLS 5000003f (name=java.lang.Long, trace=300000)
	super		50000089
	static TYPE	50001637
	constant pool entry 163	5000003f
	constant pool entry 159	50000070
	constant pool entry 12	50001e39
CLS 50000040 (name=java.nio.charset.CharsetDecoder, trace=300000)
	super		50000021
	static stateNames	5000183a
	constant pool entry 275	50000030
	constant pool entry 141	50000010
	constant pool entry 140	50000004
	constant pool entry 138	50000040
	constant pool entry 137	5000002f
	constant pool entry 134	5000007f
	constant pool entry 129	500000d6
	constant pool entry 128	50000021
	constant pool entry 125	50000070
	constant pool entry 15	50001839
	constant pool entry 12	50001838
	constant pool entry 7	50001837
	constant pool entry 4	50001836
	constant pool entry 3	50001835
	constant pool entry 2	50001834
CLS 50000041 (name=java.lang.Void, trace=300000)
	super		50000021
CLS 50000042 (name=sun.reflect.ConstructorAccessorImpl, trace=300000)
	super		5000002e
	constant pool entry 20	5000002e
CLS 50000043 (name=sun.misc.NativeSignalHandler, trace=300000)
	super		50000021
	constant pool entry 21	50000043
	constant pool entry 20	50000021
CLS 50000044 (name=java.lang.Integer, trace=300000)
	super		50000089
	static TYPE	50001631
	static digits	5000173f
	static DigitTens	5000173e
	static DigitOnes	5000173d
	static sizeTable	5000173c
	constant pool entry 275	50000030
	constant pool entry 170	500000f4
	constant pool entry 169	50000106
	constant pool entry 168	50000087
	constant pool entry 166	500000d6
	constant pool entry 164	50000089
	constant pool entry 161	50000044
	constant pool entry 158	50000070
	constant pool entry 157	500000e6
	constant pool entry 26	5000173b
	constant pool entry 25	5000173a
CLS 50000045 (name=java.lang.ClassLoader$NativeLibrary, trace=300000)
	super		50000021
	constant pool entry 48	50000025
	constant pool entry 46	50000021
	constant pool entry 45	50000045
	constant pool entry 44	500000f2
CLS 50000046 (name=java.util.Collections$EmptyMap, trace=300000)
	super		5000003a
	constant pool entry 41	50000046
	constant pool entry 38	5000003a
CLS 50000047 (name=java.lang.Float, trace=300000)
	super		50000089
	static TYPE	50001632
	constant pool entry 104	50000047
	constant pool entry 101	50000070
	constant pool entry 7	500016b1
CLS 50000048 (name=sun.reflect.ConstructorAccessor, trace=300000)
CLS 50000049 (name=sun.nio.cs.MS1252, trace=300000)
	super		5000002f
	constant pool entry 39	5000010f
	constant pool entry 38	5000011d
	constant pool entry 37	500000b6
	constant pool entry 34	5000002f
	constant pool entry 3	500018e4
CLS 5000004a (name=java.lang.reflect.ReflectAccess, trace=300000)
	super		50000021
	constant pool entry 38	500000e2
	constant pool entry 37	500000cc
	constant pool entry 36	50000050
	constant pool entry 35	50000021
CLS 5000004b (name=java.lang.Compiler$1, trace=300000)
	super		50000021
	constant pool entry 54	50000087
	constant pool entry 53	50000023
	constant pool entry 51	50000021
	constant pool entry 8	50001ee0
	constant pool entry 7	50001edf
	constant pool entry 4	50001ede
CLS 5000004c (name=java.lang.IncompatibleClassChangeError, trace=300000)
	super		5000011a
	constant pool entry 10	5000011a
CLS 5000004d (name=java.security.AccessControlContext$1, trace=300000)
	super		50000021
	constant pool entry 20	50000021
CLS 5000004e (name=java.lang.StringValue, trace=300000)
	super		50000021
	constant pool entry 15	50000066
CLS 5000004f (name=java.nio.charset.CharsetEncoder, trace=300000)
	super		50000021
	static stateNames	50001c37
	constant pool entry 344	50000030
	constant pool entry 154	50000010
	constant pool entry 153	50000004
	constant pool entry 151	5000004f
	constant pool entry 150	50000040
	constant pool entry 149	5000002f
	constant pool entry 147	50000117
	constant pool entry 146	5000007f
	constant pool entry 143	500000b3
	constant pool entry 141	500000d6
	constant pool entry 140	50000021
	constant pool entry 137	50000070
	constant pool entry 13	50001838
	constant pool entry 7	50001837
	constant pool entry 4	50001836
	constant pool entry 3	50001835
	constant pool entry 2	50001834
CLS 5000006e (name=java.lang.reflect.AccessibleObject, trace=300000)
	super		50000021
	static ACCESS_PERMISSION	50001cae
	static reflectionFactory	500016b2
	constant pool entry 59	50000113
	constant pool entry 58	500000e9
	constant pool entry 57	500000f8
	constant pool entry 56	5000012b
	constant pool entry 55	50000050
	constant pool entry 53	5000006e
	constant pool entry 52	50000087
	constant pool entry 49	50000021
	constant pool entry 48	50000070
	constant pool entry 3	50001cad
CLS 50000050 (name=java.lang.reflect.Constructor, trace=300000)
	super		5000006e
	constant pool entry 168	500000e9
	constant pool entry 166	50000048
	constant pool entry 156	50000050
	constant pool entry 155	5000006e
	constant pool entry 143	50000070
	constant pool entry 140	50000071
CLS 50000051 (name=java.lang.reflect.Constructor[], trace=300000)
	super		50000021
CLS 500000f2 (name=java.lang.ClassLoader, trace=300000)
	super		50000021
	static scl	5000162a
	static loadedLibraryNames	50001750
	static systemNativeLibraries	5000174f
	static nativeLibraryContext	5000174e
	static usr_paths	5000174d
	static sys_paths	5000174c
	constant pool entry 775	50000030
	constant pool entry 332	50000039
	constant pool entry 331	500000f4
	constant pool entry 328	500000be
	constant pool entry 325	50000129
	constant pool entry 324	500000c5
	constant pool entry 323	50000025
	constant pool entry 322	50000078
	constant pool entry 320	50000060
	constant pool entry 319	50000059
	constant pool entry 318	50000052
	constant pool entry 315	50000034
	constant pool entry 314	500000f1
	constant pool entry 312	500000d1
	constant pool entry 311	500000f8
	constant pool entry 308	500000d2
	constant pool entry 304	500000b9
	constant pool entry 303	50000087
	constant pool entry 301	500000d6
	constant pool entry 297	50000021
	constant pool entry 294	5000010c
	constant pool entry 292	5000006c
	constant pool entry 291	50000045
	constant pool entry 290	500000ad
	constant pool entry 287	500000f2
	constant pool entry 286	500000fa
	constant pool entry 285	50000070
	constant pool entry 284	500000fd
	constant pool entry 282	50000122
	constant pool entry 281	50000097
	constant pool entry 21	5000174b
	constant pool entry 18	5000174a
	constant pool entry 17	50001749
	constant pool entry 1	50001658
CLS 50000053 (name=sun.reflect.DelegatingClassLoader, trace=300000)
	super		500000f2
CLS 50000054 (name=java.security.PrivilegedExceptionAction, trace=300000)
CLS 50000056 (name=sun.misc.PostVMInitHook, trace=300000)
	super		50000021
	constant pool entry 67	50000056
	constant pool entry 64	50000087
	constant pool entry 63	50000023
	constant pool entry 55	50000097
	constant pool entry 9	50001ee6
	constant pool entry 5	50001ee5
	constant pool entry 4	50001c64
	constant pool entry 3	50001c6c
	constant pool entry 2	50001ee4
CLS 50000057 (name=java.lang.Double, trace=300000)
	super		50000089
	static TYPE	50001633
	constant pool entry 142	50000057
	constant pool entry 140	50000070
	constant pool entry 10	500017bc
CLS 50000058 (name=sun.reflect.MethodAccessorImpl, trace=300000)
	super		5000002e
CLS 50000075 (name=java.util.AbstractSet, trace=300000)
	super		500000a4
	constant pool entry 31	500000a4
CLS 50000059 (name=java.util.HashSet, trace=300000)
	super		50000075
	static PRESENT	50001767
	constant pool entry 84	50000059
	constant pool entry 83	50000052
	constant pool entry 81	50000075
	constant pool entry 80	50000021
CLS 5000005a (name=sun.net.www.protocol.jar.Handler, trace=300000)
	super		5000009a
	static separator	500017f9
	constant pool entry 78	5000009a
	constant pool entry 71	500017f9
CLS 5000005b (name=java.io.FileReader, trace=300000)
	super		5000003b
	constant pool entry 14	5000003b
	constant pool entry 11	500000ba
CLS 5000005c (name=java.lang.ref.Reference$ReferenceHandler, trace=300000)
	super		5000003d
	constant pool entry 28	50000121
	constant pool entry 27	5000003d
	constant pool entry 26	50000021
CLS 5000005f (name=java.lang.IllegalMonitorStateException, trace=300000)
	super		50000082
CLS 500000f0 (name=java.util.Dictionary, trace=300000)
	super		50000021
	constant pool entry 19	50000021
CLS 50000060 (name=java.util.Hashtable, trace=300000)
	super		500000f0
	static emptyEnumerator	50001747
	static emptyIterator	50001746
	constant pool entry 338	50000030
	constant pool entry 156	500000c6
	constant pool entry 155	5000000f
	constant pool entry 154	50000003
	constant pool entry 152	50000060
	constant pool entry 151	500000f0
	constant pool entry 148	50000021
	constant pool entry 143	50000047
CLS 500000c0 (name=java.nio.charset.CoderResult$Cache, trace=300000)
	super		50000021
	constant pool entry 31	500000c0
	constant pool entry 27	50000021
CLS 50000061 (name=java.nio.charset.CoderResult$2, trace=300000)
	super		500000c0
	constant pool entry 16	500000c0
CLS 50000062 (name=java.io.FilterInputStream, trace=300000)
	super		5000002c
	constant pool entry 26	5000002c
	constant pool entry 24	50000062
CLS 50000063 (name=java.util.Map$Entry, trace=300000)
CLS 50000064 (name=java.util.Map$Entry[], trace=300000)
	super		50000021
CLS 50000065 (name=java.lang.ref.ReferenceQueue, trace=300000)
	super		50000021
	static NULL	500016dd
	static ENQUEUED	500016dc
	constant pool entry 49	5000008a
	constant pool entry 48	5000007c
	constant pool entry 46	50000065
	constant pool entry 43	50000021
CLS 50000066 (name=java.util.Arrays, trace=300000)
	super		50000021
	constant pool entry 500	50000030
	constant pool entry 212	5000007e
	constant pool entry 211	50000087
	constant pool entry 207	500000ae
	constant pool entry 202	50000070
	constant pool entry 198	50000022
CLS 50000067 (name=java.lang.VirtualMachineError, trace=300000)
	super		50000028
CLS 50000068 (name=java.lang.VirtualMachineError[], trace=300000)
	super		50000021
CLS 50000069 (name=sun.misc.Unsafe, trace=300000)
	super		50000021
	static theUnsafe	500016ad
	constant pool entry 131	50000039
	constant pool entry 130	50000069
	constant pool entry 126	50000021
	constant pool entry 124	50000070
CLS 5000006b (name=sun.reflect.FieldAccessor, trace=300000)
CLS 5000006c (name=java.lang.ClassNotFoundException, trace=300000)
	super		5000006a
	constant pool entry 20	5000006a
CLS 500000d8 (name=java.lang.ThreadLocal, trace=300000)
	super		50000021
	static nextHashCode	500016da
	constant pool entry 54	50000094
	constant pool entry 51	5000015a
	constant pool entry 49	500000d8
	constant pool entry 48	5000003d
	constant pool entry 47	50000021
CLS 5000006d (name=sun.jkernel.DownloadManager$1, trace=300000)
	super		500000d8
	constant pool entry 16	500000d8
CLS 5000006f (name=java.lang.reflect.AccessibleObject[], trace=300000)
	super		50000021
CLS 50000070 (name=java.lang.Class, trace=300000)
	super		50000021
	static serialPersistentFields	500016b3
	static reflectionFactory	500016b2
	constant pool entry 954	50000030
	constant pool entry 417	50000113
	constant pool entry 416	500000e9
	constant pool entry 415	50000039
	constant pool entry 402	500000f8
	constant pool entry 398	500000e2
	constant pool entry 394	500000cc
	constant pool entry 393	50000050
	constant pool entry 390	50000091
	constant pool entry 388	50000087
	constant pool entry 386	500000d6
	constant pool entry 371	500000f2
	constant pool entry 366	500000a0
	constant pool entry 364	5000001e
	constant pool entry 363	50000070
	constant pool entry 361	500000ea
	constant pool entry 358	500000cd
CLS 50000071 (name=java.lang.Class[], trace=300000)
	super		50000021
CLS 50000072 (name=java.nio.charset.CoderResult$1, trace=300000)
	super		500000c0
	constant pool entry 14	500000c0
CLS 50000073 (name=java.security.SecureClassLoader, trace=300000)
	super		500000f2
	static defineClassCondMethod	50001ca4
	constant pool entry 184	50000030
	constant pool entry 93	500000c1
	constant pool entry 92	50000052
	constant pool entry 91	50000073
	constant pool entry 90	500000f1
	constant pool entry 89	50000218
	constant pool entry 88	5000007f
	constant pool entry 87	500000e2
	constant pool entry 85	50000087
	constant pool entry 83	500000d6
	constant pool entry 75	500000f2
	constant pool entry 74	50000070
	constant pool entry 73	500000fd
	constant pool entry 6	50001ca3
	constant pool entry 5	50001ca2
CLS 50000074 (name=java.io.BufferedInputStream, trace=300000)
	super		50000062
	static bufUpdater	50001d03
	constant pool entry 122	50000030
	constant pool entry 63	50000015
	constant pool entry 57	50000062
	constant pool entry 56	50000074
	constant pool entry 55	5000013d
	constant pool entry 4	50001d02
CLS 50000138 (name=java.io.OutputStream, trace=300000)
	super		50000021
	constant pool entry 26	50000021
CLS 50000085 (name=java.io.FilterOutputStream, trace=300000)
	super		50000138
	constant pool entry 20	50000138
	constant pool entry 18	50000085
CLS 50000076 (name=java.io.PrintStream, trace=300000)
	super		50000085
	constant pool entry 98	500000d6
	constant pool entry 92	50000076
	constant pool entry 91	50000005
	constant pool entry 90	50000138
	constant pool entry 87	50000085
	constant pool entry 83	50000119
CLS 50000077 (name=sun.reflect.DelegatingConstructorAccessorImpl, trace=300000)
	super		50000042
	constant pool entry 20	50000077
	constant pool entry 19	50000042
CLS 50000078 (name=java.util.Set, trace=300000)
CLS 50000079 (name=sun.io.Win32ErrorMode, trace=300000)
	super		50000021
	constant pool entry 45	500000f4
	constant pool entry 44	50000079
	constant pool entry 43	50000087
	constant pool entry 1	50001743
CLS 5000007a (name=java.util.concurrent.locks.ReentrantLock, trace=300000)
	super		50000021
	constant pool entry 88	50000017
	constant pool entry 87	50000108
	constant pool entry 85	5000007a
	constant pool entry 78	50000021
CLS 5000007b (name=java.util.concurrent.locks.ReentrantLock[], trace=300000)
	super		50000021
CLS 5000007c (name=java.lang.ref.ReferenceQueue$Lock, trace=300000)
	super		50000021
	constant pool entry 14	5000007c
	constant pool entry 11	50000021
CLS 5000007d (name=sun.misc.AtomicLong, trace=300000)
	super		50000021
CLS 5000007e (name=java.lang.reflect.Array, trace=300000)
	super		50000021
	constant pool entry 39	5000007e
CLS 500000c2 (name=java.nio.Buffer, trace=300000)
	super		50000021
	constant pool entry 46	500000c2
	constant pool entry 45	50000021
CLS 5000007f (name=java.nio.ByteBuffer, trace=300000)
	super		500000c2
	constant pool entry 132	5000011f
	constant pool entry 130	500000e1
	constant pool entry 129	5000007f
	constant pool entry 126	500000c2
	constant pool entry 125	500000ef
CLS 50000081 (name=java.lang.Compiler, trace=300000)
	super		50000021
	constant pool entry 26	500000f8
	constant pool entry 24	5000004b
	constant pool entry 23	50000081
CLS 50000083 (name=java.util.concurrent.ConcurrentHashMap, trace=300000)
	super		5000003a
	constant pool entry 133	500000a7
	constant pool entry 126	50000083
	constant pool entry 121	5000003a
	constant pool entry 120	50000021
CLS 50000084 (name=java.io.FileDescriptor, trace=300000)
	super		50000021
	static in	500016d1
	static out	500016d6
	static err	500016d5
	constant pool entry 38	50000094
	constant pool entry 37	50000021
	constant pool entry 35	50000084
CLS 50000086 (name=java.util.Map, trace=300000)
CLS 50000087 (name=java.lang.System, trace=300000)
	super		50000021
	static in	500016cd
	static out	500016cc
	static err	500016cb
	static props	500016ca
	constant pool entry 177	50000039
	constant pool entry 176	50000111
	constant pool entry 175	500000f4
	constant pool entry 174	5000011c
	constant pool entry 171	50000106
	constant pool entry 168	50000006
	constant pool entry 167	5000003d
	constant pool entry 166	50000118
	constant pool entry 165	50000027
	constant pool entry 163	50000087
	constant pool entry 161	500000d6
	constant pool entry 158	5000012e
	constant pool entry 154	50000044
	constant pool entry 150	50000076
	constant pool entry 148	500000f5
	constant pool entry 147	500000ba
	constant pool entry 146	50000084
	constant pool entry 145	500000e7
	constant pool entry 144	50000074
	constant pool entry 10	500016c9
	constant pool entry 1	50001658
CLS 50000088 (name=java.util.concurrent.locks.AbstractQueuedSynchronizer$Node, trace=300000)
	super		50000021
CLS 5000008a (name=java.lang.ref.ReferenceQueue$Null, trace=300000)
	super		50000065
	constant pool entry 14	5000008a
	constant pool entry 12	50000065
CLS 5000008b (name=java.lang.ThreadDeath, trace=300000)
	super		50000028
CLS 5000008c (name=java.lang.Terminator$1, trace=300000)
	super		50000021
	constant pool entry 20	50000021
CLS 5000008d (name=java.lang.StringBuffer, trace=300000)
	super		50000009
	static serialPersistentFields	5000172e
	constant pool entry 365	50000030
	constant pool entry 109	5000008d
	constant pool entry 108	500000d6
	constant pool entry 107	50000044
	constant pool entry 104	500000fd
	constant pool entry 103	50000009
	constant pool entry 101	500000ea
	constant pool entry 95	5000013e
	constant pool entry 4	500016d3
	constant pool entry 3	5000172d
	constant pool entry 1	5000172c
CLS 5000008e (name=sun.misc.JavaSecurityAccess, trace=300000)
CLS 5000008f (name=java.util.Collections$EmptyList, trace=300000)
	super		5000009d
	constant pool entry 41	5000008f
	constant pool entry 38	5000009d
CLS 50000090 (name=java.lang.Short, trace=300000)
	super		50000089
	static TYPE	50001638
	constant pool entry 96	50000090
	constant pool entry 91	50000070
	constant pool entry 10	50001e37
CLS 50000091 (name=java.lang.ref.SoftReference, trace=300000)
	super		50000121
	constant pool entry 15	50000091
	constant pool entry 14	50000121
CLS 50000092 (name=sun.nio.cs.SingleByteEncoder, trace=300000)
	super		5000004f
	constant pool entry 71	500000bd
	constant pool entry 70	500000c4
	constant pool entry 69	50000092
	constant pool entry 68	50000004
	constant pool entry 67	5000004f
	constant pool entry 66	50000117
	constant pool entry 65	5000007f
	constant pool entry 64	500000d6
	constant pool entry 63	50000070
CLS 500000ff (name=java.lang.ref.FinalReference, trace=300000)
	super		50000121
	constant pool entry 9	50000121
CLS 50000093 (name=java.lang.ref.Finalizer, trace=300000)
	super		500000ff
	static queue	50001649
	static unfinalized	50000210
	static lock	50001ec0
	constant pool entry 66	50000065
	constant pool entry 65	5000000b
	constant pool entry 61	50000093
	constant pool entry 60	500000ff
	constant pool entry 58	50000006
	constant pool entry 57	5000003d
	constant pool entry 56	50000021
CLS 50000094 (name=java.util.concurrent.atomic.AtomicInteger, trace=300000)
	super		50000089
	static unsafe	500016ad
	constant pool entry 64	50000069
	constant pool entry 63	50000094
	constant pool entry 62	50000089
	constant pool entry 58	50000070
	constant pool entry 1	500016d3
CLS 50000095 (name=java.util.Comparator, trace=300000)
CLS 50000096 (name=java.nio.Bits$1, trace=300000)
	super		50000021
	constant pool entry 16	50000021
CLS 50000097 (name=java.io.File, trace=300000)
	super		50000021
	static fs	500016e5
	static separator	500016e4
	static pathSeparator	500016e3
	constant pool entry 262	5000011c
	constant pool entry 254	50000087
	constant pool entry 253	50000023
	constant pool entry 252	500000d6
	constant pool entry 248	50000021
	constant pool entry 240	50000070
	constant pool entry 232	50000002
	constant pool entry 229	500000fc
	constant pool entry 228	50000097
	constant pool entry 1	50001658
CLS 50000098 (name=java.io.File[], trace=300000)
	super		50000021
CLS 50000099 (name=java.security.Guard, trace=300000)
CLS 5000009b (name=sun.reflect.NativeConstructorAccessorImpl, trace=300000)
	super		50000042
	constant pool entry 40	500000e9
	constant pool entry 39	5000009b
	constant pool entry 36	50000042
CLS 5000009c (name=java.net.Parts, trace=300000)
	super		50000021
	constant pool entry 27	5000009c
	constant pool entry 26	500000d6
	constant pool entry 25	50000021
CLS 5000009e (name=java.lang.reflect.AnnotatedElement, trace=300000)
CLS 5000009f (name=java.lang.reflect.AnnotatedElement[], trace=300000)
	super		50000021
CLS 500000a0 (name=java.lang.Class$3, trace=300000)
	super		50000021
	constant pool entry 33	50000087
	constant pool entry 31	50000021
	constant pool entry 29	50000070
	constant pool entry 1	50001e42
CLS 500000a1 (name=sun.misc.JavaLangAccess, trace=300000)
CLS 500000a2 (name=java.io.Serializable, trace=300000)
CLS 500000a3 (name=java.io.Serializable[], trace=300000)
	super		50000021
CLS 500000a5 (name=sun.misc.JavaNetAccess, trace=300000)
CLS 500000a6 (name=java.lang.Byte, trace=300000)
	super		50000089
	static TYPE	50001634
	constant pool entry 90	50000070
	constant pool entry 88	500000a6
	constant pool entry 9	50001e3b
CLS 500000a7 (name=java.util.concurrent.ConcurrentHashMap$Segment, trace=300000)
	super		5000007a
	constant pool entry 121	50000030
	constant pool entry 57	5000007a
	constant pool entry 56	500000a7
	constant pool entry 55	50000133
	constant pool entry 53	50000021
CLS 500000a8 (name=java.util.concurrent.ConcurrentHashMap$Segment[], trace=300000)
	super		50000021
CLS 500000a9 (name=java.util.Collections$ReverseComparator, trace=300000)
	super		50000021
	constant pool entry 29	500000a9
	constant pool entry 26	50000021
CLS 500000aa (name=java.io.ObjectStreamClass, trace=300000)
	super		50000021
	static NO_FIELDS	500016c2
	static serialPersistentFields	500016c2
	static reflFactory	500016b2
	constant pool entry 942	50000030
	constant pool entry 445	50000113
	constant pool entry 444	500000e9
	constant pool entry 435	500000f8
	constant pool entry 421	50000023
	constant pool entry 420	500000d6
	constant pool entry 419	50000090
	constant pool entry 412	5000003f
	constant pool entry 410	50000044
	constant pool entry 407	50000047
	constant pool entry 403	50000057
	constant pool entry 401	50000070
	constant pool entry 400	500000e6
	constant pool entry 399	500000a6
	constant pool entry 398	500000fd
	constant pool entry 396	500000ea
	constant pool entry 382	500000aa
CLS 500000ab (name=java.util.Collections$EmptySet, trace=300000)
	super		50000075
	constant pool entry 30	500000ab
	constant pool entry 27	50000075
CLS 500000ac (name=java.io.ExpiringCache$Entry, trace=300000)
	super		50000021
	constant pool entry 23	50000021
	constant pool entry 22	500000ac
CLS 500000ad (name=java.lang.ClassLoader$3, trace=300000)
	super		50000021
	constant pool entry 25	50000021
	constant pool entry 24	500000ad
	constant pool entry 22	500000fd
	constant pool entry 21	50000097
CLS 500000ae (name=java.lang.Math, trace=300000)
	super		50000021
	constant pool entry 93	500000ae
	constant pool entry 92	50000047
	constant pool entry 91	50000057
CLS 500000af (name=java.lang.reflect.Type, trace=300000)
CLS 500000b0 (name=java.lang.reflect.Type[], trace=300000)
	super		50000021
CLS 500000b1 (name=sun.misc.Signal, trace=300000)
	super		50000021
	static handlers	50001e29
	static signals	50001e28
	constant pool entry 78	5000002a
	constant pool entry 76	500000b1
	constant pool entry 75	50000043
	constant pool entry 74	50000060
	constant pool entry 70	50000021
	constant pool entry 69	50000044
CLS 500000b2 (name=sun.nio.cs.StreamEncoder, trace=300000)
	super		500000dc
	constant pool entry 118	500000b2
	constant pool entry 115	50000010
	constant pool entry 114	50000004
	constant pool entry 113	5000004f
	constant pool entry 112	5000002f
	constant pool entry 110	50000117
	constant pool entry 109	5000007f
	constant pool entry 106	50000070
	constant pool entry 104	500000dc
	constant pool entry 102	50000138
CLS 500000b3 (name=java.lang.ref.WeakReference, trace=300000)
	super		50000121
	constant pool entry 9	50000121
CLS 500000b4 (name=sun.misc.JavaNioAccess, trace=300000)
CLS 500000b5 (name=java.util.concurrent.ConcurrentMap, trace=300000)
CLS 50000116 (name=sun.nio.cs.SingleByteDecoder, trace=300000)
	super		50000040
	constant pool entry 50	50000116
	constant pool entry 49	50000004
	constant pool entry 48	50000040
	constant pool entry 47	50000117
	constant pool entry 46	5000007f
	constant pool entry 45	500000d6
	constant pool entry 44	50000070
CLS 500000b6 (name=sun.nio.cs.MS1252$Decoder, trace=300000)
	super		50000116
	static byteToCharTable	50001c3f
	constant pool entry 16	50000116
	constant pool entry 1	50001c3f
CLS 50000117 (name=java.nio.CharBuffer, trace=300000)
	super		500000c2
	constant pool entry 91	500000b7
	constant pool entry 90	50000117
	constant pool entry 87	500000c2
CLS 500000b7 (name=java.nio.HeapCharBuffer, trace=300000)
	super		50000117
	constant pool entry 131	50000030
	constant pool entry 64	50000117
CLS 500000b8 (name=java.util.ArrayList, trace=300000)
	super		5000009d
	constant pool entry 187	50000030
	constant pool entry 100	50000066
	constant pool entry 99	500000b8
	constant pool entry 98	5000009d
	constant pool entry 95	50000021
	constant pool entry 84	50000022
CLS 500000b9 (name=java.lang.SystemClassLoaderAction, trace=300000)
	super		50000021
	constant pool entry 61	50000030
	constant pool entry 34	500000b9
	constant pool entry 33	50000087
	constant pool entry 32	50000021
	constant pool entry 30	500000f2
	constant pool entry 29	50000070
	constant pool entry 1	50001cef
CLS 500000ba (name=java.io.FileInputStream, trace=300000)
	super		5000002c
	static runningFinalize	500016d9
	constant pool entry 71	500000d8
	constant pool entry 70	50000087
	constant pool entry 68	50000021
	constant pool entry 65	5000002c
	constant pool entry 62	500000ba
	constant pool entry 61	50000084
	constant pool entry 60	50000097
CLS 500000bb (name=java.lang.Thread$UncaughtExceptionHandler, trace=300000)
CLS 500000bc (name=java.lang.Thread$UncaughtExceptionHandler[], trace=300000)
	super		50000021
CLS 500000bd (name=sun.nio.cs.Surrogate$Parser, trace=300000)
	super		50000021
	constant pool entry 45	500000bd
	constant pool entry 44	500000c4
	constant pool entry 43	50000004
	constant pool entry 41	50000021
	constant pool entry 40	50000070
CLS 500000be (name=sun.misc.Launcher, trace=300000)
	super		50000021
	static factory	50001c5d
	static launcher	50001c5c
	constant pool entry 255	50000030
	constant pool entry 134	500000cb
	constant pool entry 132	50000110
	constant pool entry 131	50000137
	constant pool entry 130	500000fe
	constant pool entry 127	500000be
	constant pool entry 123	500000d2
	constant pool entry 121	5000003d
	constant pool entry 120	50000087
	constant pool entry 118	500000d6
	constant pool entry 116	50000021
	constant pool entry 107	50000097
	constant pool entry 7	500017d1
CLS 500000bf (name=java.lang.NoSuchMethodError, trace=300000)
	super		5000004c
	constant pool entry 9	5000004c
CLS 500000c1 (name=sun.security.util.Debug, trace=300000)
	super		50000021
	static hexDigits	500017e0
	constant pool entry 165	500000c1
	constant pool entry 164	5000001a
	constant pool entry 161	500000f8
	constant pool entry 156	500000d6
	constant pool entry 38	500017df
	constant pool entry 37	500017de
	constant pool entry 16	500017dd
CLS 500000c3 (name=java.util.Locale, trace=300000)
	super		50000021
	static cache	50001694
	static ENGLISH	50001693
	static FRENCH	50001692
	static GERMAN	50001691
	static ITALIAN	50001690
	static JAPANESE	5000168f
	static KOREAN	5000168e
	static CHINESE	5000168d
	static SIMPLIFIED_CHINESE	50001687
	static TRADITIONAL_CHINESE	50001686
	static FRANCE	5000168c
	static GERMANY	5000168b
	static ITALY	5000168a
	static JAPAN	50001689
	static KOREA	50001688
	static CHINA	50001687
	static PRC	50001687
	static TAIWAN	50001686
	static UK	50001685
	static US	50001681
	static CANADA	50001684
	static CANADA_FRENCH	50001683
	static ROOT	50001682
	static defaultLocale	50001681
	constant pool entry 302	5000001a
	constant pool entry 300	50000083
	constant pool entry 295	500000c3
	constant pool entry 293	500000f8
	constant pool entry 291	50000023
	constant pool entry 289	500000d6
	constant pool entry 287	50000021
	constant pool entry 62	50001680
	constant pool entry 61	5000167f
	constant pool entry 60	5000167e
	constant pool entry 59	5000167d
	constant pool entry 56	5000167c
	constant pool entry 55	5000167b
	constant pool entry 54	5000167a
	constant pool entry 53	50001679
	constant pool entry 52	50001678
	constant pool entry 51	50001677
	constant pool entry 50	50001676
	constant pool entry 48	50001675
	constant pool entry 47	50001674
	constant pool entry 46	50001673
	constant pool entry 44	50001672
	constant pool entry 43	50001671
	constant pool entry 42	50001670
	constant pool entry 38	5000166f
	constant pool entry 37	5000166e
	constant pool entry 36	5000166d
	constant pool entry 35	5000166c
	constant pool entry 34	5000166b
	constant pool entry 33	5000166a
	constant pool entry 32	50001669
	constant pool entry 31	50001668
	constant pool entry 30	50001667
	constant pool entry 29	50001666
	constant pool entry 28	50001665
	constant pool entry 27	50001664
	constant pool entry 25	50001663
	constant pool entry 23	50001662
	constant pool entry 22	50001661
	constant pool entry 17	50001660
	constant pool entry 16	5000165f
	constant pool entry 15	5000165e
	constant pool entry 14	5000165d
	constant pool entry 12	5000165c
	constant pool entry 10	5000165b
	constant pool entry 6	5000165a
	constant pool entry 5	50001659
	constant pool entry 1	50001658
CLS 500000c4 (name=sun.nio.cs.Surrogate, trace=300000)
	super		50000021
	constant pool entry 48	500000c4
	constant pool entry 46	50000070
CLS 500000c6 (name=java.util.Hashtable$Entry, trace=300000)
	super		50000021
	constant pool entry 45	500000c6
	constant pool entry 42	50000021
CLS 500000c7 (name=java.util.Hashtable$Entry[], trace=300000)
	super		50000021
CLS 500000c8 (name=sun.reflect.LangReflectAccess, trace=300000)
CLS 500000c9 (name=sun.nio.cs.FastCharsetProvider, trace=300000)
	super		50000012
	constant pool entry 131	50000030
	constant pool entry 64	500000c9
	constant pool entry 63	50000086
	constant pool entry 62	50000012
	constant pool entry 61	5000002f
	constant pool entry 60	50000023
	constant pool entry 59	500000d6
	constant pool entry 58	50000021
	constant pool entry 54	50000070
	constant pool entry 2	50001897
	constant pool entry 1	50001799
CLS 500000ca (name=java.lang.String$CaseInsensitiveComparator, trace=300000)
	super		50000021
	constant pool entry 33	500000ca
	constant pool entry 31	500000d6
	constant pool entry 30	50000021
CLS 500000cb (name=sun.net.www.ParseUtil, trace=300000)
	super		50000021
	static encodedInPath	50001791
	static hexDigits	50001790
	constant pool entry 446	50000030
	constant pool entry 222	500000cb
	constant pool entry 221	5000012a
	constant pool entry 216	500000d2
	constant pool entry 211	50000023
	constant pool entry 209	500000d6
	constant pool entry 206	500000ae
	constant pool entry 205	50000044
	constant pool entry 203	50000070
	constant pool entry 202	500000e6
	constant pool entry 200	50000097
	constant pool entry 24	50001776
	constant pool entry 19	5000178f
	constant pool entry 18	5000178e
	constant pool entry 17	5000178d
	constant pool entry 16	5000178c
	constant pool entry 7	5000178b
	constant pool entry 6	5000178a
	constant pool entry 5	50001789
	constant pool entry 4	50001788
	constant pool entry 3	50001787
	constant pool entry 2	50001658
CLS 500000cc (name=java.lang.reflect.Field, trace=300000)
	super		5000006e
	constant pool entry 135	500000cc
	constant pool entry 134	5000006e
CLS 500000cd (name=java.lang.reflect.Field[], trace=300000)
	super		50000021
CLS 500000ce (name=java.net.URLClassLoader, trace=300000)
	super		50000073
	static defineClassNoVerifyMethod	50001c9e
	constant pool entry 429	50000030
	constant pool entry 207	50000032
	constant pool entry 206	5000011c
	constant pool entry 205	5000020c
	constant pool entry 201	50000073
	constant pool entry 200	500001d4
	constant pool entry 199	500000d0
	constant pool entry 198	5000005e
	constant pool entry 197	500000d1
	constant pool entry 196	500000f8
	constant pool entry 195	5000007f
	constant pool entry 194	50000246
	constant pool entry 193	5000010a
	constant pool entry 187	50000168
	constant pool entry 186	500000ce
	constant pool entry 185	500000d2
	constant pool entry 182	500000e2
	constant pool entry 180	50000087
	constant pool entry 179	50000023
	constant pool entry 178	500000d6
	constant pool entry 168	5000006c
	constant pool entry 167	50000070
	constant pool entry 165	5000025c
	constant pool entry 164	50000097
	constant pool entry 9	5000177d
	constant pool entry 7	50001c9d
	constant pool entry 2	50001788
CLS 500000cf (name=java.security.AccessControlContext, trace=300000)
	super		50000021
	constant pool entry 128	5000011c
	constant pool entry 121	500000f8
	constant pool entry 118	5000004d
	constant pool entry 117	500000cf
	constant pool entry 111	50000021
CLS 500000d0 (name=java.security.PermissionCollection, trace=300000)
	super		50000021
	constant pool entry 42	500000d0
	constant pool entry 40	50000021
CLS 500000d1 (name=java.security.CodeSource, trace=300000)
	super		50000021
	constant pool entry 147	500000d1
	constant pool entry 145	500000d2
	constant pool entry 140	50000021
CLS 500000d2 (name=java.net.URL, trace=300000)
	super		50000021
	static protocolPathProp	5000179b
	static handlers	500017a0
	static streamHandlerLock	5000179f
	constant pool entry 217	5000001a
	constant pool entry 215	50000018
	constant pool entry 214	50000060
	constant pool entry 213	500000f8
	constant pool entry 211	5000009a
	constant pool entry 209	500000d2
	constant pool entry 204	5000009c
	constant pool entry 200	50000087
	constant pool entry 199	50000023
	constant pool entry 198	500000d6
	constant pool entry 196	50000021
	constant pool entry 190	50000070
	constant pool entry 17	5000179e
	constant pool entry 16	5000179d
	constant pool entry 14	5000179c
	constant pool entry 11	5000179b
	constant pool entry 4	5000178b
	constant pool entry 3	5000179a
	constant pool entry 2	50001799
	constant pool entry 1	50001658
CLS 500000d3 (name=java.net.URL[], trace=300000)
	super		50000021
CLS 500000d4 (name=java.lang.CharSequence, trace=300000)
CLS 500000d5 (name=java.lang.CharSequence[], trace=300000)
	super		50000021
CLS 500000d6 (name=java.lang.String, trace=300000)
	super		50000021
	static serialPersistentFields	50001657
	static CASE_INSENSITIVE_ORDER	50001656
	constant pool entry 450	50000030
	constant pool entry 212	500000c3
	constant pool entry 210	50000095
	constant pool entry 209	50000066
	constant pool entry 208	50000087
	constant pool entry 207	5000004e
	constant pool entry 205	50000157
	constant pool entry 202	500000ca
	constant pool entry 200	500000d6
	constant pool entry 199	50000021
	constant pool entry 195	50000044
	constant pool entry 188	500000e6
	constant pool entry 183	500000ea
	constant pool entry 12	50001655
	constant pool entry 11	50001654
	constant pool entry 10	5000163f
	constant pool entry 9	50001653
	constant pool entry 8	50001652
	constant pool entry 7	50001651
	constant pool entry 6	50001650
	constant pool entry 5	5000164f
CLS 500000d7 (name=java.lang.String[], trace=300000)
	super		50000021
CLS 500000d9 (name=sun.misc.AtomicLongCSImpl, trace=300000)
	super		5000007d
CLS 500000db (name=java.util.HashMap$Entry[], trace=300000)
	super		50000021
CLS 500000dd (name=java.io.ExpiringCache$1, trace=300000)
	super		50000020
	constant pool entry 22	50000020
	constant pool entry 21	500000dd
	constant pool entry 20	50000037
CLS 500000de (name=java.lang.Package, trace=300000)
	super		50000021
CLS 500000df (name=java.lang.Package[], trace=300000)
	super		50000021
CLS 500000e0 (name=sun.misc.OSEnvironment, trace=300000)
	super		50000021
	constant pool entry 11	50000079
CLS 500000e1 (name=java.nio.ByteOrder, trace=300000)
	super		50000021
	static BIG_ENDIAN	50001c3b
	static LITTLE_ENDIAN	50001c3a
	constant pool entry 23	500000e1
	constant pool entry 21	50000021
	constant pool entry 2	50001c39
	constant pool entry 1	50001c38
CLS 500000e2 (name=java.lang.reflect.Method, trace=300000)
	super		5000006e
	constant pool entry 169	500000e2
	constant pool entry 164	5000006e
	constant pool entry 150	50000071
CLS 500000e3 (name=java.lang.reflect.Method[], trace=300000)
	super		50000021
CLS 500000e4 (name=sun.misc.MetaIndex, trace=300000)
	super		50000021
	static jarMap	50001804
	constant pool entry 149	50000030
	constant pool entry 76	500000e4
	constant pool entry 75	50000086
	constant pool entry 74	500000e8
	constant pool entry 73	50000052
	constant pool entry 72	500000b8
	constant pool entry 71	500000d6
	constant pool entry 70	50000021
	constant pool entry 68	50000070
	constant pool entry 65	5000005b
	constant pool entry 64	50000097
	constant pool entry 63	50000120
	constant pool entry 62	500000d7
	constant pool entry 3	50001803
	constant pool entry 1	50001802
CLS 500000e5 (name=sun.misc.Launcher$AppClassLoader$1, trace=300000)
	super		50000021
	constant pool entry 28	500000e5
	constant pool entry 27	500000fe
	constant pool entry 26	500000be
	constant pool entry 23	50000021
CLS 500000e6 (name=java.lang.Character, trace=300000)
	super		50000021
	static TYPE	50001636
	constant pool entry 255	50000070
	constant pool entry 252	50000026
	constant pool entry 244	500000e6
	constant pool entry 8	500017a4
CLS 500000e7 (name=java.io.BufferedOutputStream, trace=300000)
	super		50000085
	constant pool entry 59	50000030
	constant pool entry 32	50000087
	constant pool entry 30	50000138
	constant pool entry 28	50000085
	constant pool entry 27	500000e7
CLS 500000e8 (name=java.util.List, trace=300000)
CLS 500000e9 (name=sun.reflect.ReflectionFactory, trace=300000)
	super		50000021
	static reflectionFactoryAccessPerm	500016b6
	static soleInstance	500016b2
	static langReflectAccess	500016b5
	constant pool entry 109	50000036
	constant pool entry 108	500000e9
	constant pool entry 107	50000039
	constant pool entry 105	5000009b
	constant pool entry 103	500000c8
	constant pool entry 100	50000077
	constant pool entry 99	50000042
	constant pool entry 97	500000f8
	constant pool entry 96	50000019
	constant pool entry 94	50000050
	constant pool entry 93	50000087
	constant pool entry 91	50000126
	constant pool entry 90	50000021
	constant pool entry 89	50000070
	constant pool entry 2	500016b4
CLS 500000ea (name=java.io.ObjectStreamField, trace=300000)
	super		50000021
	constant pool entry 77	500000d6
	constant pool entry 75	50000021
	constant pool entry 63	500000ea
	constant pool entry 62	500000aa
CLS 500000eb (name=java.io.ObjectStreamField[], trace=300000)
	super		50000021
CLS 500000ec (name=java.lang.reflect.GenericDeclaration, trace=300000)
CLS 500000ed (name=java.lang.reflect.GenericDeclaration[], trace=300000)
	super		50000021
CLS 500000ee (name=java.util.concurrent.atomic.AtomicReferenceFieldUpdater$AtomicReferenceFieldUpdaterImpl, trace=300000)
	super		50000015
	static unsafe	500016ad
	constant pool entry 90	50000109
	constant pool entry 89	50000039
	constant pool entry 88	50000069
	constant pool entry 87	500000ee
	constant pool entry 86	50000015
	constant pool entry 85	50000019
	constant pool entry 84	500000cc
	constant pool entry 81	50000021
	constant pool entry 76	50000070
CLS 500000ef (name=java.nio.Bits, trace=300000)
	super		50000021
	static unsafe	500016ad
	static byteOrder	50001c3a
	constant pool entry 241	500000f4
	constant pool entry 240	50000069
	constant pool entry 239	5000011c
	constant pool entry 237	500000e1
	constant pool entry 235	50000096
	constant pool entry 234	500000ef
	constant pool entry 224	50000070
CLS 500000f1 (name=java.security.ProtectionDomain, trace=300000)
	super		50000021
	constant pool entry 249	50000030
	constant pool entry 122	500000c1
	constant pool entry 121	5000011c
	constant pool entry 117	500002c7
	constant pool entry 116	500002c4
	constant pool entry 114	500000f1
	constant pool entry 113	500002c9
	constant pool entry 111	50000218
	constant pool entry 110	500000d0
	constant pool entry 102	50000021
	constant pool entry 10	50001caa
CLS 500000f3 (name=java.io.WinNTFileSystem, trace=300000)
	super		50000008
	constant pool entry 37	500000f3
	constant pool entry 36	50000008
CLS 500000f4 (name=sun.misc.VM, trace=300000)
	super		50000021
	constant pool entry 132	500000f4
	constant pool entry 131	500000e0
	constant pool entry 130	50000106
	constant pool entry 124	50000087
	constant pool entry 122	500000d6
	constant pool entry 121	5000012e
	constant pool entry 6	50001742
	constant pool entry 5	50001741
	constant pool entry 1	50001740
CLS 500000f5 (name=java.io.FileOutputStream, trace=300000)
	super		50000138
	static runningFinalize	50001d0b
	constant pool entry 74	500000d8
	constant pool entry 73	50000087
	constant pool entry 71	50000021
	constant pool entry 68	50000138
	constant pool entry 66	500000f5
	constant pool entry 64	50000084
CLS 500000f7 (name=sun.misc.JavaIOFileAccess, trace=300000)
CLS 500000f8 (name=java.security.AccessController, trace=300000)
	super		50000021
	constant pool entry 67	500000f8
	constant pool entry 65	500000cf
CLS 500000f9 (name=java.util.Collections$SynchronizedMap, trace=300000)
	super		50000021
	constant pool entry 60	50000086
	constant pool entry 58	500000f9
	constant pool entry 55	50000021
CLS 500000fa (name=java.lang.ClassFormatError, trace=300000)
	super		5000011a
CLS 500000fb (name=java.io.Flushable, trace=300000)
CLS 500000fc (name=java.io.File$1, trace=300000)
	super		50000021
	constant pool entry 19	50000021
CLS 500000fd (name=java.lang.Boolean, trace=300000)
	super		50000021
	static TRUE	50001cb2
	static FALSE	50001cb1
	static TYPE	50001635
	constant pool entry 61	50000021
	constant pool entry 57	50000070
	constant pool entry 56	500000fd
	constant pool entry 1	50001cb0
CLS 500000fe (name=sun.misc.Launcher$AppClassLoader, trace=300000)
	super		500000ce
	constant pool entry 87	500000e5
	constant pool entry 86	500000fe
	constant pool entry 85	500000be
	constant pool entry 84	50000129
	constant pool entry 82	500000d0
	constant pool entry 80	500000f8
	constant pool entry 78	500000ce
	constant pool entry 75	50000087
	constant pool entry 74	500000d6
	constant pool entry 72	50000126
	constant pool entry 70	50000070
	constant pool entry 2	50001c5e
	constant pool entry 1	500016b8
CLS 50000100 (name=java.util.concurrent.locks.Lock, trace=300000)
CLS 50000101 (name=java.util.concurrent.locks.Lock[], trace=300000)
	super		50000021
CLS 50000102 (name=java.security.PrivilegedAction, trace=300000)
CLS 50000103 (name=sun.nio.cs.StreamDecoder, trace=300000)
	super		50000131
	constant pool entry 131	50000103
	constant pool entry 128	50000010
	constant pool entry 127	50000004
	constant pool entry 126	50000040
	constant pool entry 125	5000002f
	constant pool entry 122	50000117
	constant pool entry 121	5000007f
	constant pool entry 117	50000070
	constant pool entry 114	50000131
	constant pool entry 113	5000002c
CLS 50000105 (name=java.lang.Throwable[], trace=300000)
	super		50000021
CLS 50000106 (name=java.util.Properties, trace=300000)
	super		50000060
	static hexDigit	50001745
	constant pool entry 250	50000030
	constant pool entry 115	50000106
	constant pool entry 113	50000060
	constant pool entry 108	500000d6
CLS 50000107 (name=java.lang.ref.Reference$Lock, trace=300000)
	super		50000021
	constant pool entry 14	50000107
	constant pool entry 11	50000021
CLS 50000108 (name=java.util.concurrent.locks.ReentrantLock$NonfairSync, trace=300000)
	super		50000017
	constant pool entry 29	50000017
	constant pool entry 28	50000108
	constant pool entry 26	5000003d
CLS 50000109 (name=sun.reflect.misc.ReflectUtil, trace=300000)
	super		50000021
	constant pool entry 56	50000109
	constant pool entry 55	50000039
	constant pool entry 54	50000019
	constant pool entry 53	50000087
	constant pool entry 45	50000070
CLS 5000010a (name=java.net.URLClassLoader$7, trace=300000)
	super		50000021
	constant pool entry 15	50000021
CLS 5000010b (name=java.util.RandomAccess, trace=300000)
CLS 5000010c (name=java.lang.IllegalArgumentException, trace=300000)
	super		50000082
CLS 5000010d (name=java.lang.reflect.Member, trace=300000)
CLS 5000010e (name=java.lang.reflect.Member[], trace=300000)
	super		50000021
CLS 5000010f (name=sun.nio.cs.StandardCharsets, trace=300000)
	super		500000c9
	static aliases_US_ASCII	50001bf2
	static aliases_UTF_8	50001bf1
	static aliases_UTF_16	50001bf0
	static aliases_UTF_16BE	50001bef
	static aliases_UTF_16LE	50001bee
	static aliases_UTF_16LE_BOM	50001bed
	static aliases_UTF_32	50001bec
	static aliases_UTF_32LE	50001beb
	static aliases_UTF_32BE	50001bea
	static aliases_UTF_32LE_BOM	50001be9
	static aliases_UTF_32BE_BOM	50001be8
	static aliases_ISO_8859_1	50001be7
	static aliases_ISO_8859_2	50001be6
	static aliases_ISO_8859_4	50001be5
	static aliases_ISO_8859_5	50001be4
	static aliases_ISO_8859_7	50001be3
	static aliases_ISO_8859_9	50001be2
	static aliases_ISO_8859_13	50001be1
	static aliases_ISO_8859_15	50001be0
	static aliases_KOI8_R	50001bdf
	static aliases_KOI8_U	50001bde
	static aliases_MS1250	50001bdd
	static aliases_MS1251	50001bdc
	static aliases_MS1252	50001b8d
	static aliases_MS1253	50001bdb
	static aliases_MS1254	50001bda
	static aliases_MS1257	50001bd9
	static aliases_IBM437	50001bd8
	static aliases_IBM737	50001bd7
	static aliases_IBM775	50001bd6
	static aliases_IBM850	50001bd5
	static aliases_IBM852	50001bd4
	static aliases_IBM855	50001bd3
	static aliases_IBM857	50001bd2
	static aliases_IBM858	50001bd1
	static aliases_IBM862	50001bd0
	static aliases_IBM866	50001bcf
	static aliases_IBM874	50001bce
	constant pool entry 568	50000030
	constant pool entry 478	5000001b
	constant pool entry 477	50000132
	constant pool entry 476	5000012d
	constant pool entry 474	5000010f
	constant pool entry 473	500000c9
	constant pool entry 472	500000d6
	constant pool entry 209	500019e8
	constant pool entry 208	50001a64
	constant pool entry 207	50001a28
	constant pool entry 206	50001b35
	constant pool entry 205	50001a18
	constant pool entry 204	500019f7
	constant pool entry 203	50001847
	constant pool entry 202	50001a84
	constant pool entry 201	50001a86
	constant pool entry 200	50001a88
	constant pool entry 199	50001a8a
	constant pool entry 198	50001abc
	constant pool entry 197	50001ac0
	constant pool entry 196	50001ac9
	constant pool entry 195	50001acd
	constant pool entry 194	50001b2d
	constant pool entry 193	50001b2f
	constant pool entry 192	50001aac
	constant pool entry 191	50001adf
	constant pool entry 190	500019e2
	constant pool entry 189	50001ae7
	constant pool entry 188	50001ae9
	constant pool entry 187	50001aeb
	constant pool entry 186	50001aed
	constant pool entry 185	50001aef
	constant pool entry 184	50001a37
	constant pool entry 183	50001a08
	constant pool entry 182	50001a0c
	constant pool entry 181	50001b0c
	constant pool entry 180	50001a60
	constant pool entry 179	50001a62
	constant pool entry 178	50001a78
	constant pool entry 177	50001a82
	constant pool entry 176	50001a90
	constant pool entry 175	50001a92
	constant pool entry 174	50001ad1
	constant pool entry 173	50001ae1
	constant pool entry 172	50001ae3
	constant pool entry 171	50001ae5
	constant pool entry 170	50001a5a
	constant pool entry 169	500018f8
	constant pool entry 168	50001906
	constant pool entry 167	5000187a
	constant pool entry 166	50001885
	constant pool entry 165	5000189c
	constant pool entry 164	500018a5
	constant pool entry 163	50001aa2
	constant pool entry 162	5000189f
	constant pool entry 161	50001a76
	constant pool entry 160	50001888
	constant pool entry 159	50001aa6
	constant pool entry 158	50001acf
	constant pool entry 157	50001ad3
	constant pool entry 156	50001ad6
	constant pool entry 155	50001a56
	constant pool entry 154	50001a5c
	constant pool entry 153	50001a5e
	constant pool entry 152	50001a6c
	constant pool entry 151	50001a6e
	constant pool entry 150	50001a70
	constant pool entry 149	50001a72
	constant pool entry 148	50001a98
	constant pool entry 147	50001a2e
	constant pool entry 146	50001a6a
	constant pool entry 145	50001a20
	constant pool entry 144	50001ad8
	constant pool entry 143	50001a16
	constant pool entry 142	50001a52
	constant pool entry 141	50001ac3
	constant pool entry 140	500019ea
	constant pool entry 139	50001b1a
	constant pool entry 138	50001a02
	constant pool entry 137	500019ce
	constant pool entry 136	50001a0e
	constant pool entry 135	50001bcd
	constant pool entry 134	50001bcc
	constant pool entry 133	50001bcb
	constant pool entry 132	50001bca
	constant pool entry 131	50001bc9
	constant pool entry 130	50001bc8
	constant pool entry 129	50001bc7
	constant pool entry 128	50001bc6
	constant pool entry 127	50001bc5
	constant pool entry 126	50001bc4
	constant pool entry 125	50001bc3
	constant pool entry 124	50001bc2
	constant pool entry 123	50001bc1
	constant pool entry 122	50001b23
	constant pool entry 121	50001b25
	constant pool entry 120	50001b27
	constant pool entry 119	50001b29
	constant pool entry 118	50001b2b
	constant pool entry 117	50001a94
	constant pool entry 116	50001a9e
	constant pool entry 115	50001aa0
	constant pool entry 114	50001ab0
	constant pool entry 113	50001ab5
	constant pool entry 112	50001aba
	constant pool entry 111	50001abe
	constant pool entry 110	50001ac5
	constant pool entry 109	50001b15
	constant pool entry 108	50001b18
	constant pool entry 107	50001a7a
	constant pool entry 106	50001ab2
	constant pool entry 105	500019d4
	constant pool entry 104	500019d6
	constant pool entry 103	500019da
	constant pool entry 102	500019dc
	constant pool entry 101	500019de
	constant pool entry 100	500019e0
	constant pool entry 99	50001a66
	constant pool entry 98	50001a24
	constant pool entry 97	50001a3d
	constant pool entry 96	50001a40
	constant pool entry 95	50001a42
	constant pool entry 94	50001a44
	constant pool entry 93	50001a46
	constant pool entry 92	50001a48
	constant pool entry 91	50001a2c
	constant pool entry 90	50001a04
	constant pool entry 89	50001a14
	constant pool entry 88	50001b1c
	constant pool entry 87	50001bc0
	constant pool entry 86	50001bbf
	constant pool entry 85	50001bbe
	constant pool entry 84	50001bbd
	constant pool entry 83	50001bbc
	constant pool entry 82	50001bbb
	constant pool entry 81	50001bba
	constant pool entry 80	50001bb9
	constant pool entry 79	5000187e
	constant pool entry 78	50001864
	constant pool entry 77	50001870
	constant pool entry 76	500018e8
	constant pool entry 75	500018fc
	constant pool entry 74	500018ff
	constant pool entry 73	500018d1
	constant pool entry 72	500018dc
	constant pool entry 71	50001bb8
	constant pool entry 70	50001bb7
	constant pool entry 69	50001bb6
	constant pool entry 68	50001bb5
	constant pool entry 67	50001bb4
	constant pool entry 66	50001bb3
	constant pool entry 65	50001bb2
	constant pool entry 64	500018cb
	constant pool entry 63	50001bb1
	constant pool entry 62	50001bb0
	constant pool entry 61	50001baf
	constant pool entry 60	50001bae
	constant pool entry 59	50001bad
	constant pool entry 58	50001bac
	constant pool entry 57	50001bab
	constant pool entry 56	50001baa
	constant pool entry 55	50001ba9
	constant pool entry 54	50001ba8
	constant pool entry 53	50001ba7
	constant pool entry 52	50001ba6
	constant pool entry 51	50001ba5
	constant pool entry 50	50001ba4
	constant pool entry 49	50001ba3
	constant pool entry 48	50001ba2
	constant pool entry 47	50001ba1
	constant pool entry 46	50001ba0
	constant pool entry 45	50001b9f
	constant pool entry 44	50001b9e
	constant pool entry 43	50001b9d
	constant pool entry 42	50001b9c
	constant pool entry 41	50001b9b
	constant pool entry 40	50001b9a
	constant pool entry 39	50001b99
	constant pool entry 38	50001b98
	constant pool entry 37	50001b97
	constant pool entry 36	50001b96
	constant pool entry 35	50001b95
	constant pool entry 34	50001b94
	constant pool entry 33	50001b93
	constant pool entry 32	50001b92
	constant pool entry 31	50001b91
	constant pool entry 30	50001b90
	constant pool entry 29	50001b8f
	constant pool entry 28	50001b8e
	constant pool entry 27	50001b4d
	constant pool entry 26	50001b4f
	constant pool entry 25	50001b51
	constant pool entry 24	50001b53
	constant pool entry 23	50001b55
	constant pool entry 22	50001b3b
	constant pool entry 21	50001b3d
	constant pool entry 20	50001b41
	constant pool entry 19	50001b44
	constant pool entry 18	50001b46
	constant pool entry 17	50001a26
	constant pool entry 16	50001a2a
	constant pool entry 15	50001b4a
	constant pool entry 14	50001af5
	constant pool entry 13	50001aff
	constant pool entry 12	50001b01
	constant pool entry 11	50001b05
	constant pool entry 10	50001b0a
	constant pool entry 9	50001b0f
	constant pool entry 8	50001b11
	constant pool entry 7	50001b13
	constant pool entry 6	50001b37
	constant pool entry 5	50001b3f
	constant pool entry 4	50001aaa
	constant pool entry 3	50001b07
	constant pool entry 2	50001ada
	constant pool entry 1	50001a8e
CLS 50000110 (name=sun.misc.Launcher$Factory, trace=300000)
	super		50000021
	static PREFIX	5000179c
	constant pool entry 53	50000110
	constant pool entry 49	5000009a
	constant pool entry 48	50000023
	constant pool entry 47	50000021
	constant pool entry 42	50000070
	constant pool entry 4	5000179c
	constant pool entry 2	5000179a
	constant pool entry 1	50001799
CLS 50000111 (name=sun.misc.Version, trace=300000)
	super		50000021
	static java_version	50001c4f
	static java_runtime_name	50001d4f
	static java_embedded_runtime_name	50001e21
	static java_runtime_version	50001d87
	constant pool entry 132	50000111
	constant pool entry 131	50000087
	constant pool entry 122	50001e21
	constant pool entry 13	50001c4c
	constant pool entry 12	50001c6d
	constant pool entry 11	50001d50
	constant pool entry 7	50001d4f
	constant pool entry 6	50001d87
	constant pool entry 5	50001c4f
CLS 50000112 (name=java.lang.NullPointerException, trace=300000)
	super		50000082
CLS 50000113 (name=sun.reflect.ReflectionFactory$GetReflectionFactoryAction, trace=300000)
	super		50000021
	constant pool entry 15	500000e9
	constant pool entry 13	50000021
CLS 50000114 (name=sun.reflect.ConstantPool, trace=300000)
	super		50000021
CLS 50000115 (name=sun.nio.cs.HistoricallyNamedCharset, trace=300000)
CLS 50000118 (name=java.lang.Terminator, trace=300000)
	super		50000021
	static handler	50001e25
	constant pool entry 26	500000b1
	constant pool entry 25	5000008c
	constant pool entry 24	50000118
	constant pool entry 2	50001e24
	constant pool entry 1	50001e23
CLS 50000119 (name=java.io.BufferedWriter, trace=300000)
	super		500000dc
	constant pool entry 111	50000030
	constant pool entry 59	5000001a
	constant pool entry 58	500000f8
	constant pool entry 56	500000d6
	constant pool entry 53	500000dc
	constant pool entry 51	50000119
	constant pool entry 3	50001cbe
CLS 5000011b (name=java.util.Collection, trace=300000)
CLS 5000011c (name=sun.misc.SharedSecrets, trace=300000)
	super		50000021
	static unsafe	500016ad
	static javaLangAccess	500016c7
	static javaNetAccess	500016c6
	static javaNioAccess	500016c5
	static javaSecurityProtectionDomainAccess	500002c5
	static javaSecurityAccess	500016c4
	static javaIOFileAccess	500016c3
	constant pool entry 56	50000069
	constant pool entry 55	5000011c
CLS 5000011d (name=sun.nio.cs.MS1252$Encoder, trace=300000)
	super		50000092
	static index2	50001c34
	static index1	50001c35
	constant pool entry 33	50000030
	constant pool entry 23	50000092
	constant pool entry 22	5000011d
	constant pool entry 2	50001c34
CLS 5000011e (name=java.util.Enumeration, trace=300000)
CLS 5000011f (name=java.nio.HeapByteBuffer, trace=300000)
	super		5000007f
	constant pool entry 244	50000030
	constant pool entry 111	5000011f
	constant pool entry 98	5000007f
	constant pool entry 94	50000087
CLS 50000120 (name=java.io.BufferedReader, trace=300000)
	super		50000131
	constant pool entry 151	50000030
	constant pool entry 81	5000008d
	constant pool entry 80	500000d6
	constant pool entry 76	50000131
	constant pool entry 74	50000120
CLS 50000122 (name=java.io.IOException, trace=300000)
	super		5000006a
CLS 50000123 (name=java.lang.StackOverflowError, trace=300000)
	super		50000067
CLS 50000124 (name=java.io.Closeable, trace=300000)
CLS 50000125 (name=sun.jkernel.DownloadManager$2, trace=300000)
	super		50000021
	constant pool entry 72	50000129
	constant pool entry 70	50000087
	constant pool entry 68	500000d6
	constant pool entry 67	50000021
	constant pool entry 64	50000097
	constant pool entry 8	50001c70
	constant pool entry 7	50001c7c
	constant pool entry 6	50001652
CLS 50000126 (name=java.lang.RuntimePermission, trace=300000)
	super		5000001d
	constant pool entry 15	5000001d
CLS 50000127 (name=java.lang.Comparable, trace=300000)
CLS 50000128 (name=java.lang.Comparable[], trace=300000)
	super		50000021
CLS 50000129 (name=sun.jkernel.DownloadManager, trace=300000)
	super		50000021
	static KERNEL_DOWNLOAD_URL_PROPERTY	50001c62
	static KERNEL_DOWNLOAD_ENABLED_PROPERTY	50001c70
	static KERNEL_DOWNLOAD_DIALOG_PROPERTY	50001c6f
	static KERNEL_DEBUG_PROPERTY	50001c6e
	static KERNEL_NOMERGE_PROPERTY	50001c63
	static KERNEL_SIMULTANEOUS_DOWNLOADS_PROPERTY	50001c71
	static RESOURCE_URL	50001c6b
	static REQUESTED_BUNDLES_PATH	50001c7d
	static MUTEX_PREFIX	50001c7c
	static JAVA_HOME	50001c7b
	static USER_HOME	50001c7a
	static JAVA_VERSION	50001c4f
	static DEFAULT_DOWNLOAD_URL	50001c79
	static CUSTOM_PREFIX	50001c60
	static KERNEL_PATH_SUFFIX	50001c65
	static JAR_PATH_PROPERTY	50001c61
	static SIZE_PROPERTY	50001c73
	static DEPENDENCIES_PROPERTY	50001c68
	static INSTALL_PROPERTY	50001c6a
	static downloading	50001c78
	static additionalBootStrapPaths	50001c77
	static CHECK_VALUES_FILE	50001c67
	static CHECK_VALUES_DIR	50001c74
	static CHECK_VALUES_PATH	50001c76
	constant pool entry 1287	50000030
	constant pool entry 684	50000125
	constant pool entry 683	5000006d
	constant pool entry 682	50000129
	constant pool entry 661	500000f8
	constant pool entry 657	50000087
	constant pool entry 656	50000023
	constant pool entry 655	500000d6
	constant pool entry 634	50000097
	constant pool entry 627	50001c75
	constant pool entry 624	50001c74
	constant pool entry 622	50001c73
	constant pool entry 621	50001c72
	constant pool entry 619	50001c71
	constant pool entry 618	50001c70
	constant pool entry 617	50001c6f
	constant pool entry 616	50001c6e
	constant pool entry 612	50001c4c
	constant pool entry 611	50001c6d
	constant pool entry 610	50001c6c
	constant pool entry 608	50001c6b
	constant pool entry 607	50001c6a
	constant pool entry 606	50001c69
	constant pool entry 603	50001652
	constant pool entry 600	50001c68
	constant pool entry 599	50001c67
	constant pool entry 574	50001c66
	constant pool entry 573	50001c65
	constant pool entry 67	50001655
	constant pool entry 58	50001c64
	constant pool entry 55	50001c63
	constant pool entry 54	50001c62
	constant pool entry 50	50001c61
	constant pool entry 43	50001c60
	constant pool entry 40	50001c5f
CLS 5000012a (name=java.util.BitSet, trace=300000)
	super		50000021
	static serialPersistentFields	50001794
	constant pool entry 262	50000030
	constant pool entry 150	5000012a
	constant pool entry 146	50000021
	constant pool entry 137	50000070
	constant pool entry 134	500000ea
	constant pool entry 128	50000141
	constant pool entry 4	50001793
CLS 5000012b (name=java.lang.reflect.ReflectPermission, trace=300000)
	super		5000001d
	constant pool entry 15	5000001d
CLS 5000012c (name=sun.reflect.MethodAccessor, trace=300000)
CLS 5000012d (name=sun.nio.cs.StandardCharsets$Aliases, trace=300000)
	super		50000080
	constant pool entry 514	50000030
	constant pool entry 503	50000080
	constant pool entry 502	5000012d
	constant pool entry 499	50000021
	constant pool entry 237	5000187d
	constant pool entry 236	50001a58
	constant pool entry 235	5000186f
	constant pool entry 234	50001afd
	constant pool entry 233	50001873
	constant pool entry 232	50001b33
	constant pool entry 231	500019fb
	constant pool entry 230	500018b1
	constant pool entry 229	500018a9
	constant pool entry 228	500019e8
	constant pool entry 227	500018d4
	constant pool entry 226	500018d8
	constant pool entry 225	500018e1
	constant pool entry 224	500018e4
	constant pool entry 223	500018ef
	constant pool entry 222	500018f2
	constant pool entry 221	50001b21
	constant pool entry 220	500019d2
	constant pool entry 219	50001a30
	constant pool entry 218	50001a34
	constant pool entry 217	500019ca
	constant pool entry 216	50001a74
	constant pool entry 215	50001b1f
	constant pool entry 214	500019d0
	constant pool entry 213	500019e4
	constant pool entry 212	50001a50
	constant pool entry 211	50001a64
	constant pool entry 210	500018c1
	constant pool entry 209	500019cc
	constant pool entry 208	50001863
	constant pool entry 207	50001a7c
	constant pool entry 206	500018e7
	constant pool entry 205	500018fb
	constant pool entry 204	500018fe
	constant pool entry 203	500018d0
	constant pool entry 202	500018db
	constant pool entry 201	50001896
	constant pool entry 200	50001a28
	constant pool entry 199	50001af3
	constant pool entry 198	50001b5b
	constant pool entry 197	50001a68
	constant pool entry 196	50001af9
	constant pool entry 195	50001b35
	constant pool entry 194	50001a18
	constant pool entry 193	500019f7
	constant pool entry 192	50001a80
	constant pool entry 191	50001a84
	constant pool entry 190	50001a86
	constant pool entry 189	50001a88
	constant pool entry 188	50001a8a
	constant pool entry 187	50001a8c
	constant pool entry 186	50001ab7
	constant pool entry 185	50001abc
	constant pool entry 184	50001ac0
	constant pool entry 183	50001ac9
	constant pool entry 182	50001acd
	constant pool entry 181	50001b2d
	constant pool entry 180	50001b2f
	constant pool entry 179	50001867
	constant pool entry 178	5000186b
	constant pool entry 177	50001aac
	constant pool entry 176	50001aae
	constant pool entry 175	50001aa8
	constant pool entry 174	500019ec
	constant pool entry 173	50001b57
	constant pool entry 172	500019f0
	constant pool entry 171	50001a1a
	constant pool entry 170	500019f3
	constant pool entry 169	50001a54
	constant pool entry 168	500019f5
	constant pool entry 167	50001afb
	constant pool entry 166	500019f9
	constant pool entry 165	50001b39
	constant pool entry 164	50001add
	constant pool entry 163	50001adf
	constant pool entry 162	500019fe
	constant pool entry 161	500019d8
	constant pool entry 160	500019e2
	constant pool entry 159	50001ae7
	constant pool entry 158	50001ae9
	constant pool entry 157	50001aeb
	constant pool entry 156	50001aed
	constant pool entry 155	50001aef
	constant pool entry 154	50001af7
	constant pool entry 153	50001a32
	constant pool entry 152	50001a37
	constant pool entry 151	50001af1
	constant pool entry 150	50001a06
	constant pool entry 149	50001a08
	constant pool entry 148	50001a0a
	constant pool entry 147	50001a0c
	constant pool entry 146	50001a10
	constant pool entry 145	50001a1c
	constant pool entry 144	50001a1e
	constant pool entry 143	50001a12
	constant pool entry 142	50001b59
	constant pool entry 141	50001b0c
	constant pool entry 140	50001a60
	constant pool entry 139	50001a62
	constant pool entry 138	50001a78
	constant pool entry 137	50001a82
	constant pool entry 136	50001a90
	constant pool entry 135	50001a92
	constant pool entry 134	500018ad
	constant pool entry 133	500018b4
	constant pool entry 132	500018ba
	constant pool entry 131	500018be
	constant pool entry 130	500018c7
	constant pool entry 129	5000188b
	constant pool entry 128	50001893
	constant pool entry 127	500018ca
	constant pool entry 126	50001a22
	constant pool entry 125	50001ac7
	constant pool entry 124	50001ad1
	constant pool entry 123	50001ae1
	constant pool entry 122	50001ae3
	constant pool entry 121	50001ae5
	constant pool entry 120	50001a5a
	constant pool entry 119	500018f8
	constant pool entry 118	50001906
	constant pool entry 117	5000187a
	constant pool entry 116	50001885
	constant pool entry 115	5000189c
	constant pool entry 114	500018a5
	constant pool entry 113	50001a9c
	constant pool entry 112	50001aa2
	constant pool entry 111	5000189f
	constant pool entry 110	50001a76
	constant pool entry 109	50001888
	constant pool entry 108	50001a00
	constant pool entry 107	50001877
	constant pool entry 106	50001aa4
	constant pool entry 105	50001aa6
	constant pool entry 104	50001acf
	constant pool entry 103	50001ad3
	constant pool entry 102	50001ad6
	constant pool entry 101	50001a56
	constant pool entry 100	50001a5c
	constant pool entry 99	50001a5e
	constant pool entry 98	50001a6c
	constant pool entry 97	50001a6e
	constant pool entry 96	50001a70
	constant pool entry 95	50001a72
	constant pool entry 94	50001a96
	constant pool entry 93	50001a98
	constant pool entry 92	50001a2e
	constant pool entry 91	50001a6a
	constant pool entry 90	50001a20
	constant pool entry 89	50001ad8
	constant pool entry 88	50001a16
	constant pool entry 87	50001a4e
	constant pool entry 86	50001b31
	constant pool entry 85	50001a52
	constant pool entry 84	50001ac3
	constant pool entry 83	500019ea
	constant pool entry 82	500019ee
	constant pool entry 81	50001b1a
	constant pool entry 80	50001a02
	constant pool entry 79	500019ce
	constant pool entry 78	50001a0e
	constant pool entry 77	50001a4c
	constant pool entry 76	50001b48
	constant pool entry 75	50001b5d
	constant pool entry 74	50001b5f
	constant pool entry 73	50001b61
	constant pool entry 72	50001b63
	constant pool entry 71	50001b65
	constant pool entry 70	50001b67
	constant pool entry 69	50001a39
	constant pool entry 68	50001a3b
	constant pool entry 67	50001a4a
	constant pool entry 66	50001b03
	constant pool entry 65	50001b23
	constant pool entry 64	50001b25
	constant pool entry 63	50001b27
	constant pool entry 62	50001b29
	constant pool entry 61	50001b2b
	constant pool entry 60	50001a94
	constant pool entry 59	50001a9e
	constant pool entry 58	50001aa0
	constant pool entry 57	50001ab0
	constant pool entry 56	50001ab5
	constant pool entry 55	50001aba
	constant pool entry 54	50001abe
	constant pool entry 53	50001ac5
	constant pool entry 52	50001b15
	constant pool entry 51	50001b18
	constant pool entry 50	50001a7a
	constant pool entry 49	50001ab2
	constant pool entry 48	500019d4
	constant pool entry 47	500019d6
	constant pool entry 46	500019da
	constant pool entry 45	500019dc
	constant pool entry 44	500019de
	constant pool entry 43	500019e0
	constant pool entry 42	50001a66
	constant pool entry 41	50001a24
	constant pool entry 40	50001a3d
	constant pool entry 39	50001a40
	constant pool entry 38	50001a42
	constant pool entry 37	50001a44
	constant pool entry 36	50001a46
	constant pool entry 35	50001a48
	constant pool entry 34	50001a2c
	constant pool entry 33	50001a04
	constant pool entry 32	50001a14
	constant pool entry 31	500019e6
	constant pool entry 30	50001a7e
	constant pool entry 29	50001a9a
	constant pool entry 28	50001b1c
	constant pool entry 27	50001b4d
	constant pool entry 26	50001b4f
	constant pool entry 25	50001b51
	constant pool entry 24	50001b53
	constant pool entry 23	50001b55
	constant pool entry 22	50001b3b
	constant pool entry 21	50001b3d
	constant pool entry 20	50001b41
	constant pool entry 19	50001b44
	constant pool entry 18	50001b46
	constant pool entry 17	50001a26
	constant pool entry 16	50001a2a
	constant pool entry 15	50001b4a
	constant pool entry 14	50001af5
	constant pool entry 13	50001aff
	constant pool entry 12	50001b01
	constant pool entry 11	50001b05
	constant pool entry 10	50001b0a
	constant pool entry 9	50001b0f
	constant pool entry 8	50001b11
	constant pool entry 7	50001b13
	constant pool entry 6	50001b37
	constant pool entry 5	50001b3f
	constant pool entry 4	50001aaa
	constant pool entry 3	50001b07
	constant pool entry 2	50001ada
	constant pool entry 1	50001a8e
CLS 5000012e (name=java.lang.Runtime, trace=300000)
	super		50000021
	static currentRuntime	50001748
	constant pool entry 102	50000087
	constant pool entry 100	500000d6
	constant pool entry 95	5000012e
	constant pool entry 93	50000021
	constant pool entry 91	500000f2
	constant pool entry 88	50000097
CLS 5000012f (name=java.lang.StackTraceElement, trace=300000)
	super		50000021
CLS 50000130 (name=java.lang.StackTraceElement[], trace=300000)
	super		50000021
CLS 50000132 (name=sun.nio.cs.StandardCharsets$Cache, trace=300000)
	super		50000080
	constant pool entry 116	50000030
	constant pool entry 105	50000080
	constant pool entry 104	50000132
	constant pool entry 101	50000021
	constant pool entry 38	5000187d
	constant pool entry 37	5000186f
	constant pool entry 36	50001873
	constant pool entry 35	500018b1
	constant pool entry 34	500018a9
	constant pool entry 33	500018d4
	constant pool entry 32	500018d8
	constant pool entry 31	500018e1
	constant pool entry 30	500018e4
	constant pool entry 29	500018ef
	constant pool entry 28	500018f2
	constant pool entry 27	500018c1
	constant pool entry 26	50001863
	constant pool entry 25	500018e7
	constant pool entry 24	500018fb
	constant pool entry 23	500018fe
	constant pool entry 22	500018d0
	constant pool entry 21	500018db
	constant pool entry 20	50001896
	constant pool entry 19	50001867
	constant pool entry 18	5000186b
	constant pool entry 17	500018ad
	constant pool entry 16	500018b4
	constant pool entry 15	500018ba
	constant pool entry 14	500018be
	constant pool entry 13	500018c7
	constant pool entry 12	5000188b
	constant pool entry 11	50001893
	constant pool entry 10	500018ca
	constant pool entry 9	500018f8
	constant pool entry 8	50001906
	constant pool entry 7	5000187a
	constant pool entry 6	50001885
	constant pool entry 5	5000189c
	constant pool entry 4	500018a5
	constant pool entry 3	5000189f
	constant pool entry 2	50001888
	constant pool entry 1	50001877
CLS 50000133 (name=java.util.concurrent.ConcurrentHashMap$HashEntry, trace=300000)
	super		50000021
	constant pool entry 43	50000030
	constant pool entry 22	50000133
	constant pool entry 20	50000021
CLS 50000134 (name=java.util.concurrent.ConcurrentHashMap$HashEntry[], trace=300000)
	super		50000021
CLS 50000135 (name=java.lang.Runnable, trace=300000)
CLS 50000136 (name=java.lang.Runnable[], trace=300000)
	super		50000021
CLS 50000137 (name=sun.misc.Launcher$ExtClassLoader, trace=300000)
	super		500000ce
	constant pool entry 177	50000030
	constant pool entry 90	5000013b
	constant pool entry 89	50000137
	constant pool entry 88	500000be
	constant pool entry 87	50000129
	constant pool entry 86	500000c5
	constant pool entry 85	50000018
	constant pool entry 81	500000f8
	constant pool entry 79	500000ce
	constant pool entry 78	500000d2
	constant pool entry 77	50000087
	constant pool entry 76	500000d6
	constant pool entry 73	50000097
	constant pool entry 2	50001803
	constant pool entry 1	50001c5b
CLS 50000139 (name=java.lang.OutOfMemoryError, trace=300000)
	super		50000067
CLS 5000013a (name=java.lang.OutOfMemoryError[], trace=300000)
	super		50000021
CLS 5000013b (name=sun.misc.Launcher$ExtClassLoader$1, trace=300000)
	super		50000021
	constant pool entry 28	500000e4
	constant pool entry 27	5000013b
	constant pool entry 26	50000137
	constant pool entry 23	50000021
CLS 5000013c (name=boolean[], trace=300000)
	super		50000021
CLS 5000013d (name=byte[], trace=300000)
	super		50000021
CLS 5000013e (name=char[], trace=300000)
	super		50000021
CLS 5000013f (name=int[], trace=300000)
	super		50000021
CLS 50000140 (name=short[], trace=300000)
	super		50000021
CLS 50000141 (name=long[], trace=300000)
	super		50000021
CLS 50000142 (name=float[], trace=300000)
	super		50000021
CLS 50000143 (name=double[], trace=300000)
	super		50000021
CLS 50000157 (name=java.lang.StringCoding, trace=300011)
	super		50000021
	static decoder	50000158
	static encoder	50000159
	constant pool entry 89	5000002f
	constant pool entry 88	50000091
	constant pool entry 87	500000d8
	constant pool entry 86	50000087
	constant pool entry 84	50000160
	constant pool entry 82	50000157
CLS 5000015a (name=java.lang.ThreadLocal$ThreadLocalMap, trace=300014)
	super		50000021
	constant pool entry 116	50000030
	constant pool entry 50	5000015c
	constant pool entry 49	5000015a
	constant pool entry 47	500000d8
	constant pool entry 46	50000021
CLS 5000015c (name=java.lang.ThreadLocal$ThreadLocalMap$Entry, trace=300016)
	super		500000b3
	constant pool entry 17	500000b3
	constant pool entry 16	5000015c
CLS 5000015d (name=java.lang.ThreadLocal$ThreadLocalMap$Entry[], trace=300017)
	super		50000021
CLS 50000160 (name=java.lang.StringCoding$StringDecoder, trace=300019)
	super		50000021
	constant pool entry 122	50000030
	constant pool entry 59	50000010
	constant pool entry 58	50000004
	constant pool entry 57	50000040
	constant pool entry 56	5000002f
	constant pool entry 54	50000117
	constant pool entry 53	5000007f
	constant pool entry 52	50000160
	constant pool entry 50	50000157
	constant pool entry 49	50000021
CLS 50000168 (name=java.net.URLClassLoader$1, trace=300027)
	super		50000021
	constant pool entry 40	50000032
	constant pool entry 38	50000168
	constant pool entry 37	500000ce
	constant pool entry 36	500000d6
	constant pool entry 35	50000021
	constant pool entry 34	5000006c
	constant pool entry 1	50001cb7
CLS 5000016c (name=sun.net.util.URLUtil, trace=300031)
	super		50000021
	constant pool entry 30	500000d2
	constant pool entry 29	50000023
	constant pool entry 28	500000d6
	constant pool entry 2	50001c52
CLS 50000171 (name=sun.misc.URLClassPath$3, trace=300036)
	super		50000021
	constant pool entry 44	50000174
	constant pool entry 43	500001de
	constant pool entry 42	50000171
	constant pool entry 41	50000032
	constant pool entry 39	500000d2
	constant pool entry 38	500000d6
	constant pool entry 37	50000021
	constant pool entry 2	50001776
	constant pool entry 1	5000178b
CLS 50000173 (name=sun.misc.URLClassPath$Loader, trace=300038)
	super		50000021
	constant pool entry 51	50000173
	constant pool entry 45	50000021
CLS 50000174 (name=sun.misc.URLClassPath$JarLoader, trace=300038)
	super		50000173
	constant pool entry 183	500000cb
	constant pool entry 181	50000173
	constant pool entry 177	50000174
	constant pool entry 173	500000e4
	constant pool entry 152	500000d2
	constant pool entry 149	50000023
	constant pool entry 148	500000d6
	constant pool entry 144	50000097
	constant pool entry 7	500017f7
	constant pool entry 6	50001776
	constant pool entry 2	500017f9
	constant pool entry 1	50001658
CLS 500001d4 (name=java.security.PrivilegedActionException, trace=300065)
	super		5000006a
	constant pool entry 33	500001d4
	constant pool entry 29	5000006a
CLS 500001de (name=sun.misc.URLClassPath$FileLoader, trace=300068)
	super		50000173
	constant pool entry 64	500000cb
	constant pool entry 63	50000173
	constant pool entry 62	5000020d
	constant pool entry 61	500001de
	constant pool entry 58	500000d2
	constant pool entry 57	500000d6
	constant pool entry 53	50000097
	constant pool entry 3	50001776
	constant pool entry 2	50001c54
	constant pool entry 1	50001799
CLS 5000020c (name=sun.misc.Resource, trace=300100)
	super		50000021
	constant pool entry 95	50000030
	constant pool entry 56	50000214
	constant pool entry 55	5000020c
	constant pool entry 54	50000066
	constant pool entry 53	5000003d
	constant pool entry 52	50000021
	constant pool entry 51	500000ae
	constant pool entry 49	5000002c
CLS 5000020d (name=sun.misc.URLClassPath$FileLoader$1, trace=300100)
	super		5000020c
	constant pool entry 38	5000020d
	constant pool entry 37	500001de
	constant pool entry 35	5000020c
	constant pool entry 33	500000ba
	constant pool entry 32	50000097
CLS 50000214 (name=sun.nio.ByteBuffered, trace=300107)
CLS 50000218 (name=java.security.Permissions, trace=300111)
	super		500000d0
	static serialPersistentFields	50000219
	constant pool entry 207	50000030
	constant pool entry 104	50000086
	constant pool entry 102	50000060
	constant pool entry 101	50000052
	constant pool entry 96	5000029b
	constant pool entry 93	50000218
	constant pool entry 92	500000d0
	constant pool entry 91	5000005e
	constant pool entry 90	5000029a
	constant pool entry 88	50000021
	constant pool entry 84	500000ea
	constant pool entry 3	500017e7
	constant pool entry 1	500017e6
CLS 50000246 (name=java.net.URLConnection, trace=300134)
	super		50000021
	static handlers	50000249
	static UnknownContentHandlerP	5000024d
	static contentClassPrefix	50001784
	static contentPathProp	50001783
	constant pool entry 287	50000060
	constant pool entry 282	5000024c
	constant pool entry 280	50000246
	constant pool entry 272	50000021
	constant pool entry 29	50001784
	constant pool entry 23	50001783
CLS 50000247 (name=sun.net.www.URLConnection, trace=300134)
	super		50000246
	static proxiedHosts	5000024e
	constant pool entry 114	50000247
	constant pool entry 113	50000251
	constant pool entry 111	50000052
	constant pool entry 109	50000246
CLS 50000248 (name=sun.net.www.protocol.file.FileURLConnection, trace=300134)
	super		50000247
	static CONTENT_LENGTH	5000177a
	static CONTENT_TYPE	5000177b
	static TEXT_PLAIN	5000177e
	static LAST_MODIFIED	5000177c
	constant pool entry 148	50000248
	constant pool entry 147	50000247
	constant pool entry 146	500000cb
	constant pool entry 132	500000d2
	constant pool entry 129	500000d6
	constant pool entry 127	5000025c
	constant pool entry 124	50000097
	constant pool entry 9	5000177e
	constant pool entry 8	5000177d
	constant pool entry 7	5000177c
	constant pool entry 6	5000177b
	constant pool entry 5	5000177a
CLS 5000024b (name=java.net.ContentHandler, trace=300137)
	super		50000021
	constant pool entry 16	50000021
CLS 5000024c (name=java.net.UnknownContentHandler, trace=300137)
	super		5000024b
	constant pool entry 15	5000024b
CLS 50000251 (name=sun.net.www.MessageHeader, trace=300142)
	super		50000021
	constant pool entry 214	50000030
	constant pool entry 110	50000251
	constant pool entry 99	500000d6
	constant pool entry 98	50000021
CLS 5000025c (name=java.io.FilePermission, trace=300149)
	super		5000005e
	constant pool entry 124	5000005e
	constant pool entry 123	500000f8
	constant pool entry 121	500000d6
	constant pool entry 113	50000287
	constant pool entry 112	50000260
	constant pool entry 111	5000025c
	constant pool entry 110	50000097
	constant pool entry 8	5000177d
	constant pool entry 2	500017c6
CLS 50000260 (name=java.io.FilePermission$1, trace=300153)
	super		50000021
	constant pool entry 29	50000263
	constant pool entry 27	50000021
	constant pool entry 25	50000260
	constant pool entry 24	5000025c
CLS 50000262 (name=java.security.Policy, trace=300155)
	super		50000021
	static UNSUPPORTED_EMPTY_COLLECTION	50000265
	static policy	5000026e
	constant pool entry 139	500000c1
	constant pool entry 135	50000269
	constant pool entry 128	50000264
	constant pool entry 127	5000026c
	constant pool entry 121	50000262
	constant pool entry 4	500017d3
CLS 50000263 (name=sun.security.provider.PolicyFile, trace=300155)
	super		50000262
	static NONE	500017cf
	static P11KEYSTORE	500017d0
	static SELF	500017ca
	static X500PRINCIPAL	500017d2
	static POLICY	500017cd
	static SECURITY_MANAGER	500017d1
	static POLICY_URL	500017ce
	static AUTH_POLICY	500017cc
	static AUTH_POLICY_URL	500017cb
	static PARAMS0	5000026f
	static PARAMS1	50000270
	static PARAMS2	50000271
	constant pool entry 1020	50000030
	constant pool entry 525	500000c1
	constant pool entry 504	50000263
	constant pool entry 456	500000d6
	constant pool entry 446	50000070
	constant pool entry 440	50000097
	constant pool entry 432	500017d3
	constant pool entry 430	500017d2
	constant pool entry 429	500017d1
	constant pool entry 424	500017d0
	constant pool entry 420	500017cf
	constant pool entry 413	500016bb
	constant pool entry 40	500017ce
	constant pool entry 33	500017cd
	constant pool entry 32	500017cc
	constant pool entry 22	500017cb
	constant pool entry 11	500017ca
CLS 50000264 (name=java.security.Policy$UnsupportedEmptyCollection, trace=300156)
	super		500000d0
	constant pool entry 20	50000264
	constant pool entry 18	50000218
	constant pool entry 17	500000d0
CLS 50000269 (name=java.util.concurrent.atomic.AtomicReference, trace=300160)
	super		50000021
	static unsafe	500016ad
	constant pool entry 53	50000069
	constant pool entry 52	50000269
	constant pool entry 50	50000021
	constant pool entry 47	50000070
	constant pool entry 1	500016d3
CLS 5000026c (name=java.security.Policy$PolicyInfo, trace=300163)
	super		50000021
	constant pool entry 15	5000026c
	constant pool entry 13	50000021
CLS 50000287 (name=java.io.FilePermissionCollection, trace=300177)
	super		500000d0
	static serialPersistentFields	50000288
	constant pool entry 154	50000030
	constant pool entry 83	500000c5
	constant pool entry 82	500000e8
	constant pool entry 80	500000b8
	constant pool entry 79	500000d0
	constant pool entry 73	500000ea
	constant pool entry 67	50000287
	constant pool entry 66	5000025c
	constant pool entry 3	500016be
CLS 5000029a (name=java.security.AllPermission, trace=300184)
	super		5000005e
CLS 5000029b (name=java.security.UnresolvedPermission, trace=300185)
	super		5000005e
CLS 5000029d (name=java.security.BasicPermissionCollection, trace=300187)
	super		500000d0
	static serialPersistentFields	5000029e
	constant pool entry 218	50000030
	constant pool entry 115	50000086
	constant pool entry 114	50000060
	constant pool entry 113	50000052
	constant pool entry 110	500000d0
	constant pool entry 108	5000029d
	constant pool entry 107	5000001d
	constant pool entry 105	500000d6
	constant pool entry 103	50000021
	constant pool entry 100	50000070
	constant pool entry 99	500000fd
	constant pool entry 97	500000ea
	constant pool entry 7	500016be
	constant pool entry 6	500016bd
	constant pool entry 3	500016bc
	constant pool entry 1	500016bb
CLS 500002c3 (name=sun.misc.JavaSecurityProtectionDomainAccess, trace=300196)
CLS 500002c4 (name=java.security.ProtectionDomain$2, trace=300196)
	super		50000021
	constant pool entry 15	50000021
CLS 500002c7 (name=java.security.ProtectionDomain$Key, trace=300199)
	super		50000021
	constant pool entry 14	500002c7
	constant pool entry 12	50000021
CLS 500002c9 (name=java.security.Principal, trace=300201)
CLS 500002ca (name=java.security.Principal[], trace=300202)
	super		50000021
CLS 500002d4 (name=SingleObject, trace=300207)
	super		50000021
	loader		5000162a
	domain		500002c6
	constant pool entry 23	50000076
	constant pool entry 21	50000087
	constant pool entry 7	50000021
	constant pool entry 2	500002d4
CLS 50001621 (name=java.lang.Shutdown, trace=300000)
	super		50000021
	static hooks	50001622
	static lock	50001624
	static haltLock	50001625
	constant pool entry 111	50000030
	constant pool entry 63	50001623
	constant pool entry 61	50001621
	constant pool entry 60	50000135
CLS 50001623 (name=java.lang.Shutdown$Lock, trace=300212)
	super		50000021
	constant pool entry 14	50001623
	constant pool entry 11	50000021
CLS 50001626 (name=java.lang.ref.WeakReference[], trace=300000)
	super		50000021
CLS 50001627 (name=java.lang.ref.Reference[], trace=300000)
	super		50000021
HEAP DUMP END
SITES BEGIN (ordered by live bytes) Tue Sep 18 13:09:35 2012
          percent          live          alloc'ed  stack class
 rank   self  accum     bytes objs     bytes  objs trace name
    1 18.40% 18.40%    118512 2469    118512  2469 300026 java.nio.HeapCharBuffer
    2 11.23% 29.64%     72352  725     72352   725 300000 char[]
    3  6.13% 35.77%     39488 1234     39488  1234 300209 char[]
    4  6.13% 41.90%     39488 1234     39488  1234 300210 java.lang.String
    5  3.99% 45.89%     25712    9     25712     9 300000 byte[]
    6  3.77% 49.66%     24288  737     24288   737 300000 java.lang.String
    7  2.03% 51.70%     13104  303     13104   303 300000 java.lang.Object[]
    8  0.57% 52.27%      3664   23      3664    23 300006 char[]
    9  0.41% 52.68%      2640   48      2640    48 300000 java.lang.String[]
   10  0.40% 53.08%      2592   59      2592    59 300000 java.util.Hashtable$Entry
   11  0.35% 53.43%      2256   11      2256    11 300000 java.lang.Class
   12  0.30% 53.73%      1904    5      1904     5 300000 int[]
   13  0.28% 54.00%      1776   14      1776    14 300000 java.util.HashMap$Entry[]
   14  0.27% 54.27%      1736   14      1736    14 300053 char[]
   15  0.22% 54.49%      1392    7      1392     7 300000 java.util.Hashtable$Entry[]
   16  0.21% 54.70%      1376   17      1376    17 300000 java.util.concurrent.ConcurrentHashMap$Segment
   17  0.21% 54.91%      1344   20      1344    20 300000 java.util.concurrent.ConcurrentHashMap$HashEntry
   18  0.21% 55.12%      1344   20      1344    20 300000 java.util.Locale
   19  0.20% 55.32%      1280    3      1280     3 300000 short[]
   20  0.20% 55.51%      1264   12      1264    12 300000 java.util.HashMap
   21  0.19% 55.71%      1248   17      1248    17 300000 java.util.concurrent.locks.ReentrantLock$NonfairSync
   22  0.19% 55.90%      1216   13      1216    13 300000 java.util.LinkedHashMap$Entry
   23  0.18% 56.08%      1184    5      1184     5 300000 java.lang.Thread
   24  0.18% 56.26%      1152   17      1152    17 300000 java.util.concurrent.ConcurrentHashMap$HashEntry[]
   25  0.17% 56.43%      1088    4      1088     4 300033 char[]
   26  0.17% 56.60%      1088    5      1088     5 300000 java.lang.reflect.Method
   27  0.16% 56.76%      1056    6      1056     6 300000 java.net.URL
   28  0.15% 56.91%       992    9       992     9 300000 java.lang.OutOfMemoryError
   29  0.15% 57.07%       976    6       976     6 300000 java.util.Hashtable
   30  0.15% 57.22%       976   11       976    11 300000 java.io.ExpiringCache$Entry
   31  0.15% 57.37%       968    7       968     7 300060 char[]
   32  0.15% 57.52%       960    8       960     8 300000 java.security.AccessControlContext
   33  0.15% 57.66%       936    6       936     6 300000 java.lang.ref.Finalizer
   34  0.14% 57.81%       928    7       928     7 300000 java.util.Vector
   35  0.14% 57.95%       928   13       928    13 300000 java.lang.Object
   36  0.14% 58.09%       896    5       896     5 300000 java.io.ObjectStreamField
   37  0.14% 58.23%       880    3       880     3 300000 sun.nio.cs.MS1252$Encoder
   38  0.13% 58.36%       864    5       864     5 300000 java.io.FileDescriptor
   39  0.13% 58.49%       856    6       856     6 300055 char[]
   40  0.13% 58.63%       856    6       856     6 300000 java.io.File
   41  0.13% 58.76%       848    3       848     3 300000 java.io.ExpiringCache$1
   42  0.13% 58.89%       848    2       848     2 300000 java.lang.ref.Reference$ReferenceHandler
   43  0.13% 59.02%       848    2       848     2 300000 java.lang.ref.Finalizer$FinalizerThread
   44  0.13% 59.15%       848    3       848     3 300000 sun.nio.cs.StreamEncoder
   45  0.13% 59.28%       840    5       840     5 300000 java.lang.Class[]
   46  0.13% 59.41%       840    6       840     6 300000 java.io.ObjectStreamField[]
   47  0.13% 59.54%       832    4       832     4 300000 java.util.HashMap$Entry
   48  0.13% 59.67%       832    3       832     3 300000 java.lang.ThreadGroup
   49  0.13% 59.80%       832    5       832     5 300000 java.util.ArrayList
   50  0.13% 59.93%       832    3       832     3 300000 java.io.BufferedWriter
   51  0.13% 60.06%       832    3       832     3 300000 java.nio.HeapByteBuffer
   52  0.13% 60.19%       832    4       832     4 300000 java.util.Stack
   53  0.13% 60.32%       832    3       832     3 300000 sun.nio.cs.MS1252$Decoder
   54  0.13% 60.45%       816    3       816     3 300000 java.io.ExpiringCache
   55  0.13% 60.57%       816    2       816     2 300000 java.util.concurrent.ConcurrentHashMap$Segment[]
   56  0.13% 60.70%       816    6       816     6 300000 java.util.concurrent.atomic.AtomicInteger
   57  0.13% 60.83%       816    2       816     2 300017 java.lang.ThreadLocal$ThreadLocalMap$Entry[]
   58  0.13% 60.95%       816    2       816     2 300000 sun.misc.Launcher$ExtClassLoader
   59  0.13% 61.08%       808    2       808     2 300000 sun.misc.Launcher$AppClassLoader
   60  0.13% 61.20%       808    4       808     4 300000 sun.misc.MetaIndex
   61  0.12% 61.33%       800    3       800     3 300000 java.lang.Thread[]
   62  0.12% 61.45%       800    3       800     3 300000 sun.misc.URLClassPath
   63  0.12% 61.58%       800    3       800     3 300000 java.io.PrintStream
   64  0.12% 61.70%       800    3       800     3 300000 java.io.FileInputStream
   65  0.12% 61.82%       800    5       800     5 300000 java.lang.ref.ReferenceQueue$Lock
   66  0.12% 61.95%       800    3       800     3 300000 java.io.FileOutputStream
   67  0.12% 62.07%       800    3       800     3 300000 java.lang.ref.WeakReference
   68  0.12% 62.20%       800    3       800     3 300000 java.lang.ref.ReferenceQueue
   69  0.12% 62.32%       800    3       800     3 300000 java.io.OutputStreamWriter
   70  0.12% 62.45%       800    3       800     3 300000 java.lang.ref.ReferenceQueue$Null
   71  0.12% 62.57%       784    4       784     4 300000 java.nio.charset.CodingErrorAction
   72  0.12% 62.69%       784    4       784     4 300000 java.lang.ThreadLocal
   73  0.12% 62.81%       784    3       784     3 300000 sun.misc.NativeSignalHandler
   74  0.12% 62.93%       784    3       784     3 300000 sun.nio.cs.Surrogate$Parser
   75  0.12% 63.05%       784    3       784     3 300000 java.io.BufferedOutputStream
   76  0.12% 63.18%       784    2       784     2 300000 java.util.Properties
   77  0.12% 63.30%       784    3       784     3 300000 sun.misc.Signal
   78  0.12% 63.42%       784    2       784     2 300000 long[]
   79  0.12% 63.54%       784    3       784     3 300000 java.nio.charset.CoderResult
   80  0.12% 63.66%       784    2       784     2 300000 java.util.concurrent.ConcurrentHashMap
   81  0.12% 63.78%       784    3       784     3 300000 java.lang.RuntimePermission
   82  0.12% 63.90%       776    2       776     2 300000 sun.nio.cs.StandardCharsets$Aliases
   83  0.12% 64.03%       776    2       776     2 300000 sun.nio.cs.StandardCharsets$Classes
   84  0.12% 64.15%       776    2       776     2 300000 sun.nio.cs.StandardCharsets$Cache
   85  0.12% 64.27%       776    2       776     2 300000 java.io.BufferedInputStream
   86  0.12% 64.39%       776    3       776     3 300000 java.io.File[]
   87  0.12% 64.51%       768    3       768     3 300000 java.lang.Boolean
   88  0.12% 64.63%       768    3       768     3 300000 java.util.HashSet
   89  0.12% 64.74%       768    3       768     3 300000 sun.net.www.protocol.jar.Handler
   90  0.12% 64.86%       768    2       768     2 300000 sun.misc.SoftCache
   91  0.12% 64.98%       768    2       768     2 300000 java.io.WinNTFileSystem
   92  0.12% 65.10%       768    2       768     2 300000 java.lang.OutOfMemoryError[]
   93  0.12% 65.22%       768    2       768     2 300000 java.lang.ThreadGroup[]
   94  0.12% 65.34%       768    3       768     3 300000 java.nio.ByteOrder
   95  0.12% 65.46%       768    2       768     2 300000 java.lang.ArithmeticException
   96  0.12% 65.58%       768    2       768     2 300000 java.util.Collections$SynchronizedMap
   97  0.12% 65.70%       768    2       768     2 300000 java.lang.NullPointerException
   98  0.12% 65.82%       768    2       768     2 300000 java.util.concurrent.atomic.AtomicReferenceFieldUpdater$AtomicReferenceFieldUpdaterImpl
   99  0.12% 65.94%       768    2       768     2 300000 java.lang.ClassLoader$NativeLibrary
  100  0.12% 66.06%       768    2       768     2 300000 sun.nio.cs.StandardCharsets
  101  0.12% 66.18%       768    3       768     3 300000 java.lang.Integer
  102  0.12% 66.29%       768    2       768     2 300000 java.lang.VirtualMachineError
  103  0.12% 66.41%       760    2       760     2 300000 sun.nio.cs.MS1252
  104  0.12% 66.53%       760    2       760     2 300000 java.util.BitSet
  105  0.12% 66.65%       760    2       760     2 300000 java.util.Collections$EmptyMap
  106  0.12% 66.77%       760    2       760     2 300000 java.lang.reflect.ReflectPermission
  107  0.12% 66.88%       752    2       752     2 300000 java.nio.charset.CoderResult$2
  108  0.12% 67.00%       752    2       752     2 300000 sun.jkernel.DownloadManager$1
  109  0.12% 67.12%       752    2       752     2 300000 sun.misc.Launcher
  110  0.12% 67.23%       752    2       752     2 300000 sun.misc.Unsafe
  111  0.12% 67.35%       752    2       752     2 300000 java.lang.String$CaseInsensitiveComparator
  112  0.12% 67.47%       752    2       752     2 300000 java.net.URLClassLoader$7
  113  0.12% 67.58%       752    2       752     2 300000 java.lang.Runtime
  114  0.12% 67.70%       752    2       752     2 300000 java.nio.charset.CoderResult$1
  115  0.12% 67.82%       752    2       752     2 300000 java.lang.StackTraceElement[]
  116  0.12% 67.93%       752    2       752     2 300000 java.util.Hashtable$EmptyIterator
  117  0.12% 68.05%       752    2       752     2 300000 java.util.Hashtable$EmptyEnumerator
  118  0.12% 68.17%       752    2       752     2 300000 java.lang.reflect.ReflectAccess
  119  0.12% 68.28%       752    2       752     2 300000 java.util.Collections$EmptySet
  120  0.12% 68.40%       752    2       752     2 300000 java.util.Collections$ReverseComparator
  121  0.12% 68.52%       752    2       752     2 300000 java.lang.ref.Reference$Lock
  122  0.12% 68.64%       752    2       752     2 300000 sun.reflect.ReflectionFactory
  123  0.12% 68.75%       752    2       752     2 300000 java.security.AccessControlContext$1
  124  0.12% 68.87%       752    2       752     2 300000 sun.net.www.protocol.file.Handler
  125  0.12% 68.99%       752    2       752     2 300000 java.nio.Bits$1
  126  0.12% 69.10%       752    2       752     2 300000 java.io.File$1
  127  0.12% 69.22%       752    2       752     2 300000 java.util.Collections$EmptyList
  128  0.12% 69.34%       752    2       752     2 300000 java.lang.Terminator$1
  129  0.12% 69.45%       752    2       752     2 300202 java.security.Principal[]
  130  0.12% 69.57%       752    2       752     2 300000 java.lang.System$2
  131  0.12% 69.69%       752    2       752     2 300000 sun.misc.Launcher$Factory
  132  0.11% 69.80%       736    1       736     1 300000 java.lang.RuntimeException
  133  0.11% 69.91%       736    1       736     1 300000 java.io.FilterOutputStream
  134  0.11% 70.03%       736    1       736     1 300000 java.util.Map
  135  0.11% 70.14%       736    1       736     1 300000 java.lang.System
  136  0.11% 70.26%       736    1       736     1 300000 java.util.concurrent.locks.AbstractQueuedSynchronizer$Node
  137  0.11% 70.37%       736    1       736     1 300000 java.lang.Number
  138  0.11% 70.49%       736    1       736     1 300000 java.lang.Compiler
  139  0.11% 70.60%       736    1       736     1 300000 java.lang.ThreadDeath
  140  0.11% 70.71%       736    1       736     1 300000 sun.util.PreHashedMap
  141  0.11% 70.83%       736    1       736     1 300000 java.lang.StringBuffer
  142  0.11% 70.94%       736    1       736     1 300000 sun.misc.JavaSecurityAccess
  143  0.11% 71.06%       736    1       736     1 300000 java.nio.ByteBuffer
  144  0.11% 71.17%       736    1       736     1 300000 java.lang.Short
  145  0.11% 71.29%       736    1       736     1 300000 java.lang.ref.SoftReference
  146  0.11% 71.40%       736    1       736     1 300000 sun.nio.cs.SingleByteEncoder
  147  0.11% 71.51%       736    1       736     1 300000 java.security.BasicPermission
  148  0.11% 71.63%       736    1       736     1 300000 java.lang.reflect.Array
  149  0.11% 71.74%       736    1       736     1 300000 java.util.Comparator
  150  0.11% 71.86%       736    1       736     1 300000 sun.misc.AtomicLong
  151  0.11% 71.97%       736    1       736     1 300000 java.util.concurrent.locks.ReentrantLock[]
  152  0.11% 72.09%       736    1       736     1 300000 java.util.concurrent.locks.ReentrantLock
  153  0.11% 72.20%       736    1       736     1 300000 java.security.Guard
  154  0.11% 72.31%       736    1       736     1 300000 java.net.URLStreamHandler
  155  0.11% 72.43%       736    1       736     1 300000 sun.reflect.NativeConstructorAccessorImpl
  156  0.11% 72.54%       736    1       736     1 300000 java.net.Parts
  157  0.11% 72.66%       736    1       736     1 300000 java.util.AbstractList
  158  0.11% 72.77%       736    1       736     1 300000 java.lang.reflect.AnnotatedElement
  159  0.11% 72.89%       736    1       736     1 300000 java.lang.reflect.AnnotatedElement[]
  160  0.11% 73.00%       736    1       736     1 300000 java.lang.Class$3
  161  0.11% 73.11%       736    1       736     1 300000 sun.misc.JavaLangAccess
  162  0.11% 73.23%       736    1       736     1 300000 java.io.Serializable
  163  0.11% 73.34%       736    1       736     1 300000 java.io.Serializable[]
  164  0.11% 73.46%       736    1       736     1 300000 java.util.AbstractCollection
  165  0.11% 73.57%       736    1       736     1 300000 sun.misc.JavaNetAccess
  166  0.11% 73.69%       736    1       736     1 300000 java.lang.Byte
  167  0.11% 73.80%       736    1       736     1 300000 java.lang.AssertionStatusDirectives
  168  0.11% 73.91%       736    1       736     1 300000 sun.io.Win32ErrorMode
  169  0.11% 74.03%       736    1       736     1 300000 java.util.Set
  170  0.11% 74.14%       736    1       736     1 300000 java.io.ObjectStreamClass
  171  0.11% 74.26%       736    1       736     1 300000 sun.reflect.DelegatingConstructorAccessorImpl
  172  0.11% 74.37%       736    1       736     1 300000 java.util.AbstractSet
  173  0.11% 74.49%       736    1       736     1 300000 java.lang.ClassLoader$3
  174  0.11% 74.60%       736    1       736     1 300000 java.lang.Math
  175  0.11% 74.71%       736    1       736     1 300000 java.lang.reflect.Type
  176  0.11% 74.83%       736    1       736     1 300000 java.lang.reflect.Type[]
  177  0.11% 74.94%       736    1       736     1 300000 java.security.SecureClassLoader
  178  0.11% 75.06%       736    1       736     1 300000 java.lang.Class$1
  179  0.11% 75.17%       736    1       736     1 300000 java.lang.reflect.AccessibleObject[]
  180  0.11% 75.29%       736    1       736     1 300000 sun.misc.JavaNioAccess
  181  0.11% 75.40%       736    1       736     1 300000 java.util.concurrent.ConcurrentMap
  182  0.11% 75.51%       736    1       736     1 300000 java.lang.reflect.AccessibleObject
  183  0.11% 75.63%       736    1       736     1 300000 java.nio.HeapCharBuffer
  184  0.11% 75.74%       736    1       736     1 300000 java.lang.ClassNotFoundException
  185  0.11% 75.86%       736    1       736     1 300000 java.lang.SystemClassLoaderAction
  186  0.11% 75.97%       736    1       736     1 300000 sun.reflect.FieldAccessor
  187  0.11% 76.09%       736    1       736     1 300000 sun.security.action.GetPropertyAction
  188  0.11% 76.20%       736    1       736     1 300000 java.lang.Thread$UncaughtExceptionHandler[]
  189  0.11% 76.31%       736    1       736     1 300000 java.lang.Exception
  190  0.11% 76.43%       736    1       736     1 300000 java.lang.VirtualMachineError[]
  191  0.11% 76.54%       736    1       736     1 300000 java.lang.NoSuchMethodError
  192  0.11% 76.66%       736    1       736     1 300000 java.nio.charset.CoderResult$Cache
  193  0.11% 76.77%       736    1       736     1 300000 java.util.Arrays
  194  0.11% 76.89%       736    1       736     1 300000 java.nio.Buffer
  195  0.11% 77.00%       736    1       736     1 300000 java.lang.reflect.Modifier
  196  0.11% 77.11%       736    1       736     1 300000 sun.nio.cs.Surrogate
  197  0.11% 77.23%       736    1       736     1 300000 java.util.StringTokenizer
  198  0.11% 77.34%       736    1       736     1 300000 java.util.concurrent.locks.ReentrantLock$Sync
  199  0.11% 77.46%       736    1       736     1 300000 java.util.concurrent.atomic.AtomicReferenceFieldUpdater
  200  0.11% 77.57%       736    1       736     1 300000 sun.reflect.LangReflectAccess
  201  0.11% 77.69%       736    1       736     1 300000 sun.nio.cs.FastCharsetProvider
  202  0.11% 77.80%       736    1       736     1 300000 java.util.Map$Entry[]
  203  0.11% 77.91%       736    1       736     1 300000 sun.net.www.ParseUtil
  204  0.11% 78.03%       736    1       736     1 300000 java.lang.reflect.Field
  205  0.11% 78.14%       736    1       736     1 300000 java.lang.reflect.Field[]
  206  0.11% 78.26%       736    1       736     1 300000 java.net.URLClassLoader
  207  0.11% 78.37%       736    1       736     1 300000 java.lang.ClassCastException
  208  0.11% 78.49%       736    1       736     1 300000 java.security.PermissionCollection
  209  0.11% 78.60%       736    1       736     1 300000 java.security.CodeSource
  210  0.11% 78.71%       736    1       736     1 300000 java.util.concurrent.locks.AbstractOwnableSynchronizer
  211  0.11% 78.83%       736    1       736     1 300000 java.net.URL[]
  212  0.11% 78.94%       736    1       736     1 300000 java.lang.CharSequence
  213  0.11% 79.06%       736    1       736     1 300000 java.lang.CharSequence[]
  214  0.11% 79.17%       736    1       736     1 300000 java.nio.charset.spi.CharsetProvider
  215  0.11% 79.29%       736    1       736     1 300000 java.lang.Appendable
  216  0.11% 79.40%       736    1       736     1 300000 java.util.Map$Entry
  217  0.11% 79.51%       736    1       736     1 300000 sun.misc.AtomicLongCSImpl
  218  0.11% 79.63%       736    1       736     1 300000 java.io.FilterInputStream
  219  0.11% 79.74%       736    1       736     1 300000 java.lang.ref.PhantomReference
  220  0.11% 79.86%       736    1       736     1 300000 java.io.Writer
  221  0.11% 79.97%       736    1       736     1 300000 java.lang.IllegalMonitorStateException
  222  0.11% 80.09%       736    1       736     1 300000 java.lang.Package
  223  0.11% 80.20%       736    1       736     1 300000 java.lang.Package[]
  224  0.11% 80.31%       736    1       736     1 300000 sun.misc.OSEnvironment
  225  0.11% 80.43%       736    1       736     1 300000 java.security.Permission
  226  0.11% 80.54%       736    1       736     1 300000 sun.reflect.FieldAccessorImpl
  227  0.11% 80.66%       736    1       736     1 300000 java.lang.reflect.Method[]
  228  0.11% 80.77%       736    1       736     1 300000 java.io.FileReader
  229  0.11% 80.89%       736    1       736     1 300000 sun.misc.Launcher$AppClassLoader$1
  230  0.11% 81.00%       736    1       736     1 300000 java.lang.Character
  231  0.11% 81.11%       736    1       736     1 300000 sun.reflect.MethodAccessorImpl
  232  0.11% 81.23%       736    1       736     1 300000 java.util.List
  233  0.11% 81.34%       736    1       736     1 300000 java.lang.Double
  234  0.11% 81.46%       736    1       736     1 300000 sun.misc.PostVMInitHook
  235  0.11% 81.57%       736    1       736     1 300000 java.util.concurrent.locks.AbstractQueuedSynchronizer
  236  0.11% 81.69%       736    1       736     1 300000 java.lang.reflect.GenericDeclaration
  237  0.11% 81.80%       736    1       736     1 300000 java.lang.reflect.GenericDeclaration[]
  238  0.11% 81.91%       736    1       736     1 300000 java.security.PrivilegedExceptionAction
  239  0.11% 82.03%       736    1       736     1 300000 java.nio.Bits
  240  0.11% 82.14%       736    1       736     1 300000 java.util.Dictionary
  241  0.11% 82.26%       736    1       736     1 300000 java.security.ProtectionDomain
  242  0.11% 82.37%       736    1       736     1 300000 java.lang.ClassLoader
  243  0.11% 82.49%       736    1       736     1 300000 sun.reflect.DelegatingClassLoader
  244  0.11% 82.60%       736    1       736     1 300000 sun.misc.VM
  245  0.11% 82.71%       736    1       736     1 300000 java.util.LinkedHashMap
  246  0.11% 82.83%       736    1       736     1 300000 sun.reflect.UnsafeFieldAccessorImpl
  247  0.11% 82.94%       736    1       736     1 300000 sun.misc.JavaIOFileAccess
  248  0.11% 83.06%       736    1       736     1 300000 java.security.AccessController
  249  0.11% 83.17%       736    1       736     1 300000 java.lang.reflect.Constructor[]
  250  0.11% 83.29%       736    1       736     1 300000 java.lang.ClassFormatError
  251  0.11% 83.40%       736    1       736     1 300000 java.io.Flushable
  252  0.11% 83.51%       736    1       736     1 300000 java.lang.reflect.Constructor
  253  0.11% 83.63%       736    1       736     1 300000 java.nio.charset.CharsetEncoder
  254  0.11% 83.74%       736    1       736     1 300000 java.lang.StringValue
  255  0.11% 83.86%       736    1       736     1 300000 java.lang.ref.FinalReference
  256  0.11% 83.97%       736    1       736     1 300000 java.util.concurrent.locks.Lock
  257  0.11% 84.09%       736    1       736     1 300000 java.util.concurrent.locks.Lock[]
  258  0.11% 84.20%       736    1       736     1 300000 java.security.PrivilegedAction
  259  0.11% 84.31%       736    1       736     1 300000 sun.nio.cs.StreamDecoder
  260  0.11% 84.43%       736    1       736     1 300000 java.lang.Throwable
  261  0.11% 84.54%       736    1       736     1 300000 java.lang.Throwable[]
  262  0.11% 84.66%       736    1       736     1 300000 java.lang.IncompatibleClassChangeError
  263  0.11% 84.77%       736    1       736     1 300000 java.lang.Compiler$1
  264  0.11% 84.89%       736    1       736     1 300000 sun.reflect.ConstructorAccessor
  265  0.11% 85.00%       736    1       736     1 300000 sun.reflect.misc.ReflectUtil
  266  0.11% 85.11%       736    1       736     1 300000 java.lang.Float
  267  0.11% 85.23%       736    1       736     1 300000 java.util.RandomAccess
  268  0.11% 85.34%       736    1       736     1 300000 java.lang.IllegalArgumentException
  269  0.11% 85.46%       736    1       736     1 300000 java.lang.reflect.Member
  270  0.11% 85.57%       736    1       736     1 300000 java.lang.reflect.Member[]
  271  0.11% 85.69%       736    1       736     1 300000 sun.reflect.ConstructorAccessorImpl
  272  0.11% 85.80%       736    1       736     1 300000 java.lang.Void
  273  0.11% 85.91%       736    1       736     1 300000 sun.misc.Version
  274  0.11% 86.03%       736    1       736     1 300000 java.nio.charset.CharsetDecoder
  275  0.11% 86.14%       736    1       736     1 300000 sun.reflect.ReflectionFactory$GetReflectionFactoryAction
  276  0.11% 86.26%       736    1       736     1 300000 sun.reflect.ConstantPool
  277  0.11% 86.37%       736    1       736     1 300000 sun.nio.cs.HistoricallyNamedCharset
  278  0.11% 86.49%       736    1       736     1 300000 sun.nio.cs.SingleByteDecoder
  279  0.11% 86.60%       736    1       736     1 300000 java.nio.CharBuffer
  280  0.11% 86.71%       736    1       736     1 300000 java.lang.Terminator
  281  0.11% 86.83%       736    1       736     1 300000 java.lang.Long
  282  0.11% 86.94%       736    1       736     1 300000 java.lang.LinkageError
  283  0.11% 87.06%       736    1       736     1 300000 java.util.Collection
  284  0.11% 87.17%       736    1       736     1 300000 sun.misc.SharedSecrets
  285  0.11% 87.29%       736    1       736     1 300000 java.lang.StringBuilder
  286  0.11% 87.40%       736    1       736     1 300000 java.util.Enumeration
  287  0.11% 87.51%       736    1       736     1 300000 java.util.Collections
  288  0.11% 87.63%       736    1       736     1 300000 java.io.BufferedReader
  289  0.11% 87.74%       736    1       736     1 300000 java.lang.ref.Reference
  290  0.11% 87.86%       736    1       736     1 300000 java.io.IOException
  291  0.11% 87.97%       736    1       736     1 300000 java.lang.StackOverflowError
  292  0.11% 88.09%       736    1       736     1 300000 java.io.Closeable
  293  0.11% 88.20%       736    1       736     1 300000 sun.jkernel.DownloadManager$2
  294  0.11% 88.31%       736    1       736     1 300000 java.io.InputStreamReader
  295  0.11% 88.43%       736    1       736     1 300000 java.lang.Comparable
  296  0.11% 88.54%       736    1       736     1 300000 java.lang.Comparable[]
  297  0.11% 88.66%       736    1       736     1 300000 sun.jkernel.DownloadManager
  298  0.11% 88.77%       736    1       736     1 300000 java.util.AbstractMap
  299  0.11% 88.89%       736    1       736     1 300000 sun.reflect.Reflection
  300  0.11% 89.00%       736    1       736     1 300000 sun.reflect.MethodAccessor
  301  0.11% 89.11%       736    1       736     1 300000 java.util.Iterator
  302  0.11% 89.23%       736    1       736     1 300000 sun.reflect.ReflectionFactory$1
  303  0.11% 89.34%       736    1       736     1 300000 java.lang.StackTraceElement
  304  0.11% 89.46%       736    1       736     1 300000 java.security.cert.Certificate[]
  305  0.11% 89.57%       736    1       736     1 300000 java.io.Reader
  306  0.11% 89.69%       736    1       736     1 300000 java.security.cert.Certificate
  307  0.11% 89.80%       736    1       736     1 300000 java.net.URLStreamHandlerFactory
  308  0.11% 89.91%       736    1       736     1 300000 sun.reflect.UnsafeStaticFieldAccessorImpl
  309  0.11% 90.03%       736    1       736     1 300000 java.lang.Runnable
  310  0.11% 90.14%       736    1       736     1 300000 java.lang.Runnable[]
  311  0.11% 90.26%       736    1       736     1 300000 java.lang.ArrayStoreException
  312  0.11% 90.37%       736    1       736     1 300000 java.io.OutputStream
  313  0.11% 90.49%       736    1       736     1 300000 java.lang.Cloneable
  314  0.11% 90.60%       736    1       736     1 300000 com.sun.demo.jvmti.hprof.Tracker
  315  0.11% 90.71%       736    1       736     1 300000 sun.misc.Launcher$ExtClassLoader$1
  316  0.11% 90.83%       736    1       736     1 300000 boolean[]
  317  0.11% 90.94%       736    1       736     1 300000 java.lang.Iterable
  318  0.11% 91.06%       736    1       736     1 300000 java.lang.AbstractStringBuilder
  319  0.11% 91.17%       736    1       736     1 300000 java.io.Win32FileSystem
  320  0.11% 91.29%       736    1       736     1 300000 java.nio.charset.Charset
  321  0.11% 91.40%       736    1       736     1 300000 sun.reflect.MagicAccessorImpl
  322  0.11% 91.51%       736    1       736     1 300000 float[]
  323  0.11% 91.63%       736    1       736     1 300000 double[]
  324  0.11% 91.74%       736    1       736     1 300000 java.lang.ref.WeakReference[]
  325  0.11% 91.86%       736    1       736     1 300212 java.lang.Shutdown$Lock
  326  0.11% 91.97%       736    1       736     1 300000 java.lang.Shutdown
  327  0.11% 92.09%       736    1       736     1 300000 java.io.InputStream
  328  0.11% 92.20%       736    1       736     1 300000 sun.misc.SignalHandler
  329  0.11% 92.31%       736    1       736     1 300000 java.lang.Error[]
  330  0.11% 92.43%       736    1       736     1 300207 SingleObject
  331  0.11% 92.54%       736    1       736     1 300000 java.lang.Error
  332  0.11% 92.66%       736    1       736     1 300201 java.security.Principal
  333  0.11% 92.77%       736    1       736     1 300199 java.security.ProtectionDomain$Key
  334  0.11% 92.89%       736    1       736     1 300011 java.lang.StringCoding
  335  0.11% 93.00%       736    1       736     1 300196 java.security.ProtectionDomain$2
  336  0.11% 93.11%       736    1       736     1 300196 sun.misc.JavaSecurityProtectionDomainAccess
  337  0.11% 93.23%       736    1       736     1 300014 java.lang.ThreadLocal$ThreadLocalMap
  338  0.11% 93.34%       736    1       736     1 300187 java.security.BasicPermissionCollection
  339  0.11% 93.46%       736    1       736     1 300016 java.lang.ThreadLocal$ThreadLocalMap$Entry
  340  0.11% 93.57%       736    1       736     1 300000 java.lang.CharacterDataLatin1
  341  0.11% 93.69%       736    1       736     1 300185 java.security.UnresolvedPermission
  342  0.11% 93.80%       736    1       736     1 300019 java.lang.StringCoding$StringDecoder
  343  0.11% 93.91%       736    1       736     1 300184 java.security.AllPermission
  344  0.11% 94.03%       736    1       736     1 300177 java.io.FilePermissionCollection
  345  0.11% 94.14%       736    1       736     1 300163 java.security.Policy$PolicyInfo
  346  0.11% 94.26%       736    1       736     1 300160 java.util.concurrent.atomic.AtomicReference
  347  0.11% 94.37%       736    1       736     1 300156 java.security.Policy$UnsupportedEmptyCollection
  348  0.11% 94.49%       736    1       736     1 300155 sun.security.provider.PolicyFile
  349  0.11% 94.60%       736    1       736     1 300000 sun.security.util.Debug
  350  0.11% 94.71%       736    1       736     1 300027 java.net.URLClassLoader$1
  351  0.11% 94.83%       736    1       736     1 300155 java.security.Policy
  352  0.11% 94.94%       736    1       736     1 300153 java.io.FilePermission$1
  353  0.11% 95.06%       736    1       736     1 300149 java.io.FilePermission
  354  0.11% 95.17%       736    1       736     1 300031 sun.net.util.URLUtil
  355  0.11% 95.29%       736    1       736     1 300142 sun.net.www.MessageHeader
  356  0.11% 95.40%       736    1       736     1 300000 java.io.FileSystem
  357  0.11% 95.51%       736    1       736     1 300137 java.net.UnknownContentHandler
  358  0.11% 95.63%       736    1       736     1 300137 java.net.ContentHandler
  359  0.11% 95.74%       736    1       736     1 300036 sun.misc.URLClassPath$3
  360  0.11% 95.86%       736    1       736     1 300134 sun.net.www.protocol.file.FileURLConnection
  361  0.11% 95.97%       736    1       736     1 300038 sun.misc.URLClassPath$Loader
  362  0.11% 96.09%       736    1       736     1 300038 sun.misc.URLClassPath$JarLoader
  363  0.11% 96.20%       736    1       736     1 300134 sun.net.www.URLConnection
  364  0.11% 96.31%       736    1       736     1 300134 java.net.URLConnection
  365  0.11% 96.43%       736    1       736     1 300111 java.security.Permissions
  366  0.11% 96.54%       736    1       736     1 300107 sun.nio.ByteBuffered
  367  0.11% 96.66%       736    1       736     1 300100 sun.misc.URLClassPath$FileLoader$1
  368  0.11% 96.77%       736    1       736     1 300100 sun.misc.Resource
  369  0.11% 96.89%       736    1       736     1 300068 sun.misc.URLClassPath$FileLoader
  370  0.11% 97.00%       736    1       736     1 300065 java.security.PrivilegedActionException
  371  0.11% 97.11%       736    1       736     1 300000 java.lang.NoClassDefFoundError
  372  0.11% 97.23%       736    1       736     1 300000 java.lang.Readable
  373  0.11% 97.34%       736    1       736     1 300000 java.lang.Thread$UncaughtExceptionHandler
  374  0.11% 97.46%       736    1       736     1 300000 java.lang.ref.Reference[]
  375  0.10% 97.56%       640    4       640     4 300035 char[]
  376  0.10% 97.65%       624    4       624     4 300044 char[]
  377  0.10% 97.75%       624    4       624     4 300042 char[]
  378  0.09% 97.84%       576    4       576     4 300077 char[]
  379  0.09% 97.93%       552    1       552     1 300109 byte[]
  380  0.08% 98.01%       528    1       528     1 300022 char[]
  381  0.07% 98.08%       480    3       480     3 300046 char[]
  382  0.07% 98.15%       448    4       448     4 300001 java.lang.Thread
  383  0.07% 98.22%       424    3       424     3 300058 char[]
  384  0.06% 98.28%       416    3       416     3 300061 char[]
  385  0.05% 98.34%       352    6       352     6 300123 char[]
  386  0.05% 98.39%       336    2       336     2 300089 char[]
  387  0.05% 98.44%       328    5       328     5 300121 char[]
  388  0.05% 98.49%       296    5       296     5 300118 char[]
  389  0.04% 98.53%       288    6       288     6 300115 char[]
  390  0.04% 98.57%       240    5       240     5 300117 char[]
  391  0.03% 98.60%       216    4       216     4 300003 char[]
  392  0.03% 98.63%       192    6       192     6 300052 java.lang.String
  393  0.03% 98.66%       192    6       192     6 300122 java.lang.String
  394  0.03% 98.69%       192    3       192     3 300047 java.net.URL
  395  0.03% 98.72%       176    1       176     1 300097 char[]
  396  0.03% 98.75%       176    1       176     1 300099 char[]
  397  0.03% 98.77%       168    1       168     1 300008 char[]
  398  0.02% 98.80%       160    5       160     5 300119 java.lang.String
  399  0.02% 98.82%       160    5       160     5 300120 java.lang.String
  400  0.02% 98.84%       144    1       144     1 300131 char[]
  401  0.02% 98.87%       144    1       144     1 300070 char[]
  402  0.02% 98.89%       144    1       144     1 300150 char[]
  403  0.02% 98.91%       144    3       144     3 300040 char[]
  404  0.02% 98.93%       144    6       144     6 300114 java.lang.StringBuilder
  405  0.02% 98.96%       144    3       144     3 300051 char[]
  406  0.02% 98.98%       144    1       144     1 300173 char[]
  407  0.02% 99.00%       128    4       128     4 300034 java.lang.String
  408  0.02% 99.02%       128    4       128     4 300043 java.lang.String
  409  0.02% 99.04%       128    4       128     4 300063 java.util.HashMap$Entry
  410  0.02% 99.06%       128    4       128     4 300078 java.lang.String
  411  0.02% 99.08%       120    5       120     5 300116 java.lang.StringBuilder
  412  0.02% 99.09%       120    3       120     3 300049 sun.misc.URLClassPath$JarLoader
  413  0.02% 99.11%       120    1       120     1 300091 char[]
  414  0.02% 99.13%       112    2       112     2 300029 char[]
  415  0.02% 99.15%       104    1       104     1 300141 sun.net.www.protocol.file.FileURLConnection
  416  0.01% 99.16%        96    4        96     4 300032 java.lang.StringBuilder
  417  0.01% 99.18%        96    4        96     4 300041 java.lang.StringBuffer
  418  0.01% 99.19%        96    4        96     4 300037 sun.misc.URLClassPath$3
  419  0.01% 99.21%        96    2        96     2 300126 java.util.HashMap
  420  0.01% 99.22%        96    3        96     3 300045 java.lang.String
  421  0.01% 99.24%        96    3        96     3 300062 java.lang.String
  422  0.01% 99.25%        96    3        96     3 300059 java.lang.String
  423  0.01% 99.27%        96    3        96     3 300054 java.lang.String
  424  0.01% 99.28%        96    2        96     2 300087 char[]
  425  0.01% 99.30%        96    4        96     4 300076 java.lang.StringBuffer
  426  0.01% 99.31%        80    1        80     1 300127 java.util.HashMap$Entry[]
  427  0.01% 99.32%        80    1        80     1 300194 java.util.HashMap$Entry[]
  428  0.01% 99.33%        80    2        80     2 300081 java.util.LinkedHashMap$Entry
  429  0.01% 99.35%        80    1        80     1 300140 java.util.HashMap$Entry[]
  430  0.01% 99.36%        80    1        80     1 300159 java.util.HashMap$Entry[]
  431  0.01% 99.37%        72    3        72     3 300039 java.lang.StringBuilder
  432  0.01% 99.38%        72    3        72     3 300057 java.lang.StringBuffer
  433  0.01% 99.39%        72    3        72     3 300056 java.io.File
  434  0.01% 99.40%        72    3        72     3 300048 java.net.Parts
  435  0.01% 99.41%        72    1        72     1 300162 java.lang.reflect.Field
  436  0.01% 99.42%        72    3        72     3 300050 java.lang.StringBuilder
SITES END
